Archive member included because of file (symbol)

C:\Users\User\AppData\Local\arduino\cores\ea6e7247c5a1a670ec59b54f227b2b8c\core.a(HardwareSerial.cpp.o)
                              C:\Users\User\AppData\Local\arduino\sketches\31F41C61DEF40291C74E14A65EDBA948\core\board.cpp.o (HardwareSerial::HardwareSerial(usart_dev*, unsigned char, unsigned char))
C:\Users\User\AppData\Local\arduino\cores\ea6e7247c5a1a670ec59b54f227b2b8c\core.a(Print.cpp.o)
                              C:\Users\User\AppData\Local\arduino\cores\ea6e7247c5a1a670ec59b54f227b2b8c\core.a(HardwareSerial.cpp.o) (Print::write(void const*, unsigned long))
C:\Users\User\AppData\Local\arduino\cores\ea6e7247c5a1a670ec59b54f227b2b8c\core.a(cxxabi-compat.cpp.o)
                              C:\Users\User\AppData\Local\arduino\cores\ea6e7247c5a1a670ec59b54f227b2b8c\core.a(HardwareSerial.cpp.o) (__cxa_pure_virtual)
C:\Users\User\AppData\Local\arduino\cores\ea6e7247c5a1a670ec59b54f227b2b8c\core.a(adc.c.o)
                              C:\Users\User\AppData\Local\arduino\sketches\31F41C61DEF40291C74E14A65EDBA948\core\wirish\boards.cpp.o (adc_set_sample_rate)
C:\Users\User\AppData\Local\arduino\cores\ea6e7247c5a1a670ec59b54f227b2b8c\core.a(adc_f1.c.o)
                              (__irq_adc)
C:\Users\User\AppData\Local\arduino\cores\ea6e7247c5a1a670ec59b54f227b2b8c\core.a(dma_f1.c.o)
                              (__irq_dma1_channel1)
C:\Users\User\AppData\Local\arduino\cores\ea6e7247c5a1a670ec59b54f227b2b8c\core.a(exc.S.o)
                              (__exc_nmi)
C:\Users\User\AppData\Local\arduino\cores\ea6e7247c5a1a670ec59b54f227b2b8c\core.a(exti.c.o)
                              (__irq_exti0)
C:\Users\User\AppData\Local\arduino\cores\ea6e7247c5a1a670ec59b54f227b2b8c\core.a(exti_f1.c.o)
                              C:\Users\User\AppData\Local\arduino\cores\ea6e7247c5a1a670ec59b54f227b2b8c\core.a(exti.c.o) (exti_select)
C:\Users\User\AppData\Local\arduino\cores\ea6e7247c5a1a670ec59b54f227b2b8c\core.a(flash.c.o)
                              C:\Users\User\AppData\Local\arduino\sketches\31F41C61DEF40291C74E14A65EDBA948\core\wirish\boards.cpp.o (flash_set_latency)
C:\Users\User\AppData\Local\arduino\cores\ea6e7247c5a1a670ec59b54f227b2b8c\core.a(gpio_f1.c.o)
                              C:\Users\User\AppData\Local\arduino\sketches\31F41C61DEF40291C74E14A65EDBA948\core\wirish\boards_setup.cpp.o (gpio_init_all)
C:\Users\User\AppData\Local\arduino\cores\ea6e7247c5a1a670ec59b54f227b2b8c\core.a(i2c_f1.c.o)
                              (__irq_i2c1_ev)
C:\Users\User\AppData\Local\arduino\cores\ea6e7247c5a1a670ec59b54f227b2b8c\core.a(nvic.c.o)
                              C:\Users\User\AppData\Local\arduino\cores\ea6e7247c5a1a670ec59b54f227b2b8c\core.a(i2c_f1.c.o) (nvic_irq_set_priority)
C:\Users\User\AppData\Local\arduino\cores\ea6e7247c5a1a670ec59b54f227b2b8c\core.a(rcc.c.o)
                              C:\Users\User\AppData\Local\arduino\sketches\31F41C61DEF40291C74E14A65EDBA948\core\wirish\boards.cpp.o (rcc_switch_sysclk)
C:\Users\User\AppData\Local\arduino\cores\ea6e7247c5a1a670ec59b54f227b2b8c\core.a(rcc_f1.c.o)
                              C:\Users\User\AppData\Local\arduino\sketches\31F41C61DEF40291C74E14A65EDBA948\core\wirish\boards.cpp.o (rcc_configure_pll)
C:\Users\User\AppData\Local\arduino\cores\ea6e7247c5a1a670ec59b54f227b2b8c\core.a(isrs.S.o)
                              (__stm32reservedexception7)
C:\Users\User\AppData\Local\arduino\cores\ea6e7247c5a1a670ec59b54f227b2b8c\core.a(vector_table.S.o)
                              (__stm32_vector_table)
C:\Users\User\AppData\Local\arduino\cores\ea6e7247c5a1a670ec59b54f227b2b8c\core.a(systick.c.o)
                              C:\Users\User\AppData\Local\arduino\sketches\31F41C61DEF40291C74E14A65EDBA948\core\wirish\boards.cpp.o (systick_init)
C:\Users\User\AppData\Local\arduino\cores\ea6e7247c5a1a670ec59b54f227b2b8c\core.a(timer.c.o)
                              C:\Users\User\AppData\Local\arduino\sketches\31F41C61DEF40291C74E14A65EDBA948\core\wirish\boards.cpp.o (timer_foreach)
C:\Users\User\AppData\Local\arduino\cores\ea6e7247c5a1a670ec59b54f227b2b8c\core.a(usart.c.o)
                              C:\Users\User\AppData\Local\arduino\cores\ea6e7247c5a1a670ec59b54f227b2b8c\core.a(HardwareSerial.cpp.o) (usart_init)
C:\Users\User\AppData\Local\arduino\cores\ea6e7247c5a1a670ec59b54f227b2b8c\core.a(usart_f1.c.o)
                              C:\Users\User\AppData\Local\arduino\cores\ea6e7247c5a1a670ec59b54f227b2b8c\core.a(HardwareSerial.cpp.o) (usart_config_gpios_async)
C:\Users\User\AppData\Local\arduino\cores\ea6e7247c5a1a670ec59b54f227b2b8c\core.a(usart_private.c.o)
                              C:\Users\User\AppData\Local\arduino\cores\ea6e7247c5a1a670ec59b54f227b2b8c\core.a(usart_f1.c.o) (_usart_clock_freq)
C:\Users\User\AppData\Local\arduino\cores\ea6e7247c5a1a670ec59b54f227b2b8c\core.a(usb.c.o)
                              (__irq_usb_lp_can_rx0)
[...]
Memory Configuration

Name             Origin             Length             Attributes
ram              0x20000000         0x00005000         xrw
rom              0x08000000         0x00020000         xr
*default*        0x00000000         0xffffffff

Linker script and memory map

LOAD c:/users/user/appdata/local/arduino15/packages/arduino/tools/arm-none-eabi-gcc/4.8.3-2014q1/bin/../lib/gcc/arm-none-eabi/4.8.3/armv7-m/crti.o
LOAD c:/users/user/appdata/local/arduino15/packages/arduino/tools/arm-none-eabi-gcc/4.8.3-2014q1/bin/../lib/gcc/arm-none-eabi/4.8.3/armv7-m/crtbegin.o
LOAD c:/users/user/appdata/local/arduino15/packages/arduino/tools/arm-none-eabi-gcc/4.8.3-2014q1/bin/../lib/gcc/arm-none-eabi/4.8.3/../../../../arm-none-eabi/lib/armv7-m/crt0.o
LOAD c:/users/user/appdata/local/arduino15/packages/arduino/tools/arm-none-eabi-gcc/4.8.3-2014q1/bin/../lib/gcc/arm-none-eabi/4.8.3/armv7-m\libgcc.a
START GROUP
LOAD C:\Users\User\AppData\Local\arduino\sketches\31F41C61DEF40291C74E14A65EDBA948\sketch\Lavadora.ino.cpp.o
LOAD C:\Users\User\AppData\Local\arduino\sketches\31F41C61DEF40291C74E14A65EDBA948\sketch\SevSeg.cpp.o
LOAD C:\Users\User\AppData\Local\arduino\sketches\31F41C61DEF40291C74E14A65EDBA948\core\board.cpp.o
LOAD C:\Users\User\AppData\Local\arduino\sketches\31F41C61DEF40291C74E14A65EDBA948\core\wirish\boards.cpp.o
LOAD C:\Users\User\AppData\Local\arduino\sketches\31F41C61DEF40291C74E14A65EDBA948\core\wirish\boards_setup.cpp.o
LOAD C:\Users\User\AppData\Local\arduino\sketches\31F41C61DEF40291C74E14A65EDBA948\core\wirish\start.S.o
LOAD C:\Users\User\AppData\Local\arduino\sketches\31F41C61DEF40291C74E14A65EDBA948\core\wirish\start_c.c.o
LOAD C:\Users\User\AppData\Local\arduino\sketches\31F41C61DEF40291C74E14A65EDBA948\core\wirish\syscalls.c.o
LOAD C:\Users\User\AppData\Local\arduino\cores\ea6e7247c5a1a670ec59b54f227b2b8c\core.a
END GROUP
LOAD c:/users/user/appdata/local/arduino15/packages/arduino/tools/arm-none-eabi-gcc/4.8.3-2014q1/bin/../lib/gcc/arm-none-eabi/4.8.3/../../../../arm-none-eabi/lib/armv7-m\libstdc++_s.a
LOAD c:/users/user/appdata/local/arduino15/packages/arduino/tools/arm-none-eabi-gcc/4.8.3-2014q1/bin/../lib/gcc/arm-none-eabi/4.8.3/../../../../arm-none-eabi/lib/armv7-m\libm.a
START GROUP
LOAD c:/users/user/appdata/local/arduino15/packages/arduino/tools/arm-none-eabi-gcc/4.8.3-2014q1/bin/../lib/gcc/arm-none-eabi/4.8.3/armv7-m\libgcc.a
LOAD c:/users/user/appdata/local/arduino15/packages/arduino/tools/arm-none-eabi-gcc/4.8.3-2014q1/bin/../lib/gcc/arm-none-eabi/4.8.3/../../../../arm-none-eabi/lib/armv7-m\libc_s.a
END GROUP
START GROUP
LOAD c:/users/user/appdata/local/arduino15/packages/arduino/tools/arm-none-eabi-gcc/4.8.3-2014q1/bin/../lib/gcc/arm-none-eabi/4.8.3/armv7-m\libgcc.a
LOAD c:/users/user/appdata/local/arduino15/packages/arduino/tools/arm-none-eabi-gcc/4.8.3-2014q1/bin/../lib/gcc/arm-none-eabi/4.8.3/../../../../arm-none-eabi/lib/armv7-m\libc_s.a
END GROUP
LOAD c:/users/user/appdata/local/arduino15/packages/arduino/tools/arm-none-eabi-gcc/4.8.3-2014q1/bin/../lib/gcc/arm-none-eabi/4.8.3/armv7-m/crtend.o
LOAD c:/users/user/appdata/local/arduino15/packages/arduino/tools/arm-none-eabi-gcc/4.8.3-2014q1/bin/../lib/gcc/arm-none-eabi/4.8.3/armv7-m/crtn.o
START GROUP
LOAD c:/users/user/appdata/local/arduino15/packages/arduino/tools/arm-none-eabi-gcc/4.8.3-2014q1/bin/../lib/gcc/arm-none-eabi/4.8.3/armv7-m\libgcc.a
LOAD c:/users/user/appdata/local/arduino15/packages/arduino/tools/arm-none-eabi-gcc/4.8.3-2014q1/bin/../lib/gcc/arm-none-eabi/4.8.3/../../../../arm-none-eabi/lib/armv7-m\libc.a
LOAD c:/users/user/appdata/local/arduino15/packages/arduino/tools/arm-none-eabi-gcc/4.8.3-2014q1/bin/../lib/gcc/arm-none-eabi/4.8.3/../../../../arm-none-eabi/lib/armv7-m\libm.a
END GROUP
START GROUP
LOAD c:/users/user/appdata/local/arduino15/packages/arduino/tools/arm-none-eabi-gcc/4.8.3-2014q1/bin/../lib/gcc/arm-none-eabi/4.8.3/../../../../arm-none-eabi/lib/armv7-m\libnosys.a
END GROUP
                0x20005000                PROVIDE (__msp_init, (ORIGIN (ram) + 0x5000))
                0x080011f8                PROVIDE (__exc_reset, __start__)

.text           0x08000000     0x38e8
                0x08000000                __text_start__ = .
 *(.stm32.interrupt_vector)
 .stm32.interrupt_vector
                0x08000000       0xec C:\Users\User\AppData\Local\arduino\cores\ea6e7247c5a1a670ec59b54f227b2b8c\core.a(vector_table.S.o)
                0x08000000                __stm32_vector_table
 *(.text .text.* .gnu.linkonce.t.*)
 .text          0x080000ec       0x54 c:/users/user/appdata/local/arduino15/packages/arduino/tools/arm-none-eabi-gcc/4.8.3-2014q1/bin/../lib/gcc/arm-none-eabi/4.8.3/armv7-m/crtbegin.o
 .text._Z5setupv
                0x08000140      0x22c C:\Users\User\AppData\Local\arduino\sketches\31F41C61DEF40291C74E14A65EDBA948\sketch\Lavadora.ino.cpp.o
                0x08000140                setup()
 .text._Z8debounceiRbRm
                0x0800036c       0x38 C:\Users\User\AppData\Local\arduino\sketches\31F41C61DEF40291C74E14A65EDBA948\sketch\Lavadora.ino.cpp.o
                0x0800036c                debounce(int, bool&, unsigned long&)
 .text._Z10apagarTodov
                0x080003a4       0x84 C:\Users\User\AppData\Local\arduino\sketches\31F41C61DEF40291C74E14A65EDBA948\sketch\Lavadora.ino.cpp.o
                0x080003a4                apagarTodo()
 .text._Z20manejarBotonEncenderv
                0x08000428       0x38 C:\Users\User\AppData\Local\arduino\sketches\31F41C61DEF40291C74E14A65EDBA948\sketch\Lavadora.ino.cpp.o
                0x08000428                manejarBotonEncender()
 .text._Z20configurarTipoLavadoi
                0x08000460      0x100 C:\Users\User\AppData\Local\arduino\sketches\31F41C61DEF40291C74E14A65EDBA948\sketch\Lavadora.ino.cpp.o
                0x08000460                configurarTipoLavado(int)
 .text._Z22configurarCantidadRopai
                0x08000560       0xac C:\Users\User\AppData\Local\arduino\sketches\31F41C61DEF40291C74E14A65EDBA948\sketch\Lavadora.ino.cpp.o
                0x08000560                configurarCantidadRopa(int)
 .text._Z19configurarNivelAguai
                0x0800060c       0x7c C:\Users\User\AppData\Local\arduino\sketches\31F41C61DEF40291C74E14A65EDBA948\sketch\Lavadora.ino.cpp.o
                0x0800060c                configurarNivelAgua(int)
 .text._Z21configurarNivelLavadoi
                0x08000688       0x98 C:\Users\User\AppData\Local\arduino\sketches\31F41C61DEF40291C74E14A65EDBA948\sketch\Lavadora.ino.cpp.o
                0x08000688                configurarNivelLavado(int)
 .text._Z18configurarEnjuaguei
                0x08000720       0x98 C:\Users\User\AppData\Local\arduino\sketches\31F41C61DEF40291C74E14A65EDBA948\sketch\Lavadora.ino.cpp.o
                0x08000720                configurarEnjuague(int)
 .text._Z22configurarCentrifugadoi
                0x080007b8       0x98 C:\Users\User\AppData\Local\arduino\sketches\31F41C61DEF40291C74E14A65EDBA948\sketch\Lavadora.ino.cpp.o
                0x080007b8                configurarCentrifugado(int)
 .text._Z14manejarBotonesv
                0x08000850      0x1a0 C:\Users\User\AppData\Local\arduino\sketches\31F41C61DEF40291C74E14A65EDBA948\sketch\Lavadora.ino.cpp.o
                0x08000850                manejarBotones()
 .text._Z13mostrarTiempov
                0x080009f0       0x34 C:\Users\User\AppData\Local\arduino\sketches\31F41C61DEF40291C74E14A65EDBA948\sketch\Lavadora.ino.cpp.o
                0x080009f0                mostrarTiempo()
 .text._Z22actualizarTemporizadorv
                0x08000a24       0xa0 C:\Users\User\AppData\Local\arduino\sketches\31F41C61DEF40291C74E14A65EDBA948\sketch\Lavadora.ino.cpp.o
                0x08000a24                actualizarTemporizador()
 .text._Z4loopv
                0x08000ac4       0x28 C:\Users\User\AppData\Local\arduino\sketches\31F41C61DEF40291C74E14A65EDBA948\sketch\Lavadora.ino.cpp.o
                0x08000ac4                loop()
 .text.startup._GLOBAL__sub_I_sevseg
                0x08000aec        0xc C:\Users\User\AppData\Local\arduino\sketches\31F41C61DEF40291C74E14A65EDBA948\sketch\Lavadora.ino.cpp.o
 .text._ZN6SevSegC2Ev
                0x08000af8       0x1a C:\Users\User\AppData\Local\arduino\sketches\31F41C61DEF40291C74E14A65EDBA948\sketch\SevSeg.cpp.o
                0x08000af8                SevSeg::SevSeg()
                0x08000af8                SevSeg::SevSeg()
 .text._ZN6SevSeg9segmentOnEh
                0x08000b12       0x34 C:\Users\User\AppData\Local\arduino\sketches\31F41C61DEF40291C74E14A65EDBA948\sketch\SevSeg.cpp.o
                0x08000b12                SevSeg::segmentOn(unsigned char)
 .text._ZN6SevSeg10segmentOffEh
                0x08000b46       0x2e C:\Users\User\AppData\Local\arduino\sketches\31F41C61DEF40291C74E14A65EDBA948\sketch\SevSeg.cpp.o
                0x08000b46                SevSeg::segmentOff(unsigned char)
 .text._ZN6SevSeg7digitOnEh
                0x08000b74       0x30 C:\Users\User\AppData\Local\arduino\sketches\31F41C61DEF40291C74E14A65EDBA948\sketch\SevSeg.cpp.o
                0x08000b74                SevSeg::digitOn(unsigned char)
 .text._ZN6SevSeg8digitOffEh
                0x08000ba4       0x2e C:\Users\User\AppData\Local\arduino\sketches\31F41C61DEF40291C74E14A65EDBA948\sketch\SevSeg.cpp.o
                0x08000ba4                SevSeg::digitOff(unsigned char)
 *fill*         0x08000bd2        0x2 
 .text._ZN6SevSeg14refreshDisplayEv
                0x08000bd4      0x11c C:\Users\User\AppData\Local\arduino\sketches\31F41C61DEF40291C74E14A65EDBA948\sketch\SevSeg.cpp.o
                0x08000bd4                SevSeg::refreshDisplay()
 .text._ZN6SevSeg13setBrightnessEs
                0x08000cf0       0x54 C:\Users\User\AppData\Local\arduino\sketches\31F41C61DEF40291C74E14A65EDBA948\sketch\SevSeg.cpp.o
                0x08000cf0                SevSeg::setBrightness(short)
 .text._ZN6SevSeg8setCharsEPKc
                0x08000d44       0xa4 C:\Users\User\AppData\Local\arduino\sketches\31F41C61DEF40291C74E14A65EDBA948\sketch\SevSeg.cpp.o
                0x08000d44                SevSeg::setChars(char const*)
 .text._ZN6SevSeg5blankEv
                0x08000de8       0x2c C:\Users\User\AppData\Local\arduino\sketches\31F41C61DEF40291C74E14A65EDBA948\sketch\SevSeg.cpp.o
                0x08000de8                SevSeg::blank()
 .text._ZN6SevSeg5beginEhhPKhS1_bbbb
                0x08000e14       0xdc C:\Users\User\AppData\Local\arduino\sketches\31F41C61DEF40291C74E14A65EDBA948\sketch\SevSeg.cpp.o
                0x08000e14                SevSeg::begin(unsigned char, unsigned char, unsigned char const*, unsigned char const*, bool, bool, bool, bool)
 .text._ZN6SevSeg10findDigitsElabPh
                0x08000ef0       0xa4 C:\Users\User\AppData\Local\arduino\sketches\31F41C61DEF40291C74E14A65EDBA948\sketch\SevSeg.cpp.o
                0x08000ef0                SevSeg::findDigits(long, signed char, bool, unsigned char*)
 .text._ZN6SevSeg13setDigitCodesEPKha
                0x08000f94       0x34 C:\Users\User\AppData\Local\arduino\sketches\31F41C61DEF40291C74E14A65EDBA948\sketch\SevSeg.cpp.o
                0x08000f94                SevSeg::setDigitCodes(unsigned char const*, signed char)
 .text._ZN6SevSeg9setNewNumElab
                0x08000fc8       0x1c C:\Users\User\AppData\Local\arduino\sketches\31F41C61DEF40291C74E14A65EDBA948\sketch\SevSeg.cpp.o
                0x08000fc8                SevSeg::setNewNum(long, signed char, bool)
 .text._ZN6SevSeg9setNumberElab
                0x08000fe4        0x4 C:\Users\User\AppData\Local\arduino\sketches\31F41C61DEF40291C74E14A65EDBA948\sketch\SevSeg.cpp.o
                0x08000fe4                SevSeg::setNumber(long, signed char, bool)
 .text._Z9boardInitv
                0x08000fe8       0x30 C:\Users\User\AppData\Local\arduino\sketches\31F41C61DEF40291C74E14A65EDBA948\core\board.cpp.o
                0x08000fe8                boardInit()
 .text.startup._GLOBAL__sub_I__Z9boardInitv
                0x08001018       0x48 C:\Users\User\AppData\Local\arduino\sketches\31F41C61DEF40291C74E14A65EDBA948\core\board.cpp.o
 .text._ZL18adc_default_configP7adc_dev
                0x08001060       0x1c C:\Users\User\AppData\Local\arduino\sketches\31F41C61DEF40291C74E14A65EDBA948\core\wirish\boards.cpp.o
 .text._ZL20timer_default_configP9timer_dev
                0x0800107c       0x9e C:\Users\User\AppData\Local\arduino\sketches\31F41C61DEF40291C74E14A65EDBA948\core\wirish\boards.cpp.o
 *fill*         0x0800111a        0x2 
 .text._Z4initv
                0x0800111c       0xa8 C:\Users\User\AppData\Local\arduino\sketches\31F41C61DEF40291C74E14A65EDBA948\core\wirish\boards.cpp.o
                0x0800111c                init()
 .text._ZN6wirish4priv15board_reset_pllEv
                0x080011c4        0x2 C:\Users\User\AppData\Local\arduino\sketches\31F41C61DEF40291C74E14A65EDBA948\core\wirish\boards_setup.cpp.o
                0x080011c4                wirish::priv::board_reset_pll()
 .text._ZN6wirish4priv28board_setup_clock_prescalersEv
                0x080011c6       0x26 C:\Users\User\AppData\Local\arduino\sketches\31F41C61DEF40291C74E14A65EDBA948\core\wirish\boards_setup.cpp.o
                0x080011c6                wirish::priv::board_setup_clock_prescalers()
 .text._ZN6wirish4priv16board_setup_gpioEv
                0x080011ec        0x4 C:\Users\User\AppData\Local\arduino\sketches\31F41C61DEF40291C74E14A65EDBA948\core\wirish\boards_setup.cpp.o
                0x080011ec                wirish::priv::board_setup_gpio()
 .text._ZN6wirish4priv15board_setup_usbEv
                0x080011f0        0x2 C:\Users\User\AppData\Local\arduino\sketches\31F41C61DEF40291C74E14A65EDBA948\core\wirish\boards_setup.cpp.o
                0x080011f0                wirish::priv::board_setup_usb()
 .text._ZN6wirish4priv11series_initEv
                0x080011f2        0x4 C:\Users\User\AppData\Local\arduino\sketches\31F41C61DEF40291C74E14A65EDBA948\core\wirish\boards_setup.cpp.o
                0x080011f2                wirish::priv::series_init()
 *fill*         0x080011f6        0x2 
 .text          0x080011f8       0x10 C:\Users\User\AppData\Local\arduino\sketches\31F41C61DEF40291C74E14A65EDBA948\core\wirish\start.S.o
                0x080011f8                __start__
 .text.start_c  0x08001208       0x64 C:\Users\User\AppData\Local\arduino\sketches\31F41C61DEF40291C74E14A65EDBA948\core\wirish\start_c.c.o
                0x08001208                start_c
 .text._exit    0x0800126c        0x2 C:\Users\User\AppData\Local\arduino\sketches\31F41C61DEF40291C74E14A65EDBA948\core\wirish\syscalls.c.o
                0x0800126c                _exit
 .text.rb_full_count
                0x0800126e       0x22 C:\Users\User\AppData\Local\arduino\cores\ea6e7247c5a1a670ec59b54f227b2b8c\core.a(HardwareSerial.cpp.o)
 .text._ZN14HardwareSerial4readEv
                0x08001290       0x3a C:\Users\User\AppData\Local\arduino\cores\ea6e7247c5a1a670ec59b54f227b2b8c\core.a(HardwareSerial.cpp.o)
                0x08001290                HardwareSerial::read()
 .text._ZN14HardwareSerial9availableEv
                0x080012ca        0xc C:\Users\User\AppData\Local\arduino\cores\ea6e7247c5a1a670ec59b54f227b2b8c\core.a(HardwareSerial.cpp.o)
                0x080012ca                HardwareSerial::available()
 .text._ZN14HardwareSerial4peekEv
                0x080012d6       0x22 C:\Users\User\AppData\Local\arduino\cores\ea6e7247c5a1a670ec59b54f227b2b8c\core.a(HardwareSerial.cpp.o)
                0x080012d6                HardwareSerial::peek()
 .text._ZN14HardwareSerial5flushEv
                0x080012f8       0x1a C:\Users\User\AppData\Local\arduino\cores\ea6e7247c5a1a670ec59b54f227b2b8c\core.a(HardwareSerial.cpp.o)
                0x080012f8                HardwareSerial::flush()
 .text._ZN14HardwareSerial5writeEh
                0x08001312       0x1e C:\Users\User\AppData\Local\arduino\cores\ea6e7247c5a1a670ec59b54f227b2b8c\core.a(HardwareSerial.cpp.o)
                0x08001312                HardwareSerial::write(unsigned char)
 .text._ZN14HardwareSerialC2EP9usart_devhh
                0x08001330       0x1c C:\Users\User\AppData\Local\arduino\cores\ea6e7247c5a1a670ec59b54f227b2b8c\core.a(HardwareSerial.cpp.o)
                0x08001330                HardwareSerial::HardwareSerial(usart_dev*, unsigned char, unsigned char)
                0x08001330                HardwareSerial::HardwareSerial(usart_dev*, unsigned char, unsigned char)
 .text._ZN5Print5writeEPKvm
                0x0800134c       0x20 C:\Users\User\AppData\Local\arduino\cores\ea6e7247c5a1a670ec59b54f227b2b8c\core.a(Print.cpp.o)
                0x0800134c                Print::write(void const*, unsigned long)
 .text._ZN5Print5writeEPKc
                0x0800136c       0x1e C:\Users\User\AppData\Local\arduino\cores\ea6e7247c5a1a670ec59b54f227b2b8c\core.a(Print.cpp.o)
                0x0800136c                Print::write(char const*)
 .text.adc_init
                0x0800138a       0x14 C:\Users\User\AppData\Local\arduino\cores\ea6e7247c5a1a670ec59b54f227b2b8c\core.a(adc.c.o)
                0x0800138a                adc_init
 .text.adc_set_extsel
                0x0800139e       0x12 C:\Users\User\AppData\Local\arduino\cores\ea6e7247c5a1a670ec59b54f227b2b8c\core.a(adc.c.o)
                0x0800139e                adc_set_extsel
 .text.adc_set_sample_rate
                0x080013b0       0x30 C:\Users\User\AppData\Local\arduino\cores\ea6e7247c5a1a670ec59b54f227b2b8c\core.a(adc.c.o)
                0x080013b0                adc_set_sample_rate
 .text.__irq_adc
                0x080013e0       0x50 C:\Users\User\AppData\Local\arduino\cores\ea6e7247c5a1a670ec59b54f227b2b8c\core.a(adc_f1.c.o)
                0x080013e0                __irq_adc
 .text.adc_calibrate
                0x08001430       0x24 C:\Users\User\AppData\Local\arduino\cores\ea6e7247c5a1a670ec59b54f227b2b8c\core.a(adc_f1.c.o)
                0x08001430                adc_calibrate
 .text.adc_set_prescaler
                0x08001454        0x8 C:\Users\User\AppData\Local\arduino\cores\ea6e7247c5a1a670ec59b54f227b2b8c\core.a(adc_f1.c.o)
                0x08001454                adc_set_prescaler
 .text.adc_foreach
                0x0800145c       0x1c C:\Users\User\AppData\Local\arduino\cores\ea6e7247c5a1a670ec59b54f227b2b8c\core.a(adc_f1.c.o)
                0x0800145c                adc_foreach
 .text.adc_enable_single_swstart
                0x08001478       0x36 C:\Users\User\AppData\Local\arduino\cores\ea6e7247c5a1a670ec59b54f227b2b8c\core.a(adc_f1.c.o)
                0x08001478                adc_enable_single_swstart
 .text.dma_irq_handler
                0x080014ae       0x1c C:\Users\User\AppData\Local\arduino\cores\ea6e7247c5a1a670ec59b54f227b2b8c\core.a(dma_f1.c.o)
 *fill*         0x080014ca        0x2 
 .text.__irq_dma1_channel1
                0x080014cc       0x10 C:\Users\User\AppData\Local\arduino\cores\ea6e7247c5a1a670ec59b54f227b2b8c\core.a(dma_f1.c.o)
                0x080014cc                __irq_dma1_channel1
 .text.__irq_dma1_channel2
                0x080014dc       0x10 C:\Users\User\AppData\Local\arduino\cores\ea6e7247c5a1a670ec59b54f227b2b8c\core.a(dma_f1.c.o)
                0x080014dc                __irq_dma1_channel2
 .text.__irq_dma1_channel3
                0x080014ec       0x10 C:\Users\User\AppData\Local\arduino\cores\ea6e7247c5a1a670ec59b54f227b2b8c\core.a(dma_f1.c.o)
                0x080014ec                __irq_dma1_channel3
 .text.__irq_dma1_channel4
                0x080014fc       0x10 C:\Users\User\AppData\Local\arduino\cores\ea6e7247c5a1a670ec59b54f227b2b8c\core.a(dma_f1.c.o)
                0x080014fc                __irq_dma1_channel4
 .text.__irq_dma1_channel5
                0x0800150c       0x10 C:\Users\User\AppData\Local\arduino\cores\ea6e7247c5a1a670ec59b54f227b2b8c\core.a(dma_f1.c.o)
                0x0800150c                __irq_dma1_channel5
 .text.__irq_dma1_channel6
                0x0800151c       0x10 C:\Users\User\AppData\Local\arduino\cores\ea6e7247c5a1a670ec59b54f227b2b8c\core.a(dma_f1.c.o)
                0x0800151c                __irq_dma1_channel6
 .text.__irq_dma1_channel7
                0x0800152c       0x10 C:\Users\User\AppData\Local\arduino\cores\ea6e7247c5a1a670ec59b54f227b2b8c\core.a(dma_f1.c.o)
                0x0800152c                __irq_dma1_channel7
 *fill*         0x0800153c        0x4 
 .text          0x08001540       0x60 C:\Users\User\AppData\Local\arduino\cores\ea6e7247c5a1a670ec59b54f227b2b8c\core.a(exc.S.o)
                0x08001540                __exc_nmi
                0x08001544                __exc_hardfault
                0x08001548                __exc_memmanage
                0x0800154c                __exc_busfault
                0x08001550                __exc_usagefault
 .text.dispatch_single_exti
                0x080015a0       0x2c C:\Users\User\AppData\Local\arduino\cores\ea6e7247c5a1a670ec59b54f227b2b8c\core.a(exti.c.o)
                0x080015a0                dispatch_single_exti
 .text.dispatch_extis
                0x080015cc       0x4c C:\Users\User\AppData\Local\arduino\cores\ea6e7247c5a1a670ec59b54f227b2b8c\core.a(exti.c.o)
                0x080015cc                dispatch_extis
 .text.__irq_exti0
                0x08001618        0x6 C:\Users\User\AppData\Local\arduino\cores\ea6e7247c5a1a670ec59b54f227b2b8c\core.a(exti.c.o)
                0x08001618                __irq_exti0
 .text.__irq_exti1
                0x0800161e        0x6 C:\Users\User\AppData\Local\arduino\cores\ea6e7247c5a1a670ec59b54f227b2b8c\core.a(exti.c.o)
                0x0800161e                __irq_exti1
 .text.__irq_exti2
                0x08001624        0x6 C:\Users\User\AppData\Local\arduino\cores\ea6e7247c5a1a670ec59b54f227b2b8c\core.a(exti.c.o)
                0x08001624                __irq_exti2
 .text.__irq_exti3
                0x0800162a        0x6 C:\Users\User\AppData\Local\arduino\cores\ea6e7247c5a1a670ec59b54f227b2b8c\core.a(exti.c.o)
                0x0800162a                __irq_exti3
 .text.__irq_exti4
                0x08001630        0x6 C:\Users\User\AppData\Local\arduino\cores\ea6e7247c5a1a670ec59b54f227b2b8c\core.a(exti.c.o)
                0x08001630                __irq_exti4
 .text.__irq_exti9_5
                0x08001636        0x8 C:\Users\User\AppData\Local\arduino\cores\ea6e7247c5a1a670ec59b54f227b2b8c\core.a(exti.c.o)
                0x08001636                __irq_exti9_5
 .text.__irq_exti15_10
                0x0800163e        0x8 C:\Users\User\AppData\Local\arduino\cores\ea6e7247c5a1a670ec59b54f227b2b8c\core.a(exti.c.o)
                0x0800163e                __irq_exti15_10
 *fill*         0x08001646        0x2 
 .text.flash_set_latency
                0x08001648       0x14 C:\Users\User\AppData\Local\arduino\cores\ea6e7247c5a1a670ec59b54f227b2b8c\core.a(flash.c.o)
                0x08001648                flash_set_latency
 .text.gpio_init_all
                0x0800165c       0x30 C:\Users\User\AppData\Local\arduino\cores\ea6e7247c5a1a670ec59b54f227b2b8c\core.a(gpio_f1.c.o)
                0x0800165c                gpio_init_all
 .text.gpio_set_mode
                0x0800168c       0x50 C:\Users\User\AppData\Local\arduino\cores\ea6e7247c5a1a670ec59b54f227b2b8c\core.a(gpio_f1.c.o)
                0x0800168c                gpio_set_mode
 .text.afio_init
                0x080016dc       0x12 C:\Users\User\AppData\Local\arduino\cores\ea6e7247c5a1a670ec59b54f227b2b8c\core.a(gpio_f1.c.o)
                0x080016dc                afio_init
 *fill*         0x080016ee        0x2 
 .text.afio_remap
                0x080016f0       0x20 C:\Users\User\AppData\Local\arduino\cores\ea6e7247c5a1a670ec59b54f227b2b8c\core.a(gpio_f1.c.o)
                0x080016f0                afio_remap
 .text.__irq_i2c1_ev
                0x08001710        0xc C:\Users\User\AppData\Local\arduino\cores\ea6e7247c5a1a670ec59b54f227b2b8c\core.a(i2c_f1.c.o)
                0x08001710                __irq_i2c1_ev
 .text.__irq_i2c2_ev
                0x0800171c        0xc C:\Users\User\AppData\Local\arduino\cores\ea6e7247c5a1a670ec59b54f227b2b8c\core.a(i2c_f1.c.o)
                0x0800171c                __irq_i2c2_ev
 .text.__irq_i2c1_er
                0x08001728        0xc C:\Users\User\AppData\Local\arduino\cores\ea6e7247c5a1a670ec59b54f227b2b8c\core.a(i2c_f1.c.o)
                0x08001728                __irq_i2c1_er
 .text.__irq_i2c2_er
                0x08001734        0xc C:\Users\User\AppData\Local\arduino\cores\ea6e7247c5a1a670ec59b54f227b2b8c\core.a(i2c_f1.c.o)
                0x08001734                __irq_i2c2_er
 .text.nvic_irq_set_priority
                0x08001740       0x28 C:\Users\User\AppData\Local\arduino\cores\ea6e7247c5a1a670ec59b54f227b2b8c\core.a(nvic.c.o)
                0x08001740                nvic_irq_set_priority
 .text.nvic_init
                0x08001768       0x30 C:\Users\User\AppData\Local\arduino\cores\ea6e7247c5a1a670ec59b54f227b2b8c\core.a(nvic.c.o)
                0x08001768                nvic_init
 .text.rcc_dev_clk
                0x08001798        0xc C:\Users\User\AppData\Local\arduino\cores\ea6e7247c5a1a670ec59b54f227b2b8c\core.a(rcc.c.o)
                0x08001798                rcc_dev_clk
 .text.rcc_switch_sysclk
                0x080017a4       0x20 C:\Users\User\AppData\Local\arduino\cores\ea6e7247c5a1a670ec59b54f227b2b8c\core.a(rcc.c.o)
                0x080017a4                rcc_switch_sysclk
 .text.rcc_turn_on_clk
                0x080017c4       0x1a C:\Users\User\AppData\Local\arduino\cores\ea6e7247c5a1a670ec59b54f227b2b8c\core.a(rcc.c.o)
                0x080017c4                rcc_turn_on_clk
 .text.rcc_turn_off_clk
                0x080017de       0x1c C:\Users\User\AppData\Local\arduino\cores\ea6e7247c5a1a670ec59b54f227b2b8c\core.a(rcc.c.o)
                0x080017de                rcc_turn_off_clk
 .text.rcc_is_clk_ready
                0x080017fa       0x18 C:\Users\User\AppData\Local\arduino\cores\ea6e7247c5a1a670ec59b54f227b2b8c\core.a(rcc.c.o)
                0x080017fa                rcc_is_clk_ready
 *fill*         0x08001812        0x2 
 .text.rcc_configure_pll
                0x08001814       0x18 C:\Users\User\AppData\Local\arduino\cores\ea6e7247c5a1a670ec59b54f227b2b8c\core.a(rcc_f1.c.o)
                0x08001814                rcc_configure_pll
 .text.rcc_clk_enable
                0x0800182c       0x30 C:\Users\User\AppData\Local\arduino\cores\ea6e7247c5a1a670ec59b54f227b2b8c\core.a(rcc_f1.c.o)
                0x0800182c                rcc_clk_enable
 .text.rcc_reset_dev
                0x0800185c       0x34 C:\Users\User\AppData\Local\arduino\cores\ea6e7247c5a1a670ec59b54f227b2b8c\core.a(rcc_f1.c.o)
                0x0800185c                rcc_reset_dev
 .text.rcc_set_prescaler
                0x08001890       0x20 C:\Users\User\AppData\Local\arduino\cores\ea6e7247c5a1a670ec59b54f227b2b8c\core.a(rcc_f1.c.o)
                0x08001890                rcc_set_prescaler
 .text.rcc_clk_disable
                0x080018b0       0x30 C:\Users\User\AppData\Local\arduino\cores\ea6e7247c5a1a670ec59b54f227b2b8c\core.a(rcc_f1.c.o)
                0x080018b0                rcc_clk_disable
 .text          0x080018e0        0x2 C:\Users\User\AppData\Local\arduino\cores\ea6e7247c5a1a670ec59b54f227b2b8c\core.a(isrs.S.o)
                0x080018e0                __stm32reservedexception9
                0x080018e0                __exc_debug_monitor
                0x080018e0                __exc_svc
                0x080018e0                __irq_can_rx1
                0x080018e0                __irq_spi2
                0x080018e0                __irq_can_sce
                0x080018e0                __irq_pvd
                0x080018e0                __irq_tamper
                0x080018e0                __default_handler
                0x080018e0                __irq_wwdg
                0x080018e0                __stm32reservedexception10
                0x080018e0                __irq_flash
                0x080018e0                __stm32reservedexception13
                0x080018e0                __irq_rtc
                0x080018e0                __irq_spi1
                0x080018e0                __stm32reservedexception7
                0x080018e0                __irq_usb_hp_can_tx
                0x080018e0                __irq_rtcalarm
                0x080018e0                __stm32reservedexception8
                0x080018e0                __exc_pendsv
                0x080018e0                __irq_usbwakeup
                0x080018e0                __irq_rcc
 *fill*         0x080018e2        0x2 
 .text.systick_init
                0x080018e4       0x10 C:\Users\User\AppData\Local\arduino\cores\ea6e7247c5a1a670ec59b54f227b2b8c\core.a(systick.c.o)
                0x080018e4                systick_init
 .text.__exc_systick
                0x080018f4       0x1c C:\Users\User\AppData\Local\arduino\cores\ea6e7247c5a1a670ec59b54f227b2b8c\core.a(systick.c.o)
                0x080018f4                __exc_systick
 .text.timer_oc_set_mode
                0x08001910       0x3a C:\Users\User\AppData\Local\arduino\cores\ea6e7247c5a1a670ec59b54f227b2b8c\core.a(timer.c.o)
 .text.dispatch_general
                0x0800194a       0x66 C:\Users\User\AppData\Local\arduino\cores\ea6e7247c5a1a670ec59b54f227b2b8c\core.a(timer.c.o)
 .text.timer_cc_enable
                0x080019b0       0x1c C:\Users\User\AppData\Local\arduino\cores\ea6e7247c5a1a670ec59b54f227b2b8c\core.a(timer.c.o)
 .text.timer_foreach
                0x080019cc       0x28 C:\Users\User\AppData\Local\arduino\cores\ea6e7247c5a1a670ec59b54f227b2b8c\core.a(timer.c.o)
                0x080019cc                timer_foreach
 .text.timer_init
                0x080019f4       0x14 C:\Users\User\AppData\Local\arduino\cores\ea6e7247c5a1a670ec59b54f227b2b8c\core.a(timer.c.o)
                0x080019f4                timer_init
 .text.timer_has_cc_channel
                0x08001a08       0x30 C:\Users\User\AppData\Local\arduino\cores\ea6e7247c5a1a670ec59b54f227b2b8c\core.a(timer.c.o)
                0x08001a08                timer_has_cc_channel
 .text.timer_detach_interrupt
                0x08001a38       0x1e C:\Users\User\AppData\Local\arduino\cores\ea6e7247c5a1a670ec59b54f227b2b8c\core.a(timer.c.o)
                0x08001a38                timer_detach_interrupt
 .text.input_capture_mode
                0x08001a56       0x1a C:\Users\User\AppData\Local\arduino\cores\ea6e7247c5a1a670ec59b54f227b2b8c\core.a(timer.c.o)
                0x08001a56                input_capture_mode
 .text.timer_set_mode
                0x08001a70       0x8c C:\Users\User\AppData\Local\arduino\cores\ea6e7247c5a1a670ec59b54f227b2b8c\core.a(timer.c.o)
                0x08001a70                timer_set_mode
 .text.__irq_tim1_brk
                0x08001afc       0x24 C:\Users\User\AppData\Local\arduino\cores\ea6e7247c5a1a670ec59b54f227b2b8c\core.a(timer.c.o)
                0x08001afc                __irq_tim1_brk
 .text.__irq_tim1_up
                0x08001b20       0x24 C:\Users\User\AppData\Local\arduino\cores\ea6e7247c5a1a670ec59b54f227b2b8c\core.a(timer.c.o)
                0x08001b20                __irq_tim1_up
 .text.__irq_tim1_trg_com
                0x08001b44       0x34 C:\Users\User\AppData\Local\arduino\cores\ea6e7247c5a1a670ec59b54f227b2b8c\core.a(timer.c.o)
                0x08001b44                __irq_tim1_trg_com
 .text.__irq_tim1_cc
                0x08001b78       0x50 C:\Users\User\AppData\Local\arduino\cores\ea6e7247c5a1a670ec59b54f227b2b8c\core.a(timer.c.o)
                0x08001b78                __irq_tim1_cc
 .text.__irq_tim2
                0x08001bc8        0xc C:\Users\User\AppData\Local\arduino\cores\ea6e7247c5a1a670ec59b54f227b2b8c\core.a(timer.c.o)
                0x08001bc8                __irq_tim2
 .text.__irq_tim3
                0x08001bd4        0xc C:\Users\User\AppData\Local\arduino\cores\ea6e7247c5a1a670ec59b54f227b2b8c\core.a(timer.c.o)
                0x08001bd4                __irq_tim3
 .text.__irq_tim4
                0x08001be0        0xc C:\Users\User\AppData\Local\arduino\cores\ea6e7247c5a1a670ec59b54f227b2b8c\core.a(timer.c.o)
                0x08001be0                __irq_tim4
 .text.usart_tx
                0x08001bec       0x9c C:\Users\User\AppData\Local\arduino\cores\ea6e7247c5a1a670ec59b54f227b2b8c\core.a(usart.c.o)
                0x08001bec                usart_tx
 .text.usart_irq
                0x08001c88       0xc8 C:\Users\User\AppData\Local\arduino\cores\ea6e7247c5a1a670ec59b54f227b2b8c\core.a(usart_f1.c.o)
 .text.__irq_usart1
                0x08001d50       0x18 C:\Users\User\AppData\Local\arduino\cores\ea6e7247c5a1a670ec59b54f227b2b8c\core.a(usart_f1.c.o)
                0x08001d50                __irq_usart1
 .text.__irq_usart2
                0x08001d68       0x18 C:\Users\User\AppData\Local\arduino\cores\ea6e7247c5a1a670ec59b54f227b2b8c\core.a(usart_f1.c.o)
                0x08001d68                __irq_usart2
 .text.__irq_usart3
                0x08001d80       0x18 C:\Users\User\AppData\Local\arduino\cores\ea6e7247c5a1a670ec59b54f227b2b8c\core.a(usart_f1.c.o)
                0x08001d80                __irq_usart3
 .text.usb_resume
                0x08001d98       0xb4 C:\Users\User\AppData\Local\arduino\cores\ea6e7247c5a1a670ec59b54f227b2b8c\core.a(usb.c.o)
 .text.__irq_usb_lp_can_rx0
                0x08001e4c      0x1c8 C:\Users\User\AppData\Local\arduino\cores\ea6e7247c5a1a670ec59b54f227b2b8c\core.a(usb.c.o)
                0x08001e4c                __irq_usb_lp_can_rx0
 .text.usb_set_ep_rx_stat
                0x08002014       0x22 C:\Users\User\AppData\Local\arduino\cores\ea6e7247c5a1a670ec59b54f227b2b8c\core.a(usb_cdcacm.c.o)
 *fill*         0x08002036        0x2 
 .text.vcomGetSetLineCoding
                0x08002038       0x18 C:\Users\User\AppData\Local\arduino\cores\ea6e7247c5a1a670ec59b54f227b2b8c\core.a(usb_cdcacm.c.o)
 .text.usbDataSetup
                0x08002050       0x54 C:\Users\User\AppData\Local\arduino\cores\ea6e7247c5a1a670ec59b54f227b2b8c\core.a(usb_cdcacm.c.o)
 .text.usbNoDataSetup
                0x080020a4       0x50 C:\Users\User\AppData\Local\arduino\cores\ea6e7247c5a1a670ec59b54f227b2b8c\core.a(usb_cdcacm.c.o)
 .text.usbGetInterfaceSetting
                0x080020f4       0x10 C:\Users\User\AppData\Local\arduino\cores\ea6e7247c5a1a670ec59b54f227b2b8c\core.a(usb_cdcacm.c.o)
 .text.usbGetStringDescriptor
                0x08002104       0x20 C:\Users\User\AppData\Local\arduino\cores\ea6e7247c5a1a670ec59b54f227b2b8c\core.a(usb_cdcacm.c.o)
 .text.usbGetConfigDescriptor
                0x08002124        0xc C:\Users\User\AppData\Local\arduino\cores\ea6e7247c5a1a670ec59b54f227b2b8c\core.a(usb_cdcacm.c.o)
 .text.usbGetDeviceDescriptor
                0x08002130        0xc C:\Users\User\AppData\Local\arduino\cores\ea6e7247c5a1a670ec59b54f227b2b8c\core.a(usb_cdcacm.c.o)
 .text.usbInit  0x0800213c       0x44 C:\Users\User\AppData\Local\arduino\cores\ea6e7247c5a1a670ec59b54f227b2b8c\core.a(usb_cdcacm.c.o)
 .text.usbReset
                0x08002180      0x160 C:\Users\User\AppData\Local\arduino\cores\ea6e7247c5a1a670ec59b54f227b2b8c\core.a(usb_cdcacm.c.o)
 .text.usb_set_ep_rx_count
                0x080022e0       0x4c C:\Users\User\AppData\Local\arduino\cores\ea6e7247c5a1a670ec59b54f227b2b8c\core.a(usb_reg_map.c.o)
                0x080022e0                usb_set_ep_rx_count
 .text.Standard_GetConfiguration
                0x0800232c       0x24 C:\Users\User\AppData\Local\arduino\cores\ea6e7247c5a1a670ec59b54f227b2b8c\core.a(usb_core.c.o)
                0x0800232c                Standard_GetConfiguration
 .text.Standard_GetInterface
                0x08002350       0x24 C:\Users\User\AppData\Local\arduino\cores\ea6e7247c5a1a670ec59b54f227b2b8c\core.a(usb_core.c.o)
                0x08002350                Standard_GetInterface
 .text.Standard_GetStatus
                0x08002374       0x90 C:\Users\User\AppData\Local\arduino\cores\ea6e7247c5a1a670ec59b54f227b2b8c\core.a(usb_core.c.o)
                0x08002374                Standard_GetStatus
 .text.DataStageIn
                0x08002404       0xa8 C:\Users\User\AppData\Local\arduino\cores\ea6e7247c5a1a670ec59b54f227b2b8c\core.a(usb_core.c.o)
 .text.Standard_SetConfiguration
                0x080024ac       0x38 C:\Users\User\AppData\Local\arduino\cores\ea6e7247c5a1a670ec59b54f227b2b8c\core.a(usb_core.c.o)
                0x080024ac                Standard_SetConfiguration
 .text.Standard_SetInterface
                0x080024e4       0x48 C:\Users\User\AppData\Local\arduino\cores\ea6e7247c5a1a670ec59b54f227b2b8c\core.a(usb_core.c.o)
                0x080024e4                Standard_SetInterface
 .text.Standard_ClearFeature
                0x0800252c       0xd0 C:\Users\User\AppData\Local\arduino\cores\ea6e7247c5a1a670ec59b54f227b2b8c\core.a(usb_core.c.o)
                0x0800252c                Standard_ClearFeature
 .text.Standard_SetEndPointFeature
                0x080025fc       0x84 C:\Users\User\AppData\Local\arduino\cores\ea6e7247c5a1a670ec59b54f227b2b8c\core.a(usb_core.c.o)
                0x080025fc                Standard_SetEndPointFeature
 .text.Standard_SetDeviceFeature
                0x08002680       0x24 C:\Users\User\AppData\Local\arduino\cores\ea6e7247c5a1a670ec59b54f227b2b8c\core.a(usb_core.c.o)
                0x08002680                Standard_SetDeviceFeature
 .text.Standard_GetDescriptorData
                0x080026a4       0x1c C:\Users\User\AppData\Local\arduino\cores\ea6e7247c5a1a670ec59b54f227b2b8c\core.a(usb_core.c.o)
                0x080026a4                Standard_GetDescriptorData
 .text.Post0_Process
                0x080026c0       0x40 C:\Users\User\AppData\Local\arduino\cores\ea6e7247c5a1a670ec59b54f227b2b8c\core.a(usb_core.c.o)
                0x080026c0                Post0_Process
 .text.Setup0_Process
                0x08002700      0x2d0 C:\Users\User\AppData\Local\arduino\cores\ea6e7247c5a1a670ec59b54f227b2b8c\core.a(usb_core.c.o)
                0x08002700                Setup0_Process
 .text.Out0_Process
                0x080029d0       0xc8 C:\Users\User\AppData\Local\arduino\cores\ea6e7247c5a1a670ec59b54f227b2b8c\core.a(usb_core.c.o)
                0x080029d0                Out0_Process
 .text.SetDeviceAddress
                0x08002a98       0x38 C:\Users\User\AppData\Local\arduino\cores\ea6e7247c5a1a670ec59b54f227b2b8c\core.a(usb_core.c.o)
                0x08002a98                SetDeviceAddress
 .text.In0_Process
                0x08002ad0       0x5c C:\Users\User\AppData\Local\arduino\cores\ea6e7247c5a1a670ec59b54f227b2b8c\core.a(usb_core.c.o)
                0x08002ad0                In0_Process
 .text.NOP_Process
                0x08002b2c        0x2 C:\Users\User\AppData\Local\arduino\cores\ea6e7247c5a1a670ec59b54f227b2b8c\core.a(usb_core.c.o)
                0x08002b2c                NOP_Process
 .text.UserToPMABufferCopy
                0x08002b2e       0x30 C:\Users\User\AppData\Local\arduino\cores\ea6e7247c5a1a670ec59b54f227b2b8c\core.a(usb_mem.c.o)
                0x08002b2e                UserToPMABufferCopy
 .text.PMAToUserBufferCopy
                0x08002b5e       0x32 C:\Users\User\AppData\Local\arduino\cores\ea6e7247c5a1a670ec59b54f227b2b8c\core.a(usb_mem.c.o)
                0x08002b5e                PMAToUserBufferCopy
 .text.SetEPTxStatus
                0x08002b90       0x2a C:\Users\User\AppData\Local\arduino\cores\ea6e7247c5a1a670ec59b54f227b2b8c\core.a(usb_regs.c.o)
                0x08002b90                SetEPTxStatus
 .text.ClearDTOG_RX
                0x08002bba       0x20 C:\Users\User\AppData\Local\arduino\cores\ea6e7247c5a1a670ec59b54f227b2b8c\core.a(usb_regs.c.o)
                0x08002bba                ClearDTOG_RX
 .text.ClearDTOG_TX
                0x08002bda       0x20 C:\Users\User\AppData\Local\arduino\cores\ea6e7247c5a1a670ec59b54f227b2b8c\core.a(usb_regs.c.o)
                0x08002bda                ClearDTOG_TX
 *fill*         0x08002bfa        0x2 
 .text.GetEPTxAddr
                0x08002bfc       0x1c C:\Users\User\AppData\Local\arduino\cores\ea6e7247c5a1a670ec59b54f227b2b8c\core.a(usb_regs.c.o)
                0x08002bfc                GetEPTxAddr
 .text.GetEPRxAddr
                0x08002c18       0x1c C:\Users\User\AppData\Local\arduino\cores\ea6e7247c5a1a670ec59b54f227b2b8c\core.a(usb_regs.c.o)
                0x08002c18                GetEPRxAddr
 .text.SetEPTxCount
                0x08002c34       0x1c C:\Users\User\AppData\Local\arduino\cores\ea6e7247c5a1a670ec59b54f227b2b8c\core.a(usb_regs.c.o)
                0x08002c34                SetEPTxCount
 .text.SetEPRxCount
                0x08002c50       0x40 C:\Users\User\AppData\Local\arduino\cores\ea6e7247c5a1a670ec59b54f227b2b8c\core.a(usb_regs.c.o)
                0x08002c50                SetEPRxCount
 .text.throb    0x08002c90       0x4c C:\Users\User\AppData\Local\arduino\cores\ea6e7247c5a1a670ec59b54f227b2b8c\core.a(util.c.o)
                0x08002c90                throb
 .text.__error  0x08002cdc       0x14 C:\Users\User\AppData\Local\arduino\cores\ea6e7247c5a1a670ec59b54f227b2b8c\core.a(util.c.o)
                0x08002cdc                __error
 .text.startup._Z7premainv
                0x08002cf0        0x4 C:\Users\User\AppData\Local\arduino\cores\ea6e7247c5a1a670ec59b54f227b2b8c\core.a(main.cpp.o)
                0x08002cf0                premain()
 .text.startup.main
                0x08002cf4        0xc C:\Users\User\AppData\Local\arduino\cores\ea6e7247c5a1a670ec59b54f227b2b8c\core.a(main.cpp.o)
                0x08002cf4                main
 .text._Z7pinModeh13WiringPinMode
                0x08002d00       0x84 C:\Users\User\AppData\Local\arduino\cores\ea6e7247c5a1a670ec59b54f227b2b8c\core.a(wirish_digital_f1.cpp.o)
                0x08002d00                pinMode(unsigned char, WiringPinMode)
 .text._Z11digitalReadh
                0x08002d84       0x2c C:\Users\User\AppData\Local\arduino\cores\ea6e7247c5a1a670ec59b54f227b2b8c\core.a(wirish_digital.cpp.o)
                0x08002d84                digitalRead(unsigned char)
 .text._Z12digitalWritehh
                0x08002db0       0x2c C:\Users\User\AppData\Local\arduino\cores\ea6e7247c5a1a670ec59b54f227b2b8c\core.a(wirish_digital.cpp.o)
                0x08002db0                digitalWrite(unsigned char, unsigned char)
 .text.delayMicroseconds
                0x08002ddc       0x10 C:\Users\User\AppData\Local\arduino\cores\ea6e7247c5a1a670ec59b54f227b2b8c\core.a(wirish_time.cpp.o)
                0x08002ddc                delayMicroseconds
 .text.gpio_init
                0x08002dec       0x14 C:\Users\User\AppData\Local\arduino\cores\ea6e7247c5a1a670ec59b54f227b2b8c\core.a(gpio.c.o)
                0x08002dec                gpio_init
 .text.i2c_disable_irq
                0x08002e00        0xc C:\Users\User\AppData\Local\arduino\cores\ea6e7247c5a1a670ec59b54f227b2b8c\core.a(i2c.c.o)
 .text._i2c_irq_handler
                0x08002e0c      0x3d8 C:\Users\User\AppData\Local\arduino\cores\ea6e7247c5a1a670ec59b54f227b2b8c\core.a(i2c.c.o)
                0x08002e0c                _i2c_irq_handler
 .text._i2c_irq_error_handler
                0x080031e4       0x74 C:\Users\User\AppData\Local\arduino\cores\ea6e7247c5a1a670ec59b54f227b2b8c\core.a(i2c.c.o)
                0x080031e4                _i2c_irq_error_handler
 .text          0x08003258       0x38 c:/users/user/appdata/local/arduino15/packages/arduino/tools/arm-none-eabi-gcc/4.8.3-2014q1/bin/../lib/gcc/arm-none-eabi/4.8.3/armv7-m\libgcc.a(_aeabi_ldivmod.o)
                0x08003258                __aeabi_ldivmod
 .text          0x08003290       0x60 c:/users/user/appdata/local/arduino15/packages/arduino/tools/arm-none-eabi-gcc/4.8.3-2014q1/bin/../lib/gcc/arm-none-eabi/4.8.3/armv7-m\libgcc.a(bpabi.o)
                0x08003290                __gnu_ldivmod_helper
                0x080032c0                __gnu_uldivmod_helper
 .text          0x080032f0        0x4 c:/users/user/appdata/local/arduino15/packages/arduino/tools/arm-none-eabi-gcc/4.8.3-2014q1/bin/../lib/gcc/arm-none-eabi/4.8.3/armv7-m\libgcc.a(_dvmd_tls.o)
                0x080032f0                __aeabi_idiv0
                0x080032f0                __aeabi_ldiv0
 .text          0x080032f4      0x2a0 c:/users/user/appdata/local/arduino15/packages/arduino/tools/arm-none-eabi-gcc/4.8.3-2014q1/bin/../lib/gcc/arm-none-eabi/4.8.3/armv7-m\libgcc.a(_divdi3.o)
                0x080032f4                __divdi3
 .text          0x08003594      0x290 c:/users/user/appdata/local/arduino15/packages/arduino/tools/arm-none-eabi-gcc/4.8.3-2014q1/bin/../lib/gcc/arm-none-eabi/4.8.3/armv7-m\libgcc.a(_udivdi3.o)
                0x08003594                __udivdi3
 .text.exit     0x08003824       0x28 c:/users/user/appdata/local/arduino15/packages/arduino/tools/arm-none-eabi-gcc/4.8.3-2014q1/bin/../lib/gcc/arm-none-eabi/4.8.3/../../../../arm-none-eabi/lib/armv7-m\libc_s.a(lib_a-exit.o)
                0x08003824                exit
 .text.__libc_init_array
                0x0800384c       0x4c c:/users/user/appdata/local/arduino15/packages/arduino/tools/arm-none-eabi-gcc/4.8.3-2014q1/bin/../lib/gcc/arm-none-eabi/4.8.3/../../../../arm-none-eabi/lib/armv7-m\libc_s.a(lib_a-init.o)
                0x0800384c                __libc_init_array
 .text.memcpy   0x08003898       0x12 c:/users/user/appdata/local/arduino15/packages/arduino/tools/arm-none-eabi-gcc/4.8.3-2014q1/bin/../lib/gcc/arm-none-eabi/4.8.3/../../../../arm-none-eabi/lib/armv7-m\libc_s.a(lib_a-memcpy-stub.o)
                0x08003898                memcpy
 .text.strlen   0x080038aa       0x10 c:/users/user/appdata/local/arduino15/packages/arduino/tools/arm-none-eabi-gcc/4.8.3-2014q1/bin/../lib/gcc/arm-none-eabi/4.8.3/../../../../arm-none-eabi/lib/armv7-m\libc_s.a(lib_a-strlen.o)
                0x080038aa                strlen
 *(.plt)
 *(.gnu.warning)
 *(.glue_7t)
 .glue_7t       0x00000000        0x0 linker stubs
 *(.glue_7)
 .glue_7        0x00000000        0x0 linker stubs
 *(.vfp11_veneer)
 .vfp11_veneer  0x00000000        0x0 linker stubs
 *(.ARM.extab* .gnu.linkonce.armextab.*)
 *(.gcc_except_table)
 *(.eh_frame_hdr)
 *(.eh_frame)
 *fill*         0x080038ba        0x2 
 .eh_frame      0x080038bc        0x0 c:/users/user/appdata/local/arduino15/packages/arduino/tools/arm-none-eabi-gcc/4.8.3-2014q1/bin/../lib/gcc/arm-none-eabi/4.8.3/armv7-m/crtbegin.o
                0x080038bc                . = ALIGN (0x4)
 *(.init)
 .init          0x080038bc        0x4 c:/users/user/appdata/local/arduino15/packages/arduino/tools/arm-none-eabi-gcc/4.8.3-2014q1/bin/../lib/gcc/arm-none-eabi/4.8.3/armv7-m/crti.o
                0x080038bc                _init
 .init          0x080038c0        0x8 c:/users/user/appdata/local/arduino15/packages/arduino/tools/arm-none-eabi-gcc/4.8.3-2014q1/bin/../lib/gcc/arm-none-eabi/4.8.3/armv7-m/crtn.o
                0x080038c8                . = ALIGN (0x4)
                0x080038c8                __preinit_array_start = .
 *(.preinit_array)
                0x080038c8                __preinit_array_end = .
                0x080038c8                . = ALIGN (0x4)
                0x080038c8                __init_array_start = .
 *(SORT(.init_array.*))
 .init_array.00101
                0x080038c8        0x4 C:\Users\User\AppData\Local\arduino\cores\ea6e7247c5a1a670ec59b54f227b2b8c\core.a(main.cpp.o)
 *(.init_array)
 .init_array    0x080038cc        0x4 c:/users/user/appdata/local/arduino15/packages/arduino/tools/arm-none-eabi-gcc/4.8.3-2014q1/bin/../lib/gcc/arm-none-eabi/4.8.3/armv7-m/crtbegin.o
 .init_array    0x080038d0        0x4 C:\Users\User\AppData\Local\arduino\sketches\31F41C61DEF40291C74E14A65EDBA948\sketch\Lavadora.ino.cpp.o
 .init_array    0x080038d4        0x4 C:\Users\User\AppData\Local\arduino\sketches\31F41C61DEF40291C74E14A65EDBA948\core\board.cpp.o
                0x080038d8                __init_array_end = .
                0x080038d8                . = ALIGN (0x4)
 *crtbegin.o(.ctors)
 *(EXCLUDE_FILE(*crtend.o) .ctors)
 *(SORT(.ctors.*))
 *crtend.o(.ctors)
                0x080038d8                . = ALIGN (0x4)
 *(.fini)
 .fini          0x080038d8        0x4 c:/users/user/appdata/local/arduino15/packages/arduino/tools/arm-none-eabi-gcc/4.8.3-2014q1/bin/../lib/gcc/arm-none-eabi/4.8.3/armv7-m/crti.o
                0x080038d8                _fini
 .fini          0x080038dc        0x8 c:/users/user/appdata/local/arduino15/packages/arduino/tools/arm-none-eabi-gcc/4.8.3-2014q1/bin/../lib/gcc/arm-none-eabi/4.8.3/armv7-m/crtn.o
                0x080038e4                . = ALIGN (0x4)
                0x080038e4                __fini_array_start = .
 *(.fini_array)
 .fini_array    0x080038e4        0x4 c:/users/user/appdata/local/arduino15/packages/arduino/tools/arm-none-eabi-gcc/4.8.3-2014q1/bin/../lib/gcc/arm-none-eabi/4.8.3/armv7-m/crtbegin.o
 *(SORT(.fini_array.*))
                0x080038e8                __fini_array_end = .
 *crtbegin.o(.dtors)
 *(EXCLUDE_FILE(*crtend.o) .dtors)
 *(SORT(.dtors.*))
 *crtend.o(.dtors)

.v4_bx          0x080038e8        0x0
 .v4_bx         0x00000000        0x0 linker stubs

.iplt           0x080038e8        0x0
 .iplt          0x00000000        0x0 c:/users/user/appdata/local/arduino15/packages/arduino/tools/arm-none-eabi-gcc/4.8.3-2014q1/bin/../lib/gcc/arm-none-eabi/4.8.3/armv7-m/crtbegin.o

.text.align     0x080038e8        0x0
                0x080038e8                . = ALIGN (0x8)
                0x080038e8                __text_end__ = .
                0x080038e8                __exidx_start = .

.ARM.exidx      0x080038e8        0x8
 *(.ARM.exidx* .gnu.linkonce.armexidx.*)
 .ARM.exidx     0x080038e8        0x8 C:\Users\User\AppData\Local\arduino\sketches\31F41C61DEF40291C74E14A65EDBA948\core\wirish\start.S.o
 .ARM.exidx     0x080038f0        0x0 c:/users/user/appdata/local/arduino15/packages/arduino/tools/arm-none-eabi-gcc/4.8.3-2014q1/bin/../lib/gcc/arm-none-eabi/4.8.3/armv7-m\libgcc.a(_divdi3.o)
                                  0x8 (size before relaxing)
 .ARM.exidx     0x080038f0        0x0 c:/users/user/appdata/local/arduino15/packages/arduino/tools/arm-none-eabi-gcc/4.8.3-2014q1/bin/../lib/gcc/arm-none-eabi/4.8.3/armv7-m\libgcc.a(_udivdi3.o)
                                  0x8 (size before relaxing)
                0x080038f0                __exidx_end = .

.data           0x20000000      0x470 load address 0x080038f0
                0x20000000                __data_start__ = .
                0x20000000        0x4 LONG 0x0
                0x20000008                . = ALIGN (0x8)
 *fill*         0x20000004        0x4 
 *(.got.plt)
 *(.got)
 *(.data .data.* .gnu.linkonce.d.*)
 .data.prevEstadoEncender
                0x20000008        0x1 C:\Users\User\AppData\Local\arduino\sketches\31F41C61DEF40291C74E14A65EDBA948\sketch\Lavadora.ino.cpp.o
                0x20000008                prevEstadoEncender
 .data.prevEstadoLavado
                0x20000009        0x1 C:\Users\User\AppData\Local\arduino\sketches\31F41C61DEF40291C74E14A65EDBA948\sketch\Lavadora.ino.cpp.o
                0x20000009                prevEstadoLavado
 .data.prevEstadoIniciar
                0x2000000a        0x1 C:\Users\User\AppData\Local\arduino\sketches\31F41C61DEF40291C74E14A65EDBA948\sketch\Lavadora.ino.cpp.o
                0x2000000a                prevEstadoIniciar
 .data.prevEstadoCentrifugado
                0x2000000b        0x1 C:\Users\User\AppData\Local\arduino\sketches\31F41C61DEF40291C74E14A65EDBA948\sketch\Lavadora.ino.cpp.o
                0x2000000b                prevEstadoCentrifugado
 .data.prevEstadoEnjuague
                0x2000000c        0x1 C:\Users\User\AppData\Local\arduino\sketches\31F41C61DEF40291C74E14A65EDBA948\sketch\Lavadora.ino.cpp.o
                0x2000000c                prevEstadoEnjuague
 .data.prevEstadoTipoLavado
                0x2000000d        0x1 C:\Users\User\AppData\Local\arduino\sketches\31F41C61DEF40291C74E14A65EDBA948\sketch\Lavadora.ino.cpp.o
                0x2000000d                prevEstadoTipoLavado
 .data.prevEstadoNivelAgua
                0x2000000e        0x1 C:\Users\User\AppData\Local\arduino\sketches\31F41C61DEF40291C74E14A65EDBA948\sketch\Lavadora.ino.cpp.o
                0x2000000e                prevEstadoNivelAgua
 .data.prevEstadoRopa
                0x2000000f        0x1 C:\Users\User\AppData\Local\arduino\sketches\31F41C61DEF40291C74E14A65EDBA948\sketch\Lavadora.ino.cpp.o
                0x2000000f                prevEstadoRopa
 .data._ZN6wirish4privL8pll_dataE
                0x20000010        0x4 C:\Users\User\AppData\Local\arduino\sketches\31F41C61DEF40291C74E14A65EDBA948\core\wirish\boards_setup.cpp.o
 .data._ZN6wirish4priv9w_adc_smpE
                0x20000014        0x1 C:\Users\User\AppData\Local\arduino\sketches\31F41C61DEF40291C74E14A65EDBA948\core\wirish\boards_setup.cpp.o
                0x20000014                wirish::priv::w_adc_smp
 *fill*         0x20000015        0x1 
 .data._ZN6wirish4priv9w_adc_preE
                0x20000016        0x2 C:\Users\User\AppData\Local\arduino\sketches\31F41C61DEF40291C74E14A65EDBA948\core\wirish\boards_setup.cpp.o
                0x20000016                wirish::priv::w_adc_pre
 .data._ZN6wirish4priv15w_board_pll_cfgE
                0x20000018        0x8 C:\Users\User\AppData\Local\arduino\sketches\31F41C61DEF40291C74E14A65EDBA948\core\wirish\boards_setup.cpp.o
                0x20000018                wirish::priv::w_board_pll_cfg
 .data.adc2     0x20000020        0x8 C:\Users\User\AppData\Local\arduino\cores\ea6e7247c5a1a670ec59b54f227b2b8c\core.a(adc_f1.c.o)
                0x20000020                adc2
 .data.adc1     0x20000028       0x18 C:\Users\User\AppData\Local\arduino\cores\ea6e7247c5a1a670ec59b54f227b2b8c\core.a(adc_f1.c.o)
                0x20000028                adc1
 .data.ADC2     0x20000040        0x4 C:\Users\User\AppData\Local\arduino\cores\ea6e7247c5a1a670ec59b54f227b2b8c\core.a(adc_f1.c.o)
                0x20000040                ADC2
 .data.ADC1     0x20000044        0x4 C:\Users\User\AppData\Local\arduino\cores\ea6e7247c5a1a670ec59b54f227b2b8c\core.a(adc_f1.c.o)
                0x20000044                ADC1
 .data.dma1     0x20000048       0x40 C:\Users\User\AppData\Local\arduino\cores\ea6e7247c5a1a670ec59b54f227b2b8c\core.a(dma_f1.c.o)
 .data.DMA1     0x20000088        0x4 C:\Users\User\AppData\Local\arduino\cores\ea6e7247c5a1a670ec59b54f227b2b8c\core.a(dma_f1.c.o)
                0x20000088                DMA1
 .data.gpioa    0x2000008c        0x8 C:\Users\User\AppData\Local\arduino\cores\ea6e7247c5a1a670ec59b54f227b2b8c\core.a(gpio_f1.c.o)
                0x2000008c                gpioa
 .data.gpiob    0x20000094        0x8 C:\Users\User\AppData\Local\arduino\cores\ea6e7247c5a1a670ec59b54f227b2b8c\core.a(gpio_f1.c.o)
                0x20000094                gpiob
 .data.gpioc    0x2000009c        0x8 C:\Users\User\AppData\Local\arduino\cores\ea6e7247c5a1a670ec59b54f227b2b8c\core.a(gpio_f1.c.o)
                0x2000009c                gpioc
 .data.gpiod    0x200000a4        0x8 C:\Users\User\AppData\Local\arduino\cores\ea6e7247c5a1a670ec59b54f227b2b8c\core.a(gpio_f1.c.o)
                0x200000a4                gpiod
 .data.i2c1     0x200000ac       0x38 C:\Users\User\AppData\Local\arduino\cores\ea6e7247c5a1a670ec59b54f227b2b8c\core.a(i2c_f1.c.o)
 .data.i2c2     0x200000e4       0x38 C:\Users\User\AppData\Local\arduino\cores\ea6e7247c5a1a670ec59b54f227b2b8c\core.a(i2c_f1.c.o)
 .data.enable_regs.4411
                0x2000011c        0xc C:\Users\User\AppData\Local\arduino\cores\ea6e7247c5a1a670ec59b54f227b2b8c\core.a(rcc_f1.c.o)
 .data.reset_regs.4415
                0x20000128        0x8 C:\Users\User\AppData\Local\arduino\cores\ea6e7247c5a1a670ec59b54f227b2b8c\core.a(rcc_f1.c.o)
 .data.enable_regs.4424
                0x20000130        0xc C:\Users\User\AppData\Local\arduino\cores\ea6e7247c5a1a670ec59b54f227b2b8c\core.a(rcc_f1.c.o)
 .data.timer3   0x2000013c       0x24 C:\Users\User\AppData\Local\arduino\cores\ea6e7247c5a1a670ec59b54f227b2b8c\core.a(timer.c.o)
                0x2000013c                timer3
 .data.timer4   0x20000160       0x24 C:\Users\User\AppData\Local\arduino\cores\ea6e7247c5a1a670ec59b54f227b2b8c\core.a(timer.c.o)
                0x20000160                timer4
 .data.timer1   0x20000184       0x28 C:\Users\User\AppData\Local\arduino\cores\ea6e7247c5a1a670ec59b54f227b2b8c\core.a(timer.c.o)
                0x20000184                timer1
 .data.timer2   0x200001ac       0x24 C:\Users\User\AppData\Local\arduino\cores\ea6e7247c5a1a670ec59b54f227b2b8c\core.a(timer.c.o)
                0x200001ac                timer2
 .data.USART1   0x200001d0        0x4 C:\Users\User\AppData\Local\arduino\cores\ea6e7247c5a1a670ec59b54f227b2b8c\core.a(usart_f1.c.o)
                0x200001d0                USART1
 .data.USART2   0x200001d4        0x4 C:\Users\User\AppData\Local\arduino\cores\ea6e7247c5a1a670ec59b54f227b2b8c\core.a(usart_f1.c.o)
                0x200001d4                USART2
 .data.USART3   0x200001d8        0x4 C:\Users\User\AppData\Local\arduino\cores\ea6e7247c5a1a670ec59b54f227b2b8c\core.a(usart_f1.c.o)
                0x200001d8                USART3
 .data.usart1   0x200001dc       0x94 C:\Users\User\AppData\Local\arduino\cores\ea6e7247c5a1a670ec59b54f227b2b8c\core.a(usart_f1.c.o)
 .data.usart2   0x20000270       0x94 C:\Users\User\AppData\Local\arduino\cores\ea6e7247c5a1a670ec59b54f227b2b8c\core.a(usart_f1.c.o)
 .data.usart3   0x20000304       0x94 C:\Users\User\AppData\Local\arduino\cores\ea6e7247c5a1a670ec59b54f227b2b8c\core.a(usart_f1.c.o)
 .data.USBLIB   0x20000398        0x4 C:\Users\User\AppData\Local\arduino\cores\ea6e7247c5a1a670ec59b54f227b2b8c\core.a(usb.c.o)
                0x20000398                USBLIB
 .data.usblib   0x2000039c       0x10 C:\Users\User\AppData\Local\arduino\cores\ea6e7247c5a1a670ec59b54f227b2b8c\core.a(usb.c.o)
 .data.Config_Descriptor
                0x200003ac        0x8 C:\Users\User\AppData\Local\arduino\cores\ea6e7247c5a1a670ec59b54f227b2b8c\core.a(usb_cdcacm.c.o)
 .data.Device_Property
                0x200003b4       0x30 C:\Users\User\AppData\Local\arduino\cores\ea6e7247c5a1a670ec59b54f227b2b8c\core.a(usb_cdcacm.c.o)
                0x200003b4                Device_Property
 .data.String_Descriptor
                0x200003e4       0x18 C:\Users\User\AppData\Local\arduino\cores\ea6e7247c5a1a670ec59b54f227b2b8c\core.a(usb_cdcacm.c.o)
 .data.line_coding
                0x200003fc        0x7 C:\Users\User\AppData\Local\arduino\cores\ea6e7247c5a1a670ec59b54f227b2b8c\core.a(usb_cdcacm.c.o)
 *fill*         0x20000403        0x1 
 .data.Device_Descriptor
                0x20000404        0x8 C:\Users\User\AppData\Local\arduino\cores\ea6e7247c5a1a670ec59b54f227b2b8c\core.a(usb_cdcacm.c.o)
 .data.Device_Table
                0x2000040c        0x2 C:\Users\User\AppData\Local\arduino\cores\ea6e7247c5a1a670ec59b54f227b2b8c\core.a(usb_cdcacm.c.o)
                0x2000040c                Device_Table
 *fill*         0x2000040e        0x2 
 .data.impure_data
                0x20000410       0x60 c:/users/user/appdata/local/arduino15/packages/arduino/tools/arm-none-eabi-gcc/4.8.3-2014q1/bin/../lib/gcc/arm-none-eabi/4.8.3/../../../../arm-none-eabi/lib/armv7-m\libc_s.a(lib_a-impure.o)
                0x20000470                . = ALIGN (0x8)
                0x20000470                __data_end__ = .

.jcr            0x20000470        0x0 load address 0x08003d60
 .jcr           0x20000470        0x0 c:/users/user/appdata/local/arduino15/packages/arduino/tools/arm-none-eabi-gcc/4.8.3-2014q1/bin/../lib/gcc/arm-none-eabi/4.8.3/armv7-m/crtbegin.o

.igot.plt       0x20000470        0x0 load address 0x08003d60
 .igot.plt      0x00000000        0x0 c:/users/user/appdata/local/arduino15/packages/arduino/tools/arm-none-eabi-gcc/4.8.3-2014q1/bin/../lib/gcc/arm-none-eabi/4.8.3/armv7-m/crtbegin.o

.rodata         0x08003d60      0x4e0
 *(.rodata .rodata.* .gnu.linkonce.r.*)
 .rodata        0x08003d60       0x68 C:\Users\User\AppData\Local\arduino\sketches\31F41C61DEF40291C74E14A65EDBA948\sketch\Lavadora.ino.cpp.o
 .rodata.str1.1
                0x08003dc8        0x4 C:\Users\User\AppData\Local\arduino\sketches\31F41C61DEF40291C74E14A65EDBA948\sketch\Lavadora.ino.cpp.o
 .rodata._ZL12digitCodeMap
                0x08003dcc       0x29 C:\Users\User\AppData\Local\arduino\sketches\31F41C61DEF40291C74E14A65EDBA948\sketch\SevSeg.cpp.o
 *fill*         0x08003df5        0x3 
 .rodata._ZL10powersOf10
                0x08003df8       0x28 C:\Users\User\AppData\Local\arduino\sketches\31F41C61DEF40291C74E14A65EDBA948\sketch\SevSeg.cpp.o
 .rodata._ZL10powersOf16
                0x08003e20       0x20 C:\Users\User\AppData\Local\arduino\sketches\31F41C61DEF40291C74E14A65EDBA948\sketch\SevSeg.cpp.o
 .rodata.PIN_MAP
                0x08003e40      0x2e0 C:\Users\User\AppData\Local\arduino\sketches\31F41C61DEF40291C74E14A65EDBA948\core\board.cpp.o
                0x08003e40                PIN_MAP
 .rodata._ZTV14HardwareSerial
                0x08004120       0x28 C:\Users\User\AppData\Local\arduino\cores\ea6e7247c5a1a670ec59b54f227b2b8c\core.a(HardwareSerial.cpp.o)
                0x08004120                vtable for HardwareSerial
 .rodata.GPIOB  0x08004148        0x4 C:\Users\User\AppData\Local\arduino\cores\ea6e7247c5a1a670ec59b54f227b2b8c\core.a(gpio_f1.c.o)
                0x08004148                GPIOB
 .rodata.rcc_dev_table
                0x0800414c       0x5c C:\Users\User\AppData\Local\arduino\cores\ea6e7247c5a1a670ec59b54f227b2b8c\core.a(rcc_f1.c.o)
                0x0800414c                rcc_dev_table
 .rodata.masks.4420
                0x080041a8       0x14 C:\Users\User\AppData\Local\arduino\cores\ea6e7247c5a1a670ec59b54f227b2b8c\core.a(rcc_f1.c.o)
 .rodata.usbVcomDescriptor_iProduct
                0x080041bc        0xc C:\Users\User\AppData\Local\arduino\cores\ea6e7247c5a1a670ec59b54f227b2b8c\core.a(usb_cdcacm.c.o)
 .rodata.usbVcomDescriptor_iManufacturer
                0x080041c8       0x12 C:\Users\User\AppData\Local\arduino\cores\ea6e7247c5a1a670ec59b54f227b2b8c\core.a(usb_cdcacm.c.o)
 .rodata.usbVcomDescriptor_Device
                0x080041da       0x12 C:\Users\User\AppData\Local\arduino\cores\ea6e7247c5a1a670ec59b54f227b2b8c\core.a(usb_cdcacm.c.o)
 .rodata.usbVcomDescriptor_Config
                0x080041ec       0x43 C:\Users\User\AppData\Local\arduino\cores\ea6e7247c5a1a670ec59b54f227b2b8c\core.a(usb_cdcacm.c.o)
 .rodata.usbVcomDescriptor_LangID
                0x0800422f        0x4 C:\Users\User\AppData\Local\arduino\cores\ea6e7247c5a1a670ec59b54f227b2b8c\core.a(usb_cdcacm.c.o)
 .rodata.str1.1
                0x08004233        0x2 c:/users/user/appdata/local/arduino15/packages/arduino/tools/arm-none-eabi-gcc/4.8.3-2014q1/bin/../lib/gcc/arm-none-eabi/4.8.3/../../../../arm-none-eabi/lib/armv7-m\libc_s.a(lib_a-impure.o)
 *fill*         0x08004235        0x3 
 .rodata._global_impure_ptr
                0x08004238        0x4 c:/users/user/appdata/local/arduino15/packages/arduino/tools/arm-none-eabi-gcc/4.8.3-2014q1/bin/../lib/gcc/arm-none-eabi/4.8.3/../../../../arm-none-eabi/lib/armv7-m\libc_s.a(lib_a-impure.o)
                0x08004238                _global_impure_ptr
 *(.USER_FLASH)
                0x0800423c                . = ALIGN (0x4)
                0x0800423c                _lm_rom_img_cfgp = .
                0x0800423c        0x4 LONG 0x80038f0 LOADADDR (.data)
                0x20000660                _lm_heap_start = DEFINED (_lm_heap_start)?_lm_heap_start:_end
                0x20005000                _lm_heap_end = DEFINED (_lm_heap_end)?_lm_heap_end:__msp_init

.rel.dyn        0x08004240        0x0
 .rel.iplt      0x00000000        0x0 c:/users/user/appdata/local/arduino15/packages/arduino/tools/arm-none-eabi-gcc/4.8.3-2014q1/bin/../lib/gcc/arm-none-eabi/4.8.3/armv7-m/crtbegin.o

.bss            0x20000470      0x1f0
                0x20000470                . = ALIGN (0x8)
                0x20000470                __bss_start__ = .
 *(.bss .bss.* .gnu.linkonce.b.*)
 .bss           0x20000470       0x1c c:/users/user/appdata/local/arduino15/packages/arduino/tools/arm-none-eabi-gcc/4.8.3-2014q1/bin/../lib/gcc/arm-none-eabi/4.8.3/armv7-m/crtbegin.o
 .bss.minutos   0x2000048c        0x4 C:\Users\User\AppData\Local\arduino\sketches\31F41C61DEF40291C74E14A65EDBA948\sketch\Lavadora.ino.cpp.o
                0x2000048c                minutos
 .bss.centrifugadoSeleccionado
                0x20000490        0x4 C:\Users\User\AppData\Local\arduino\sketches\31F41C61DEF40291C74E14A65EDBA948\sketch\Lavadora.ino.cpp.o
                0x20000490                centrifugadoSeleccionado
 .bss.enjuagueSeleccionado
                0x20000494        0x4 C:\Users\User\AppData\Local\arduino\sketches\31F41C61DEF40291C74E14A65EDBA948\sketch\Lavadora.ino.cpp.o
                0x20000494                enjuagueSeleccionado
 .bss.tiempoLavadoSeleccionado
                0x20000498        0x4 C:\Users\User\AppData\Local\arduino\sketches\31F41C61DEF40291C74E14A65EDBA948\sketch\Lavadora.ino.cpp.o
                0x20000498                tiempoLavadoSeleccionado
 .bss.horas     0x2000049c        0x4 C:\Users\User\AppData\Local\arduino\sketches\31F41C61DEF40291C74E14A65EDBA948\sketch\Lavadora.ino.cpp.o
                0x2000049c                horas
 .bss.nivelAguaSeleccionado
                0x200004a0        0x4 C:\Users\User\AppData\Local\arduino\sketches\31F41C61DEF40291C74E14A65EDBA948\sketch\Lavadora.ino.cpp.o
                0x200004a0                nivelAguaSeleccionado
 .bss.lastUpdateTime
                0x200004a4        0x4 C:\Users\User\AppData\Local\arduino\sketches\31F41C61DEF40291C74E14A65EDBA948\sketch\Lavadora.ino.cpp.o
                0x200004a4                lastUpdateTime
 .bss.sevseg    0x200004a8       0x30 C:\Users\User\AppData\Local\arduino\sketches\31F41C61DEF40291C74E14A65EDBA948\sketch\Lavadora.ino.cpp.o
                0x200004a8                sevseg
 .bss.tipoLavadoSeleccionado
                0x200004d8        0x4 C:\Users\User\AppData\Local\arduino\sketches\31F41C61DEF40291C74E14A65EDBA948\sketch\Lavadora.ino.cpp.o
                0x200004d8                tipoLavadoSeleccionado
 .bss.segundos  0x200004dc        0x4 C:\Users\User\AppData\Local\arduino\sketches\31F41C61DEF40291C74E14A65EDBA948\sketch\Lavadora.ino.cpp.o
                0x200004dc                segundos
 .bss.sistemaEncendido
                0x200004e0        0x1 C:\Users\User\AppData\Local\arduino\sketches\31F41C61DEF40291C74E14A65EDBA948\sketch\Lavadora.ino.cpp.o
                0x200004e0                sistemaEncendido
 *fill*         0x200004e1        0x3 
 .bss.cantidadSeleccionada
                0x200004e4        0x4 C:\Users\User\AppData\Local\arduino\sketches\31F41C61DEF40291C74E14A65EDBA948\sketch\Lavadora.ino.cpp.o
                0x200004e4                cantidadSeleccionada
 .bss.enMarcha  0x200004e8        0x1 C:\Users\User\AppData\Local\arduino\sketches\31F41C61DEF40291C74E14A65EDBA948\sketch\Lavadora.ino.cpp.o
                0x200004e8                enMarcha
 *fill*         0x200004e9        0x3 
 .bss.Serial1   0x200004ec       0x18 C:\Users\User\AppData\Local\arduino\sketches\31F41C61DEF40291C74E14A65EDBA948\core\board.cpp.o
                0x200004ec                Serial1
 .bss.Serial2   0x20000504       0x18 C:\Users\User\AppData\Local\arduino\sketches\31F41C61DEF40291C74E14A65EDBA948\core\board.cpp.o
                0x20000504                Serial2
 .bss.Serial3   0x2000051c       0x18 C:\Users\User\AppData\Local\arduino\sketches\31F41C61DEF40291C74E14A65EDBA948\core\board.cpp.o
                0x2000051c                Serial3
 .bss.exti_channels
                0x20000534       0x80 C:\Users\User\AppData\Local\arduino\cores\ea6e7247c5a1a670ec59b54f227b2b8c\core.a(exti.c.o)
                0x20000534                exti_channels
 .bss.systick_user_callback
                0x200005b4        0x4 C:\Users\User\AppData\Local\arduino\cores\ea6e7247c5a1a670ec59b54f227b2b8c\core.a(systick.c.o)
 .bss.usart1_wb
                0x200005b8        0xc C:\Users\User\AppData\Local\arduino\cores\ea6e7247c5a1a670ec59b54f227b2b8c\core.a(usart_f1.c.o)
 .bss.usart1_rb
                0x200005c4        0xc C:\Users\User\AppData\Local\arduino\cores\ea6e7247c5a1a670ec59b54f227b2b8c\core.a(usart_f1.c.o)
 .bss.usart2_rb
                0x200005d0        0xc C:\Users\User\AppData\Local\arduino\cores\ea6e7247c5a1a670ec59b54f227b2b8c\core.a(usart_f1.c.o)
 .bss.usart3_rb
                0x200005dc        0xc C:\Users\User\AppData\Local\arduino\cores\ea6e7247c5a1a670ec59b54f227b2b8c\core.a(usart_f1.c.o)
 .bss.usart2_wb
                0x200005e8        0xc C:\Users\User\AppData\Local\arduino\cores\ea6e7247c5a1a670ec59b54f227b2b8c\core.a(usart_f1.c.o)
 .bss.usart3_wb
                0x200005f4        0xc C:\Users\User\AppData\Local\arduino\cores\ea6e7247c5a1a670ec59b54f227b2b8c\core.a(usart_f1.c.o)
 .bss.line_dtr_rts
                0x20000600        0x1 C:\Users\User\AppData\Local\arduino\cores\ea6e7247c5a1a670ec59b54f227b2b8c\core.a(usb_cdcacm.c.o)
 *fill*         0x20000601        0x3 
 .bss.tx_head   0x20000604        0x4 C:\Users\User\AppData\Local\arduino\cores\ea6e7247c5a1a670ec59b54f227b2b8c\core.a(usb_cdcacm.c.o)
 .bss.transmitting
                0x20000608        0x1 C:\Users\User\AppData\Local\arduino\cores\ea6e7247c5a1a670ec59b54f227b2b8c\core.a(usb_cdcacm.c.o)
 *fill*         0x20000609        0x3 
 .bss.rx_tail   0x2000060c        0x4 C:\Users\User\AppData\Local\arduino\cores\ea6e7247c5a1a670ec59b54f227b2b8c\core.a(usb_cdcacm.c.o)
 .bss.iface_setup_hook
                0x20000610        0x4 C:\Users\User\AppData\Local\arduino\cores\ea6e7247c5a1a670ec59b54f227b2b8c\core.a(usb_cdcacm.c.o)
 .bss.rx_head   0x20000614        0x4 C:\Users\User\AppData\Local\arduino\cores\ea6e7247c5a1a670ec59b54f227b2b8c\core.a(usb_cdcacm.c.o)
 .bss.tx_tail   0x20000618        0x4 C:\Users\User\AppData\Local\arduino\cores\ea6e7247c5a1a670ec59b54f227b2b8c\core.a(usb_cdcacm.c.o)
 .bss.Data_Mul_MaxPacketSize
                0x2000061c        0x1 C:\Users\User\AppData\Local\arduino\cores\ea6e7247c5a1a670ec59b54f227b2b8c\core.a(usb_core.c.o)
                0x2000061c                Data_Mul_MaxPacketSize
 *(COMMON)
 *fill*         0x2000061d        0x3 
 COMMON         0x20000620        0x4 C:\Users\User\AppData\Local\arduino\cores\ea6e7247c5a1a670ec59b54f227b2b8c\core.a(systick.c.o)
                0x20000620                systick_uptime_millis
 COMMON         0x20000624        0x6 C:\Users\User\AppData\Local\arduino\cores\ea6e7247c5a1a670ec59b54f227b2b8c\core.a(usb.c.o)
                0x20000624                SaveRState
                0x20000626                SaveTState
                0x20000628                ResumeS
 COMMON         0x2000062a        0x2 C:\Users\User\AppData\Local\arduino\cores\ea6e7247c5a1a670ec59b54f227b2b8c\core.a(usb_core.c.o)
                0x2000062a                StatusInfo
 COMMON         0x2000062c       0x32 C:\Users\User\AppData\Local\arduino\cores\ea6e7247c5a1a670ec59b54f227b2b8c\core.a(usb_init.c.o)
                0x2000062c                SaveState
                0x20000630                pProperty
                0x20000634                EPindex
                0x20000638                Device_Info
                0x20000654                pUser_Standard_Requests
                0x20000658                pInformation
                0x2000065c                wInterrupt_Mask
                0x20000660                . = ALIGN (0x8)
 *fill*         0x2000065e        0x2 
                0x20000660                __bss_end__ = .
                0x20000660                _end = __bss_end__

.stab
 *(.stab)

.stabstr
 *(.stabstr)

.debug
 *(.debug)

.line
 *(.line)

.debug_srcinfo
 *(.debug_srcinfo)

.debug_sfnames
 *(.debug_sfnames)

.debug_aranges  0x00000000      0xfc8
 *(.debug_aranges)
 .debug_aranges
                0x00000000       0x90 C:\Users\User\AppData\Local\arduino\sketches\31F41C61DEF40291C74E14A65EDBA948\sketch\Lavadora.ino.cpp.o
 .debug_aranges
                0x00000090       0xa8 C:\Users\User\AppData\Local\arduino\sketches\31F41C61DEF40291C74E14A65EDBA948\sketch\SevSeg.cpp.o
 .debug_aranges
                0x00000138       0x28 C:\Users\User\AppData\Local\arduino\sketches\31F41C61DEF40291C74E14A65EDBA948\core\board.cpp.o
 .debug_aranges
                0x00000160       0x40 C:\Users\User\AppData\Local\arduino\sketches\31F41C61DEF40291C74E14A65EDBA948\core\wirish\boards.cpp.o
 .debug_aranges
                0x000001a0       0x40 C:\Users\User\AppData\Local\arduino\sketches\31F41C61DEF40291C74E14A65EDBA948\core\wirish\boards_setup.cpp.o
 .debug_aranges
                0x000001e0       0x20 C:\Users\User\AppData\Local\arduino\sketches\31F41C61DEF40291C74E14A65EDBA948\core\wirish\start.S.o
 .debug_aranges
                0x00000200       0x20 C:\Users\User\AppData\Local\arduino\sketches\31F41C61DEF40291C74E14A65EDBA948\core\wirish\start_c.c.o
 .debug_aranges
                0x00000220       0x88 C:\Users\User\AppData\Local\arduino\sketches\31F41C61DEF40291C74E14A65EDBA948\core\wirish\syscalls.c.o
 .debug_aranges
                0x000002a8       0x70 C:\Users\User\AppData\Local\arduino\cores\ea6e7247c5a1a670ec59b54f227b2b8c\core.a(HardwareSerial.cpp.o)
 .debug_aranges
                0x00000318      0x110 C:\Users\User\AppData\Local\arduino\cores\ea6e7247c5a1a670ec59b54f227b2b8c\core.a(Print.cpp.o)
 .debug_aranges
                0x00000428       0x28 C:\Users\User\AppData\Local\arduino\cores\ea6e7247c5a1a670ec59b54f227b2b8c\core.a(cxxabi-compat.cpp.o)
 .debug_aranges
                0x00000450       0x38 C:\Users\User\AppData\Local\arduino\cores\ea6e7247c5a1a670ec59b54f227b2b8c\core.a(adc.c.o)
 .debug_aranges
                0x00000488       0x58 C:\Users\User\AppData\Local\arduino\cores\ea6e7247c5a1a670ec59b54f227b2b8c\core.a(adc_f1.c.o)
 .debug_aranges
                0x000004e0       0xb0 C:\Users\User\AppData\Local\arduino\cores\ea6e7247c5a1a670ec59b54f227b2b8c\core.a(dma_f1.c.o)
 .debug_aranges
                0x00000590       0x20 C:\Users\User\AppData\Local\arduino\cores\ea6e7247c5a1a670ec59b54f227b2b8c\core.a(exc.S.o)
 .debug_aranges
                0x000005b0       0x80 C:\Users\User\AppData\Local\arduino\cores\ea6e7247c5a1a670ec59b54f227b2b8c\core.a(exti.c.o)
 .debug_aranges
                0x00000630       0x20 C:\Users\User\AppData\Local\arduino\cores\ea6e7247c5a1a670ec59b54f227b2b8c\core.a(exti_f1.c.o)
 .debug_aranges
                0x00000650       0x20 C:\Users\User\AppData\Local\arduino\cores\ea6e7247c5a1a670ec59b54f227b2b8c\core.a(flash.c.o)
 .debug_aranges
                0x00000670       0x48 C:\Users\User\AppData\Local\arduino\cores\ea6e7247c5a1a670ec59b54f227b2b8c\core.a(gpio_f1.c.o)
 .debug_aranges
                0x000006b8       0x50 C:\Users\User\AppData\Local\arduino\cores\ea6e7247c5a1a670ec59b54f227b2b8c\core.a(i2c_f1.c.o)
 .debug_aranges
                0x00000708       0x38 C:\Users\User\AppData\Local\arduino\cores\ea6e7247c5a1a670ec59b54f227b2b8c\core.a(nvic.c.o)
 .debug_aranges
                0x00000740       0x48 C:\Users\User\AppData\Local\arduino\cores\ea6e7247c5a1a670ec59b54f227b2b8c\core.a(rcc.c.o)
 .debug_aranges
                0x00000788       0x48 C:\Users\User\AppData\Local\arduino\cores\ea6e7247c5a1a670ec59b54f227b2b8c\core.a(rcc_f1.c.o)
 .debug_aranges
                0x000007d0       0x20 C:\Users\User\AppData\Local\arduino\cores\ea6e7247c5a1a670ec59b54f227b2b8c\core.a(isrs.S.o)
 .debug_aranges
                0x000007f0       0x40 C:\Users\User\AppData\Local\arduino\cores\ea6e7247c5a1a670ec59b54f227b2b8c\core.a(systick.c.o)
 .debug_aranges
                0x00000830       0xb0 C:\Users\User\AppData\Local\arduino\cores\ea6e7247c5a1a670ec59b54f227b2b8c\core.a(timer.c.o)
 .debug_aranges
                0x000008e0       0x48 C:\Users\User\AppData\Local\arduino\cores\ea6e7247c5a1a670ec59b54f227b2b8c\core.a(usart.c.o)
 .debug_aranges
                0x00000928       0x50 C:\Users\User\AppData\Local\arduino\cores\ea6e7247c5a1a670ec59b54f227b2b8c\core.a(usart_f1.c.o)
 .debug_aranges
                0x00000978       0x20 C:\Users\User\AppData\Local\arduino\cores\ea6e7247c5a1a670ec59b54f227b2b8c\core.a(usart_private.c.o)
 .debug_aranges
                0x00000998       0x38 C:\Users\User\AppData\Local\arduino\cores\ea6e7247c5a1a670ec59b54f227b2b8c\core.a(usb.c.o)
 .debug_aranges
                0x000009d0      0x128 C:\Users\User\AppData\Local\arduino\cores\ea6e7247c5a1a670ec59b54f227b2b8c\core.a(usb_cdcacm.c.o)
 .debug_aranges
                0x00000af8       0x20 C:\Users\User\AppData\Local\arduino\cores\ea6e7247c5a1a670ec59b54f227b2b8c\core.a(usb_reg_map.c.o)
 .debug_aranges
                0x00000b18       0x98 C:\Users\User\AppData\Local\arduino\cores\ea6e7247c5a1a670ec59b54f227b2b8c\core.a(usb_core.c.o)
 .debug_aranges
                0x00000bb0       0x20 C:\Users\User\AppData\Local\arduino\cores\ea6e7247c5a1a670ec59b54f227b2b8c\core.a(usb_init.c.o)
 .debug_aranges
                0x00000bd0       0x28 C:\Users\User\AppData\Local\arduino\cores\ea6e7247c5a1a670ec59b54f227b2b8c\core.a(usb_mem.c.o)
 .debug_aranges
                0x00000bf8      0x1f0 C:\Users\User\AppData\Local\arduino\cores\ea6e7247c5a1a670ec59b54f227b2b8c\core.a(usb_regs.c.o)
 .debug_aranges
                0x00000de8       0x50 C:\Users\User\AppData\Local\arduino\cores\ea6e7247c5a1a670ec59b54f227b2b8c\core.a(util.c.o)
 .debug_aranges
                0x00000e38       0x28 C:\Users\User\AppData\Local\arduino\cores\ea6e7247c5a1a670ec59b54f227b2b8c\core.a(main.cpp.o)
 .debug_aranges
                0x00000e60       0x20 C:\Users\User\AppData\Local\arduino\cores\ea6e7247c5a1a670ec59b54f227b2b8c\core.a(wirish_digital_f1.cpp.o)
 .debug_aranges
                0x00000e80       0x28 C:\Users\User\AppData\Local\arduino\cores\ea6e7247c5a1a670ec59b54f227b2b8c\core.a(wirish_digital.cpp.o)
 .debug_aranges
                0x00000ea8       0x30 C:\Users\User\AppData\Local\arduino\cores\ea6e7247c5a1a670ec59b54f227b2b8c\core.a(wirish_time.cpp.o)
 .debug_aranges
                0x00000ed8       0x20 C:\Users\User\AppData\Local\arduino\cores\ea6e7247c5a1a670ec59b54f227b2b8c\core.a(hooks.c.o)
 .debug_aranges
                0x00000ef8       0x28 C:\Users\User\AppData\Local\arduino\cores\ea6e7247c5a1a670ec59b54f227b2b8c\core.a(dma.c.o)
 .debug_aranges
                0x00000f20       0x20 C:\Users\User\AppData\Local\arduino\cores\ea6e7247c5a1a670ec59b54f227b2b8c\core.a(gpio.c.o)
 .debug_aranges
                0x00000f40       0x88 C:\Users\User\AppData\Local\arduino\cores\ea6e7247c5a1a670ec59b54f227b2b8c\core.a(i2c.c.o)

.debug_pubnames
 *(.debug_pubnames)

.debug_info     0x00000000    0x1f6b7
 *(.debug_info .gnu.linkonce.wi.*)
 .debug_info    0x00000000     0x1c6e C:\Users\User\AppData\Local\arduino\sketches\31F41C61DEF40291C74E14A65EDBA948\sketch\Lavadora.ino.cpp.o
 .debug_info    0x00001c6e     0x11a9 C:\Users\User\AppData\Local\arduino\sketches\31F41C61DEF40291C74E14A65EDBA948\sketch\SevSeg.cpp.o
 .debug_info    0x00002e17     0x1170 C:\Users\User\AppData\Local\arduino\sketches\31F41C61DEF40291C74E14A65EDBA948\core\board.cpp.o
 .debug_info    0x00003f87     0x1409 C:\Users\User\AppData\Local\arduino\sketches\31F41C61DEF40291C74E14A65EDBA948\core\wirish\boards.cpp.o
 .debug_info    0x00005390      0x61e C:\Users\User\AppData\Local\arduino\sketches\31F41C61DEF40291C74E14A65EDBA948\core\wirish\boards_setup.cpp.o
 .debug_info    0x000059ae      0x116 C:\Users\User\AppData\Local\arduino\sketches\31F41C61DEF40291C74E14A65EDBA948\core\wirish\start.S.o
 .debug_info    0x00005ac4      0x176 C:\Users\User\AppData\Local\arduino\sketches\31F41C61DEF40291C74E14A65EDBA948\core\wirish\start_c.c.o
 .debug_info    0x00005c3a      0x5cd C:\Users\User\AppData\Local\arduino\sketches\31F41C61DEF40291C74E14A65EDBA948\core\wirish\syscalls.c.o
 .debug_info    0x00006207     0x29ea C:\Users\User\AppData\Local\arduino\cores\ea6e7247c5a1a670ec59b54f227b2b8c\core.a(HardwareSerial.cpp.o)
 .debug_info    0x00008bf1     0x258c C:\Users\User\AppData\Local\arduino\cores\ea6e7247c5a1a670ec59b54f227b2b8c\core.a(Print.cpp.o)
 .debug_info    0x0000b17d      0x526 C:\Users\User\AppData\Local\arduino\cores\ea6e7247c5a1a670ec59b54f227b2b8c\core.a(cxxabi-compat.cpp.o)
 .debug_info    0x0000b6a3      0x79a C:\Users\User\AppData\Local\arduino\cores\ea6e7247c5a1a670ec59b54f227b2b8c\core.a(adc.c.o)
 .debug_info    0x0000be3d      0xe4a C:\Users\User\AppData\Local\arduino\cores\ea6e7247c5a1a670ec59b54f227b2b8c\core.a(adc_f1.c.o)
 .debug_info    0x0000cc87     0x18b1 C:\Users\User\AppData\Local\arduino\cores\ea6e7247c5a1a670ec59b54f227b2b8c\core.a(dma_f1.c.o)
 .debug_info    0x0000e538      0x10b C:\Users\User\AppData\Local\arduino\cores\ea6e7247c5a1a670ec59b54f227b2b8c\core.a(exc.S.o)
 .debug_info    0x0000e643      0xd3c C:\Users\User\AppData\Local\arduino\cores\ea6e7247c5a1a670ec59b54f227b2b8c\core.a(exti.c.o)
 .debug_info    0x0000f37f      0x213 C:\Users\User\AppData\Local\arduino\cores\ea6e7247c5a1a670ec59b54f227b2b8c\core.a(exti_f1.c.o)
 .debug_info    0x0000f592      0x128 C:\Users\User\AppData\Local\arduino\cores\ea6e7247c5a1a670ec59b54f227b2b8c\core.a(flash.c.o)
 .debug_info    0x0000f6ba      0x715 C:\Users\User\AppData\Local\arduino\cores\ea6e7247c5a1a670ec59b54f227b2b8c\core.a(gpio_f1.c.o)
 .debug_info    0x0000fdcf      0xc25 C:\Users\User\AppData\Local\arduino\cores\ea6e7247c5a1a670ec59b54f227b2b8c\core.a(i2c_f1.c.o)
 .debug_info    0x000109f4      0x5a2 C:\Users\User\AppData\Local\arduino\cores\ea6e7247c5a1a670ec59b54f227b2b8c\core.a(nvic.c.o)
 .debug_info    0x00010f96      0x556 C:\Users\User\AppData\Local\arduino\cores\ea6e7247c5a1a670ec59b54f227b2b8c\core.a(rcc.c.o)
 .debug_info    0x000114ec      0xb64 C:\Users\User\AppData\Local\arduino\cores\ea6e7247c5a1a670ec59b54f227b2b8c\core.a(rcc_f1.c.o)
 .debug_info    0x00012050      0x120 C:\Users\User\AppData\Local\arduino\cores\ea6e7247c5a1a670ec59b54f227b2b8c\core.a(isrs.S.o)
 .debug_info    0x00012170      0x182 C:\Users\User\AppData\Local\arduino\cores\ea6e7247c5a1a670ec59b54f227b2b8c\core.a(systick.c.o)
 .debug_info    0x000122f2     0x197d C:\Users\User\AppData\Local\arduino\cores\ea6e7247c5a1a670ec59b54f227b2b8c\core.a(timer.c.o)
 .debug_info    0x00013c6f      0xc32 C:\Users\User\AppData\Local\arduino\cores\ea6e7247c5a1a670ec59b54f227b2b8c\core.a(usart.c.o)
 .debug_info    0x000148a1      0xb89 C:\Users\User\AppData\Local\arduino\cores\ea6e7247c5a1a670ec59b54f227b2b8c\core.a(usart_f1.c.o)
 .debug_info    0x0001542a      0x595 C:\Users\User\AppData\Local\arduino\cores\ea6e7247c5a1a670ec59b54f227b2b8c\core.a(usart_private.c.o)
 .debug_info    0x000159bf      0xd16 C:\Users\User\AppData\Local\arduino\cores\ea6e7247c5a1a670ec59b54f227b2b8c\core.a(usb.c.o)
 .debug_info    0x000166d5     0x22d2 C:\Users\User\AppData\Local\arduino\cores\ea6e7247c5a1a670ec59b54f227b2b8c\core.a(usb_cdcacm.c.o)
 .debug_info    0x000189a7      0x26c C:\Users\User\AppData\Local\arduino\cores\ea6e7247c5a1a670ec59b54f227b2b8c\core.a(usb_reg_map.c.o)
 .debug_info    0x00018c13      0xddf C:\Users\User\AppData\Local\arduino\cores\ea6e7247c5a1a670ec59b54f227b2b8c\core.a(usb_core.c.o)
 .debug_info    0x000199f2      0x3ed C:\Users\User\AppData\Local\arduino\cores\ea6e7247c5a1a670ec59b54f227b2b8c\core.a(usb_init.c.o)
 .debug_info    0x00019ddf      0x183 C:\Users\User\AppData\Local\arduino\cores\ea6e7247c5a1a670ec59b54f227b2b8c\core.a(usb_mem.c.o)
 .debug_info    0x00019f62      0xc88 C:\Users\User\AppData\Local\arduino\cores\ea6e7247c5a1a670ec59b54f227b2b8c\core.a(usb_regs.c.o)
 .debug_info    0x0001abea      0xad2 C:\Users\User\AppData\Local\arduino\cores\ea6e7247c5a1a670ec59b54f227b2b8c\core.a(util.c.o)
 .debug_info    0x0001b6bc       0x99 C:\Users\User\AppData\Local\arduino\cores\ea6e7247c5a1a670ec59b54f227b2b8c\core.a(main.cpp.o)
 .debug_info    0x0001b755      0xc8a C:\Users\User\AppData\Local\arduino\cores\ea6e7247c5a1a670ec59b54f227b2b8c\core.a(wirish_digital_f1.cpp.o)
 .debug_info    0x0001c3df      0xb0b C:\Users\User\AppData\Local\arduino\cores\ea6e7247c5a1a670ec59b54f227b2b8c\core.a(wirish_digital.cpp.o)
 .debug_info    0x0001ceea      0x2be C:\Users\User\AppData\Local\arduino\cores\ea6e7247c5a1a670ec59b54f227b2b8c\core.a(wirish_time.cpp.o)
 .debug_info    0x0001d1a8       0x33 C:\Users\User\AppData\Local\arduino\cores\ea6e7247c5a1a670ec59b54f227b2b8c\core.a(hooks.c.o)
 .debug_info    0x0001d1db      0x6f7 C:\Users\User\AppData\Local\arduino\cores\ea6e7247c5a1a670ec59b54f227b2b8c\core.a(dma.c.o)
 .debug_info    0x0001d8d2      0x313 C:\Users\User\AppData\Local\arduino\cores\ea6e7247c5a1a670ec59b54f227b2b8c\core.a(gpio.c.o)
 .debug_info    0x0001dbe5     0x1ad2 C:\Users\User\AppData\Local\arduino\cores\ea6e7247c5a1a670ec59b54f227b2b8c\core.a(i2c.c.o)

.debug_abbrev   0x00000000     0x6063
 *(.debug_abbrev)
 .debug_abbrev  0x00000000      0x38e C:\Users\User\AppData\Local\arduino\sketches\31F41C61DEF40291C74E14A65EDBA948\sketch\Lavadora.ino.cpp.o
 .debug_abbrev  0x0000038e      0x450 C:\Users\User\AppData\Local\arduino\sketches\31F41C61DEF40291C74E14A65EDBA948\sketch\SevSeg.cpp.o
 .debug_abbrev  0x000007de      0x275 C:\Users\User\AppData\Local\arduino\sketches\31F41C61DEF40291C74E14A65EDBA948\core\board.cpp.o
 .debug_abbrev  0x00000a53      0x3dd C:\Users\User\AppData\Local\arduino\sketches\31F41C61DEF40291C74E14A65EDBA948\core\wirish\boards.cpp.o
 .debug_abbrev  0x00000e30      0x196 C:\Users\User\AppData\Local\arduino\sketches\31F41C61DEF40291C74E14A65EDBA948\core\wirish\boards_setup.cpp.o
 .debug_abbrev  0x00000fc6       0x14 C:\Users\User\AppData\Local\arduino\sketches\31F41C61DEF40291C74E14A65EDBA948\core\wirish\start.S.o
 .debug_abbrev  0x00000fda      0x11f C:\Users\User\AppData\Local\arduino\sketches\31F41C61DEF40291C74E14A65EDBA948\core\wirish\start_c.c.o
 .debug_abbrev  0x000010f9      0x17e C:\Users\User\AppData\Local\arduino\sketches\31F41C61DEF40291C74E14A65EDBA948\core\wirish\syscalls.c.o
 .debug_abbrev  0x00001277      0x535 C:\Users\User\AppData\Local\arduino\cores\ea6e7247c5a1a670ec59b54f227b2b8c\core.a(HardwareSerial.cpp.o)
 .debug_abbrev  0x000017ac      0x414 C:\Users\User\AppData\Local\arduino\cores\ea6e7247c5a1a670ec59b54f227b2b8c\core.a(Print.cpp.o)
 .debug_abbrev  0x00001bc0      0x163 C:\Users\User\AppData\Local\arduino\cores\ea6e7247c5a1a670ec59b54f227b2b8c\core.a(cxxabi-compat.cpp.o)
 .debug_abbrev  0x00001d23      0x20b C:\Users\User\AppData\Local\arduino\cores\ea6e7247c5a1a670ec59b54f227b2b8c\core.a(adc.c.o)
 .debug_abbrev  0x00001f2e      0x2e6 C:\Users\User\AppData\Local\arduino\cores\ea6e7247c5a1a670ec59b54f227b2b8c\core.a(adc_f1.c.o)
 .debug_abbrev  0x00002214      0x3e9 C:\Users\User\AppData\Local\arduino\cores\ea6e7247c5a1a670ec59b54f227b2b8c\core.a(dma_f1.c.o)
 .debug_abbrev  0x000025fd       0x14 C:\Users\User\AppData\Local\arduino\cores\ea6e7247c5a1a670ec59b54f227b2b8c\core.a(exc.S.o)
 .debug_abbrev  0x00002611      0x286 C:\Users\User\AppData\Local\arduino\cores\ea6e7247c5a1a670ec59b54f227b2b8c\core.a(exti.c.o)
 .debug_abbrev  0x00002897       0xdb C:\Users\User\AppData\Local\arduino\cores\ea6e7247c5a1a670ec59b54f227b2b8c\core.a(exti_f1.c.o)
 .debug_abbrev  0x00002972       0x9f C:\Users\User\AppData\Local\arduino\cores\ea6e7247c5a1a670ec59b54f227b2b8c\core.a(flash.c.o)
 .debug_abbrev  0x00002a11      0x191 C:\Users\User\AppData\Local\arduino\cores\ea6e7247c5a1a670ec59b54f227b2b8c\core.a(gpio_f1.c.o)
 .debug_abbrev  0x00002ba2      0x20b C:\Users\User\AppData\Local\arduino\cores\ea6e7247c5a1a670ec59b54f227b2b8c\core.a(i2c_f1.c.o)
 .debug_abbrev  0x00002dad      0x1ac C:\Users\User\AppData\Local\arduino\cores\ea6e7247c5a1a670ec59b54f227b2b8c\core.a(nvic.c.o)
 .debug_abbrev  0x00002f59      0x17f C:\Users\User\AppData\Local\arduino\cores\ea6e7247c5a1a670ec59b54f227b2b8c\core.a(rcc.c.o)
 .debug_abbrev  0x000030d8      0x28c C:\Users\User\AppData\Local\arduino\cores\ea6e7247c5a1a670ec59b54f227b2b8c\core.a(rcc_f1.c.o)
 .debug_abbrev  0x00003364       0x14 C:\Users\User\AppData\Local\arduino\cores\ea6e7247c5a1a670ec59b54f227b2b8c\core.a(isrs.S.o)
 .debug_abbrev  0x00003378      0x10f C:\Users\User\AppData\Local\arduino\cores\ea6e7247c5a1a670ec59b54f227b2b8c\core.a(systick.c.o)
 .debug_abbrev  0x00003487      0x4c8 C:\Users\User\AppData\Local\arduino\cores\ea6e7247c5a1a670ec59b54f227b2b8c\core.a(timer.c.o)
 .debug_abbrev  0x0000394f      0x2ff C:\Users\User\AppData\Local\arduino\cores\ea6e7247c5a1a670ec59b54f227b2b8c\core.a(usart.c.o)
 .debug_abbrev  0x00003c4e      0x2ad C:\Users\User\AppData\Local\arduino\cores\ea6e7247c5a1a670ec59b54f227b2b8c\core.a(usart_f1.c.o)
 .debug_abbrev  0x00003efb      0x144 C:\Users\User\AppData\Local\arduino\cores\ea6e7247c5a1a670ec59b54f227b2b8c\core.a(usart_private.c.o)
 .debug_abbrev  0x0000403f      0x352 C:\Users\User\AppData\Local\arduino\cores\ea6e7247c5a1a670ec59b54f227b2b8c\core.a(usb.c.o)
 .debug_abbrev  0x00004391      0x47d C:\Users\User\AppData\Local\arduino\cores\ea6e7247c5a1a670ec59b54f227b2b8c\core.a(usb_cdcacm.c.o)
 .debug_abbrev  0x0000480e      0x193 C:\Users\User\AppData\Local\arduino\cores\ea6e7247c5a1a670ec59b54f227b2b8c\core.a(usb_reg_map.c.o)
 .debug_abbrev  0x000049a1      0x3a6 C:\Users\User\AppData\Local\arduino\cores\ea6e7247c5a1a670ec59b54f227b2b8c\core.a(usb_core.c.o)
 .debug_abbrev  0x00004d47      0x101 C:\Users\User\AppData\Local\arduino\cores\ea6e7247c5a1a670ec59b54f227b2b8c\core.a(usb_init.c.o)
 .debug_abbrev  0x00004e48       0xa6 C:\Users\User\AppData\Local\arduino\cores\ea6e7247c5a1a670ec59b54f227b2b8c\core.a(usb_mem.c.o)
 .debug_abbrev  0x00004eee      0x1f3 C:\Users\User\AppData\Local\arduino\cores\ea6e7247c5a1a670ec59b54f227b2b8c\core.a(usb_regs.c.o)
 .debug_abbrev  0x000050e1      0x2cb C:\Users\User\AppData\Local\arduino\cores\ea6e7247c5a1a670ec59b54f227b2b8c\core.a(util.c.o)
 .debug_abbrev  0x000053ac       0x7b C:\Users\User\AppData\Local\arduino\cores\ea6e7247c5a1a670ec59b54f227b2b8c\core.a(main.cpp.o)
 .debug_abbrev  0x00005427      0x240 C:\Users\User\AppData\Local\arduino\cores\ea6e7247c5a1a670ec59b54f227b2b8c\core.a(wirish_digital_f1.cpp.o)
 .debug_abbrev  0x00005667      0x17e C:\Users\User\AppData\Local\arduino\cores\ea6e7247c5a1a670ec59b54f227b2b8c\core.a(wirish_digital.cpp.o)
 .debug_abbrev  0x000057e5      0x196 C:\Users\User\AppData\Local\arduino\cores\ea6e7247c5a1a670ec59b54f227b2b8c\core.a(wirish_time.cpp.o)
 .debug_abbrev  0x0000597b       0x26 C:\Users\User\AppData\Local\arduino\cores\ea6e7247c5a1a670ec59b54f227b2b8c\core.a(hooks.c.o)
 .debug_abbrev  0x000059a1      0x182 C:\Users\User\AppData\Local\arduino\cores\ea6e7247c5a1a670ec59b54f227b2b8c\core.a(dma.c.o)
 .debug_abbrev  0x00005b23      0x113 C:\Users\User\AppData\Local\arduino\cores\ea6e7247c5a1a670ec59b54f227b2b8c\core.a(gpio.c.o)
 .debug_abbrev  0x00005c36      0x42d C:\Users\User\AppData\Local\arduino\cores\ea6e7247c5a1a670ec59b54f227b2b8c\core.a(i2c.c.o)

.debug_line     0x00000000     0xa941
 *(.debug_line)
 .debug_line    0x00000000      0x644 C:\Users\User\AppData\Local\arduino\sketches\31F41C61DEF40291C74E14A65EDBA948\sketch\Lavadora.ino.cpp.o
 .debug_line    0x00000644      0x689 C:\Users\User\AppData\Local\arduino\sketches\31F41C61DEF40291C74E14A65EDBA948\sketch\SevSeg.cpp.o
 .debug_line    0x00000ccd      0x462 C:\Users\User\AppData\Local\arduino\sketches\31F41C61DEF40291C74E14A65EDBA948\core\board.cpp.o
 .debug_line    0x0000112f      0x4c1 C:\Users\User\AppData\Local\arduino\sketches\31F41C61DEF40291C74E14A65EDBA948\core\wirish\boards.cpp.o
 .debug_line    0x000015f0      0x3b4 C:\Users\User\AppData\Local\arduino\sketches\31F41C61DEF40291C74E14A65EDBA948\core\wirish\boards_setup.cpp.o
 .debug_line    0x000019a4       0xaf C:\Users\User\AppData\Local\arduino\sketches\31F41C61DEF40291C74E14A65EDBA948\core\wirish\start.S.o
 .debug_line    0x00001a53       0xc0 C:\Users\User\AppData\Local\arduino\sketches\31F41C61DEF40291C74E14A65EDBA948\core\wirish\start_c.c.o
 .debug_line    0x00001b13      0x303 C:\Users\User\AppData\Local\arduino\sketches\31F41C61DEF40291C74E14A65EDBA948\core\wirish\syscalls.c.o
 .debug_line    0x00001e16      0x557 C:\Users\User\AppData\Local\arduino\cores\ea6e7247c5a1a670ec59b54f227b2b8c\core.a(HardwareSerial.cpp.o)
 .debug_line    0x0000236d      0x5c5 C:\Users\User\AppData\Local\arduino\cores\ea6e7247c5a1a670ec59b54f227b2b8c\core.a(Print.cpp.o)
 .debug_line    0x00002932      0x269 C:\Users\User\AppData\Local\arduino\cores\ea6e7247c5a1a670ec59b54f227b2b8c\core.a(cxxabi-compat.cpp.o)
 .debug_line    0x00002b9b      0x340 C:\Users\User\AppData\Local\arduino\cores\ea6e7247c5a1a670ec59b54f227b2b8c\core.a(adc.c.o)
 .debug_line    0x00002edb      0x3ec C:\Users\User\AppData\Local\arduino\cores\ea6e7247c5a1a670ec59b54f227b2b8c\core.a(adc_f1.c.o)
 .debug_line    0x000032c7      0x671 C:\Users\User\AppData\Local\arduino\cores\ea6e7247c5a1a670ec59b54f227b2b8c\core.a(dma_f1.c.o)
 .debug_line    0x00003938       0xb7 C:\Users\User\AppData\Local\arduino\cores\ea6e7247c5a1a670ec59b54f227b2b8c\core.a(exc.S.o)
 .debug_line    0x000039ef      0x419 C:\Users\User\AppData\Local\arduino\cores\ea6e7247c5a1a670ec59b54f227b2b8c\core.a(exti.c.o)
 .debug_line    0x00003e08      0x342 C:\Users\User\AppData\Local\arduino\cores\ea6e7247c5a1a670ec59b54f227b2b8c\core.a(exti_f1.c.o)
 .debug_line    0x0000414a      0x2c2 C:\Users\User\AppData\Local\arduino\cores\ea6e7247c5a1a670ec59b54f227b2b8c\core.a(flash.c.o)
 .debug_line    0x0000440c      0x36b C:\Users\User\AppData\Local\arduino\cores\ea6e7247c5a1a670ec59b54f227b2b8c\core.a(gpio_f1.c.o)
 .debug_line    0x00004777      0x44f C:\Users\User\AppData\Local\arduino\cores\ea6e7247c5a1a670ec59b54f227b2b8c\core.a(i2c_f1.c.o)
 .debug_line    0x00004bc6      0x32a C:\Users\User\AppData\Local\arduino\cores\ea6e7247c5a1a670ec59b54f227b2b8c\core.a(nvic.c.o)
 .debug_line    0x00004ef0      0x3c3 C:\Users\User\AppData\Local\arduino\cores\ea6e7247c5a1a670ec59b54f227b2b8c\core.a(rcc.c.o)
 .debug_line    0x000052b3      0x410 C:\Users\User\AppData\Local\arduino\cores\ea6e7247c5a1a670ec59b54f227b2b8c\core.a(rcc_f1.c.o)
 .debug_line    0x000056c3       0xb4 C:\Users\User\AppData\Local\arduino\cores\ea6e7247c5a1a670ec59b54f227b2b8c\core.a(isrs.S.o)
 .debug_line    0x00005777      0x294 C:\Users\User\AppData\Local\arduino\cores\ea6e7247c5a1a670ec59b54f227b2b8c\core.a(systick.c.o)
 .debug_line    0x00005a0b      0x623 C:\Users\User\AppData\Local\arduino\cores\ea6e7247c5a1a670ec59b54f227b2b8c\core.a(timer.c.o)
 .debug_line    0x0000602e      0x458 C:\Users\User\AppData\Local\arduino\cores\ea6e7247c5a1a670ec59b54f227b2b8c\core.a(usart.c.o)