Archive member included because of file (symbol)

C:\Users\PACO\AppData\Local\arduino\cores\c04241a99d7925709481fc4dd56bc947\core.a(HardwareSerial.cpp.o)
                              C:\Users\PACO\AppData\Local\arduino\sketches\C79E046E6768A8778716DFD351D95DD5\core\board.cpp.o (HardwareSerial::HardwareSerial(usart_dev*, unsigned char, unsigned char))
C:\Users\PACO\AppData\Local\arduino\cores\c04241a99d7925709481fc4dd56bc947\core.a(Print.cpp.o)
                              C:\Users\PACO\AppData\Local\arduino\cores\c04241a99d7925709481fc4dd56bc947\core.a(HardwareSerial.cpp.o) (Print::write(void const*, unsigned long))
C:\Users\PACO\AppData\Local\arduino\cores\c04241a99d7925709481fc4dd56bc947\core.a(cxxabi-compat.cpp.o)
                              C:\Users\PACO\AppData\Local\arduino\cores\c04241a99d7925709481fc4dd56bc947\core.a(HardwareSerial.cpp.o) (__cxa_pure_virtual)
C:\Users\PACO\AppData\Local\arduino\cores\c04241a99d7925709481fc4dd56bc947\core.a(adc.c.o)
                              C:\Users\PACO\AppData\Local\arduino\sketches\C79E046E6768A8778716DFD351D95DD5\core\wirish\boards.cpp.o (adc_set_sample_rate)
C:\Users\PACO\AppData\Local\arduino\cores\c04241a99d7925709481fc4dd56bc947\core.a(adc_f1.c.o)
                              (__irq_adc)
C:\Users\PACO\AppData\Local\arduino\cores\c04241a99d7925709481fc4dd56bc947\core.a(dma_f1.c.o)
                              (__irq_dma1_channel1)
C:\Users\PACO\AppData\Local\arduino\cores\c04241a99d7925709481fc4dd56bc947\core.a(exc.S.o)
                              (__exc_nmi)
C:\Users\PACO\AppData\Local\arduino\cores\c04241a99d7925709481fc4dd56bc947\core.a(exti.c.o)
                              (__irq_exti0)
C:\Users\PACO\AppData\Local\arduino\cores\c04241a99d7925709481fc4dd56bc947\core.a(exti_f1.c.o)
                              C:\Users\PACO\AppData\Local\arduino\cores\c04241a99d7925709481fc4dd56bc947\core.a(exti.c.o) (exti_select)
C:\Users\PACO\AppData\Local\arduino\cores\c04241a99d7925709481fc4dd56bc947\core.a(flash.c.o)
                              C:\Users\PACO\AppData\Local\arduino\sketches\C79E046E6768A8778716DFD351D95DD5\core\wirish\boards.cpp.o (flash_set_latency)
C:\Users\PACO\AppData\Local\arduino\cores\c04241a99d7925709481fc4dd56bc947\core.a(gpio_f1.c.o)
                              C:\Users\PACO\AppData\Local\arduino\sketches\C79E046E6768A8778716DFD351D95DD5\core\wirish\boards_setup.cpp.o (gpio_init_all)
C:\Users\PACO\AppData\Local\arduino\cores\c04241a99d7925709481fc4dd56bc947\core.a(i2c_f1.c.o)
                              (__irq_i2c1_ev)
C:\Users\PACO\AppData\Local\arduino\cores\c04241a99d7925709481fc4dd56bc947\core.a(nvic.c.o)
                              C:\Users\PACO\AppData\Local\arduino\cores\c04241a99d7925709481fc4dd56bc947\core.a(i2c_f1.c.o) (nvic_irq_set_priority)
C:\Users\PACO\AppData\Local\arduino\cores\c04241a99d7925709481fc4dd56bc947\core.a(rcc.c.o)
                              C:\Users\PACO\AppData\Local\arduino\sketches\C79E046E6768A8778716DFD351D95DD5\core\wirish\boards.cpp.o (rcc_switch_sysclk)
C:\Users\PACO\AppData\Local\arduino\cores\c04241a99d7925709481fc4dd56bc947\core.a(rcc_f1.c.o)
                              C:\Users\PACO\AppData\Local\arduino\sketches\C79E046E6768A8778716DFD351D95DD5\core\wirish\boards.cpp.o (rcc_configure_pll)
C:\Users\PACO\AppData\Local\arduino\cores\c04241a99d7925709481fc4dd56bc947\core.a(isrs.S.o)
                              (__stm32reservedexception7)
C:\Users\PACO\AppData\Local\arduino\cores\c04241a99d7925709481fc4dd56bc947\core.a(vector_table.S.o)
                              (__stm32_vector_table)
C:\Users\PACO\AppData\Local\arduino\cores\c04241a99d7925709481fc4dd56bc947\core.a(systick.c.o)
                              C:\Users\PACO\AppData\Local\arduino\sketches\C79E046E6768A8778716DFD351D95DD5\core\wirish\boards.cpp.o (systick_init)
C:\Users\PACO\AppData\Local\arduino\cores\c04241a99d7925709481fc4dd56bc947\core.a(timer.c.o)
                              C:\Users\PACO\AppData\Local\arduino\sketches\C79E046E6768A8778716DFD351D95DD5\core\wirish\boards.cpp.o (timer_foreach)
C:\Users\PACO\AppData\Local\arduino\cores\c04241a99d7925709481fc4dd56bc947\core.a(usart.c.o)
                              C:\Users\PACO\AppData\Local\arduino\cores\c04241a99d7925709481fc4dd56bc947\core.a(HardwareSerial.cpp.o) (usart_init)
C:\Users\PACO\AppData\Local\arduino\cores\c04241a99d7925709481fc4dd56bc947\core.a(usart_f1.c.o)
                              C:\Users\PACO\AppData\Local\arduino\cores\c04241a99d7925709481fc4dd56bc947\core.a(HardwareSerial.cpp.o) (usart_config_gpios_async)
C:\Users\PACO\AppData\Local\arduino\cores\c04241a99d7925709481fc4dd56bc947\core.a(usart_private.c.o)
                              C:\Users\PACO\AppData\Local\arduino\cores\c04241a99d7925709481fc4dd56bc947\core.a(usart_f1.c.o) (_usart_clock_freq)
C:\Users\PACO\AppData\Local\arduino\cores\c04241a99d7925709481fc4dd56bc947\core.a(usb.c.o)
                              (__irq_usb_lp_can_rx0)
[...]
Memory Configuration

Name             Origin             Length             Attributes
ram              0x20000000         0x00005000         xrw
rom              0x08000000         0x00020000         xr
*default*        0x00000000         0xffffffff

Linker script and memory map

LOAD c:/users/paco/appdata/local/arduino15/packages/arduino/tools/arm-none-eabi-gcc/4.8.3-2014q1/bin/../lib/gcc/arm-none-eabi/4.8.3/armv7-m/crti.o
LOAD c:/users/paco/appdata/local/arduino15/packages/arduino/tools/arm-none-eabi-gcc/4.8.3-2014q1/bin/../lib/gcc/arm-none-eabi/4.8.3/armv7-m/crtbegin.o
LOAD c:/users/paco/appdata/local/arduino15/packages/arduino/tools/arm-none-eabi-gcc/4.8.3-2014q1/bin/../lib/gcc/arm-none-eabi/4.8.3/../../../../arm-none-eabi/lib/armv7-m/crt0.o
LOAD c:/users/paco/appdata/local/arduino15/packages/arduino/tools/arm-none-eabi-gcc/4.8.3-2014q1/bin/../lib/gcc/arm-none-eabi/4.8.3/armv7-m\libgcc.a
START GROUP
LOAD C:\Users\PACO\AppData\Local\arduino\sketches\C79E046E6768A8778716DFD351D95DD5\sketch\Lavadora.ino.cpp.o
LOAD C:\Users\PACO\AppData\Local\arduino\sketches\C79E046E6768A8778716DFD351D95DD5\sketch\SevSeg.cpp.o
LOAD C:\Users\PACO\AppData\Local\arduino\sketches\C79E046E6768A8778716DFD351D95DD5\core\board.cpp.o
LOAD C:\Users\PACO\AppData\Local\arduino\sketches\C79E046E6768A8778716DFD351D95DD5\core\wirish\boards.cpp.o
LOAD C:\Users\PACO\AppData\Local\arduino\sketches\C79E046E6768A8778716DFD351D95DD5\core\wirish\boards_setup.cpp.o
LOAD C:\Users\PACO\AppData\Local\arduino\sketches\C79E046E6768A8778716DFD351D95DD5\core\wirish\start.S.o
LOAD C:\Users\PACO\AppData\Local\arduino\sketches\C79E046E6768A8778716DFD351D95DD5\core\wirish\start_c.c.o
LOAD C:\Users\PACO\AppData\Local\arduino\sketches\C79E046E6768A8778716DFD351D95DD5\core\wirish\syscalls.c.o
LOAD C:\Users\PACO\AppData\Local\arduino\cores\c04241a99d7925709481fc4dd56bc947\core.a
END GROUP
LOAD c:/users/paco/appdata/local/arduino15/packages/arduino/tools/arm-none-eabi-gcc/4.8.3-2014q1/bin/../lib/gcc/arm-none-eabi/4.8.3/../../../../arm-none-eabi/lib/armv7-m\libstdc++_s.a
LOAD c:/users/paco/appdata/local/arduino15/packages/arduino/tools/arm-none-eabi-gcc/4.8.3-2014q1/bin/../lib/gcc/arm-none-eabi/4.8.3/../../../../arm-none-eabi/lib/armv7-m\libm.a
START GROUP
LOAD c:/users/paco/appdata/local/arduino15/packages/arduino/tools/arm-none-eabi-gcc/4.8.3-2014q1/bin/../lib/gcc/arm-none-eabi/4.8.3/armv7-m\libgcc.a
LOAD c:/users/paco/appdata/local/arduino15/packages/arduino/tools/arm-none-eabi-gcc/4.8.3-2014q1/bin/../lib/gcc/arm-none-eabi/4.8.3/../../../../arm-none-eabi/lib/armv7-m\libc_s.a
END GROUP
START GROUP
LOAD c:/users/paco/appdata/local/arduino15/packages/arduino/tools/arm-none-eabi-gcc/4.8.3-2014q1/bin/../lib/gcc/arm-none-eabi/4.8.3/armv7-m\libgcc.a
LOAD c:/users/paco/appdata/local/arduino15/packages/arduino/tools/arm-none-eabi-gcc/4.8.3-2014q1/bin/../lib/gcc/arm-none-eabi/4.8.3/../../../../arm-none-eabi/lib/armv7-m\libc_s.a
END GROUP
LOAD c:/users/paco/appdata/local/arduino15/packages/arduino/tools/arm-none-eabi-gcc/4.8.3-2014q1/bin/../lib/gcc/arm-none-eabi/4.8.3/armv7-m/crtend.o
LOAD c:/users/paco/appdata/local/arduino15/packages/arduino/tools/arm-none-eabi-gcc/4.8.3-2014q1/bin/../lib/gcc/arm-none-eabi/4.8.3/armv7-m/crtn.o
START GROUP
LOAD c:/users/paco/appdata/local/arduino15/packages/arduino/tools/arm-none-eabi-gcc/4.8.3-2014q1/bin/../lib/gcc/arm-none-eabi/4.8.3/armv7-m\libgcc.a
LOAD c:/users/paco/appdata/local/arduino15/packages/arduino/tools/arm-none-eabi-gcc/4.8.3-2014q1/bin/../lib/gcc/arm-none-eabi/4.8.3/../../../../arm-none-eabi/lib/armv7-m\libc.a
LOAD c:/users/paco/appdata/local/arduino15/packages/arduino/tools/arm-none-eabi-gcc/4.8.3-2014q1/bin/../lib/gcc/arm-none-eabi/4.8.3/../../../../arm-none-eabi/lib/armv7-m\libm.a
END GROUP
START GROUP
LOAD c:/users/paco/appdata/local/arduino15/packages/arduino/tools/arm-none-eabi-gcc/4.8.3-2014q1/bin/../lib/gcc/arm-none-eabi/4.8.3/../../../../arm-none-eabi/lib/armv7-m\libnosys.a
END GROUP
                0x20005000                PROVIDE (__msp_init, (ORIGIN (ram) + 0x5000))
                0x08000a68                PROVIDE (__exc_reset, __start__)

.text           0x08000000     0x3144
                0x08000000                __text_start__ = .
 *(.stm32.interrupt_vector)
 .stm32.interrupt_vector
                0x08000000       0xec C:\Users\PACO\AppData\Local\arduino\cores\c04241a99d7925709481fc4dd56bc947\core.a(vector_table.S.o)
                0x08000000                __stm32_vector_table
 *(.text .text.* .gnu.linkonce.t.*)
 .text          0x080000ec       0x54 c:/users/paco/appdata/local/arduino15/packages/arduino/tools/arm-none-eabi-gcc/4.8.3-2014q1/bin/../lib/gcc/arm-none-eabi/4.8.3/armv7-m/crtbegin.o
 .text._Z5setupv
                0x08000140       0xd0 C:\Users\PACO\AppData\Local\arduino\sketches\C79E046E6768A8778716DFD351D95DD5\sketch\Lavadora.ino.cpp.o
                0x08000140                setup()
 .text._Z14manejarBotonesv
                0x08000210      0x100 C:\Users\PACO\AppData\Local\arduino\sketches\C79E046E6768A8778716DFD351D95DD5\sketch\Lavadora.ino.cpp.o
                0x08000210                manejarBotones()
 .text._Z22actualizarTemporizadorv
                0x08000310       0x70 C:\Users\PACO\AppData\Local\arduino\sketches\C79E046E6768A8778716DFD351D95DD5\sketch\Lavadora.ino.cpp.o
                0x08000310                actualizarTemporizador()
 .text._Z13mostrarTiempov
                0x08000380       0x50 C:\Users\PACO\AppData\Local\arduino\sketches\C79E046E6768A8778716DFD351D95DD5\sketch\Lavadora.ino.cpp.o
                0x08000380                mostrarTiempo()
 .text._Z4loopv
                0x080003d0       0x20 C:\Users\PACO\AppData\Local\arduino\sketches\C79E046E6768A8778716DFD351D95DD5\sketch\Lavadora.ino.cpp.o
                0x080003d0                loop()
 .text.startup._GLOBAL__sub_I_sevseg1
                0x080003f0       0x1c C:\Users\PACO\AppData\Local\arduino\sketches\C79E046E6768A8778716DFD351D95DD5\sketch\Lavadora.ino.cpp.o
 .text._ZN6SevSegC2Ev
                0x0800040c       0x1a C:\Users\PACO\AppData\Local\arduino\sketches\C79E046E6768A8778716DFD351D95DD5\sketch\SevSeg.cpp.o
                0x0800040c                SevSeg::SevSeg()
                0x0800040c                SevSeg::SevSeg()
 .text._ZN6SevSeg9segmentOnEh
                0x08000426       0x34 C:\Users\PACO\AppData\Local\arduino\sketches\C79E046E6768A8778716DFD351D95DD5\sketch\SevSeg.cpp.o
                0x08000426                SevSeg::segmentOn(unsigned char)
 .text._ZN6SevSeg10segmentOffEh
                0x0800045a       0x2e C:\Users\PACO\AppData\Local\arduino\sketches\C79E046E6768A8778716DFD351D95DD5\sketch\SevSeg.cpp.o
                0x0800045a                SevSeg::segmentOff(unsigned char)
 .text._ZN6SevSeg7digitOnEh
                0x08000488       0x30 C:\Users\PACO\AppData\Local\arduino\sketches\C79E046E6768A8778716DFD351D95DD5\sketch\SevSeg.cpp.o
                0x08000488                SevSeg::digitOn(unsigned char)
 .text._ZN6SevSeg8digitOffEh
                0x080004b8       0x2e C:\Users\PACO\AppData\Local\arduino\sketches\C79E046E6768A8778716DFD351D95DD5\sketch\SevSeg.cpp.o
                0x080004b8                SevSeg::digitOff(unsigned char)
 *fill*         0x080004e6        0x2 
 .text._ZN6SevSeg14refreshDisplayEv
                0x080004e8      0x11c C:\Users\PACO\AppData\Local\arduino\sketches\C79E046E6768A8778716DFD351D95DD5\sketch\SevSeg.cpp.o
                0x080004e8                SevSeg::refreshDisplay()
 .text._ZN6SevSeg13setBrightnessEs
                0x08000604       0x54 C:\Users\PACO\AppData\Local\arduino\sketches\C79E046E6768A8778716DFD351D95DD5\sketch\SevSeg.cpp.o
                0x08000604                SevSeg::setBrightness(short)
 .text._ZN6SevSeg5blankEv
                0x08000658       0x2c C:\Users\PACO\AppData\Local\arduino\sketches\C79E046E6768A8778716DFD351D95DD5\sketch\SevSeg.cpp.o
                0x08000658                SevSeg::blank()
 .text._ZN6SevSeg5beginEhhPKhS1_bbbb
                0x08000684       0xdc C:\Users\PACO\AppData\Local\arduino\sketches\C79E046E6768A8778716DFD351D95DD5\sketch\SevSeg.cpp.o
                0x08000684                SevSeg::begin(unsigned char, unsigned char, unsigned char const*, unsigned char const*, bool, bool, bool, bool)
 .text._ZN6SevSeg10findDigitsElabPh
                0x08000760       0xa4 C:\Users\PACO\AppData\Local\arduino\sketches\C79E046E6768A8778716DFD351D95DD5\sketch\SevSeg.cpp.o
                0x08000760                SevSeg::findDigits(long, signed char, bool, unsigned char*)
 .text._ZN6SevSeg13setDigitCodesEPKha
                0x08000804       0x34 C:\Users\PACO\AppData\Local\arduino\sketches\C79E046E6768A8778716DFD351D95DD5\sketch\SevSeg.cpp.o
                0x08000804                SevSeg::setDigitCodes(unsigned char const*, signed char)
 .text._ZN6SevSeg9setNewNumElab
                0x08000838       0x1c C:\Users\PACO\AppData\Local\arduino\sketches\C79E046E6768A8778716DFD351D95DD5\sketch\SevSeg.cpp.o
                0x08000838                SevSeg::setNewNum(long, signed char, bool)
 .text._ZN6SevSeg9setNumberElab
                0x08000854        0x4 C:\Users\PACO\AppData\Local\arduino\sketches\C79E046E6768A8778716DFD351D95DD5\sketch\SevSeg.cpp.o
                0x08000854                SevSeg::setNumber(long, signed char, bool)
 .text._Z9boardInitv
                0x08000858       0x30 C:\Users\PACO\AppData\Local\arduino\sketches\C79E046E6768A8778716DFD351D95DD5\core\board.cpp.o
                0x08000858                boardInit()
 .text.startup._GLOBAL__sub_I__Z9boardInitv
                0x08000888       0x48 C:\Users\PACO\AppData\Local\arduino\sketches\C79E046E6768A8778716DFD351D95DD5\core\board.cpp.o
 .text._ZL18adc_default_configP7adc_dev
                0x080008d0       0x1c C:\Users\PACO\AppData\Local\arduino\sketches\C79E046E6768A8778716DFD351D95DD5\core\wirish\boards.cpp.o
 .text._ZL20timer_default_configP9timer_dev
                0x080008ec       0x9e C:\Users\PACO\AppData\Local\arduino\sketches\C79E046E6768A8778716DFD351D95DD5\core\wirish\boards.cpp.o
 *fill*         0x0800098a        0x2 
 .text._Z4initv
                0x0800098c       0xa8 C:\Users\PACO\AppData\Local\arduino\sketches\C79E046E6768A8778716DFD351D95DD5\core\wirish\boards.cpp.o
                0x0800098c                init()
 .text._ZN6wirish4priv15board_reset_pllEv
                0x08000a34        0x2 C:\Users\PACO\AppData\Local\arduino\sketches\C79E046E6768A8778716DFD351D95DD5\core\wirish\boards_setup.cpp.o
                0x08000a34                wirish::priv::board_reset_pll()
 .text._ZN6wirish4priv28board_setup_clock_prescalersEv
                0x08000a36       0x26 C:\Users\PACO\AppData\Local\arduino\sketches\C79E046E6768A8778716DFD351D95DD5\core\wirish\boards_setup.cpp.o
                0x08000a36                wirish::priv::board_setup_clock_prescalers()
 .text._ZN6wirish4priv16board_setup_gpioEv
                0x08000a5c        0x4 C:\Users\PACO\AppData\Local\arduino\sketches\C79E046E6768A8778716DFD351D95DD5\core\wirish\boards_setup.cpp.o
                0x08000a5c                wirish::priv::board_setup_gpio()
 .text._ZN6wirish4priv15board_setup_usbEv
                0x08000a60        0x2 C:\Users\PACO\AppData\Local\arduino\sketches\C79E046E6768A8778716DFD351D95DD5\core\wirish\boards_setup.cpp.o
                0x08000a60                wirish::priv::board_setup_usb()
 .text._ZN6wirish4priv11series_initEv
                0x08000a62        0x4 C:\Users\PACO\AppData\Local\arduino\sketches\C79E046E6768A8778716DFD351D95DD5\core\wirish\boards_setup.cpp.o
                0x08000a62                wirish::priv::series_init()
 *fill*         0x08000a66        0x2 
 .text          0x08000a68       0x10 C:\Users\PACO\AppData\Local\arduino\sketches\C79E046E6768A8778716DFD351D95DD5\core\wirish\start.S.o
                0x08000a68                __start__
 .text.start_c  0x08000a78       0x64 C:\Users\PACO\AppData\Local\arduino\sketches\C79E046E6768A8778716DFD351D95DD5\core\wirish\start_c.c.o
                0x08000a78                start_c
 .text._exit    0x08000adc        0x2 C:\Users\PACO\AppData\Local\arduino\sketches\C79E046E6768A8778716DFD351D95DD5\core\wirish\syscalls.c.o
                0x08000adc                _exit
 .text.rb_full_count
                0x08000ade       0x22 C:\Users\PACO\AppData\Local\arduino\cores\c04241a99d7925709481fc4dd56bc947\core.a(HardwareSerial.cpp.o)
 .text._ZN14HardwareSerial4readEv
                0x08000b00       0x3a C:\Users\PACO\AppData\Local\arduino\cores\c04241a99d7925709481fc4dd56bc947\core.a(HardwareSerial.cpp.o)
                0x08000b00                HardwareSerial::read()
 .text._ZN14HardwareSerial9availableEv
                0x08000b3a        0xc C:\Users\PACO\AppData\Local\arduino\cores\c04241a99d7925709481fc4dd56bc947\core.a(HardwareSerial.cpp.o)
                0x08000b3a                HardwareSerial::available()
 .text._ZN14HardwareSerial4peekEv
                0x08000b46       0x22 C:\Users\PACO\AppData\Local\arduino\cores\c04241a99d7925709481fc4dd56bc947\core.a(HardwareSerial.cpp.o)
                0x08000b46                HardwareSerial::peek()
 .text._ZN14HardwareSerial5flushEv
                0x08000b68       0x1a C:\Users\PACO\AppData\Local\arduino\cores\c04241a99d7925709481fc4dd56bc947\core.a(HardwareSerial.cpp.o)
                0x08000b68                HardwareSerial::flush()
 .text._ZN14HardwareSerial5writeEh
                0x08000b82       0x1e C:\Users\PACO\AppData\Local\arduino\cores\c04241a99d7925709481fc4dd56bc947\core.a(HardwareSerial.cpp.o)
                0x08000b82                HardwareSerial::write(unsigned char)
 .text._ZN14HardwareSerialC2EP9usart_devhh
                0x08000ba0       0x1c C:\Users\PACO\AppData\Local\arduino\cores\c04241a99d7925709481fc4dd56bc947\core.a(HardwareSerial.cpp.o)
                0x08000ba0                HardwareSerial::HardwareSerial(usart_dev*, unsigned char, unsigned char)
                0x08000ba0                HardwareSerial::HardwareSerial(usart_dev*, unsigned char, unsigned char)
 .text._ZN5Print5writeEPKvm
                0x08000bbc       0x20 C:\Users\PACO\AppData\Local\arduino\cores\c04241a99d7925709481fc4dd56bc947\core.a(Print.cpp.o)
                0x08000bbc                Print::write(void const*, unsigned long)
 .text._ZN5Print5writeEPKc
                0x08000bdc       0x1e C:\Users\PACO\AppData\Local\arduino\cores\c04241a99d7925709481fc4dd56bc947\core.a(Print.cpp.o)
                0x08000bdc                Print::write(char const*)
 .text.adc_init
                0x08000bfa       0x14 C:\Users\PACO\AppData\Local\arduino\cores\c04241a99d7925709481fc4dd56bc947\core.a(adc.c.o)
                0x08000bfa                adc_init
 .text.adc_set_extsel
                0x08000c0e       0x12 C:\Users\PACO\AppData\Local\arduino\cores\c04241a99d7925709481fc4dd56bc947\core.a(adc.c.o)
                0x08000c0e                adc_set_extsel
 .text.adc_set_sample_rate
                0x08000c20       0x30 C:\Users\PACO\AppData\Local\arduino\cores\c04241a99d7925709481fc4dd56bc947\core.a(adc.c.o)
                0x08000c20                adc_set_sample_rate
 .text.__irq_adc
                0x08000c50       0x50 C:\Users\PACO\AppData\Local\arduino\cores\c04241a99d7925709481fc4dd56bc947\core.a(adc_f1.c.o)
                0x08000c50                __irq_adc
 .text.adc_calibrate
                0x08000ca0       0x24 C:\Users\PACO\AppData\Local\arduino\cores\c04241a99d7925709481fc4dd56bc947\core.a(adc_f1.c.o)
                0x08000ca0                adc_calibrate
 .text.adc_set_prescaler
                0x08000cc4        0x8 C:\Users\PACO\AppData\Local\arduino\cores\c04241a99d7925709481fc4dd56bc947\core.a(adc_f1.c.o)
                0x08000cc4                adc_set_prescaler
 .text.adc_foreach
                0x08000ccc       0x1c C:\Users\PACO\AppData\Local\arduino\cores\c04241a99d7925709481fc4dd56bc947\core.a(adc_f1.c.o)
                0x08000ccc                adc_foreach
 .text.adc_enable_single_swstart
                0x08000ce8       0x36 C:\Users\PACO\AppData\Local\arduino\cores\c04241a99d7925709481fc4dd56bc947\core.a(adc_f1.c.o)
                0x08000ce8                adc_enable_single_swstart
 .text.dma_irq_handler
                0x08000d1e       0x1c C:\Users\PACO\AppData\Local\arduino\cores\c04241a99d7925709481fc4dd56bc947\core.a(dma_f1.c.o)
 *fill*         0x08000d3a        0x2 
 .text.__irq_dma1_channel1
                0x08000d3c       0x10 C:\Users\PACO\AppData\Local\arduino\cores\c04241a99d7925709481fc4dd56bc947\core.a(dma_f1.c.o)
                0x08000d3c                __irq_dma1_channel1
 .text.__irq_dma1_channel2
                0x08000d4c       0x10 C:\Users\PACO\AppData\Local\arduino\cores\c04241a99d7925709481fc4dd56bc947\core.a(dma_f1.c.o)
                0x08000d4c                __irq_dma1_channel2
 .text.__irq_dma1_channel3
                0x08000d5c       0x10 C:\Users\PACO\AppData\Local\arduino\cores\c04241a99d7925709481fc4dd56bc947\core.a(dma_f1.c.o)
                0x08000d5c                __irq_dma1_channel3
 .text.__irq_dma1_channel4
                0x08000d6c       0x10 C:\Users\PACO\AppData\Local\arduino\cores\c04241a99d7925709481fc4dd56bc947\core.a(dma_f1.c.o)
                0x08000d6c                __irq_dma1_channel4
 .text.__irq_dma1_channel5
                0x08000d7c       0x10 C:\Users\PACO\AppData\Local\arduino\cores\c04241a99d7925709481fc4dd56bc947\core.a(dma_f1.c.o)
                0x08000d7c                __irq_dma1_channel5
 .text.__irq_dma1_channel6
                0x08000d8c       0x10 C:\Users\PACO\AppData\Local\arduino\cores\c04241a99d7925709481fc4dd56bc947\core.a(dma_f1.c.o)
                0x08000d8c                __irq_dma1_channel6
 .text.__irq_dma1_channel7
                0x08000d9c       0x10 C:\Users\PACO\AppData\Local\arduino\cores\c04241a99d7925709481fc4dd56bc947\core.a(dma_f1.c.o)
                0x08000d9c                __irq_dma1_channel7
 *fill*         0x08000dac        0x4 
 .text          0x08000db0       0x60 C:\Users\PACO\AppData\Local\arduino\cores\c04241a99d7925709481fc4dd56bc947\core.a(exc.S.o)
                0x08000db0                __exc_nmi
                0x08000db4                __exc_hardfault
                0x08000db8                __exc_memmanage
                0x08000dbc                __exc_busfault
                0x08000dc0                __exc_usagefault
 .text.dispatch_single_exti
                0x08000e10       0x2c C:\Users\PACO\AppData\Local\arduino\cores\c04241a99d7925709481fc4dd56bc947\core.a(exti.c.o)
                0x08000e10                dispatch_single_exti
 .text.dispatch_extis
                0x08000e3c       0x4c C:\Users\PACO\AppData\Local\arduino\cores\c04241a99d7925709481fc4dd56bc947\core.a(exti.c.o)
                0x08000e3c                dispatch_extis
 .text.__irq_exti0
                0x08000e88        0x6 C:\Users\PACO\AppData\Local\arduino\cores\c04241a99d7925709481fc4dd56bc947\core.a(exti.c.o)
                0x08000e88                __irq_exti0
 .text.__irq_exti1
                0x08000e8e        0x6 C:\Users\PACO\AppData\Local\arduino\cores\c04241a99d7925709481fc4dd56bc947\core.a(exti.c.o)
                0x08000e8e                __irq_exti1
 .text.__irq_exti2
                0x08000e94        0x6 C:\Users\PACO\AppData\Local\arduino\cores\c04241a99d7925709481fc4dd56bc947\core.a(exti.c.o)
                0x08000e94                __irq_exti2
 .text.__irq_exti3
                0x08000e9a        0x6 C:\Users\PACO\AppData\Local\arduino\cores\c04241a99d7925709481fc4dd56bc947\core.a(exti.c.o)
                0x08000e9a                __irq_exti3
 .text.__irq_exti4
                0x08000ea0        0x6 C:\Users\PACO\AppData\Local\arduino\cores\c04241a99d7925709481fc4dd56bc947\core.a(exti.c.o)
                0x08000ea0                __irq_exti4
 .text.__irq_exti9_5
                0x08000ea6        0x8 C:\Users\PACO\AppData\Local\arduino\cores\c04241a99d7925709481fc4dd56bc947\core.a(exti.c.o)
                0x08000ea6                __irq_exti9_5
 .text.__irq_exti15_10
                0x08000eae        0x8 C:\Users\PACO\AppData\Local\arduino\cores\c04241a99d7925709481fc4dd56bc947\core.a(exti.c.o)
                0x08000eae                __irq_exti15_10
 *fill*         0x08000eb6        0x2 
 .text.flash_set_latency
                0x08000eb8       0x14 C:\Users\PACO\AppData\Local\arduino\cores\c04241a99d7925709481fc4dd56bc947\core.a(flash.c.o)
                0x08000eb8                flash_set_latency
 .text.gpio_init_all
                0x08000ecc       0x30 C:\Users\PACO\AppData\Local\arduino\cores\c04241a99d7925709481fc4dd56bc947\core.a(gpio_f1.c.o)
                0x08000ecc                gpio_init_all
 .text.gpio_set_mode
                0x08000efc       0x50 C:\Users\PACO\AppData\Local\arduino\cores\c04241a99d7925709481fc4dd56bc947\core.a(gpio_f1.c.o)
                0x08000efc                gpio_set_mode
 .text.afio_init
                0x08000f4c       0x12 C:\Users\PACO\AppData\Local\arduino\cores\c04241a99d7925709481fc4dd56bc947\core.a(gpio_f1.c.o)
                0x08000f4c                afio_init
 *fill*         0x08000f5e        0x2 
 .text.afio_remap
                0x08000f60       0x20 C:\Users\PACO\AppData\Local\arduino\cores\c04241a99d7925709481fc4dd56bc947\core.a(gpio_f1.c.o)
                0x08000f60                afio_remap
 .text.__irq_i2c1_ev
                0x08000f80        0xc C:\Users\PACO\AppData\Local\arduino\cores\c04241a99d7925709481fc4dd56bc947\core.a(i2c_f1.c.o)
                0x08000f80                __irq_i2c1_ev
 .text.__irq_i2c2_ev
                0x08000f8c        0xc C:\Users\PACO\AppData\Local\arduino\cores\c04241a99d7925709481fc4dd56bc947\core.a(i2c_f1.c.o)
                0x08000f8c                __irq_i2c2_ev
 .text.__irq_i2c1_er
                0x08000f98        0xc C:\Users\PACO\AppData\Local\arduino\cores\c04241a99d7925709481fc4dd56bc947\core.a(i2c_f1.c.o)
                0x08000f98                __irq_i2c1_er
 .text.__irq_i2c2_er
                0x08000fa4        0xc C:\Users\PACO\AppData\Local\arduino\cores\c04241a99d7925709481fc4dd56bc947\core.a(i2c_f1.c.o)
                0x08000fa4                __irq_i2c2_er
 .text.nvic_irq_set_priority
                0x08000fb0       0x28 C:\Users\PACO\AppData\Local\arduino\cores\c04241a99d7925709481fc4dd56bc947\core.a(nvic.c.o)
                0x08000fb0                nvic_irq_set_priority
 .text.nvic_init
                0x08000fd8       0x30 C:\Users\PACO\AppData\Local\arduino\cores\c04241a99d7925709481fc4dd56bc947\core.a(nvic.c.o)
                0x08000fd8                nvic_init
 .text.rcc_dev_clk
                0x08001008        0xc C:\Users\PACO\AppData\Local\arduino\cores\c04241a99d7925709481fc4dd56bc947\core.a(rcc.c.o)
                0x08001008                rcc_dev_clk
 .text.rcc_switch_sysclk
                0x08001014       0x20 C:\Users\PACO\AppData\Local\arduino\cores\c04241a99d7925709481fc4dd56bc947\core.a(rcc.c.o)
                0x08001014                rcc_switch_sysclk
 .text.rcc_turn_on_clk
                0x08001034       0x1a C:\Users\PACO\AppData\Local\arduino\cores\c04241a99d7925709481fc4dd56bc947\core.a(rcc.c.o)
                0x08001034                rcc_turn_on_clk
 .text.rcc_turn_off_clk
                0x0800104e       0x1c C:\Users\PACO\AppData\Local\arduino\cores\c04241a99d7925709481fc4dd56bc947\core.a(rcc.c.o)
                0x0800104e                rcc_turn_off_clk
 .text.rcc_is_clk_ready
                0x0800106a       0x18 C:\Users\PACO\AppData\Local\arduino\cores\c04241a99d7925709481fc4dd56bc947\core.a(rcc.c.o)
                0x0800106a                rcc_is_clk_ready
 *fill*         0x08001082        0x2 
 .text.rcc_configure_pll
                0x08001084       0x18 C:\Users\PACO\AppData\Local\arduino\cores\c04241a99d7925709481fc4dd56bc947\core.a(rcc_f1.c.o)
                0x08001084                rcc_configure_pll
 .text.rcc_clk_enable
                0x0800109c       0x30 C:\Users\PACO\AppData\Local\arduino\cores\c04241a99d7925709481fc4dd56bc947\core.a(rcc_f1.c.o)
                0x0800109c                rcc_clk_enable
 .text.rcc_reset_dev
                0x080010cc       0x34 C:\Users\PACO\AppData\Local\arduino\cores\c04241a99d7925709481fc4dd56bc947\core.a(rcc_f1.c.o)
                0x080010cc                rcc_reset_dev
 .text.rcc_set_prescaler
                0x08001100       0x20 C:\Users\PACO\AppData\Local\arduino\cores\c04241a99d7925709481fc4dd56bc947\core.a(rcc_f1.c.o)
                0x08001100                rcc_set_prescaler
 .text.rcc_clk_disable
                0x08001120       0x30 C:\Users\PACO\AppData\Local\arduino\cores\c04241a99d7925709481fc4dd56bc947\core.a(rcc_f1.c.o)
                0x08001120                rcc_clk_disable
 .text          0x08001150        0x2 C:\Users\PACO\AppData\Local\arduino\cores\c04241a99d7925709481fc4dd56bc947\core.a(isrs.S.o)
                0x08001150                __stm32reservedexception9
                0x08001150                __exc_debug_monitor
                0x08001150                __exc_svc
                0x08001150                __irq_can_rx1
                0x08001150                __irq_spi2
                0x08001150                __irq_can_sce
                0x08001150                __irq_pvd
                0x08001150                __irq_tamper
                0x08001150                __default_handler
                0x08001150                __irq_wwdg
                0x08001150                __stm32reservedexception10
                0x08001150                __irq_flash
                0x08001150                __stm32reservedexception13
                0x08001150                __irq_rtc
                0x08001150                __irq_spi1
                0x08001150                __stm32reservedexception7
                0x08001150                __irq_usb_hp_can_tx
                0x08001150                __irq_rtcalarm
                0x08001150                __stm32reservedexception8
                0x08001150                __exc_pendsv
                0x08001150                __irq_usbwakeup
                0x08001150                __irq_rcc
 *fill*         0x08001152        0x2 
 .text.systick_init
                0x08001154       0x10 C:\Users\PACO\AppData\Local\arduino\cores\c04241a99d7925709481fc4dd56bc947\core.a(systick.c.o)
                0x08001154                systick_init
 .text.__exc_systick
                0x08001164       0x1c C:\Users\PACO\AppData\Local\arduino\cores\c04241a99d7925709481fc4dd56bc947\core.a(systick.c.o)
                0x08001164                __exc_systick
 .text.timer_oc_set_mode
                0x08001180       0x3a C:\Users\PACO\AppData\Local\arduino\cores\c04241a99d7925709481fc4dd56bc947\core.a(timer.c.o)
 .text.dispatch_general
                0x080011ba       0x66 C:\Users\PACO\AppData\Local\arduino\cores\c04241a99d7925709481fc4dd56bc947\core.a(timer.c.o)
 .text.timer_cc_enable
                0x08001220       0x1c C:\Users\PACO\AppData\Local\arduino\cores\c04241a99d7925709481fc4dd56bc947\core.a(timer.c.o)
 .text.timer_foreach
                0x0800123c       0x28 C:\Users\PACO\AppData\Local\arduino\cores\c04241a99d7925709481fc4dd56bc947\core.a(timer.c.o)
                0x0800123c                timer_foreach
 .text.timer_init
                0x08001264       0x14 C:\Users\PACO\AppData\Local\arduino\cores\c04241a99d7925709481fc4dd56bc947\core.a(timer.c.o)
                0x08001264                timer_init
 .text.timer_has_cc_channel
                0x08001278       0x30 C:\Users\PACO\AppData\Local\arduino\cores\c04241a99d7925709481fc4dd56bc947\core.a(timer.c.o)
                0x08001278                timer_has_cc_channel
 .text.timer_detach_interrupt
                0x080012a8       0x1e C:\Users\PACO\AppData\Local\arduino\cores\c04241a99d7925709481fc4dd56bc947\core.a(timer.c.o)
                0x080012a8                timer_detach_interrupt
 .text.input_capture_mode
                0x080012c6       0x1a C:\Users\PACO\AppData\Local\arduino\cores\c04241a99d7925709481fc4dd56bc947\core.a(timer.c.o)
                0x080012c6                input_capture_mode
 .text.timer_set_mode
                0x080012e0       0x8c C:\Users\PACO\AppData\Local\arduino\cores\c04241a99d7925709481fc4dd56bc947\core.a(timer.c.o)
                0x080012e0                timer_set_mode
 .text.__irq_tim1_brk
                0x0800136c       0x24 C:\Users\PACO\AppData\Local\arduino\cores\c04241a99d7925709481fc4dd56bc947\core.a(timer.c.o)
                0x0800136c                __irq_tim1_brk
 .text.__irq_tim1_up
                0x08001390       0x24 C:\Users\PACO\AppData\Local\arduino\cores\c04241a99d7925709481fc4dd56bc947\core.a(timer.c.o)
                0x08001390                __irq_tim1_up
 .text.__irq_tim1_trg_com
                0x080013b4       0x34 C:\Users\PACO\AppData\Local\arduino\cores\c04241a99d7925709481fc4dd56bc947\core.a(timer.c.o)
                0x080013b4                __irq_tim1_trg_com
 .text.__irq_tim1_cc
                0x080013e8       0x50 C:\Users\PACO\AppData\Local\arduino\cores\c04241a99d7925709481fc4dd56bc947\core.a(timer.c.o)
                0x080013e8                __irq_tim1_cc
 .text.__irq_tim2
                0x08001438        0xc C:\Users\PACO\AppData\Local\arduino\cores\c04241a99d7925709481fc4dd56bc947\core.a(timer.c.o)
                0x08001438                __irq_tim2
 .text.__irq_tim3
                0x08001444        0xc C:\Users\PACO\AppData\Local\arduino\cores\c04241a99d7925709481fc4dd56bc947\core.a(timer.c.o)
                0x08001444                __irq_tim3
 .text.__irq_tim4
                0x08001450        0xc C:\Users\PACO\AppData\Local\arduino\cores\c04241a99d7925709481fc4dd56bc947\core.a(timer.c.o)
                0x08001450                __irq_tim4
 .text.usart_tx
                0x0800145c       0x9c C:\Users\PACO\AppData\Local\arduino\cores\c04241a99d7925709481fc4dd56bc947\core.a(usart.c.o)
                0x0800145c                usart_tx
 .text.usart_irq
                0x080014f8       0xc8 C:\Users\PACO\AppData\Local\arduino\cores\c04241a99d7925709481fc4dd56bc947\core.a(usart_f1.c.o)
 .text.__irq_usart1
                0x080015c0       0x18 C:\Users\PACO\AppData\Local\arduino\cores\c04241a99d7925709481fc4dd56bc947\core.a(usart_f1.c.o)
                0x080015c0                __irq_usart1
 .text.__irq_usart2
                0x080015d8       0x18 C:\Users\PACO\AppData\Local\arduino\cores\c04241a99d7925709481fc4dd56bc947\core.a(usart_f1.c.o)
                0x080015d8                __irq_usart2
 .text.__irq_usart3
                0x080015f0       0x18 C:\Users\PACO\AppData\Local\arduino\cores\c04241a99d7925709481fc4dd56bc947\core.a(usart_f1.c.o)
                0x080015f0                __irq_usart3
 .text.usb_resume
                0x08001608       0xb4 C:\Users\PACO\AppData\Local\arduino\cores\c04241a99d7925709481fc4dd56bc947\core.a(usb.c.o)
 .text.__irq_usb_lp_can_rx0
                0x080016bc      0x1c8 C:\Users\PACO\AppData\Local\arduino\cores\c04241a99d7925709481fc4dd56bc947\core.a(usb.c.o)
                0x080016bc                __irq_usb_lp_can_rx0
 .text.usb_set_ep_rx_stat
                0x08001884       0x22 C:\Users\PACO\AppData\Local\arduino\cores\c04241a99d7925709481fc4dd56bc947\core.a(usb_cdcacm.c.o)
 *fill*         0x080018a6        0x2 
 .text.vcomGetSetLineCoding
                0x080018a8       0x18 C:\Users\PACO\AppData\Local\arduino\cores\c04241a99d7925709481fc4dd56bc947\core.a(usb_cdcacm.c.o)
 .text.usbDataSetup
                0x080018c0       0x54 C:\Users\PACO\AppData\Local\arduino\cores\c04241a99d7925709481fc4dd56bc947\core.a(usb_cdcacm.c.o)
 .text.usbNoDataSetup
                0x08001914       0x50 C:\Users\PACO\AppData\Local\arduino\cores\c04241a99d7925709481fc4dd56bc947\core.a(usb_cdcacm.c.o)
 .text.usbGetInterfaceSetting
                0x08001964       0x10 C:\Users\PACO\AppData\Local\arduino\cores\c04241a99d7925709481fc4dd56bc947\core.a(usb_cdcacm.c.o)
 .text.usbGetStringDescriptor
                0x08001974       0x20 C:\Users\PACO\AppData\Local\arduino\cores\c04241a99d7925709481fc4dd56bc947\core.a(usb_cdcacm.c.o)
 .text.usbGetConfigDescriptor
                0x08001994        0xc C:\Users\PACO\AppData\Local\arduino\cores\c04241a99d7925709481fc4dd56bc947\core.a(usb_cdcacm.c.o)
 .text.usbGetDeviceDescriptor
                0x080019a0        0xc C:\Users\PACO\AppData\Local\arduino\cores\c04241a99d7925709481fc4dd56bc947\core.a(usb_cdcacm.c.o)
 .text.usbInit  0x080019ac       0x44 C:\Users\PACO\AppData\Local\arduino\cores\c04241a99d7925709481fc4dd56bc947\core.a(usb_cdcacm.c.o)
 .text.usbReset
                0x080019f0      0x160 C:\Users\PACO\AppData\Local\arduino\cores\c04241a99d7925709481fc4dd56bc947\core.a(usb_cdcacm.c.o)
 .text.usb_set_ep_rx_count
                0x08001b50       0x4c C:\Users\PACO\AppData\Local\arduino\cores\c04241a99d7925709481fc4dd56bc947\core.a(usb_reg_map.c.o)
                0x08001b50                usb_set_ep_rx_count
 .text.Standard_GetConfiguration
                0x08001b9c       0x24 C:\Users\PACO\AppData\Local\arduino\cores\c04241a99d7925709481fc4dd56bc947\core.a(usb_core.c.o)
                0x08001b9c                Standard_GetConfiguration
 .text.Standard_GetInterface
                0x08001bc0       0x24 C:\Users\PACO\AppData\Local\arduino\cores\c04241a99d7925709481fc4dd56bc947\core.a(usb_core.c.o)
                0x08001bc0                Standard_GetInterface
 .text.Standard_GetStatus
                0x08001be4       0x90 C:\Users\PACO\AppData\Local\arduino\cores\c04241a99d7925709481fc4dd56bc947\core.a(usb_core.c.o)
                0x08001be4                Standard_GetStatus
 .text.DataStageIn
                0x08001c74       0xa8 C:\Users\PACO\AppData\Local\arduino\cores\c04241a99d7925709481fc4dd56bc947\core.a(usb_core.c.o)
 .text.Standard_SetConfiguration
                0x08001d1c       0x38 C:\Users\PACO\AppData\Local\arduino\cores\c04241a99d7925709481fc4dd56bc947\core.a(usb_core.c.o)
                0x08001d1c                Standard_SetConfiguration
 .text.Standard_SetInterface
                0x08001d54       0x48 C:\Users\PACO\AppData\Local\arduino\cores\c04241a99d7925709481fc4dd56bc947\core.a(usb_core.c.o)
                0x08001d54                Standard_SetInterface
 .text.Standard_ClearFeature
                0x08001d9c       0xd0 C:\Users\PACO\AppData\Local\arduino\cores\c04241a99d7925709481fc4dd56bc947\core.a(usb_core.c.o)
                0x08001d9c                Standard_ClearFeature
 .text.Standard_SetEndPointFeature
                0x08001e6c       0x84 C:\Users\PACO\AppData\Local\arduino\cores\c04241a99d7925709481fc4dd56bc947\core.a(usb_core.c.o)
                0x08001e6c                Standard_SetEndPointFeature
 .text.Standard_SetDeviceFeature
                0x08001ef0       0x24 C:\Users\PACO\AppData\Local\arduino\cores\c04241a99d7925709481fc4dd56bc947\core.a(usb_core.c.o)
                0x08001ef0                Standard_SetDeviceFeature
 .text.Standard_GetDescriptorData
                0x08001f14       0x1c C:\Users\PACO\AppData\Local\arduino\cores\c04241a99d7925709481fc4dd56bc947\core.a(usb_core.c.o)
                0x08001f14                Standard_GetDescriptorData
 .text.Post0_Process
                0x08001f30       0x40 C:\Users\PACO\AppData\Local\arduino\cores\c04241a99d7925709481fc4dd56bc947\core.a(usb_core.c.o)
                0x08001f30                Post0_Process
 .text.Setup0_Process
                0x08001f70      0x2d0 C:\Users\PACO\AppData\Local\arduino\cores\c04241a99d7925709481fc4dd56bc947\core.a(usb_core.c.o)
                0x08001f70                Setup0_Process
 .text.Out0_Process
                0x08002240       0xc8 C:\Users\PACO\AppData\Local\arduino\cores\c04241a99d7925709481fc4dd56bc947\core.a(usb_core.c.o)
                0x08002240                Out0_Process
 .text.SetDeviceAddress
                0x08002308       0x38 C:\Users\PACO\AppData\Local\arduino\cores\c04241a99d7925709481fc4dd56bc947\core.a(usb_core.c.o)
                0x08002308                SetDeviceAddress
 .text.In0_Process
                0x08002340       0x5c C:\Users\PACO\AppData\Local\arduino\cores\c04241a99d7925709481fc4dd56bc947\core.a(usb_core.c.o)
                0x08002340                In0_Process
 .text.NOP_Process
                0x0800239c        0x2 C:\Users\PACO\AppData\Local\arduino\cores\c04241a99d7925709481fc4dd56bc947\core.a(usb_core.c.o)
                0x0800239c                NOP_Process
 .text.UserToPMABufferCopy
                0x0800239e       0x30 C:\Users\PACO\AppData\Local\arduino\cores\c04241a99d7925709481fc4dd56bc947\core.a(usb_mem.c.o)
                0x0800239e                UserToPMABufferCopy
 .text.PMAToUserBufferCopy
                0x080023ce       0x32 C:\Users\PACO\AppData\Local\arduino\cores\c04241a99d7925709481fc4dd56bc947\core.a(usb_mem.c.o)
                0x080023ce                PMAToUserBufferCopy
 .text.SetEPTxStatus
                0x08002400       0x2a C:\Users\PACO\AppData\Local\arduino\cores\c04241a99d7925709481fc4dd56bc947\core.a(usb_regs.c.o)
                0x08002400                SetEPTxStatus
 .text.ClearDTOG_RX
                0x0800242a       0x20 C:\Users\PACO\AppData\Local\arduino\cores\c04241a99d7925709481fc4dd56bc947\core.a(usb_regs.c.o)
                0x0800242a                ClearDTOG_RX
 .text.ClearDTOG_TX
                0x0800244a       0x20 C:\Users\PACO\AppData\Local\arduino\cores\c04241a99d7925709481fc4dd56bc947\core.a(usb_regs.c.o)
                0x0800244a                ClearDTOG_TX
 *fill*         0x0800246a        0x2 
 .text.GetEPTxAddr
                0x0800246c       0x1c C:\Users\PACO\AppData\Local\arduino\cores\c04241a99d7925709481fc4dd56bc947\core.a(usb_regs.c.o)
                0x0800246c                GetEPTxAddr
 .text.GetEPRxAddr
                0x08002488       0x1c C:\Users\PACO\AppData\Local\arduino\cores\c04241a99d7925709481fc4dd56bc947\core.a(usb_regs.c.o)
                0x08002488                GetEPRxAddr
 .text.SetEPTxCount
                0x080024a4       0x1c C:\Users\PACO\AppData\Local\arduino\cores\c04241a99d7925709481fc4dd56bc947\core.a(usb_regs.c.o)
                0x080024a4                SetEPTxCount
 .text.SetEPRxCount
                0x080024c0       0x40 C:\Users\PACO\AppData\Local\arduino\cores\c04241a99d7925709481fc4dd56bc947\core.a(usb_regs.c.o)
                0x080024c0                SetEPRxCount
 .text.throb    0x08002500       0x4c C:\Users\PACO\AppData\Local\arduino\cores\c04241a99d7925709481fc4dd56bc947\core.a(util.c.o)
                0x08002500                throb
 .text.__error  0x0800254c       0x14 C:\Users\PACO\AppData\Local\arduino\cores\c04241a99d7925709481fc4dd56bc947\core.a(util.c.o)
                0x0800254c                __error
 .text.startup._Z7premainv
                0x08002560        0x4 C:\Users\PACO\AppData\Local\arduino\cores\c04241a99d7925709481fc4dd56bc947\core.a(main.cpp.o)
                0x08002560                premain()
 .text.startup.main
                0x08002564        0xc C:\Users\PACO\AppData\Local\arduino\cores\c04241a99d7925709481fc4dd56bc947\core.a(main.cpp.o)
                0x08002564                main
 .text._Z7pinModeh13WiringPinMode
                0x08002570       0x84 C:\Users\PACO\AppData\Local\arduino\cores\c04241a99d7925709481fc4dd56bc947\core.a(wirish_digital_f1.cpp.o)
                0x08002570                pinMode(unsigned char, WiringPinMode)
 .text._Z11digitalReadh
                0x080025f4       0x2c C:\Users\PACO\AppData\Local\arduino\cores\c04241a99d7925709481fc4dd56bc947\core.a(wirish_digital.cpp.o)
                0x080025f4                digitalRead(unsigned char)
 .text._Z12digitalWritehh
                0x08002620       0x2c C:\Users\PACO\AppData\Local\arduino\cores\c04241a99d7925709481fc4dd56bc947\core.a(wirish_digital.cpp.o)
                0x08002620                digitalWrite(unsigned char, unsigned char)
 .text.delayMicroseconds
                0x0800264c       0x10 C:\Users\PACO\AppData\Local\arduino\cores\c04241a99d7925709481fc4dd56bc947\core.a(wirish_time.cpp.o)
                0x0800264c                delayMicroseconds
 .text.gpio_init
                0x0800265c       0x14 C:\Users\PACO\AppData\Local\arduino\cores\c04241a99d7925709481fc4dd56bc947\core.a(gpio.c.o)
                0x0800265c                gpio_init
 .text.i2c_disable_irq
                0x08002670        0xc C:\Users\PACO\AppData\Local\arduino\cores\c04241a99d7925709481fc4dd56bc947\core.a(i2c.c.o)
 .text._i2c_irq_handler
                0x0800267c      0x3d8 C:\Users\PACO\AppData\Local\arduino\cores\c04241a99d7925709481fc4dd56bc947\core.a(i2c.c.o)
                0x0800267c                _i2c_irq_handler
 .text._i2c_irq_error_handler
                0x08002a54       0x74 C:\Users\PACO\AppData\Local\arduino\cores\c04241a99d7925709481fc4dd56bc947\core.a(i2c.c.o)
                0x08002a54                _i2c_irq_error_handler
 .text          0x08002ac8       0x38 c:/users/paco/appdata/local/arduino15/packages/arduino/tools/arm-none-eabi-gcc/4.8.3-2014q1/bin/../lib/gcc/arm-none-eabi/4.8.3/armv7-m\libgcc.a(_aeabi_ldivmod.o)
                0x08002ac8                __aeabi_ldivmod
 .text          0x08002b00       0x60 c:/users/paco/appdata/local/arduino15/packages/arduino/tools/arm-none-eabi-gcc/4.8.3-2014q1/bin/../lib/gcc/arm-none-eabi/4.8.3/armv7-m\libgcc.a(bpabi.o)
                0x08002b00                __gnu_ldivmod_helper
                0x08002b30                __gnu_uldivmod_helper
 .text          0x08002b60        0x4 c:/users/paco/appdata/local/arduino15/packages/arduino/tools/arm-none-eabi-gcc/4.8.3-2014q1/bin/../lib/gcc/arm-none-eabi/4.8.3/armv7-m\libgcc.a(_dvmd_tls.o)
                0x08002b60                __aeabi_idiv0
                0x08002b60                __aeabi_ldiv0
 .text          0x08002b64      0x2a0 c:/users/paco/appdata/local/arduino15/packages/arduino/tools/arm-none-eabi-gcc/4.8.3-2014q1/bin/../lib/gcc/arm-none-eabi/4.8.3/armv7-m\libgcc.a(_divdi3.o)
                0x08002b64                __divdi3
 .text          0x08002e04      0x290 c:/users/paco/appdata/local/arduino15/packages/arduino/tools/arm-none-eabi-gcc/4.8.3-2014q1/bin/../lib/gcc/arm-none-eabi/4.8.3/armv7-m\libgcc.a(_udivdi3.o)
                0x08002e04                __udivdi3
 .text.exit     0x08003094       0x28 c:/users/paco/appdata/local/arduino15/packages/arduino/tools/arm-none-eabi-gcc/4.8.3-2014q1/bin/../lib/gcc/arm-none-eabi/4.8.3/../../../../arm-none-eabi/lib/armv7-m\libc_s.a(lib_a-exit.o)
                0x08003094                exit
 .text.__libc_init_array
                0x080030bc       0x4c c:/users/paco/appdata/local/arduino15/packages/arduino/tools/arm-none-eabi-gcc/4.8.3-2014q1/bin/../lib/gcc/arm-none-eabi/4.8.3/../../../../arm-none-eabi/lib/armv7-m\libc_s.a(lib_a-init.o)
                0x080030bc                __libc_init_array
 .text.strlen   0x08003108       0x10 c:/users/paco/appdata/local/arduino15/packages/arduino/tools/arm-none-eabi-gcc/4.8.3-2014q1/bin/../lib/gcc/arm-none-eabi/4.8.3/../../../../arm-none-eabi/lib/armv7-m\libc_s.a(lib_a-strlen.o)
                0x08003108                strlen
 *(.plt)
 *(.gnu.warning)
 *(.glue_7t)
 .glue_7t       0x00000000        0x0 linker stubs
 *(.glue_7)
 .glue_7        0x00000000        0x0 linker stubs
 *(.vfp11_veneer)
 .vfp11_veneer  0x00000000        0x0 linker stubs
 *(.ARM.extab* .gnu.linkonce.armextab.*)
 *(.gcc_except_table)
 *(.eh_frame_hdr)
 *(.eh_frame)
 .eh_frame      0x08003118        0x0 c:/users/paco/appdata/local/arduino15/packages/arduino/tools/arm-none-eabi-gcc/4.8.3-2014q1/bin/../lib/gcc/arm-none-eabi/4.8.3/armv7-m/crtbegin.o
                0x08003118                . = ALIGN (0x4)
 *(.init)
 .init          0x08003118        0x4 c:/users/paco/appdata/local/arduino15/packages/arduino/tools/arm-none-eabi-gcc/4.8.3-2014q1/bin/../lib/gcc/arm-none-eabi/4.8.3/armv7-m/crti.o
                0x08003118                _init
 .init          0x0800311c        0x8 c:/users/paco/appdata/local/arduino15/packages/arduino/tools/arm-none-eabi-gcc/4.8.3-2014q1/bin/../lib/gcc/arm-none-eabi/4.8.3/armv7-m/crtn.o
                0x08003124                . = ALIGN (0x4)
                0x08003124                __preinit_array_start = .
 *(.preinit_array)
                0x08003124                __preinit_array_end = .
                0x08003124                . = ALIGN (0x4)
                0x08003124                __init_array_start = .
 *(SORT(.init_array.*))
 .init_array.00101
                0x08003124        0x4 C:\Users\PACO\AppData\Local\arduino\cores\c04241a99d7925709481fc4dd56bc947\core.a(main.cpp.o)
 *(.init_array)
 .init_array    0x08003128        0x4 c:/users/paco/appdata/local/arduino15/packages/arduino/tools/arm-none-eabi-gcc/4.8.3-2014q1/bin/../lib/gcc/arm-none-eabi/4.8.3/armv7-m/crtbegin.o
 .init_array    0x0800312c        0x4 C:\Users\PACO\AppData\Local\arduino\sketches\C79E046E6768A8778716DFD351D95DD5\sketch\Lavadora.ino.cpp.o
 .init_array    0x08003130        0x4 C:\Users\PACO\AppData\Local\arduino\sketches\C79E046E6768A8778716DFD351D95DD5\core\board.cpp.o
                0x08003134                __init_array_end = .
                0x08003134                . = ALIGN (0x4)
 *crtbegin.o(.ctors)
 *(EXCLUDE_FILE(*crtend.o) .ctors)
 *(SORT(.ctors.*))
 *crtend.o(.ctors)
                0x08003134                . = ALIGN (0x4)
 *(.fini)
 .fini          0x08003134        0x4 c:/users/paco/appdata/local/arduino15/packages/arduino/tools/arm-none-eabi-gcc/4.8.3-2014q1/bin/../lib/gcc/arm-none-eabi/4.8.3/armv7-m/crti.o
                0x08003134                _fini
 .fini          0x08003138        0x8 c:/users/paco/appdata/local/arduino15/packages/arduino/tools/arm-none-eabi-gcc/4.8.3-2014q1/bin/../lib/gcc/arm-none-eabi/4.8.3/armv7-m/crtn.o
                0x08003140                . = ALIGN (0x4)
                0x08003140                __fini_array_start = .
 *(.fini_array)
 .fini_array    0x08003140        0x4 c:/users/paco/appdata/local/arduino15/packages/arduino/tools/arm-none-eabi-gcc/4.8.3-2014q1/bin/../lib/gcc/arm-none-eabi/4.8.3/armv7-m/crtbegin.o
 *(SORT(.fini_array.*))
                0x08003144                __fini_array_end = .
 *crtbegin.o(.dtors)
 *(EXCLUDE_FILE(*crtend.o) .dtors)
 *(SORT(.dtors.*))
 *crtend.o(.dtors)

.v4_bx          0x08003144        0x0
 .v4_bx         0x00000000        0x0 linker stubs

.iplt           0x08003144        0x0
 .iplt          0x00000000        0x0 c:/users/paco/appdata/local/arduino15/packages/arduino/tools/arm-none-eabi-gcc/4.8.3-2014q1/bin/../lib/gcc/arm-none-eabi/4.8.3/armv7-m/crtbegin.o

.text.align     0x08003144        0x4
                0x08003148                . = ALIGN (0x8)
 *fill*         0x08003144        0x4 
                0x08003148                __text_end__ = .
                0x08003148                __exidx_start = .

.ARM.exidx      0x08003148        0x8
 *(.ARM.exidx* .gnu.linkonce.armexidx.*)
 .ARM.exidx     0x08003148        0x8 C:\Users\PACO\AppData\Local\arduino\sketches\C79E046E6768A8778716DFD351D95DD5\core\wirish\start.S.o
 .ARM.exidx     0x08003150        0x0 c:/users/paco/appdata/local/arduino15/packages/arduino/tools/arm-none-eabi-gcc/4.8.3-2014q1/bin/../lib/gcc/arm-none-eabi/4.8.3/armv7-m\libgcc.a(_divdi3.o)
                                  0x8 (size before relaxing)
 .ARM.exidx     0x08003150        0x0 c:/users/paco/appdata/local/arduino15/packages/arduino/tools/arm-none-eabi-gcc/4.8.3-2014q1/bin/../lib/gcc/arm-none-eabi/4.8.3/armv7-m\libgcc.a(_udivdi3.o)
                                  0x8 (size before relaxing)
                0x08003150                __exidx_end = .

.data           0x20000000      0x478 load address 0x08003150
                0x20000000                __data_start__ = .
                0x20000000        0x4 LONG 0x0
                0x20000008                . = ALIGN (0x8)
 *fill*         0x20000004        0x4 
 *(.got.plt)
 *(.got)
 *(.data .data.* .gnu.linkonce.d.*)
 .data.prevEstadoIniciar
                0x20000008        0x1 C:\Users\PACO\AppData\Local\arduino\sketches\C79E046E6768A8778716DFD351D95DD5\sketch\Lavadora.ino.cpp.o
                0x20000008                prevEstadoIniciar
 *fill*         0x20000009        0x3 
 .data.horas    0x2000000c        0x4 C:\Users\PACO\AppData\Local\arduino\sketches\C79E046E6768A8778716DFD351D95DD5\sketch\Lavadora.ino.cpp.o
                0x2000000c                horas
 .data.minutos  0x20000010        0x4 C:\Users\PACO\AppData\Local\arduino\sketches\C79E046E6768A8778716DFD351D95DD5\sketch\Lavadora.ino.cpp.o
                0x20000010                minutos
 .data.prevEstadoEncender
                0x20000014        0x1 C:\Users\PACO\AppData\Local\arduino\sketches\C79E046E6768A8778716DFD351D95DD5\sketch\Lavadora.ino.cpp.o
                0x20000014                prevEstadoEncender
 *fill*         0x20000015        0x3 
 .data._ZN6wirish4privL8pll_dataE
                0x20000018        0x4 C:\Users\PACO\AppData\Local\arduino\sketches\C79E046E6768A8778716DFD351D95DD5\core\wirish\boards_setup.cpp.o
 .data._ZN6wirish4priv9w_adc_smpE
                0x2000001c        0x1 C:\Users\PACO\AppData\Local\arduino\sketches\C79E046E6768A8778716DFD351D95DD5\core\wirish\boards_setup.cpp.o
                0x2000001c                wirish::priv::w_adc_smp
 *fill*         0x2000001d        0x1 
 .data._ZN6wirish4priv9w_adc_preE
                0x2000001e        0x2 C:\Users\PACO\AppData\Local\arduino\sketches\C79E046E6768A8778716DFD351D95DD5\core\wirish\boards_setup.cpp.o
                0x2000001e                wirish::priv::w_adc_pre
 .data._ZN6wirish4priv15w_board_pll_cfgE
                0x20000020        0x8 C:\Users\PACO\AppData\Local\arduino\sketches\C79E046E6768A8778716DFD351D95DD5\core\wirish\boards_setup.cpp.o
                0x20000020                wirish::priv::w_board_pll_cfg
 .data.adc2     0x20000028        0x8 C:\Users\PACO\AppData\Local\arduino\cores\c04241a99d7925709481fc4dd56bc947\core.a(adc_f1.c.o)
                0x20000028                adc2
 .data.adc1     0x20000030       0x18 C:\Users\PACO\AppData\Local\arduino\cores\c04241a99d7925709481fc4dd56bc947\core.a(adc_f1.c.o)
                0x20000030                adc1
 .data.ADC2     0x20000048        0x4 C:\Users\PACO\AppData\Local\arduino\cores\c04241a99d7925709481fc4dd56bc947\core.a(adc_f1.c.o)
                0x20000048                ADC2
 .data.ADC1     0x2000004c        0x4 C:\Users\PACO\AppData\Local\arduino\cores\c04241a99d7925709481fc4dd56bc947\core.a(adc_f1.c.o)
                0x2000004c                ADC1
 .data.dma1     0x20000050       0x40 C:\Users\PACO\AppData\Local\arduino\cores\c04241a99d7925709481fc4dd56bc947\core.a(dma_f1.c.o)
 .data.DMA1     0x20000090        0x4 C:\Users\PACO\AppData\Local\arduino\cores\c04241a99d7925709481fc4dd56bc947\core.a(dma_f1.c.o)
                0x20000090                DMA1
 .data.gpioa    0x20000094        0x8 C:\Users\PACO\AppData\Local\arduino\cores\c04241a99d7925709481fc4dd56bc947\core.a(gpio_f1.c.o)
                0x20000094                gpioa
 .data.gpiob    0x2000009c        0x8 C:\Users\PACO\AppData\Local\arduino\cores\c04241a99d7925709481fc4dd56bc947\core.a(gpio_f1.c.o)
                0x2000009c                gpiob
 .data.gpioc    0x200000a4        0x8 C:\Users\PACO\AppData\Local\arduino\cores\c04241a99d7925709481fc4dd56bc947\core.a(gpio_f1.c.o)
                0x200000a4                gpioc
 .data.gpiod    0x200000ac        0x8 C:\Users\PACO\AppData\Local\arduino\cores\c04241a99d7925709481fc4dd56bc947\core.a(gpio_f1.c.o)
                0x200000ac                gpiod
 .data.i2c1     0x200000b4       0x38 C:\Users\PACO\AppData\Local\arduino\cores\c04241a99d7925709481fc4dd56bc947\core.a(i2c_f1.c.o)
 .data.i2c2     0x200000ec       0x38 C:\Users\PACO\AppData\Local\arduino\cores\c04241a99d7925709481fc4dd56bc947\core.a(i2c_f1.c.o)
 .data.enable_regs.4411
                0x20000124        0xc C:\Users\PACO\AppData\Local\arduino\cores\c04241a99d7925709481fc4dd56bc947\core.a(rcc_f1.c.o)
 .data.reset_regs.4415
                0x20000130        0x8 C:\Users\PACO\AppData\Local\arduino\cores\c04241a99d7925709481fc4dd56bc947\core.a(rcc_f1.c.o)
 .data.enable_regs.4424
                0x20000138        0xc C:\Users\PACO\AppData\Local\arduino\cores\c04241a99d7925709481fc4dd56bc947\core.a(rcc_f1.c.o)
 .data.timer3   0x20000144       0x24 C:\Users\PACO\AppData\Local\arduino\cores\c04241a99d7925709481fc4dd56bc947\core.a(timer.c.o)
                0x20000144                timer3
 .data.timer4   0x20000168       0x24 C:\Users\PACO\AppData\Local\arduino\cores\c04241a99d7925709481fc4dd56bc947\core.a(timer.c.o)
                0x20000168                timer4
 .data.timer1   0x2000018c       0x28 C:\Users\PACO\AppData\Local\arduino\cores\c04241a99d7925709481fc4dd56bc947\core.a(timer.c.o)
                0x2000018c                timer1
 .data.timer2   0x200001b4       0x24 C:\Users\PACO\AppData\Local\arduino\cores\c04241a99d7925709481fc4dd56bc947\core.a(timer.c.o)
                0x200001b4                timer2
 .data.USART1   0x200001d8        0x4 C:\Users\PACO\AppData\Local\arduino\cores\c04241a99d7925709481fc4dd56bc947\core.a(usart_f1.c.o)
                0x200001d8                USART1
 .data.USART2   0x200001dc        0x4 C:\Users\PACO\AppData\Local\arduino\cores\c04241a99d7925709481fc4dd56bc947\core.a(usart_f1.c.o)
                0x200001dc                USART2
 .data.USART3   0x200001e0        0x4 C:\Users\PACO\AppData\Local\arduino\cores\c04241a99d7925709481fc4dd56bc947\core.a(usart_f1.c.o)
                0x200001e0                USART3
 .data.usart1   0x200001e4       0x94 C:\Users\PACO\AppData\Local\arduino\cores\c04241a99d7925709481fc4dd56bc947\core.a(usart_f1.c.o)
 .data.usart2   0x20000278       0x94 C:\Users\PACO\AppData\Local\arduino\cores\c04241a99d7925709481fc4dd56bc947\core.a(usart_f1.c.o)
 .data.usart3   0x2000030c       0x94 C:\Users\PACO\AppData\Local\arduino\cores\c04241a99d7925709481fc4dd56bc947\core.a(usart_f1.c.o)
 .data.USBLIB   0x200003a0        0x4 C:\Users\PACO\AppData\Local\arduino\cores\c04241a99d7925709481fc4dd56bc947\core.a(usb.c.o)
                0x200003a0                USBLIB
 .data.usblib   0x200003a4       0x10 C:\Users\PACO\AppData\Local\arduino\cores\c04241a99d7925709481fc4dd56bc947\core.a(usb.c.o)
 .data.Config_Descriptor
                0x200003b4        0x8 C:\Users\PACO\AppData\Local\arduino\cores\c04241a99d7925709481fc4dd56bc947\core.a(usb_cdcacm.c.o)
 .data.Device_Property
                0x200003bc       0x30 C:\Users\PACO\AppData\Local\arduino\cores\c04241a99d7925709481fc4dd56bc947\core.a(usb_cdcacm.c.o)
                0x200003bc                Device_Property
 .data.String_Descriptor
                0x200003ec       0x18 C:\Users\PACO\AppData\Local\arduino\cores\c04241a99d7925709481fc4dd56bc947\core.a(usb_cdcacm.c.o)
 .data.line_coding
                0x20000404        0x7 C:\Users\PACO\AppData\Local\arduino\cores\c04241a99d7925709481fc4dd56bc947\core.a(usb_cdcacm.c.o)
 *fill*         0x2000040b        0x1 
 .data.Device_Descriptor
                0x2000040c        0x8 C:\Users\PACO\AppData\Local\arduino\cores\c04241a99d7925709481fc4dd56bc947\core.a(usb_cdcacm.c.o)
 .data.Device_Table
                0x20000414        0x2 C:\Users\PACO\AppData\Local\arduino\cores\c04241a99d7925709481fc4dd56bc947\core.a(usb_cdcacm.c.o)
                0x20000414                Device_Table
 *fill*         0x20000416        0x2 
 .data.impure_data
                0x20000418       0x60 c:/users/paco/appdata/local/arduino15/packages/arduino/tools/arm-none-eabi-gcc/4.8.3-2014q1/bin/../lib/gcc/arm-none-eabi/4.8.3/../../../../arm-none-eabi/lib/armv7-m\libc_s.a(lib_a-impure.o)
                0x20000478                . = ALIGN (0x8)
                0x20000478                __data_end__ = .

.jcr            0x20000478        0x0 load address 0x080035c8
 .jcr           0x20000478        0x0 c:/users/paco/appdata/local/arduino15/packages/arduino/tools/arm-none-eabi-gcc/4.8.3-2014q1/bin/../lib/gcc/arm-none-eabi/4.8.3/armv7-m/crtbegin.o

.igot.plt       0x20000478        0x0 load address 0x080035c8
 .igot.plt      0x00000000        0x0 c:/users/paco/appdata/local/arduino15/packages/arduino/tools/arm-none-eabi-gcc/4.8.3-2014q1/bin/../lib/gcc/arm-none-eabi/4.8.3/armv7-m/crtbegin.o

.rodata         0x080035c8      0x488
 *(.rodata .rodata.* .gnu.linkonce.r.*)
 .rodata        0x080035c8       0x16 C:\Users\PACO\AppData\Local\arduino\sketches\C79E046E6768A8778716DFD351D95DD5\sketch\Lavadora.ino.cpp.o
 .rodata._ZL12digitCodeMap
                0x080035de       0x29 C:\Users\PACO\AppData\Local\arduino\sketches\C79E046E6768A8778716DFD351D95DD5\sketch\SevSeg.cpp.o
 *fill*         0x08003607        0x1 
 .rodata._ZL10powersOf10
                0x08003608       0x28 C:\Users\PACO\AppData\Local\arduino\sketches\C79E046E6768A8778716DFD351D95DD5\sketch\SevSeg.cpp.o
 .rodata._ZL10powersOf16
                0x08003630       0x20 C:\Users\PACO\AppData\Local\arduino\sketches\C79E046E6768A8778716DFD351D95DD5\sketch\SevSeg.cpp.o
 .rodata.PIN_MAP
                0x08003650      0x2e0 C:\Users\PACO\AppData\Local\arduino\sketches\C79E046E6768A8778716DFD351D95DD5\core\board.cpp.o
                0x08003650                PIN_MAP
 .rodata._ZTV14HardwareSerial
                0x08003930       0x28 C:\Users\PACO\AppData\Local\arduino\cores\c04241a99d7925709481fc4dd56bc947\core.a(HardwareSerial.cpp.o)
                0x08003930                vtable for HardwareSerial
 .rodata.GPIOB  0x08003958        0x4 C:\Users\PACO\AppData\Local\arduino\cores\c04241a99d7925709481fc4dd56bc947\core.a(gpio_f1.c.o)
                0x08003958                GPIOB
 .rodata.rcc_dev_table
                0x0800395c       0x5c C:\Users\PACO\AppData\Local\arduino\cores\c04241a99d7925709481fc4dd56bc947\core.a(rcc_f1.c.o)
                0x0800395c                rcc_dev_table
 .rodata.masks.4420
                0x080039b8       0x14 C:\Users\PACO\AppData\Local\arduino\cores\c04241a99d7925709481fc4dd56bc947\core.a(rcc_f1.c.o)
 .rodata.usbVcomDescriptor_iProduct
                0x080039cc        0xc C:\Users\PACO\AppData\Local\arduino\cores\c04241a99d7925709481fc4dd56bc947\core.a(usb_cdcacm.c.o)
 .rodata.usbVcomDescriptor_iManufacturer
                0x080039d8       0x12 C:\Users\PACO\AppData\Local\arduino\cores\c04241a99d7925709481fc4dd56bc947\core.a(usb_cdcacm.c.o)
 .rodata.usbVcomDescriptor_Device
                0x080039ea       0x12 C:\Users\PACO\AppData\Local\arduino\cores\c04241a99d7925709481fc4dd56bc947\core.a(usb_cdcacm.c.o)
 .rodata.usbVcomDescriptor_Config
                0x080039fc       0x43 C:\Users\PACO\AppData\Local\arduino\cores\c04241a99d7925709481fc4dd56bc947\core.a(usb_cdcacm.c.o)
 .rodata.usbVcomDescriptor_LangID
                0x08003a3f        0x4 C:\Users\PACO\AppData\Local\arduino\cores\c04241a99d7925709481fc4dd56bc947\core.a(usb_cdcacm.c.o)
 .rodata.str1.1
                0x08003a43        0x2 c:/users/paco/appdata/local/arduino15/packages/arduino/tools/arm-none-eabi-gcc/4.8.3-2014q1/bin/../lib/gcc/arm-none-eabi/4.8.3/../../../../arm-none-eabi/lib/armv7-m\libc_s.a(lib_a-impure.o)
 *fill*         0x08003a45        0x3 
 .rodata._global_impure_ptr
                0x08003a48        0x4 c:/users/paco/appdata/local/arduino15/packages/arduino/tools/arm-none-eabi-gcc/4.8.3-2014q1/bin/../lib/gcc/arm-none-eabi/4.8.3/../../../../arm-none-eabi/lib/armv7-m\libc_s.a(lib_a-impure.o)
                0x08003a48                _global_impure_ptr
 *(.USER_FLASH)
                0x08003a4c                . = ALIGN (0x4)
                0x08003a4c                _lm_rom_img_cfgp = .
                0x08003a4c        0x4 LONG 0x8003150 LOADADDR (.data)
                0x20000680                _lm_heap_start = DEFINED (_lm_heap_start)?_lm_heap_start:_end
                0x20005000                _lm_heap_end = DEFINED (_lm_heap_end)?_lm_heap_end:__msp_init

.rel.dyn        0x08003a50        0x0
 .rel.iplt      0x00000000        0x0 c:/users/paco/appdata/local/arduino15/packages/arduino/tools/arm-none-eabi-gcc/4.8.3-2014q1/bin/../lib/gcc/arm-none-eabi/4.8.3/armv7-m/crtbegin.o

.bss            0x20000478      0x208
                0x20000478                . = ALIGN (0x8)
                0x20000478                __bss_start__ = .
 *(.bss .bss.* .gnu.linkonce.b.*)
 .bss           0x20000478       0x1c c:/users/paco/appdata/local/arduino15/packages/arduino/tools/arm-none-eabi-gcc/4.8.3-2014q1/bin/../lib/gcc/arm-none-eabi/4.8.3/armv7-m/crtbegin.o
 .bss.enMarcha  0x20000494        0x1 C:\Users\PACO\AppData\Local\arduino\sketches\C79E046E6768A8778716DFD351D95DD5\sketch\Lavadora.ino.cpp.o
                0x20000494                enMarcha
 *fill*         0x20000495        0x3 
 .bss.lastUpdateTime
                0x20000498        0x4 C:\Users\PACO\AppData\Local\arduino\sketches\C79E046E6768A8778716DFD351D95DD5\sketch\Lavadora.ino.cpp.o
                0x20000498                lastUpdateTime
 .bss.segundos  0x2000049c        0x4 C:\Users\PACO\AppData\Local\arduino\sketches\C79E046E6768A8778716DFD351D95DD5\sketch\Lavadora.ino.cpp.o
                0x2000049c                segundos
 .bss.displayEncendido
                0x200004a0        0x1 C:\Users\PACO\AppData\Local\arduino\sketches\C79E046E6768A8778716DFD351D95DD5\sketch\Lavadora.ino.cpp.o
                0x200004a0                displayEncendido
 *fill*         0x200004a1        0x3 
 .bss.lastDebounceTimeEncender
                0x200004a4        0x4 C:\Users\PACO\AppData\Local\arduino\sketches\C79E046E6768A8778716DFD351D95DD5\sketch\Lavadora.ino.cpp.o
                0x200004a4                lastDebounceTimeEncender
 .bss.sevseg1   0x200004a8       0x30 C:\Users\PACO\AppData\Local\arduino\sketches\C79E046E6768A8778716DFD351D95DD5\sketch\Lavadora.ino.cpp.o
                0x200004a8                sevseg1
 .bss.sevseg2   0x200004d8       0x30 C:\Users\PACO\AppData\Local\arduino\sketches\C79E046E6768A8778716DFD351D95DD5\sketch\Lavadora.ino.cpp.o
                0x200004d8                sevseg2
 .bss.lastDebounceTimeIniciar
                0x20000508        0x4 C:\Users\PACO\AppData\Local\arduino\sketches\C79E046E6768A8778716DFD351D95DD5\sketch\Lavadora.ino.cpp.o
                0x20000508                lastDebounceTimeIniciar
 .bss.Serial1   0x2000050c       0x18 C:\Users\PACO\AppData\Local\arduino\sketches\C79E046E6768A8778716DFD351D95DD5\core\board.cpp.o
                0x2000050c                Serial1
 .bss.Serial2   0x20000524       0x18 C:\Users\PACO\AppData\Local\arduino\sketches\C79E046E6768A8778716DFD351D95DD5\core\board.cpp.o
                0x20000524                Serial2
 .bss.Serial3   0x2000053c       0x18 C:\Users\PACO\AppData\Local\arduino\sketches\C79E046E6768A8778716DFD351D95DD5\core\board.cpp.o
                0x2000053c                Serial3
 .bss.exti_channels
                0x20000554       0x80 C:\Users\PACO\AppData\Local\arduino\cores\c04241a99d7925709481fc4dd56bc947\core.a(exti.c.o)
                0x20000554                exti_channels
 .bss.systick_user_callback
                0x200005d4        0x4 C:\Users\PACO\AppData\Local\arduino\cores\c04241a99d7925709481fc4dd56bc947\core.a(systick.c.o)
 .bss.usart1_wb
                0x200005d8        0xc C:\Users\PACO\AppData\Local\arduino\cores\c04241a99d7925709481fc4dd56bc947\core.a(usart_f1.c.o)
 .bss.usart1_rb
                0x200005e4        0xc C:\Users\PACO\AppData\Local\arduino\cores\c04241a99d7925709481fc4dd56bc947\core.a(usart_f1.c.o)
 .bss.usart2_rb
                0x200005f0        0xc C:\Users\PACO\AppData\Local\arduino\cores\c04241a99d7925709481fc4dd56bc947\core.a(usart_f1.c.o)
 .bss.usart3_rb
                0x200005fc        0xc C:\Users\PACO\AppData\Local\arduino\cores\c04241a99d7925709481fc4dd56bc947\core.a(usart_f1.c.o)
 .bss.usart2_wb
                0x20000608        0xc C:\Users\PACO\AppData\Local\arduino\cores\c04241a99d7925709481fc4dd56bc947\core.a(usart_f1.c.o)
 .bss.usart3_wb
                0x20000614        0xc C:\Users\PACO\AppData\Local\arduino\cores\c04241a99d7925709481fc4dd56bc947\core.a(usart_f1.c.o)
 .bss.line_dtr_rts
                0x20000620        0x1 C:\Users\PACO\AppData\Local\arduino\cores\c04241a99d7925709481fc4dd56bc947\core.a(usb_cdcacm.c.o)
 *fill*         0x20000621        0x3 
 .bss.tx_head   0x20000624        0x4 C:\Users\PACO\AppData\Local\arduino\cores\c04241a99d7925709481fc4dd56bc947\core.a(usb_cdcacm.c.o)
 .bss.transmitting
                0x20000628        0x1 C:\Users\PACO\AppData\Local\arduino\cores\c04241a99d7925709481fc4dd56bc947\core.a(usb_cdcacm.c.o)
 *fill*         0x20000629        0x3 
 .bss.rx_tail   0x2000062c        0x4 C:\Users\PACO\AppData\Local\arduino\cores\c04241a99d7925709481fc4dd56bc947\core.a(usb_cdcacm.c.o)
 .bss.iface_setup_hook
                0x20000630        0x4 C:\Users\PACO\AppData\Local\arduino\cores\c04241a99d7925709481fc4dd56bc947\core.a(usb_cdcacm.c.o)
 .bss.rx_head   0x20000634        0x4 C:\Users\PACO\AppData\Local\arduino\cores\c04241a99d7925709481fc4dd56bc947\core.a(usb_cdcacm.c.o)
 .bss.tx_tail   0x20000638        0x4 C:\Users\PACO\AppData\Local\arduino\cores\c04241a99d7925709481fc4dd56bc947\core.a(usb_cdcacm.c.o)
 .bss.Data_Mul_MaxPacketSize
                0x2000063c        0x1 C:\Users\PACO\AppData\Local\arduino\cores\c04241a99d7925709481fc4dd56bc947\core.a(usb_core.c.o)
                0x2000063c                Data_Mul_MaxPacketSize
 *(COMMON)
 *fill*         0x2000063d        0x3 
 COMMON         0x20000640        0x4 C:\Users\PACO\AppData\Local\arduino\cores\c04241a99d7925709481fc4dd56bc947\core.a(systick.c.o)
                0x20000640                systick_uptime_millis
 COMMON         0x20000644        0x6 C:\Users\PACO\AppData\Local\arduino\cores\c04241a99d7925709481fc4dd56bc947\core.a(usb.c.o)
                0x20000644                SaveRState
                0x20000646                SaveTState
                0x20000648                ResumeS
 COMMON         0x2000064a        0x2 C:\Users\PACO\AppData\Local\arduino\cores\c04241a99d7925709481fc4dd56bc947\core.a(usb_core.c.o)
                0x2000064a                StatusInfo
 COMMON         0x2000064c       0x32 C:\Users\PACO\AppData\Local\arduino\cores\c04241a99d7925709481fc4dd56bc947\core.a(usb_init.c.o)
                0x2000064c                SaveState
                0x20000650                pProperty
                0x20000654                EPindex
                0x20000658                Device_Info
                0x20000674                pUser_Standard_Requests
                0x20000678                pInformation
                0x2000067c                wInterrupt_Mask
                0x20000680                . = ALIGN (0x8)
 *fill*         0x2000067e        0x2 
                0x20000680                __bss_end__ = .
                0x20000680                _end = __bss_end__

.stab
 *(.stab)

.stabstr
 *(.stabstr)

.debug
 *(.debug)

.line
 *(.line)

.debug_srcinfo
 *(.debug_srcinfo)

.debug_sfnames
 *(.debug_sfnames)

.debug_aranges  0x00000000      0xf80
 *(.debug_aranges)
 .debug_aranges
                0x00000000       0x48 C:\Users\PACO\AppData\Local\arduino\sketches\C79E046E6768A8778716DFD351D95DD5\sketch\Lavadora.ino.cpp.o
 .debug_aranges
                0x00000048       0xa8 C:\Users\PACO\AppData\Local\arduino\sketches\C79E046E6768A8778716DFD351D95DD5\sketch\SevSeg.cpp.o
 .debug_aranges
                0x000000f0       0x28 C:\Users\PACO\AppData\Local\arduino\sketches\C79E046E6768A8778716DFD351D95DD5\core\board.cpp.o
 .debug_aranges
                0x00000118       0x40 C:\Users\PACO\AppData\Local\arduino\sketches\C79E046E6768A8778716DFD351D95DD5\core\wirish\boards.cpp.o
 .debug_aranges
                0x00000158       0x40 C:\Users\PACO\AppData\Local\arduino\sketches\C79E046E6768A8778716DFD351D95DD5\core\wirish\boards_setup.cpp.o
 .debug_aranges
                0x00000198       0x20 C:\Users\PACO\AppData\Local\arduino\sketches\C79E046E6768A8778716DFD351D95DD5\core\wirish\start.S.o
 .debug_aranges
                0x000001b8       0x20 C:\Users\PACO\AppData\Local\arduino\sketches\C79E046E6768A8778716DFD351D95DD5\core\wirish\start_c.c.o
 .debug_aranges
                0x000001d8       0x88 C:\Users\PACO\AppData\Local\arduino\sketches\C79E046E6768A8778716DFD351D95DD5\core\wirish\syscalls.c.o
 .debug_aranges
                0x00000260       0x70 C:\Users\PACO\AppData\Local\arduino\cores\c04241a99d7925709481fc4dd56bc947\core.a(HardwareSerial.cpp.o)
 .debug_aranges
                0x000002d0      0x110 C:\Users\PACO\AppData\Local\arduino\cores\c04241a99d7925709481fc4dd56bc947\core.a(Print.cpp.o)
 .debug_aranges
                0x000003e0       0x28 C:\Users\PACO\AppData\Local\arduino\cores\c04241a99d7925709481fc4dd56bc947\core.a(cxxabi-compat.cpp.o)
 .debug_aranges
                0x00000408       0x38 C:\Users\PACO\AppData\Local\arduino\cores\c04241a99d7925709481fc4dd56bc947\core.a(adc.c.o)
 .debug_aranges
                0x00000440       0x58 C:\Users\PACO\AppData\Local\arduino\cores\c04241a99d7925709481fc4dd56bc947\core.a(adc_f1.c.o)
 .debug_aranges
                0x00000498       0xb0 C:\Users\PACO\AppData\Local\arduino\cores\c04241a99d7925709481fc4dd56bc947\core.a(dma_f1.c.o)
 .debug_aranges
                0x00000548       0x20 C:\Users\PACO\AppData\Local\arduino\cores\c04241a99d7925709481fc4dd56bc947\core.a(exc.S.o)
 .debug_aranges
                0x00000568       0x80 C:\Users\PACO\AppData\Local\arduino\cores\c04241a99d7925709481fc4dd56bc947\core.a(exti.c.o)
 .debug_aranges
                0x000005e8       0x20 C:\Users\PACO\AppData\Local\arduino\cores\c04241a99d7925709481fc4dd56bc947\core.a(exti_f1.c.o)
 .debug_aranges
                0x00000608       0x20 C:\Users\PACO\AppData\Local\arduino\cores\c04241a99d7925709481fc4dd56bc947\core.a(flash.c.o)
 .debug_aranges
                0x00000628       0x48 C:\Users\PACO\AppData\Local\arduino\cores\c04241a99d7925709481fc4dd56bc947\core.a(gpio_f1.c.o)
 .debug_aranges
                0x00000670       0x50 C:\Users\PACO\AppData\Local\arduino\cores\c04241a99d7925709481fc4dd56bc947\core.a(i2c_f1.c.o)
 .debug_aranges
                0x000006c0       0x38 C:\Users\PACO\AppData\Local\arduino\cores\c04241a99d7925709481fc4dd56bc947\core.a(nvic.c.o)
 .debug_aranges
                0x000006f8       0x48 C:\Users\PACO\AppData\Local\arduino\cores\c04241a99d7925709481fc4dd56bc947\core.a(rcc.c.o)
 .debug_aranges
                0x00000740       0x48 C:\Users\PACO\AppData\Local\arduino\cores\c04241a99d7925709481fc4dd56bc947\core.a(rcc_f1.c.o)
 .debug_aranges
                0x00000788       0x20 C:\Users\PACO\AppData\Local\arduino\cores\c04241a99d7925709481fc4dd56bc947\core.a(isrs.S.o)
 .debug_aranges
                0x000007a8       0x40 C:\Users\PACO\AppData\Local\arduino\cores\c04241a99d7925709481fc4dd56bc947\core.a(systick.c.o)
 .debug_aranges
                0x000007e8       0xb0 C:\Users\PACO\AppData\Local\arduino\cores\c04241a99d7925709481fc4dd56bc947\core.a(timer.c.o)
 .debug_aranges
                0x00000898       0x48 C:\Users\PACO\AppData\Local\arduino\cores\c04241a99d7925709481fc4dd56bc947\core.a(usart.c.o)
 .debug_aranges
                0x000008e0       0x50 C:\Users\PACO\AppData\Local\arduino\cores\c04241a99d7925709481fc4dd56bc947\core.a(usart_f1.c.o)
 .debug_aranges
                0x00000930       0x20 C:\Users\PACO\AppData\Local\arduino\cores\c04241a99d7925709481fc4dd56bc947\core.a(usart_private.c.o)
 .debug_aranges
                0x00000950       0x38 C:\Users\PACO\AppData\Local\arduino\cores\c04241a99d7925709481fc4dd56bc947\core.a(usb.c.o)
 .debug_aranges
                0x00000988      0x128 C:\Users\PACO\AppData\Local\arduino\cores\c04241a99d7925709481fc4dd56bc947\core.a(usb_cdcacm.c.o)
 .debug_aranges
                0x00000ab0       0x20 C:\Users\PACO\AppData\Local\arduino\cores\c04241a99d7925709481fc4dd56bc947\core.a(usb_reg_map.c.o)
 .debug_aranges
                0x00000ad0       0x98 C:\Users\PACO\AppData\Local\arduino\cores\c04241a99d7925709481fc4dd56bc947\core.a(usb_core.c.o)
 .debug_aranges
                0x00000b68       0x20 C:\Users\PACO\AppData\Local\arduino\cores\c04241a99d7925709481fc4dd56bc947\core.a(usb_init.c.o)
 .debug_aranges
                0x00000b88       0x28 C:\Users\PACO\AppData\Local\arduino\cores\c04241a99d7925709481fc4dd56bc947\core.a(usb_mem.c.o)
 .debug_aranges
                0x00000bb0      0x1f0 C:\Users\PACO\AppData\Local\arduino\cores\c04241a99d7925709481fc4dd56bc947\core.a(usb_regs.c.o)
 .debug_aranges
                0x00000da0       0x50 C:\Users\PACO\AppData\Local\arduino\cores\c04241a99d7925709481fc4dd56bc947\core.a(util.c.o)
 .debug_aranges
                0x00000df0       0x28 C:\Users\PACO\AppData\Local\arduino\cores\c04241a99d7925709481fc4dd56bc947\core.a(main.cpp.o)
 .debug_aranges
                0x00000e18       0x20 C:\Users\PACO\AppData\Local\arduino\cores\c04241a99d7925709481fc4dd56bc947\core.a(wirish_digital_f1.cpp.o)
 .debug_aranges
                0x00000e38       0x28 C:\Users\PACO\AppData\Local\arduino\cores\c04241a99d7925709481fc4dd56bc947\core.a(wirish_digital.cpp.o)
 .debug_aranges
                0x00000e60       0x30 C:\Users\PACO\AppData\Local\arduino\cores\c04241a99d7925709481fc4dd56bc947\core.a(wirish_time.cpp.o)
 .debug_aranges
                0x00000e90       0x20 C:\Users\PACO\AppData\Local\arduino\cores\c04241a99d7925709481fc4dd56bc947\core.a(hooks.c.o)
 .debug_aranges
                0x00000eb0       0x28 C:\Users\PACO\AppData\Local\arduino\cores\c04241a99d7925709481fc4dd56bc947\core.a(dma.c.o)
 .debug_aranges
                0x00000ed8       0x20 C:\Users\PACO\AppData\Local\arduino\cores\c04241a99d7925709481fc4dd56bc947\core.a(gpio.c.o)
 .debug_aranges
                0x00000ef8       0x88 C:\Users\PACO\AppData\Local\arduino\cores\c04241a99d7925709481fc4dd56bc947\core.a(i2c.c.o)

.debug_pubnames
 *(.debug_pubnames)

.debug_info     0x00000000    0x1e6cc
 *(.debug_info .gnu.linkonce.wi.*)
 .debug_info    0x00000000      0xd49 C:\Users\PACO\AppData\Local\arduino\sketches\C79E046E6768A8778716DFD351D95DD5\sketch\Lavadora.ino.cpp.o
 .debug_info    0x00000d49     0x11a9 C:\Users\PACO\AppData\Local\arduino\sketches\C79E046E6768A8778716DFD351D95DD5\sketch\SevSeg.cpp.o
 .debug_info    0x00001ef2     0x1170 C:\Users\PACO\AppData\Local\arduino\sketches\C79E046E6768A8778716DFD351D95DD5\core\board.cpp.o
 .debug_info    0x00003062     0x1409 C:\Users\PACO\AppData\Local\arduino\sketches\C79E046E6768A8778716DFD351D95DD5\core\wirish\boards.cpp.o
 .debug_info    0x0000446b      0x61e C:\Users\PACO\AppData\Local\arduino\sketches\C79E046E6768A8778716DFD351D95DD5\core\wirish\boards_setup.cpp.o
 .debug_info    0x00004a89       0xd4 C:\Users\PACO\AppData\Local\arduino\sketches\C79E046E6768A8778716DFD351D95DD5\core\wirish\start.S.o
 .debug_info    0x00004b5d      0x176 C:\Users\PACO\AppData\Local\arduino\sketches\C79E046E6768A8778716DFD351D95DD5\core\wirish\start_c.c.o
 .debug_info    0x00004cd3      0x5cd C:\Users\PACO\AppData\Local\arduino\sketches\C79E046E6768A8778716DFD351D95DD5\core\wirish\syscalls.c.o
 .debug_info    0x000052a0     0x29ea C:\Users\PACO\AppData\Local\arduino\cores\c04241a99d7925709481fc4dd56bc947\core.a(HardwareSerial.cpp.o)
 .debug_info    0x00007c8a     0x258c C:\Users\PACO\AppData\Local\arduino\cores\c04241a99d7925709481fc4dd56bc947\core.a(Print.cpp.o)
 .debug_info    0x0000a216      0x526 C:\Users\PACO\AppData\Local\arduino\cores\c04241a99d7925709481fc4dd56bc947\core.a(cxxabi-compat.cpp.o)
 .debug_info    0x0000a73c      0x79a C:\Users\PACO\AppData\Local\arduino\cores\c04241a99d7925709481fc4dd56bc947\core.a(adc.c.o)
 .debug_info    0x0000aed6      0xe4a C:\Users\PACO\AppData\Local\arduino\cores\c04241a99d7925709481fc4dd56bc947\core.a(adc_f1.c.o)
 .debug_info    0x0000bd20     0x18b1 C:\Users\PACO\AppData\Local\arduino\cores\c04241a99d7925709481fc4dd56bc947\core.a(dma_f1.c.o)
 .debug_info    0x0000d5d1       0xc9 C:\Users\PACO\AppData\Local\arduino\cores\c04241a99d7925709481fc4dd56bc947\core.a(exc.S.o)
 .debug_info    0x0000d69a      0xd3c C:\Users\PACO\AppData\Local\arduino\cores\c04241a99d7925709481fc4dd56bc947\core.a(exti.c.o)
 .debug_info    0x0000e3d6      0x213 C:\Users\PACO\AppData\Local\arduino\cores\c04241a99d7925709481fc4dd56bc947\core.a(exti_f1.c.o)
 .debug_info    0x0000e5e9      0x128 C:\Users\PACO\AppData\Local\arduino\cores\c04241a99d7925709481fc4dd56bc947\core.a(flash.c.o)
 .debug_info    0x0000e711      0x715 C:\Users\PACO\AppData\Local\arduino\cores\c04241a99d7925709481fc4dd56bc947\core.a(gpio_f1.c.o)
 .debug_info    0x0000ee26      0xc25 C:\Users\PACO\AppData\Local\arduino\cores\c04241a99d7925709481fc4dd56bc947\core.a(i2c_f1.c.o)
 .debug_info    0x0000fa4b      0x5a2 C:\Users\PACO\AppData\Local\arduino\cores\c04241a99d7925709481fc4dd56bc947\core.a(nvic.c.o)
 .debug_info    0x0000ffed      0x556 C:\Users\PACO\AppData\Local\arduino\cores\c04241a99d7925709481fc4dd56bc947\core.a(rcc.c.o)
 .debug_info    0x00010543      0xb64 C:\Users\PACO\AppData\Local\arduino\cores\c04241a99d7925709481fc4dd56bc947\core.a(rcc_f1.c.o)
 .debug_info    0x000110a7       0xde C:\Users\PACO\AppData\Local\arduino\cores\c04241a99d7925709481fc4dd56bc947\core.a(isrs.S.o)
 .debug_info    0x00011185      0x182 C:\Users\PACO\AppData\Local\arduino\cores\c04241a99d7925709481fc4dd56bc947\core.a(systick.c.o)
 .debug_info    0x00011307     0x197d C:\Users\PACO\AppData\Local\arduino\cores\c04241a99d7925709481fc4dd56bc947\core.a(timer.c.o)
 .debug_info    0x00012c84      0xc32 C:\Users\PACO\AppData\Local\arduino\cores\c04241a99d7925709481fc4dd56bc947\core.a(usart.c.o)
 .debug_info    0x000138b6      0xb89 C:\Users\PACO\AppData\Local\arduino\cores\c04241a99d7925709481fc4dd56bc947\core.a(usart_f1.c.o)
 .debug_info    0x0001443f      0x595 C:\Users\PACO\AppData\Local\arduino\cores\c04241a99d7925709481fc4dd56bc947\core.a(usart_private.c.o)
 .debug_info    0x000149d4      0xd16 C:\Users\PACO\AppData\Local\arduino\cores\c04241a99d7925709481fc4dd56bc947\core.a(usb.c.o)
 .debug_info    0x000156ea     0x22d2 C:\Users\PACO\AppData\Local\arduino\cores\c04241a99d7925709481fc4dd56bc947\core.a(usb_cdcacm.c.o)
 .debug_info    0x000179bc      0x26c C:\Users\PACO\AppData\Local\arduino\cores\c04241a99d7925709481fc4dd56bc947\core.a(usb_reg_map.c.o)
 .debug_info    0x00017c28      0xddf C:\Users\PACO\AppData\Local\arduino\cores\c04241a99d7925709481fc4dd56bc947\core.a(usb_core.c.o)
 .debug_info    0x00018a07      0x3ed C:\Users\PACO\AppData\Local\arduino\cores\c04241a99d7925709481fc4dd56bc947\core.a(usb_init.c.o)
 .debug_info    0x00018df4      0x183 C:\Users\PACO\AppData\Local\arduino\cores\c04241a99d7925709481fc4dd56bc947\core.a(usb_mem.c.o)
 .debug_info    0x00018f77      0xc88 C:\Users\PACO\AppData\Local\arduino\cores\c04241a99d7925709481fc4dd56bc947\core.a(usb_regs.c.o)
 .debug_info    0x00019bff      0xad2 C:\Users\PACO\AppData\Local\arduino\cores\c04241a99d7925709481fc4dd56bc947\core.a(util.c.o)
 .debug_info    0x0001a6d1       0x99 C:\Users\PACO\AppData\Local\arduino\cores\c04241a99d7925709481fc4dd56bc947\core.a(main.cpp.o)
 .debug_info    0x0001a76a      0xc8a C:\Users\PACO\AppData\Local\arduino\cores\c04241a99d7925709481fc4dd56bc947\core.a(wirish_digital_f1.cpp.o)
 .debug_info    0x0001b3f4      0xb0b C:\Users\PACO\AppData\Local\arduino\cores\c04241a99d7925709481fc4dd56bc947\core.a(wirish_digital.cpp.o)
 .debug_info    0x0001beff      0x2be C:\Users\PACO\AppData\Local\arduino\cores\c04241a99d7925709481fc4dd56bc947\core.a(wirish_time.cpp.o)
 .debug_info    0x0001c1bd       0x33 C:\Users\PACO\AppData\Local\arduino\cores\c04241a99d7925709481fc4dd56bc947\core.a(hooks.c.o)
 .debug_info    0x0001c1f0      0x6f7 C:\Users\PACO\AppData\Local\arduino\cores\c04241a99d7925709481fc4dd56bc947\core.a(dma.c.o)
 .debug_info    0x0001c8e7      0x313 C:\Users\PACO\AppData\Local\arduino\cores\c04241a99d7925709481fc4dd56bc947\core.a(gpio.c.o)
 .debug_info    0x0001cbfa     0x1ad2 C:\Users\PACO\AppData\Local\arduino\cores\c04241a99d7925709481fc4dd56bc947\core.a(i2c.c.o)

.debug_abbrev   0x00000000     0x5fcf
 *(.debug_abbrev)
 .debug_abbrev  0x00000000      0x2fa C:\Users\PACO\AppData\Local\arduino\sketches\C79E046E6768A8778716DFD351D95DD5\sketch\Lavadora.ino.cpp.o
 .debug_abbrev  0x000002fa      0x450 C:\Users\PACO\AppData\Local\arduino\sketches\C79E046E6768A8778716DFD351D95DD5\sketch\SevSeg.cpp.o
 .debug_abbrev  0x0000074a      0x275 C:\Users\PACO\AppData\Local\arduino\sketches\C79E046E6768A8778716DFD351D95DD5\core\board.cpp.o
 .debug_abbrev  0x000009bf      0x3dd C:\Users\PACO\AppData\Local\arduino\sketches\C79E046E6768A8778716DFD351D95DD5\core\wirish\boards.cpp.o
 .debug_abbrev  0x00000d9c      0x196 C:\Users\PACO\AppData\Local\arduino\sketches\C79E046E6768A8778716DFD351D95DD5\core\wirish\boards_setup.cpp.o
 .debug_abbrev  0x00000f32       0x14 C:\Users\PACO\AppData\Local\arduino\sketches\C79E046E6768A8778716DFD351D95DD5\core\wirish\start.S.o
 .debug_abbrev  0x00000f46      0x11f C:\Users\PACO\AppData\Local\arduino\sketches\C79E046E6768A8778716DFD351D95DD5\core\wirish\start_c.c.o
 .debug_abbrev  0x00001065      0x17e C:\Users\PACO\AppData\Local\arduino\sketches\C79E046E6768A8778716DFD351D95DD5\core\wirish\syscalls.c.o
 .debug_abbrev  0x000011e3      0x535 C:\Users\PACO\AppData\Local\arduino\cores\c04241a99d7925709481fc4dd56bc947\core.a(HardwareSerial.cpp.o)
 .debug_abbrev  0x00001718      0x414 C:\Users\PACO\AppData\Local\arduino\cores\c04241a99d7925709481fc4dd56bc947\core.a(Print.cpp.o)
 .debug_abbrev  0x00001b2c      0x163 C:\Users\PACO\AppData\Local\arduino\cores\c04241a99d7925709481fc4dd56bc947\core.a(cxxabi-compat.cpp.o)
 .debug_abbrev  0x00001c8f      0x20b C:\Users\PACO\AppData\Local\arduino\cores\c04241a99d7925709481fc4dd56bc947\core.a(adc.c.o)
 .debug_abbrev  0x00001e9a      0x2e6 C:\Users\PACO\AppData\Local\arduino\cores\c04241a99d7925709481fc4dd56bc947\core.a(adc_f1.c.o)
 .debug_abbrev  0x00002180      0x3e9 C:\Users\PACO\AppData\Local\arduino\cores\c04241a99d7925709481fc4dd56bc947\core.a(dma_f1.c.o)
 .debug_abbrev  0x00002569       0x14 C:\Users\PACO\AppData\Local\arduino\cores\c04241a99d7925709481fc4dd56bc947\core.a(exc.S.o)
 .debug_abbrev  0x0000257d      0x286 C:\Users\PACO\AppData\Local\arduino\cores\c04241a99d7925709481fc4dd56bc947\core.a(exti.c.o)
 .debug_abbrev  0x00002803       0xdb C:\Users\PACO\AppData\Local\arduino\cores\c04241a99d7925709481fc4dd56bc947\core.a(exti_f1.c.o)
 .debug_abbrev  0x000028de       0x9f C:\Users\PACO\AppData\Local\arduino\cores\c04241a99d7925709481fc4dd56bc947\core.a(flash.c.o)
 .debug_abbrev  0x0000297d      0x191 C:\Users\PACO\AppData\Local\arduino\cores\c04241a99d7925709481fc4dd56bc947\core.a(gpio_f1.c.o)
 .debug_abbrev  0x00002b0e      0x20b C:\Users\PACO\AppData\Local\arduino\cores\c04241a99d7925709481fc4dd56bc947\core.a(i2c_f1.c.o)
 .debug_abbrev  0x00002d19      0x1ac C:\Users\PACO\AppData\Local\arduino\cores\c04241a99d7925709481fc4dd56bc947\core.a(nvic.c.o)
 .debug_abbrev  0x00002ec5      0x17f C:\Users\PACO\AppData\Local\arduino\cores\c04241a99d7925709481fc4dd56bc947\core.a(rcc.c.o)
 .debug_abbrev  0x00003044      0x28c C:\Users\PACO\AppData\Local\arduino\cores\c04241a99d7925709481fc4dd56bc947\core.a(rcc_f1.c.o)
 .debug_abbrev  0x000032d0       0x14 C:\Users\PACO\AppData\Local\arduino\cores\c04241a99d7925709481fc4dd56bc947\core.a(isrs.S.o)
 .debug_abbrev  0x000032e4      0x10f C:\Users\PACO\AppData\Local\arduino\cores\c04241a99d7925709481fc4dd56bc947\core.a(systick.c.o)
 .debug_abbrev  0x000033f3      0x4c8 C:\Users\PACO\AppData\Local\arduino\cores\c04241a99d7925709481fc4dd56bc947\core.a(timer.c.o)
 .debug_abbrev  0x000038bb      0x2ff C:\Users\PACO\AppData\Local\arduino\cores\c04241a99d7925709481fc4dd56bc947\core.a(usart.c.o)
 .debug_abbrev  0x00003bba      0x2ad C:\Users\PACO\AppData\Local\arduino\cores\c04241a99d7925709481fc4dd56bc947\core.a(usart_f1.c.o)
 .debug_abbrev  0x00003e67      0x144 C:\Users\PACO\AppData\Local\arduino\cores\c04241a99d7925709481fc4dd56bc947\core.a(usart_private.c.o)
 .debug_abbrev  0x00003fab      0x352 C:\Users\PACO\AppData\Local\arduino\cores\c04241a99d7925709481fc4dd56bc947\core.a(usb.c.o)
 .debug_abbrev  0x000042fd      0x47d C:\Users\PACO\AppData\Local\arduino\cores\c04241a99d7925709481fc4dd56bc947\core.a(usb_cdcacm.c.o)
 .debug_abbrev  0x0000477a      0x193 C:\Users\PACO\AppData\Local\arduino\cores\c04241a99d7925709481fc4dd56bc947\core.a(usb_reg_map.c.o)
 .debug_abbrev  0x0000490d      0x3a6 C:\Users\PACO\AppData\Local\arduino\cores\c04241a99d7925709481fc4dd56bc947\core.a(usb_core.c.o)
 .debug_abbrev  0x00004cb3      0x101 C:\Users\PACO\AppData\Local\arduino\cores\c04241a99d7925709481fc4dd56bc947\core.a(usb_init.c.o)
 .debug_abbrev  0x00004db4       0xa6 C:\Users\PACO\AppData\Local\arduino\cores\c04241a99d7925709481fc4dd56bc947\core.a(usb_mem.c.o)
 .debug_abbrev  0x00004e5a      0x1f3 C:\Users\PACO\AppData\Local\arduino\cores\c04241a99d7925709481fc4dd56bc947\core.a(usb_regs.c.o)
 .debug_abbrev  0x0000504d      0x2cb C:\Users\PACO\AppData\Local\arduino\cores\c04241a99d7925709481fc4dd56bc947\core.a(util.c.o)
 .debug_abbrev  0x00005318       0x7b C:\Users\PACO\AppData\Local\arduino\cores\c04241a99d7925709481fc4dd56bc947\core.a(main.cpp.o)
 .debug_abbrev  0x00005393      0x240 C:\Users\PACO\AppData\Local\arduino\cores\c04241a99d7925709481fc4dd56bc947\core.a(wirish_digital_f1.cpp.o)
 .debug_abbrev  0x000055d3      0x17e C:\Users\PACO\AppData\Local\arduino\cores\c04241a99d7925709481fc4dd56bc947\core.a(wirish_digital.cpp.o)
 .debug_abbrev  0x00005751      0x196 C:\Users\PACO\AppData\Local\arduino\cores\c04241a99d7925709481fc4dd56bc947\core.a(wirish_time.cpp.o)
 .debug_abbrev  0x000058e7       0x26 C:\Users\PACO\AppData\Local\arduino\cores\c04241a99d7925709481fc4dd56bc947\core.a(hooks.c.o)
 .debug_abbrev  0x0000590d      0x182 C:\Users\PACO\AppData\Local\arduino\cores\c04241a99d7925709481fc4dd56bc947\core.a(dma.c.o)
 .debug_abbrev  0x00005a8f      0x113 C:\Users\PACO\AppData\Local\arduino\cores\c04241a99d7925709481fc4dd56bc947\core.a(gpio.c.o)
 .debug_abbrev  0x00005ba2      0x42d C:\Users\PACO\AppData\Local\arduino\cores\c04241a99d7925709481fc4dd56bc947\core.a(i2c.c.o)

.debug_line     0x00000000     0xa80b
 *(.debug_line)
 .debug_line    0x00000000      0x4ea C:\Users\PACO\AppData\Local\arduino\sketches\C79E046E6768A8778716DFD351D95DD5\sketch\Lavadora.ino.cpp.o
 .debug_line    0x000004ea      0x6ad C:\Users\PACO\AppData\Local\arduino\sketches\C79E046E6768A8778716DFD351D95DD5\sketch\SevSeg.cpp.o
 .debug_line    0x00000b97      0x462 C:\Users\PACO\AppData\Local\arduino\sketches\C79E046E6768A8778716DFD351D95DD5\core\board.cpp.o
 .debug_line    0x00000ff9      0x4c1 C:\Users\PACO\AppData\Local\arduino\sketches\C79E046E6768A8778716DFD351D95DD5\core\wirish\boards.cpp.o
 .debug_line    0x000014ba      0x3b4 C:\Users\PACO\AppData\Local\arduino\sketches\C79E046E6768A8778716DFD351D95DD5\core\wirish\boards_setup.cpp.o
 .debug_line    0x0000186e       0xaf C:\Users\PACO\AppData\Local\arduino\sketches\C79E046E6768A8778716DFD351D95DD5\core\wirish\start.S.o
 .debug_line    0x0000191d       0xc0 C:\Users\PACO\AppData\Local\arduino\sketches\C79E046E6768A8778716DFD351D95DD5\core\wirish\start_c.c.o
 .debug_line    0x000019dd      0x303 C:\Users\PACO\AppData\Local\arduino\sketches\C79E046E6768A8778716DFD351D95DD5\core\wirish\syscalls.c.o
 .debug_line    0x00001ce0      0x557 C:\Users\PACO\AppData\Local\arduino\cores\c04241a99d7925709481fc4dd56bc947\core.a(HardwareSerial.cpp.o)
 .debug_line    0x00002237      0x5c5 C:\Users\PACO\AppData\Local\arduino\cores\c04241a99d7925709481fc4dd56bc947\core.a(Print.cpp.o)
 .debug_line    0x000027fc      0x269 C:\Users\PACO\AppData\Local\arduino\cores\c04241a99d7925709481fc4dd56bc947\core.a(cxxabi-compat.cpp.o)
 .debug_line    0x00002a65      0x340 C:\Users\PACO\AppData\Local\arduino\cores\c04241a99d7925709481fc4dd56bc947\core.a(adc.c.o)
 .debug_line    0x00002da5      0x3ec C:\Users\PACO\AppData\Local\arduino\cores\c04241a99d7925709481fc4dd56bc947\core.a(adc_f1.c.o)
 .debug_line    0x00003191      0x671 C:\Users\PACO\AppData\Local\arduino\cores\c04241a99d7925709481fc4dd56bc947\core.a(dma_f1.c.o)
 .debug_line    0x00003802       0xb7 C:\Users\PACO\AppData\Local\arduino\cores\c04241a99d7925709481fc4dd56bc947\core.a(exc.S.o)
 .debug_line    0x000038b9      0x419 C:\Users\PACO\AppData\Local\arduino\cores\c04241a99d7925709481fc4dd56bc947\core.a(exti.c.o)
 .debug_line    0x00003cd2      0x342 C:\Users\PACO\AppData\Local\arduino\cores\c04241a99d7925709481fc4dd56bc947\core.a(exti_f1.c.o)
 .debug_line    0x00004014      0x2c2 C:\Users\PACO\AppData\Local\arduino\cores\c04241a99d7925709481fc4dd56bc947\core.a(flash.c.o)
 .debug_line    0x000042d6      0x36b C:\Users\PACO\AppData\Local\arduino\cores\c04241a99d7925709481fc4dd56bc947\core.a(gpio_f1.c.o)
 .debug_line    0x00004641      0x44f C:\Users\PACO\AppData\Local\arduino\cores\c04241a99d7925709481fc4dd56bc947\core.a(i2c_f1.c.o)
 .debug_line    0x00004a90      0x32a C:\Users\PACO\AppData\Local\arduino\cores\c04241a99d7925709481fc4dd56bc947\core.a(nvic.c.o)
 .debug_line    0x00004dba      0x3c3 C:\Users\PACO\AppData\Local\arduino\cores\c04241a99d7925709481fc4dd56bc947\core.a(rcc.c.o)
 .debug_line    0x0000517d      0x410 C:\Users\PACO\AppData\Local\arduino\cores\c04241a99d7925709481fc4dd56bc947\core.a(rcc_f1.c.o)
 .debug_line    0x0000558d       0xb4 C:\Users\PACO\AppData\Local\arduino\cores\c04241a99d7925709481fc4dd56bc947\core.a(isrs.S.o)
 .debug_line    0x00005641      0x294 C:\Users\PACO\AppData\Local\arduino\cores\c04241a99d7925709481fc4dd56bc947\core.a(systick.c.o)
 .debug_line    0x000058d5      0x623 C:\Users\PACO\AppData\Local\arduino\cores\c04241a99d7925709481fc4dd56bc947\core.a(timer.c.o)
 .debug_line    0x00005ef8      0x458 C:\Users\PACO\AppData\Local\arduino\cores\c04241a99d7925709481fc4dd56bc947\core.a(usart.c.o)
 .debug_line    0x00006350      0x460 C:\Users\PACO\AppData\Local\arduino\cores\c04241a99d7925709481fc4dd56bc947\core.a(usart_f1.c.o)
 .debug_line    0x000067b0      0x2fe C:\Users\PACO\AppData\Local\arduino\cores\c04241a99d7925709481fc4dd56bc947\core.a(usart_private.c.o)
 .debug_line    0x00006aae      0x536 C:\Users\PACO\AppData\Local\arduino\cores\c04241a99d7925709481fc4dd56bc947\core.a(usb.c.o)
 .debug_line    0x00006fe4      0x940 C:\Users\PACO\AppData\Local\arduino\cores\c04241a99d7925709481fc4dd56bc947\core.a(usb_cdcacm.c.o)
 .debug_line    0x00007924      0x2f5 C:\Users\PACO\AppData\Local\arduino\cores\c04241a99d7925709481fc4dd56bc947\core.a(usb_reg_map.c.o)
 .debug_line    0x00007c19      0x431 C:\Users\PACO\AppData\Local\arduino\cores\c04241a99d7925709481fc4dd56bc947\core.a(usb_core.c.o)
 .debug_line    0x0000804a      0x146 C:\Users\PACO\AppData\Local\arduino\cores\c04241a99d7925709481fc4dd56bc947\core.a(usb_init.c.o)
 .debug_line    0x00008190      0x180 C:\Users\PACO\AppData\Local\arduino\cores\c04241a99d7925709481fc4dd56bc947\core.a(usb_mem.c.o)
 .debug_line    0x00008310      0x5aa C:\Users\PACO\AppData\Local\arduino\cores\c04241a99d7925709481fc4dd56bc947\core.a(usb_regs.c.o)
 .debug_line    0x000088ba      0x3c6 C:\Users\PACO\AppData\Local\arduino\cores\c04241a99d7925709481fc4dd56bc947\core.a(util.c.o)
 .debug_line    0x00008c80       0xaf C:\Users\PACO\AppData\Local\arduino\cores\c04241a99d7925709481fc4dd56bc947\core.a(main.cpp.o)
 .debug_line    0x00008d2f      0x3f0 C:\Users\PACO\AppData\Local\arduino\cores\c04241a99d7925709481fc4dd56bc947\core.a(wirish_digital_f1.cpp.o)
 .debug_line    0x0000911f      0x374 C:\Users\PACO\AppData\Local\arduino\cores\c04241a99d7925709481fc4dd56bc947\core.a(wirish_digital.cpp.o)
 .debug_line    0x00009493      0x35b C:\Users\PACO\AppData\Local\arduino\cores\c04241a99d7925709481fc4dd56bc947\core.a(wirish_time.cpp.o)
 .debug_line    0x000097ee       0x98 C:\Users\PACO\AppData\Local\arduino\cores\c04241a99d7925709481fc4dd56bc947\core.a(hooks.c.o)
 .debug_line    0x00009886      0x38c C:\Users\PACO\AppData\Local\arduino\cores\c04241a99d7925709481fc4dd56bc947\core.a(dma.c.o)
 .debug_line    0x00009c12      0x2e7 C:\Users\PACO\AppData\Local\arduino\cores\c04241a99d7925709481fc4dd56bc947\core.a(gpio.c.o)
 .debug_line    0x00009ef9      0x912 C:\Users\PACO\AppData\Local\arduino\cores\c04241a99d7925709481fc4dd56bc947\core.a(i2c.c.o)

.debug_frame    0x00000000     0x22b8
 *(.debug_frame)
 .debug_frame   0x00000000       0xb4 C:\Users\PACO\AppData\Local\arduino\sketches\C79E046E6768A8778716DFD351D95DD5\sketch\Lavadora.ino.cpp.o
 .debug_frame   0x000000b4      0x1f0 C:\Users\PACO\AppData\Local\arduino\sketches\C79E046E6768A8778716DFD351D95DD5\sketch\SevSeg.cpp.o
 .debug_frame   0x000002a4       0x40 C:\Users\PACO\AppData\Local\arduino\sketches\C79E046E6768A8778716DFD351D95DD5\core\board.cpp.o
 .debug_frame   0x000002e4       0x84 C:\Users\PACO\AppData\Local\arduino\sketches\C79E046E6768A8778716DFD351D95DD5\core\wirish\boards.cpp.o
 .debug_frame   0x00000368       0x68 C:\Users\PACO\AppData\Local\arduino\sketches\C79E046E6768A8778716DFD351D95DD5\core\wirish\boards_setup.cpp.o
 .debug_frame   0x000003d0       0x28 C:\Users\PACO\AppData\Local\arduino\sketches\C79E046E6768A8778716DFD351D95DD5\core\wirish\start_c.c.o
 .debug_frame   0x000003f8      0x130 C:\Users\PACO\AppData\Local\arduino\sketches\C79E046E6768A8778716DFD351D95DD5\core\wirish\syscalls.c.o
 .debug_frame   0x00000528      0x10c C:\Users\PACO\AppData\Local\arduino\cores\c04241a99d7925709481fc4dd56bc947\core.a(HardwareSerial.cpp.o)
 .debug_frame   0x00000634      0x378 C:\Users\PACO\AppData\Local\arduino\cores\c04241a99d7925709481fc4dd56bc947\core.a(Print.cpp.o)
 .debug_frame   0x000009ac       0x38 C:\Users\PACO\AppData\Local\arduino\cores\c04241a99d7925709481fc4dd56bc947\core.a(cxxabi-compat.cpp.o)
 .debug_frame   0x000009e4       0x64 C:\Users\PACO\AppData\Local\arduino\cores\c04241a99d7925709481fc4dd56bc947\core.a(adc.c.o)
 .debug_frame   0x00000a48       0xb4 C:\Users\PACO\AppData\Local\arduino\cores\c04241a99d7925709481fc4dd56bc947\core.a(adc_f1.c.o)
 .debug_frame   0x00000afc      0x190 C:\Users\PACO\AppData\Local\arduino\cores\c04241a99d7925709481fc4dd56bc947\core.a(dma_f1.c.o)
 .debug_frame   0x00000c8c      0x11c C:\Users\PACO\AppData\Local\arduino\cores\c04241a99d7925709481fc4dd56bc947\core.a(exti.c.o)
 .debug_frame   0x00000da8       0x20 C:\Users\PACO\AppData\Local\arduino\cores\c04241a99d7925709481fc4dd56bc947\core.a(exti_f1.c.o)
 .debug_frame   0x00000dc8       0x20 C:\Users\PACO\AppData\Local\arduino\cores\c04241a99d7925709481fc4dd56bc947\core.a(flash.c.o)
 .debug_frame   0x00000de8       0x8c C:\Users\PACO\AppData\Local\arduino\cores\c04241a99d7925709481fc4dd56bc947\core.a(gpio_f1.c.o)
 .debug_frame   0x00000e74       0x94 C:\Users\PACO\AppData\Local\arduino\cores\c04241a99d7925709481fc4dd56bc947\core.a(i2c_f1.c.o)