Archive member included because of file (symbol)

C:\Users\PACO\AppData\Local\arduino\cores\c04241a99d7925709481fc4dd56bc947\core.a(HardwareSerial.cpp.o)
                              C:\Users\PACO\AppData\Local\arduino\sketches\76960071FE62D9CFF8F72A1F29F76893\core\board.cpp.o (HardwareSerial::HardwareSerial(usart_dev*, unsigned char, unsigned char))
C:\Users\PACO\AppData\Local\arduino\cores\c04241a99d7925709481fc4dd56bc947\core.a(Print.cpp.o)
                              C:\Users\PACO\AppData\Local\arduino\cores\c04241a99d7925709481fc4dd56bc947\core.a(HardwareSerial.cpp.o) (Print::write(void const*, unsigned long))
C:\Users\PACO\AppData\Local\arduino\cores\c04241a99d7925709481fc4dd56bc947\core.a(cxxabi-compat.cpp.o)
                              C:\Users\PACO\AppData\Local\arduino\cores\c04241a99d7925709481fc4dd56bc947\core.a(HardwareSerial.cpp.o) (__cxa_pure_virtual)
C:\Users\PACO\AppData\Local\arduino\cores\c04241a99d7925709481fc4dd56bc947\core.a(adc.c.o)
                              C:\Users\PACO\AppData\Local\arduino\sketches\76960071FE62D9CFF8F72A1F29F76893\core\wirish\boards.cpp.o (adc_set_sample_rate)
C:\Users\PACO\AppData\Local\arduino\cores\c04241a99d7925709481fc4dd56bc947\core.a(adc_f1.c.o)
                              (__irq_adc)
C:\Users\PACO\AppData\Local\arduino\cores\c04241a99d7925709481fc4dd56bc947\core.a(dma_f1.c.o)
                              (__irq_dma1_channel1)
C:\Users\PACO\AppData\Local\arduino\cores\c04241a99d7925709481fc4dd56bc947\core.a(exc.S.o)
                              (__exc_nmi)
C:\Users\PACO\AppData\Local\arduino\cores\c04241a99d7925709481fc4dd56bc947\core.a(exti.c.o)
                              (__irq_exti0)
C:\Users\PACO\AppData\Local\arduino\cores\c04241a99d7925709481fc4dd56bc947\core.a(exti_f1.c.o)
                              C:\Users\PACO\AppData\Local\arduino\cores\c04241a99d7925709481fc4dd56bc947\core.a(exti.c.o) (exti_select)
C:\Users\PACO\AppData\Local\arduino\cores\c04241a99d7925709481fc4dd56bc947\core.a(flash.c.o)
                              C:\Users\PACO\AppData\Local\arduino\sketches\76960071FE62D9CFF8F72A1F29F76893\core\wirish\boards.cpp.o (flash_set_latency)
C:\Users\PACO\AppData\Local\arduino\cores\c04241a99d7925709481fc4dd56bc947\core.a(gpio_f1.c.o)
                              C:\Users\PACO\AppData\Local\arduino\sketches\76960071FE62D9CFF8F72A1F29F76893\core\wirish\boards_setup.cpp.o (gpio_init_all)
C:\Users\PACO\AppData\Local\arduino\cores\c04241a99d7925709481fc4dd56bc947\core.a(i2c_f1.c.o)
                              (__irq_i2c1_ev)
C:\Users\PACO\AppData\Local\arduino\cores\c04241a99d7925709481fc4dd56bc947\core.a(nvic.c.o)
                              C:\Users\PACO\AppData\Local\arduino\cores\c04241a99d7925709481fc4dd56bc947\core.a(i2c_f1.c.o) (nvic_irq_set_priority)
C:\Users\PACO\AppData\Local\arduino\cores\c04241a99d7925709481fc4dd56bc947\core.a(rcc.c.o)
                              C:\Users\PACO\AppData\Local\arduino\sketches\76960071FE62D9CFF8F72A1F29F76893\core\wirish\boards.cpp.o (rcc_switch_sysclk)
C:\Users\PACO\AppData\Local\arduino\cores\c04241a99d7925709481fc4dd56bc947\core.a(rcc_f1.c.o)
                              C:\Users\PACO\AppData\Local\arduino\sketches\76960071FE62D9CFF8F72A1F29F76893\core\wirish\boards.cpp.o (rcc_configure_pll)
C:\Users\PACO\AppData\Local\arduino\cores\c04241a99d7925709481fc4dd56bc947\core.a(isrs.S.o)
                              (__stm32reservedexception7)
C:\Users\PACO\AppData\Local\arduino\cores\c04241a99d7925709481fc4dd56bc947\core.a(vector_table.S.o)
                              (__stm32_vector_table)
C:\Users\PACO\AppData\Local\arduino\cores\c04241a99d7925709481fc4dd56bc947\core.a(systick.c.o)
                              C:\Users\PACO\AppData\Local\arduino\sketches\76960071FE62D9CFF8F72A1F29F76893\core\wirish\boards.cpp.o (systick_init)
C:\Users\PACO\AppData\Local\arduino\cores\c04241a99d7925709481fc4dd56bc947\core.a(timer.c.o)
                              C:\Users\PACO\AppData\Local\arduino\sketches\76960071FE62D9CFF8F72A1F29F76893\core\wirish\boards.cpp.o (timer_foreach)
C:\Users\PACO\AppData\Local\arduino\cores\c04241a99d7925709481fc4dd56bc947\core.a(usart.c.o)
                              C:\Users\PACO\AppData\Local\arduino\cores\c04241a99d7925709481fc4dd56bc947\core.a(HardwareSerial.cpp.o) (usart_init)
C:\Users\PACO\AppData\Local\arduino\cores\c04241a99d7925709481fc4dd56bc947\core.a(usart_f1.c.o)
                              C:\Users\PACO\AppData\Local\arduino\cores\c04241a99d7925709481fc4dd56bc947\core.a(HardwareSerial.cpp.o) (usart_config_gpios_async)
C:\Users\PACO\AppData\Local\arduino\cores\c04241a99d7925709481fc4dd56bc947\core.a(usart_private.c.o)
                              C:\Users\PACO\AppData\Local\arduino\cores\c04241a99d7925709481fc4dd56bc947\core.a(usart_f1.c.o) (_usart_clock_freq)
C:\Users\PACO\AppData\Local\arduino\cores\c04241a99d7925709481fc4dd56bc947\core.a(usb.c.o)
                              (__irq_usb_lp_can_rx0)
[...]
Memory Configuration

Name             Origin             Length             Attributes
ram              0x20000000         0x00005000         xrw
rom              0x08000000         0x00020000         xr
*default*        0x00000000         0xffffffff

Linker script and memory map

LOAD c:/users/paco/appdata/local/arduino15/packages/arduino/tools/arm-none-eabi-gcc/4.8.3-2014q1/bin/../lib/gcc/arm-none-eabi/4.8.3/armv7-m/crti.o
LOAD c:/users/paco/appdata/local/arduino15/packages/arduino/tools/arm-none-eabi-gcc/4.8.3-2014q1/bin/../lib/gcc/arm-none-eabi/4.8.3/armv7-m/crtbegin.o
LOAD c:/users/paco/appdata/local/arduino15/packages/arduino/tools/arm-none-eabi-gcc/4.8.3-2014q1/bin/../lib/gcc/arm-none-eabi/4.8.3/../../../../arm-none-eabi/lib/armv7-m/crt0.o
LOAD c:/users/paco/appdata/local/arduino15/packages/arduino/tools/arm-none-eabi-gcc/4.8.3-2014q1/bin/../lib/gcc/arm-none-eabi/4.8.3/armv7-m\libgcc.a
START GROUP
LOAD C:\Users\PACO\AppData\Local\arduino\sketches\76960071FE62D9CFF8F72A1F29F76893\sketch\Lavadora.ino.cpp.o
LOAD C:\Users\PACO\AppData\Local\arduino\sketches\76960071FE62D9CFF8F72A1F29F76893\sketch\SevSeg.cpp.o
LOAD C:\Users\PACO\AppData\Local\arduino\sketches\76960071FE62D9CFF8F72A1F29F76893\core\board.cpp.o
LOAD C:\Users\PACO\AppData\Local\arduino\sketches\76960071FE62D9CFF8F72A1F29F76893\core\wirish\boards.cpp.o
LOAD C:\Users\PACO\AppData\Local\arduino\sketches\76960071FE62D9CFF8F72A1F29F76893\core\wirish\boards_setup.cpp.o
LOAD C:\Users\PACO\AppData\Local\arduino\sketches\76960071FE62D9CFF8F72A1F29F76893\core\wirish\start.S.o
LOAD C:\Users\PACO\AppData\Local\arduino\sketches\76960071FE62D9CFF8F72A1F29F76893\core\wirish\start_c.c.o
LOAD C:\Users\PACO\AppData\Local\arduino\sketches\76960071FE62D9CFF8F72A1F29F76893\core\wirish\syscalls.c.o
LOAD C:\Users\PACO\AppData\Local\arduino\cores\c04241a99d7925709481fc4dd56bc947\core.a
END GROUP
LOAD c:/users/paco/appdata/local/arduino15/packages/arduino/tools/arm-none-eabi-gcc/4.8.3-2014q1/bin/../lib/gcc/arm-none-eabi/4.8.3/../../../../arm-none-eabi/lib/armv7-m\libstdc++_s.a
LOAD c:/users/paco/appdata/local/arduino15/packages/arduino/tools/arm-none-eabi-gcc/4.8.3-2014q1/bin/../lib/gcc/arm-none-eabi/4.8.3/../../../../arm-none-eabi/lib/armv7-m\libm.a
START GROUP
LOAD c:/users/paco/appdata/local/arduino15/packages/arduino/tools/arm-none-eabi-gcc/4.8.3-2014q1/bin/../lib/gcc/arm-none-eabi/4.8.3/armv7-m\libgcc.a
LOAD c:/users/paco/appdata/local/arduino15/packages/arduino/tools/arm-none-eabi-gcc/4.8.3-2014q1/bin/../lib/gcc/arm-none-eabi/4.8.3/../../../../arm-none-eabi/lib/armv7-m\libc_s.a
END GROUP
START GROUP
LOAD c:/users/paco/appdata/local/arduino15/packages/arduino/tools/arm-none-eabi-gcc/4.8.3-2014q1/bin/../lib/gcc/arm-none-eabi/4.8.3/armv7-m\libgcc.a
LOAD c:/users/paco/appdata/local/arduino15/packages/arduino/tools/arm-none-eabi-gcc/4.8.3-2014q1/bin/../lib/gcc/arm-none-eabi/4.8.3/../../../../arm-none-eabi/lib/armv7-m\libc_s.a
END GROUP
LOAD c:/users/paco/appdata/local/arduino15/packages/arduino/tools/arm-none-eabi-gcc/4.8.3-2014q1/bin/../lib/gcc/arm-none-eabi/4.8.3/armv7-m/crtend.o
LOAD c:/users/paco/appdata/local/arduino15/packages/arduino/tools/arm-none-eabi-gcc/4.8.3-2014q1/bin/../lib/gcc/arm-none-eabi/4.8.3/armv7-m/crtn.o
START GROUP
LOAD c:/users/paco/appdata/local/arduino15/packages/arduino/tools/arm-none-eabi-gcc/4.8.3-2014q1/bin/../lib/gcc/arm-none-eabi/4.8.3/armv7-m\libgcc.a
LOAD c:/users/paco/appdata/local/arduino15/packages/arduino/tools/arm-none-eabi-gcc/4.8.3-2014q1/bin/../lib/gcc/arm-none-eabi/4.8.3/../../../../arm-none-eabi/lib/armv7-m\libc.a
LOAD c:/users/paco/appdata/local/arduino15/packages/arduino/tools/arm-none-eabi-gcc/4.8.3-2014q1/bin/../lib/gcc/arm-none-eabi/4.8.3/../../../../arm-none-eabi/lib/armv7-m\libm.a
END GROUP
START GROUP
LOAD c:/users/paco/appdata/local/arduino15/packages/arduino/tools/arm-none-eabi-gcc/4.8.3-2014q1/bin/../lib/gcc/arm-none-eabi/4.8.3/../../../../arm-none-eabi/lib/armv7-m\libnosys.a
END GROUP
                0x20005000                PROVIDE (__msp_init, (ORIGIN (ram) + 0x5000))
                0x08000db0                PROVIDE (__exc_reset, __start__)

.text           0x08000000     0x3494
                0x08000000                __text_start__ = .
 *(.stm32.interrupt_vector)
 .stm32.interrupt_vector
                0x08000000       0xec C:\Users\PACO\AppData\Local\arduino\cores\c04241a99d7925709481fc4dd56bc947\core.a(vector_table.S.o)
                0x08000000                __stm32_vector_table
 *(.text .text.* .gnu.linkonce.t.*)
 .text          0x080000ec       0x54 c:/users/paco/appdata/local/arduino15/packages/arduino/tools/arm-none-eabi-gcc/4.8.3-2014q1/bin/../lib/gcc/arm-none-eabi/4.8.3/armv7-m/crtbegin.o
 .text._Z5setupv
                0x08000140      0x22c C:\Users\PACO\AppData\Local\arduino\sketches\76960071FE62D9CFF8F72A1F29F76893\sketch\Lavadora.ino.cpp.o
                0x08000140                setup()
 .text._Z8debounceiRbRm
                0x0800036c       0x38 C:\Users\PACO\AppData\Local\arduino\sketches\76960071FE62D9CFF8F72A1F29F76893\sketch\Lavadora.ino.cpp.o
                0x0800036c                debounce(int, bool&, unsigned long&)
 .text._Z10apagarTodov
                0x080003a4       0x68 C:\Users\PACO\AppData\Local\arduino\sketches\76960071FE62D9CFF8F72A1F29F76893\sketch\Lavadora.ino.cpp.o
                0x080003a4                apagarTodo()
 .text._Z20manejarBotonEncenderv
                0x0800040c       0x38 C:\Users\PACO\AppData\Local\arduino\sketches\76960071FE62D9CFF8F72A1F29F76893\sketch\Lavadora.ino.cpp.o
                0x0800040c                manejarBotonEncender()
 .text._Z20configurarTipoLavadoi
                0x08000444       0x64 C:\Users\PACO\AppData\Local\arduino\sketches\76960071FE62D9CFF8F72A1F29F76893\sketch\Lavadora.ino.cpp.o
                0x08000444                configurarTipoLavado(int)
 .text._Z22configurarCantidadRopai
                0x080004a8       0x54 C:\Users\PACO\AppData\Local\arduino\sketches\76960071FE62D9CFF8F72A1F29F76893\sketch\Lavadora.ino.cpp.o
                0x080004a8                configurarCantidadRopa(int)
 .text._Z14manejarBotonesv
                0x080004fc       0xac C:\Users\PACO\AppData\Local\arduino\sketches\76960071FE62D9CFF8F72A1F29F76893\sketch\Lavadora.ino.cpp.o
                0x080004fc                manejarBotones()
 .text._Z13mostrarTiempov
                0x080005a8       0x34 C:\Users\PACO\AppData\Local\arduino\sketches\76960071FE62D9CFF8F72A1F29F76893\sketch\Lavadora.ino.cpp.o
                0x080005a8                mostrarTiempo()
 .text._Z22actualizarTemporizadorv
                0x080005dc       0xa0 C:\Users\PACO\AppData\Local\arduino\sketches\76960071FE62D9CFF8F72A1F29F76893\sketch\Lavadora.ino.cpp.o
                0x080005dc                actualizarTemporizador()
 .text._Z4loopv
                0x0800067c       0x28 C:\Users\PACO\AppData\Local\arduino\sketches\76960071FE62D9CFF8F72A1F29F76893\sketch\Lavadora.ino.cpp.o
                0x0800067c                loop()
 .text.startup._GLOBAL__sub_I_sevseg1
                0x080006a4        0xc C:\Users\PACO\AppData\Local\arduino\sketches\76960071FE62D9CFF8F72A1F29F76893\sketch\Lavadora.ino.cpp.o
 .text._ZN6SevSegC2Ev
                0x080006b0       0x1a C:\Users\PACO\AppData\Local\arduino\sketches\76960071FE62D9CFF8F72A1F29F76893\sketch\SevSeg.cpp.o
                0x080006b0                SevSeg::SevSeg()
                0x080006b0                SevSeg::SevSeg()
 .text._ZN6SevSeg9segmentOnEh
                0x080006ca       0x34 C:\Users\PACO\AppData\Local\arduino\sketches\76960071FE62D9CFF8F72A1F29F76893\sketch\SevSeg.cpp.o
                0x080006ca                SevSeg::segmentOn(unsigned char)
 .text._ZN6SevSeg10segmentOffEh
                0x080006fe       0x2e C:\Users\PACO\AppData\Local\arduino\sketches\76960071FE62D9CFF8F72A1F29F76893\sketch\SevSeg.cpp.o
                0x080006fe                SevSeg::segmentOff(unsigned char)
 .text._ZN6SevSeg7digitOnEh
                0x0800072c       0x30 C:\Users\PACO\AppData\Local\arduino\sketches\76960071FE62D9CFF8F72A1F29F76893\sketch\SevSeg.cpp.o
                0x0800072c                SevSeg::digitOn(unsigned char)
 .text._ZN6SevSeg8digitOffEh
                0x0800075c       0x2e C:\Users\PACO\AppData\Local\arduino\sketches\76960071FE62D9CFF8F72A1F29F76893\sketch\SevSeg.cpp.o
                0x0800075c                SevSeg::digitOff(unsigned char)
 *fill*         0x0800078a        0x2 
 .text._ZN6SevSeg14refreshDisplayEv
                0x0800078c      0x11c C:\Users\PACO\AppData\Local\arduino\sketches\76960071FE62D9CFF8F72A1F29F76893\sketch\SevSeg.cpp.o
                0x0800078c                SevSeg::refreshDisplay()
 .text._ZN6SevSeg13setBrightnessEs
                0x080008a8       0x54 C:\Users\PACO\AppData\Local\arduino\sketches\76960071FE62D9CFF8F72A1F29F76893\sketch\SevSeg.cpp.o
                0x080008a8                SevSeg::setBrightness(short)
 .text._ZN6SevSeg8setCharsEPKc
                0x080008fc       0xa4 C:\Users\PACO\AppData\Local\arduino\sketches\76960071FE62D9CFF8F72A1F29F76893\sketch\SevSeg.cpp.o
                0x080008fc                SevSeg::setChars(char const*)
 .text._ZN6SevSeg5blankEv
                0x080009a0       0x2c C:\Users\PACO\AppData\Local\arduino\sketches\76960071FE62D9CFF8F72A1F29F76893\sketch\SevSeg.cpp.o
                0x080009a0                SevSeg::blank()
 .text._ZN6SevSeg5beginEhhPKhS1_bbbb
                0x080009cc       0xdc C:\Users\PACO\AppData\Local\arduino\sketches\76960071FE62D9CFF8F72A1F29F76893\sketch\SevSeg.cpp.o
                0x080009cc                SevSeg::begin(unsigned char, unsigned char, unsigned char const*, unsigned char const*, bool, bool, bool, bool)
 .text._ZN6SevSeg10findDigitsElabPh
                0x08000aa8       0xa4 C:\Users\PACO\AppData\Local\arduino\sketches\76960071FE62D9CFF8F72A1F29F76893\sketch\SevSeg.cpp.o
                0x08000aa8                SevSeg::findDigits(long, signed char, bool, unsigned char*)
 .text._ZN6SevSeg13setDigitCodesEPKha
                0x08000b4c       0x34 C:\Users\PACO\AppData\Local\arduino\sketches\76960071FE62D9CFF8F72A1F29F76893\sketch\SevSeg.cpp.o
                0x08000b4c                SevSeg::setDigitCodes(unsigned char const*, signed char)
 .text._ZN6SevSeg9setNewNumElab
                0x08000b80       0x1c C:\Users\PACO\AppData\Local\arduino\sketches\76960071FE62D9CFF8F72A1F29F76893\sketch\SevSeg.cpp.o
                0x08000b80                SevSeg::setNewNum(long, signed char, bool)
 .text._ZN6SevSeg9setNumberElab
                0x08000b9c        0x4 C:\Users\PACO\AppData\Local\arduino\sketches\76960071FE62D9CFF8F72A1F29F76893\sketch\SevSeg.cpp.o
                0x08000b9c                SevSeg::setNumber(long, signed char, bool)
 .text._Z9boardInitv
                0x08000ba0       0x30 C:\Users\PACO\AppData\Local\arduino\sketches\76960071FE62D9CFF8F72A1F29F76893\core\board.cpp.o
                0x08000ba0                boardInit()
 .text.startup._GLOBAL__sub_I__Z9boardInitv
                0x08000bd0       0x48 C:\Users\PACO\AppData\Local\arduino\sketches\76960071FE62D9CFF8F72A1F29F76893\core\board.cpp.o
 .text._ZL18adc_default_configP7adc_dev
                0x08000c18       0x1c C:\Users\PACO\AppData\Local\arduino\sketches\76960071FE62D9CFF8F72A1F29F76893\core\wirish\boards.cpp.o
 .text._ZL20timer_default_configP9timer_dev
                0x08000c34       0x9e C:\Users\PACO\AppData\Local\arduino\sketches\76960071FE62D9CFF8F72A1F29F76893\core\wirish\boards.cpp.o
 *fill*         0x08000cd2        0x2 
 .text._Z4initv
                0x08000cd4       0xa8 C:\Users\PACO\AppData\Local\arduino\sketches\76960071FE62D9CFF8F72A1F29F76893\core\wirish\boards.cpp.o
                0x08000cd4                init()
 .text._ZN6wirish4priv15board_reset_pllEv
                0x08000d7c        0x2 C:\Users\PACO\AppData\Local\arduino\sketches\76960071FE62D9CFF8F72A1F29F76893\core\wirish\boards_setup.cpp.o
                0x08000d7c                wirish::priv::board_reset_pll()
 .text._ZN6wirish4priv28board_setup_clock_prescalersEv
                0x08000d7e       0x26 C:\Users\PACO\AppData\Local\arduino\sketches\76960071FE62D9CFF8F72A1F29F76893\core\wirish\boards_setup.cpp.o
                0x08000d7e                wirish::priv::board_setup_clock_prescalers()
 .text._ZN6wirish4priv16board_setup_gpioEv
                0x08000da4        0x4 C:\Users\PACO\AppData\Local\arduino\sketches\76960071FE62D9CFF8F72A1F29F76893\core\wirish\boards_setup.cpp.o
                0x08000da4                wirish::priv::board_setup_gpio()
 .text._ZN6wirish4priv15board_setup_usbEv
                0x08000da8        0x2 C:\Users\PACO\AppData\Local\arduino\sketches\76960071FE62D9CFF8F72A1F29F76893\core\wirish\boards_setup.cpp.o
                0x08000da8                wirish::priv::board_setup_usb()
 .text._ZN6wirish4priv11series_initEv
                0x08000daa        0x4 C:\Users\PACO\AppData\Local\arduino\sketches\76960071FE62D9CFF8F72A1F29F76893\core\wirish\boards_setup.cpp.o
                0x08000daa                wirish::priv::series_init()
 *fill*         0x08000dae        0x2 
 .text          0x08000db0       0x10 C:\Users\PACO\AppData\Local\arduino\sketches\76960071FE62D9CFF8F72A1F29F76893\core\wirish\start.S.o
                0x08000db0                __start__
 .text.start_c  0x08000dc0       0x64 C:\Users\PACO\AppData\Local\arduino\sketches\76960071FE62D9CFF8F72A1F29F76893\core\wirish\start_c.c.o
                0x08000dc0                start_c
 .text._exit    0x08000e24        0x2 C:\Users\PACO\AppData\Local\arduino\sketches\76960071FE62D9CFF8F72A1F29F76893\core\wirish\syscalls.c.o
                0x08000e24                _exit
 .text.rb_full_count
                0x08000e26       0x22 C:\Users\PACO\AppData\Local\arduino\cores\c04241a99d7925709481fc4dd56bc947\core.a(HardwareSerial.cpp.o)
 .text._ZN14HardwareSerial4readEv
                0x08000e48       0x3a C:\Users\PACO\AppData\Local\arduino\cores\c04241a99d7925709481fc4dd56bc947\core.a(HardwareSerial.cpp.o)
                0x08000e48                HardwareSerial::read()
 .text._ZN14HardwareSerial9availableEv
                0x08000e82        0xc C:\Users\PACO\AppData\Local\arduino\cores\c04241a99d7925709481fc4dd56bc947\core.a(HardwareSerial.cpp.o)
                0x08000e82                HardwareSerial::available()
 .text._ZN14HardwareSerial4peekEv
                0x08000e8e       0x22 C:\Users\PACO\AppData\Local\arduino\cores\c04241a99d7925709481fc4dd56bc947\core.a(HardwareSerial.cpp.o)
                0x08000e8e                HardwareSerial::peek()
 .text._ZN14HardwareSerial5flushEv
                0x08000eb0       0x1a C:\Users\PACO\AppData\Local\arduino\cores\c04241a99d7925709481fc4dd56bc947\core.a(HardwareSerial.cpp.o)
                0x08000eb0                HardwareSerial::flush()
 .text._ZN14HardwareSerial5writeEh
                0x08000eca       0x1e C:\Users\PACO\AppData\Local\arduino\cores\c04241a99d7925709481fc4dd56bc947\core.a(HardwareSerial.cpp.o)
                0x08000eca                HardwareSerial::write(unsigned char)
 .text._ZN14HardwareSerialC2EP9usart_devhh
                0x08000ee8       0x1c C:\Users\PACO\AppData\Local\arduino\cores\c04241a99d7925709481fc4dd56bc947\core.a(HardwareSerial.cpp.o)
                0x08000ee8                HardwareSerial::HardwareSerial(usart_dev*, unsigned char, unsigned char)
                0x08000ee8                HardwareSerial::HardwareSerial(usart_dev*, unsigned char, unsigned char)
 .text._ZN5Print5writeEPKvm
                0x08000f04       0x20 C:\Users\PACO\AppData\Local\arduino\cores\c04241a99d7925709481fc4dd56bc947\core.a(Print.cpp.o)
                0x08000f04                Print::write(void const*, unsigned long)
 .text._ZN5Print5writeEPKc
                0x08000f24       0x1e C:\Users\PACO\AppData\Local\arduino\cores\c04241a99d7925709481fc4dd56bc947\core.a(Print.cpp.o)
                0x08000f24                Print::write(char const*)
 .text.adc_init
                0x08000f42       0x14 C:\Users\PACO\AppData\Local\arduino\cores\c04241a99d7925709481fc4dd56bc947\core.a(adc.c.o)
                0x08000f42                adc_init
 .text.adc_set_extsel
                0x08000f56       0x12 C:\Users\PACO\AppData\Local\arduino\cores\c04241a99d7925709481fc4dd56bc947\core.a(adc.c.o)
                0x08000f56                adc_set_extsel
 .text.adc_set_sample_rate
                0x08000f68       0x30 C:\Users\PACO\AppData\Local\arduino\cores\c04241a99d7925709481fc4dd56bc947\core.a(adc.c.o)
                0x08000f68                adc_set_sample_rate
 .text.__irq_adc
                0x08000f98       0x50 C:\Users\PACO\AppData\Local\arduino\cores\c04241a99d7925709481fc4dd56bc947\core.a(adc_f1.c.o)
                0x08000f98                __irq_adc
 .text.adc_calibrate
                0x08000fe8       0x24 C:\Users\PACO\AppData\Local\arduino\cores\c04241a99d7925709481fc4dd56bc947\core.a(adc_f1.c.o)
                0x08000fe8                adc_calibrate
 .text.adc_set_prescaler
                0x0800100c        0x8 C:\Users\PACO\AppData\Local\arduino\cores\c04241a99d7925709481fc4dd56bc947\core.a(adc_f1.c.o)
                0x0800100c                adc_set_prescaler
 .text.adc_foreach
                0x08001014       0x1c C:\Users\PACO\AppData\Local\arduino\cores\c04241a99d7925709481fc4dd56bc947\core.a(adc_f1.c.o)
                0x08001014                adc_foreach
 .text.adc_enable_single_swstart
                0x08001030       0x36 C:\Users\PACO\AppData\Local\arduino\cores\c04241a99d7925709481fc4dd56bc947\core.a(adc_f1.c.o)
                0x08001030                adc_enable_single_swstart
 .text.dma_irq_handler
                0x08001066       0x1c C:\Users\PACO\AppData\Local\arduino\cores\c04241a99d7925709481fc4dd56bc947\core.a(dma_f1.c.o)
 *fill*         0x08001082        0x2 
 .text.__irq_dma1_channel1
                0x08001084       0x10 C:\Users\PACO\AppData\Local\arduino\cores\c04241a99d7925709481fc4dd56bc947\core.a(dma_f1.c.o)
                0x08001084                __irq_dma1_channel1
 .text.__irq_dma1_channel2
                0x08001094       0x10 C:\Users\PACO\AppData\Local\arduino\cores\c04241a99d7925709481fc4dd56bc947\core.a(dma_f1.c.o)
                0x08001094                __irq_dma1_channel2
 .text.__irq_dma1_channel3
                0x080010a4       0x10 C:\Users\PACO\AppData\Local\arduino\cores\c04241a99d7925709481fc4dd56bc947\core.a(dma_f1.c.o)
                0x080010a4                __irq_dma1_channel3
 .text.__irq_dma1_channel4
                0x080010b4       0x10 C:\Users\PACO\AppData\Local\arduino\cores\c04241a99d7925709481fc4dd56bc947\core.a(dma_f1.c.o)
                0x080010b4                __irq_dma1_channel4
 .text.__irq_dma1_channel5
                0x080010c4       0x10 C:\Users\PACO\AppData\Local\arduino\cores\c04241a99d7925709481fc4dd56bc947\core.a(dma_f1.c.o)
                0x080010c4                __irq_dma1_channel5
 .text.__irq_dma1_channel6
                0x080010d4       0x10 C:\Users\PACO\AppData\Local\arduino\cores\c04241a99d7925709481fc4dd56bc947\core.a(dma_f1.c.o)
                0x080010d4                __irq_dma1_channel6
 .text.__irq_dma1_channel7
                0x080010e4       0x10 C:\Users\PACO\AppData\Local\arduino\cores\c04241a99d7925709481fc4dd56bc947\core.a(dma_f1.c.o)
                0x080010e4                __irq_dma1_channel7
 *fill*         0x080010f4        0xc 
 .text          0x08001100       0x60 C:\Users\PACO\AppData\Local\arduino\cores\c04241a99d7925709481fc4dd56bc947\core.a(exc.S.o)
                0x08001100                __exc_nmi
                0x08001104                __exc_hardfault
                0x08001108                __exc_memmanage
                0x0800110c                __exc_busfault
                0x08001110                __exc_usagefault
 .text.dispatch_single_exti
                0x08001160       0x2c C:\Users\PACO\AppData\Local\arduino\cores\c04241a99d7925709481fc4dd56bc947\core.a(exti.c.o)
                0x08001160                dispatch_single_exti
 .text.dispatch_extis
                0x0800118c       0x4c C:\Users\PACO\AppData\Local\arduino\cores\c04241a99d7925709481fc4dd56bc947\core.a(exti.c.o)
                0x0800118c                dispatch_extis
 .text.__irq_exti0
                0x080011d8        0x6 C:\Users\PACO\AppData\Local\arduino\cores\c04241a99d7925709481fc4dd56bc947\core.a(exti.c.o)
                0x080011d8                __irq_exti0
 .text.__irq_exti1
                0x080011de        0x6 C:\Users\PACO\AppData\Local\arduino\cores\c04241a99d7925709481fc4dd56bc947\core.a(exti.c.o)
                0x080011de                __irq_exti1
 .text.__irq_exti2
                0x080011e4        0x6 C:\Users\PACO\AppData\Local\arduino\cores\c04241a99d7925709481fc4dd56bc947\core.a(exti.c.o)
                0x080011e4                __irq_exti2
 .text.__irq_exti3
                0x080011ea        0x6 C:\Users\PACO\AppData\Local\arduino\cores\c04241a99d7925709481fc4dd56bc947\core.a(exti.c.o)
                0x080011ea                __irq_exti3
 .text.__irq_exti4
                0x080011f0        0x6 C:\Users\PACO\AppData\Local\arduino\cores\c04241a99d7925709481fc4dd56bc947\core.a(exti.c.o)
                0x080011f0                __irq_exti4
 .text.__irq_exti9_5
                0x080011f6        0x8 C:\Users\PACO\AppData\Local\arduino\cores\c04241a99d7925709481fc4dd56bc947\core.a(exti.c.o)
                0x080011f6                __irq_exti9_5
 .text.__irq_exti15_10
                0x080011fe        0x8 C:\Users\PACO\AppData\Local\arduino\cores\c04241a99d7925709481fc4dd56bc947\core.a(exti.c.o)
                0x080011fe                __irq_exti15_10
 *fill*         0x08001206        0x2 
 .text.flash_set_latency
                0x08001208       0x14 C:\Users\PACO\AppData\Local\arduino\cores\c04241a99d7925709481fc4dd56bc947\core.a(flash.c.o)
                0x08001208                flash_set_latency
 .text.gpio_init_all
                0x0800121c       0x30 C:\Users\PACO\AppData\Local\arduino\cores\c04241a99d7925709481fc4dd56bc947\core.a(gpio_f1.c.o)
                0x0800121c                gpio_init_all
 .text.gpio_set_mode
                0x0800124c       0x50 C:\Users\PACO\AppData\Local\arduino\cores\c04241a99d7925709481fc4dd56bc947\core.a(gpio_f1.c.o)
                0x0800124c                gpio_set_mode
 .text.afio_init
                0x0800129c       0x12 C:\Users\PACO\AppData\Local\arduino\cores\c04241a99d7925709481fc4dd56bc947\core.a(gpio_f1.c.o)
                0x0800129c                afio_init
 *fill*         0x080012ae        0x2 
 .text.afio_remap
                0x080012b0       0x20 C:\Users\PACO\AppData\Local\arduino\cores\c04241a99d7925709481fc4dd56bc947\core.a(gpio_f1.c.o)
                0x080012b0                afio_remap
 .text.__irq_i2c1_ev
                0x080012d0        0xc C:\Users\PACO\AppData\Local\arduino\cores\c04241a99d7925709481fc4dd56bc947\core.a(i2c_f1.c.o)
                0x080012d0                __irq_i2c1_ev
 .text.__irq_i2c2_ev
                0x080012dc        0xc C:\Users\PACO\AppData\Local\arduino\cores\c04241a99d7925709481fc4dd56bc947\core.a(i2c_f1.c.o)
                0x080012dc                __irq_i2c2_ev
 .text.__irq_i2c1_er
                0x080012e8        0xc C:\Users\PACO\AppData\Local\arduino\cores\c04241a99d7925709481fc4dd56bc947\core.a(i2c_f1.c.o)
                0x080012e8                __irq_i2c1_er
 .text.__irq_i2c2_er
                0x080012f4        0xc C:\Users\PACO\AppData\Local\arduino\cores\c04241a99d7925709481fc4dd56bc947\core.a(i2c_f1.c.o)
                0x080012f4                __irq_i2c2_er
 .text.nvic_irq_set_priority
                0x08001300       0x28 C:\Users\PACO\AppData\Local\arduino\cores\c04241a99d7925709481fc4dd56bc947\core.a(nvic.c.o)
                0x08001300                nvic_irq_set_priority
 .text.nvic_init
                0x08001328       0x30 C:\Users\PACO\AppData\Local\arduino\cores\c04241a99d7925709481fc4dd56bc947\core.a(nvic.c.o)
                0x08001328                nvic_init
 .text.rcc_dev_clk
                0x08001358        0xc C:\Users\PACO\AppData\Local\arduino\cores\c04241a99d7925709481fc4dd56bc947\core.a(rcc.c.o)
                0x08001358                rcc_dev_clk
 .text.rcc_switch_sysclk
                0x08001364       0x20 C:\Users\PACO\AppData\Local\arduino\cores\c04241a99d7925709481fc4dd56bc947\core.a(rcc.c.o)
                0x08001364                rcc_switch_sysclk
 .text.rcc_turn_on_clk
                0x08001384       0x1a C:\Users\PACO\AppData\Local\arduino\cores\c04241a99d7925709481fc4dd56bc947\core.a(rcc.c.o)
                0x08001384                rcc_turn_on_clk
 .text.rcc_turn_off_clk
                0x0800139e       0x1c C:\Users\PACO\AppData\Local\arduino\cores\c04241a99d7925709481fc4dd56bc947\core.a(rcc.c.o)
                0x0800139e                rcc_turn_off_clk
 .text.rcc_is_clk_ready
                0x080013ba       0x18 C:\Users\PACO\AppData\Local\arduino\cores\c04241a99d7925709481fc4dd56bc947\core.a(rcc.c.o)
                0x080013ba                rcc_is_clk_ready
 *fill*         0x080013d2        0x2 
 .text.rcc_configure_pll
                0x080013d4       0x18 C:\Users\PACO\AppData\Local\arduino\cores\c04241a99d7925709481fc4dd56bc947\core.a(rcc_f1.c.o)
                0x080013d4                rcc_configure_pll
 .text.rcc_clk_enable
                0x080013ec       0x30 C:\Users\PACO\AppData\Local\arduino\cores\c04241a99d7925709481fc4dd56bc947\core.a(rcc_f1.c.o)
                0x080013ec                rcc_clk_enable
 .text.rcc_reset_dev
                0x0800141c       0x34 C:\Users\PACO\AppData\Local\arduino\cores\c04241a99d7925709481fc4dd56bc947\core.a(rcc_f1.c.o)
                0x0800141c                rcc_reset_dev
 .text.rcc_set_prescaler
                0x08001450       0x20 C:\Users\PACO\AppData\Local\arduino\cores\c04241a99d7925709481fc4dd56bc947\core.a(rcc_f1.c.o)
                0x08001450                rcc_set_prescaler
 .text.rcc_clk_disable
                0x08001470       0x30 C:\Users\PACO\AppData\Local\arduino\cores\c04241a99d7925709481fc4dd56bc947\core.a(rcc_f1.c.o)
                0x08001470                rcc_clk_disable
 .text          0x080014a0        0x2 C:\Users\PACO\AppData\Local\arduino\cores\c04241a99d7925709481fc4dd56bc947\core.a(isrs.S.o)
                0x080014a0                __stm32reservedexception9
                0x080014a0                __exc_debug_monitor
                0x080014a0                __exc_svc
                0x080014a0                __irq_can_rx1
                0x080014a0                __irq_spi2
                0x080014a0                __irq_can_sce
                0x080014a0                __irq_pvd
                0x080014a0                __irq_tamper
                0x080014a0                __default_handler
                0x080014a0                __irq_wwdg
                0x080014a0                __stm32reservedexception10
                0x080014a0                __irq_flash
                0x080014a0                __stm32reservedexception13
                0x080014a0                __irq_rtc
                0x080014a0                __irq_spi1
                0x080014a0                __stm32reservedexception7
                0x080014a0                __irq_usb_hp_can_tx
                0x080014a0                __irq_rtcalarm
                0x080014a0                __stm32reservedexception8
                0x080014a0                __exc_pendsv
                0x080014a0                __irq_usbwakeup
                0x080014a0                __irq_rcc
 *fill*         0x080014a2        0x2 
 .text.systick_init
                0x080014a4       0x10 C:\Users\PACO\AppData\Local\arduino\cores\c04241a99d7925709481fc4dd56bc947\core.a(systick.c.o)
                0x080014a4                systick_init
 .text.__exc_systick
                0x080014b4       0x1c C:\Users\PACO\AppData\Local\arduino\cores\c04241a99d7925709481fc4dd56bc947\core.a(systick.c.o)
                0x080014b4                __exc_systick
 .text.timer_oc_set_mode
                0x080014d0       0x3a C:\Users\PACO\AppData\Local\arduino\cores\c04241a99d7925709481fc4dd56bc947\core.a(timer.c.o)
 .text.dispatch_general
                0x0800150a       0x66 C:\Users\PACO\AppData\Local\arduino\cores\c04241a99d7925709481fc4dd56bc947\core.a(timer.c.o)
 .text.timer_cc_enable
                0x08001570       0x1c C:\Users\PACO\AppData\Local\arduino\cores\c04241a99d7925709481fc4dd56bc947\core.a(timer.c.o)
 .text.timer_foreach
                0x0800158c       0x28 C:\Users\PACO\AppData\Local\arduino\cores\c04241a99d7925709481fc4dd56bc947\core.a(timer.c.o)
                0x0800158c                timer_foreach
 .text.timer_init
                0x080015b4       0x14 C:\Users\PACO\AppData\Local\arduino\cores\c04241a99d7925709481fc4dd56bc947\core.a(timer.c.o)
                0x080015b4                timer_init
 .text.timer_has_cc_channel
                0x080015c8       0x30 C:\Users\PACO\AppData\Local\arduino\cores\c04241a99d7925709481fc4dd56bc947\core.a(timer.c.o)
                0x080015c8                timer_has_cc_channel
 .text.timer_detach_interrupt
                0x080015f8       0x1e C:\Users\PACO\AppData\Local\arduino\cores\c04241a99d7925709481fc4dd56bc947\core.a(timer.c.o)
                0x080015f8                timer_detach_interrupt
 .text.input_capture_mode
                0x08001616       0x1a C:\Users\PACO\AppData\Local\arduino\cores\c04241a99d7925709481fc4dd56bc947\core.a(timer.c.o)
                0x08001616                input_capture_mode
 .text.timer_set_mode
                0x08001630       0x8c C:\Users\PACO\AppData\Local\arduino\cores\c04241a99d7925709481fc4dd56bc947\core.a(timer.c.o)
                0x08001630                timer_set_mode
 .text.__irq_tim1_brk
                0x080016bc       0x24 C:\Users\PACO\AppData\Local\arduino\cores\c04241a99d7925709481fc4dd56bc947\core.a(timer.c.o)
                0x080016bc                __irq_tim1_brk
 .text.__irq_tim1_up
                0x080016e0       0x24 C:\Users\PACO\AppData\Local\arduino\cores\c04241a99d7925709481fc4dd56bc947\core.a(timer.c.o)
                0x080016e0                __irq_tim1_up
 .text.__irq_tim1_trg_com
                0x08001704       0x34 C:\Users\PACO\AppData\Local\arduino\cores\c04241a99d7925709481fc4dd56bc947\core.a(timer.c.o)
                0x08001704                __irq_tim1_trg_com
 .text.__irq_tim1_cc
                0x08001738       0x50 C:\Users\PACO\AppData\Local\arduino\cores\c04241a99d7925709481fc4dd56bc947\core.a(timer.c.o)
                0x08001738                __irq_tim1_cc
 .text.__irq_tim2
                0x08001788        0xc C:\Users\PACO\AppData\Local\arduino\cores\c04241a99d7925709481fc4dd56bc947\core.a(timer.c.o)
                0x08001788                __irq_tim2
 .text.__irq_tim3
                0x08001794        0xc C:\Users\PACO\AppData\Local\arduino\cores\c04241a99d7925709481fc4dd56bc947\core.a(timer.c.o)
                0x08001794                __irq_tim3
 .text.__irq_tim4
                0x080017a0        0xc C:\Users\PACO\AppData\Local\arduino\cores\c04241a99d7925709481fc4dd56bc947\core.a(timer.c.o)
                0x080017a0                __irq_tim4
 .text.usart_tx
                0x080017ac       0x9c C:\Users\PACO\AppData\Local\arduino\cores\c04241a99d7925709481fc4dd56bc947\core.a(usart.c.o)
                0x080017ac                usart_tx
 .text.usart_irq
                0x08001848       0xc8 C:\Users\PACO\AppData\Local\arduino\cores\c04241a99d7925709481fc4dd56bc947\core.a(usart_f1.c.o)
 .text.__irq_usart1
                0x08001910       0x18 C:\Users\PACO\AppData\Local\arduino\cores\c04241a99d7925709481fc4dd56bc947\core.a(usart_f1.c.o)
                0x08001910                __irq_usart1
 .text.__irq_usart2
                0x08001928       0x18 C:\Users\PACO\AppData\Local\arduino\cores\c04241a99d7925709481fc4dd56bc947\core.a(usart_f1.c.o)
                0x08001928                __irq_usart2
 .text.__irq_usart3
                0x08001940       0x18 C:\Users\PACO\AppData\Local\arduino\cores\c04241a99d7925709481fc4dd56bc947\core.a(usart_f1.c.o)
                0x08001940                __irq_usart3
 .text.usb_resume
                0x08001958       0xb4 C:\Users\PACO\AppData\Local\arduino\cores\c04241a99d7925709481fc4dd56bc947\core.a(usb.c.o)
 .text.__irq_usb_lp_can_rx0
                0x08001a0c      0x1c8 C:\Users\PACO\AppData\Local\arduino\cores\c04241a99d7925709481fc4dd56bc947\core.a(usb.c.o)
                0x08001a0c                __irq_usb_lp_can_rx0
 .text.usb_set_ep_rx_stat
                0x08001bd4       0x22 C:\Users\PACO\AppData\Local\arduino\cores\c04241a99d7925709481fc4dd56bc947\core.a(usb_cdcacm.c.o)
 *fill*         0x08001bf6        0x2 
 .text.vcomGetSetLineCoding
                0x08001bf8       0x18 C:\Users\PACO\AppData\Local\arduino\cores\c04241a99d7925709481fc4dd56bc947\core.a(usb_cdcacm.c.o)
 .text.usbDataSetup
                0x08001c10       0x54 C:\Users\PACO\AppData\Local\arduino\cores\c04241a99d7925709481fc4dd56bc947\core.a(usb_cdcacm.c.o)
 .text.usbNoDataSetup
                0x08001c64       0x50 C:\Users\PACO\AppData\Local\arduino\cores\c04241a99d7925709481fc4dd56bc947\core.a(usb_cdcacm.c.o)
 .text.usbGetInterfaceSetting
                0x08001cb4       0x10 C:\Users\PACO\AppData\Local\arduino\cores\c04241a99d7925709481fc4dd56bc947\core.a(usb_cdcacm.c.o)
 .text.usbGetStringDescriptor
                0x08001cc4       0x20 C:\Users\PACO\AppData\Local\arduino\cores\c04241a99d7925709481fc4dd56bc947\core.a(usb_cdcacm.c.o)
 .text.usbGetConfigDescriptor
                0x08001ce4        0xc C:\Users\PACO\AppData\Local\arduino\cores\c04241a99d7925709481fc4dd56bc947\core.a(usb_cdcacm.c.o)
 .text.usbGetDeviceDescriptor
                0x08001cf0        0xc C:\Users\PACO\AppData\Local\arduino\cores\c04241a99d7925709481fc4dd56bc947\core.a(usb_cdcacm.c.o)
 .text.usbInit  0x08001cfc       0x44 C:\Users\PACO\AppData\Local\arduino\cores\c04241a99d7925709481fc4dd56bc947\core.a(usb_cdcacm.c.o)
 .text.usbReset
                0x08001d40      0x160 C:\Users\PACO\AppData\Local\arduino\cores\c04241a99d7925709481fc4dd56bc947\core.a(usb_cdcacm.c.o)
 .text.usb_set_ep_rx_count
                0x08001ea0       0x4c C:\Users\PACO\AppData\Local\arduino\cores\c04241a99d7925709481fc4dd56bc947\core.a(usb_reg_map.c.o)
                0x08001ea0                usb_set_ep_rx_count
 .text.Standard_GetConfiguration
                0x08001eec       0x24 C:\Users\PACO\AppData\Local\arduino\cores\c04241a99d7925709481fc4dd56bc947\core.a(usb_core.c.o)
                0x08001eec                Standard_GetConfiguration
 .text.Standard_GetInterface
                0x08001f10       0x24 C:\Users\PACO\AppData\Local\arduino\cores\c04241a99d7925709481fc4dd56bc947\core.a(usb_core.c.o)
                0x08001f10                Standard_GetInterface
 .text.Standard_GetStatus
                0x08001f34       0x90 C:\Users\PACO\AppData\Local\arduino\cores\c04241a99d7925709481fc4dd56bc947\core.a(usb_core.c.o)
                0x08001f34                Standard_GetStatus
 .text.DataStageIn
                0x08001fc4       0xa8 C:\Users\PACO\AppData\Local\arduino\cores\c04241a99d7925709481fc4dd56bc947\core.a(usb_core.c.o)
 .text.Standard_SetConfiguration
                0x0800206c       0x38 C:\Users\PACO\AppData\Local\arduino\cores\c04241a99d7925709481fc4dd56bc947\core.a(usb_core.c.o)
                0x0800206c                Standard_SetConfiguration
 .text.Standard_SetInterface
                0x080020a4       0x48 C:\Users\PACO\AppData\Local\arduino\cores\c04241a99d7925709481fc4dd56bc947\core.a(usb_core.c.o)
                0x080020a4                Standard_SetInterface
 .text.Standard_ClearFeature
                0x080020ec       0xd0 C:\Users\PACO\AppData\Local\arduino\cores\c04241a99d7925709481fc4dd56bc947\core.a(usb_core.c.o)
                0x080020ec                Standard_ClearFeature
 .text.Standard_SetEndPointFeature
                0x080021bc       0x84 C:\Users\PACO\AppData\Local\arduino\cores\c04241a99d7925709481fc4dd56bc947\core.a(usb_core.c.o)
                0x080021bc                Standard_SetEndPointFeature
 .text.Standard_SetDeviceFeature
                0x08002240       0x24 C:\Users\PACO\AppData\Local\arduino\cores\c04241a99d7925709481fc4dd56bc947\core.a(usb_core.c.o)
                0x08002240                Standard_SetDeviceFeature
 .text.Standard_GetDescriptorData
                0x08002264       0x1c C:\Users\PACO\AppData\Local\arduino\cores\c04241a99d7925709481fc4dd56bc947\core.a(usb_core.c.o)
                0x08002264                Standard_GetDescriptorData
 .text.Post0_Process
                0x08002280       0x40 C:\Users\PACO\AppData\Local\arduino\cores\c04241a99d7925709481fc4dd56bc947\core.a(usb_core.c.o)
                0x08002280                Post0_Process
 .text.Setup0_Process
                0x080022c0      0x2d0 C:\Users\PACO\AppData\Local\arduino\cores\c04241a99d7925709481fc4dd56bc947\core.a(usb_core.c.o)
                0x080022c0                Setup0_Process
 .text.Out0_Process
                0x08002590       0xc8 C:\Users\PACO\AppData\Local\arduino\cores\c04241a99d7925709481fc4dd56bc947\core.a(usb_core.c.o)
                0x08002590                Out0_Process
 .text.SetDeviceAddress
                0x08002658       0x38 C:\Users\PACO\AppData\Local\arduino\cores\c04241a99d7925709481fc4dd56bc947\core.a(usb_core.c.o)
                0x08002658                SetDeviceAddress
 .text.In0_Process
                0x08002690       0x5c C:\Users\PACO\AppData\Local\arduino\cores\c04241a99d7925709481fc4dd56bc947\core.a(usb_core.c.o)
                0x08002690                In0_Process
 .text.NOP_Process
                0x080026ec        0x2 C:\Users\PACO\AppData\Local\arduino\cores\c04241a99d7925709481fc4dd56bc947\core.a(usb_core.c.o)
                0x080026ec                NOP_Process
 .text.UserToPMABufferCopy
                0x080026ee       0x30 C:\Users\PACO\AppData\Local\arduino\cores\c04241a99d7925709481fc4dd56bc947\core.a(usb_mem.c.o)
                0x080026ee                UserToPMABufferCopy
 .text.PMAToUserBufferCopy
                0x0800271e       0x32 C:\Users\PACO\AppData\Local\arduino\cores\c04241a99d7925709481fc4dd56bc947\core.a(usb_mem.c.o)
                0x0800271e                PMAToUserBufferCopy
 .text.SetEPTxStatus
                0x08002750       0x2a C:\Users\PACO\AppData\Local\arduino\cores\c04241a99d7925709481fc4dd56bc947\core.a(usb_regs.c.o)
                0x08002750                SetEPTxStatus
 .text.ClearDTOG_RX
                0x0800277a       0x20 C:\Users\PACO\AppData\Local\arduino\cores\c04241a99d7925709481fc4dd56bc947\core.a(usb_regs.c.o)
                0x0800277a                ClearDTOG_RX
 .text.ClearDTOG_TX
                0x0800279a       0x20 C:\Users\PACO\AppData\Local\arduino\cores\c04241a99d7925709481fc4dd56bc947\core.a(usb_regs.c.o)
                0x0800279a                ClearDTOG_TX
 *fill*         0x080027ba        0x2 
 .text.GetEPTxAddr
                0x080027bc       0x1c C:\Users\PACO\AppData\Local\arduino\cores\c04241a99d7925709481fc4dd56bc947\core.a(usb_regs.c.o)
                0x080027bc                GetEPTxAddr
 .text.GetEPRxAddr
                0x080027d8       0x1c C:\Users\PACO\AppData\Local\arduino\cores\c04241a99d7925709481fc4dd56bc947\core.a(usb_regs.c.o)
                0x080027d8                GetEPRxAddr
 .text.SetEPTxCount
                0x080027f4       0x1c C:\Users\PACO\AppData\Local\arduino\cores\c04241a99d7925709481fc4dd56bc947\core.a(usb_regs.c.o)
                0x080027f4                SetEPTxCount
 .text.SetEPRxCount
                0x08002810       0x40 C:\Users\PACO\AppData\Local\arduino\cores\c04241a99d7925709481fc4dd56bc947\core.a(usb_regs.c.o)
                0x08002810                SetEPRxCount
 .text.throb    0x08002850       0x4c C:\Users\PACO\AppData\Local\arduino\cores\c04241a99d7925709481fc4dd56bc947\core.a(util.c.o)
                0x08002850                throb
 .text.__error  0x0800289c       0x14 C:\Users\PACO\AppData\Local\arduino\cores\c04241a99d7925709481fc4dd56bc947\core.a(util.c.o)
                0x0800289c                __error
 .text.startup._Z7premainv
                0x080028b0        0x4 C:\Users\PACO\AppData\Local\arduino\cores\c04241a99d7925709481fc4dd56bc947\core.a(main.cpp.o)
                0x080028b0                premain()
 .text.startup.main
                0x080028b4        0xc C:\Users\PACO\AppData\Local\arduino\cores\c04241a99d7925709481fc4dd56bc947\core.a(main.cpp.o)
                0x080028b4                main
 .text._Z7pinModeh13WiringPinMode
                0x080028c0       0x84 C:\Users\PACO\AppData\Local\arduino\cores\c04241a99d7925709481fc4dd56bc947\core.a(wirish_digital_f1.cpp.o)
                0x080028c0                pinMode(unsigned char, WiringPinMode)
 .text._Z11digitalReadh
                0x08002944       0x2c C:\Users\PACO\AppData\Local\arduino\cores\c04241a99d7925709481fc4dd56bc947\core.a(wirish_digital.cpp.o)
                0x08002944                digitalRead(unsigned char)
 .text._Z12digitalWritehh
                0x08002970       0x2c C:\Users\PACO\AppData\Local\arduino\cores\c04241a99d7925709481fc4dd56bc947\core.a(wirish_digital.cpp.o)
                0x08002970                digitalWrite(unsigned char, unsigned char)
 .text.delayMicroseconds
                0x0800299c       0x10 C:\Users\PACO\AppData\Local\arduino\cores\c04241a99d7925709481fc4dd56bc947\core.a(wirish_time.cpp.o)
                0x0800299c                delayMicroseconds
 .text.gpio_init
                0x080029ac       0x14 C:\Users\PACO\AppData\Local\arduino\cores\c04241a99d7925709481fc4dd56bc947\core.a(gpio.c.o)
                0x080029ac                gpio_init
 .text.i2c_disable_irq
                0x080029c0        0xc C:\Users\PACO\AppData\Local\arduino\cores\c04241a99d7925709481fc4dd56bc947\core.a(i2c.c.o)
 .text._i2c_irq_handler
                0x080029cc      0x3d8 C:\Users\PACO\AppData\Local\arduino\cores\c04241a99d7925709481fc4dd56bc947\core.a(i2c.c.o)
                0x080029cc                _i2c_irq_handler
 .text._i2c_irq_error_handler
                0x08002da4       0x74 C:\Users\PACO\AppData\Local\arduino\cores\c04241a99d7925709481fc4dd56bc947\core.a(i2c.c.o)
                0x08002da4                _i2c_irq_error_handler
 .text          0x08002e18       0x38 c:/users/paco/appdata/local/arduino15/packages/arduino/tools/arm-none-eabi-gcc/4.8.3-2014q1/bin/../lib/gcc/arm-none-eabi/4.8.3/armv7-m\libgcc.a(_aeabi_ldivmod.o)
                0x08002e18                __aeabi_ldivmod
 .text          0x08002e50       0x60 c:/users/paco/appdata/local/arduino15/packages/arduino/tools/arm-none-eabi-gcc/4.8.3-2014q1/bin/../lib/gcc/arm-none-eabi/4.8.3/armv7-m\libgcc.a(bpabi.o)
                0x08002e50                __gnu_ldivmod_helper
                0x08002e80                __gnu_uldivmod_helper
 .text          0x08002eb0        0x4 c:/users/paco/appdata/local/arduino15/packages/arduino/tools/arm-none-eabi-gcc/4.8.3-2014q1/bin/../lib/gcc/arm-none-eabi/4.8.3/armv7-m\libgcc.a(_dvmd_tls.o)
                0x08002eb0                __aeabi_idiv0
                0x08002eb0                __aeabi_ldiv0
 .text          0x08002eb4      0x2a0 c:/users/paco/appdata/local/arduino15/packages/arduino/tools/arm-none-eabi-gcc/4.8.3-2014q1/bin/../lib/gcc/arm-none-eabi/4.8.3/armv7-m\libgcc.a(_divdi3.o)
                0x08002eb4                __divdi3
 .text          0x08003154      0x290 c:/users/paco/appdata/local/arduino15/packages/arduino/tools/arm-none-eabi-gcc/4.8.3-2014q1/bin/../lib/gcc/arm-none-eabi/4.8.3/armv7-m\libgcc.a(_udivdi3.o)
                0x08003154                __udivdi3
 .text.exit     0x080033e4       0x28 c:/users/paco/appdata/local/arduino15/packages/arduino/tools/arm-none-eabi-gcc/4.8.3-2014q1/bin/../lib/gcc/arm-none-eabi/4.8.3/../../../../arm-none-eabi/lib/armv7-m\libc_s.a(lib_a-exit.o)
                0x080033e4                exit
 .text.__libc_init_array
                0x0800340c       0x4c c:/users/paco/appdata/local/arduino15/packages/arduino/tools/arm-none-eabi-gcc/4.8.3-2014q1/bin/../lib/gcc/arm-none-eabi/4.8.3/../../../../arm-none-eabi/lib/armv7-m\libc_s.a(lib_a-init.o)
                0x0800340c                __libc_init_array
 .text.strlen   0x08003458       0x10 c:/users/paco/appdata/local/arduino15/packages/arduino/tools/arm-none-eabi-gcc/4.8.3-2014q1/bin/../lib/gcc/arm-none-eabi/4.8.3/../../../../arm-none-eabi/lib/armv7-m\libc_s.a(lib_a-strlen.o)
                0x08003458                strlen
 *(.plt)
 *(.gnu.warning)
 *(.glue_7t)
 .glue_7t       0x00000000        0x0 linker stubs
 *(.glue_7)
 .glue_7        0x00000000        0x0 linker stubs
 *(.vfp11_veneer)
 .vfp11_veneer  0x00000000        0x0 linker stubs
 *(.ARM.extab* .gnu.linkonce.armextab.*)
 *(.gcc_except_table)
 *(.eh_frame_hdr)
 *(.eh_frame)
 .eh_frame      0x08003468        0x0 c:/users/paco/appdata/local/arduino15/packages/arduino/tools/arm-none-eabi-gcc/4.8.3-2014q1/bin/../lib/gcc/arm-none-eabi/4.8.3/armv7-m/crtbegin.o
                0x08003468                . = ALIGN (0x4)
 *(.init)
 .init          0x08003468        0x4 c:/users/paco/appdata/local/arduino15/packages/arduino/tools/arm-none-eabi-gcc/4.8.3-2014q1/bin/../lib/gcc/arm-none-eabi/4.8.3/armv7-m/crti.o
                0x08003468                _init
 .init          0x0800346c        0x8 c:/users/paco/appdata/local/arduino15/packages/arduino/tools/arm-none-eabi-gcc/4.8.3-2014q1/bin/../lib/gcc/arm-none-eabi/4.8.3/armv7-m/crtn.o
                0x08003474                . = ALIGN (0x4)
                0x08003474                __preinit_array_start = .
 *(.preinit_array)
                0x08003474                __preinit_array_end = .
                0x08003474                . = ALIGN (0x4)
                0x08003474                __init_array_start = .
 *(SORT(.init_array.*))
 .init_array.00101
                0x08003474        0x4 C:\Users\PACO\AppData\Local\arduino\cores\c04241a99d7925709481fc4dd56bc947\core.a(main.cpp.o)
 *(.init_array)
 .init_array    0x08003478        0x4 c:/users/paco/appdata/local/arduino15/packages/arduino/tools/arm-none-eabi-gcc/4.8.3-2014q1/bin/../lib/gcc/arm-none-eabi/4.8.3/armv7-m/crtbegin.o
 .init_array    0x0800347c        0x4 C:\Users\PACO\AppData\Local\arduino\sketches\76960071FE62D9CFF8F72A1F29F76893\sketch\Lavadora.ino.cpp.o
 .init_array    0x08003480        0x4 C:\Users\PACO\AppData\Local\arduino\sketches\76960071FE62D9CFF8F72A1F29F76893\core\board.cpp.o
                0x08003484                __init_array_end = .
                0x08003484                . = ALIGN (0x4)
 *crtbegin.o(.ctors)
 *(EXCLUDE_FILE(*crtend.o) .ctors)
 *(SORT(.ctors.*))
 *crtend.o(.ctors)
                0x08003484                . = ALIGN (0x4)
 *(.fini)
 .fini          0x08003484        0x4 c:/users/paco/appdata/local/arduino15/packages/arduino/tools/arm-none-eabi-gcc/4.8.3-2014q1/bin/../lib/gcc/arm-none-eabi/4.8.3/armv7-m/crti.o
                0x08003484                _fini
 .fini          0x08003488        0x8 c:/users/paco/appdata/local/arduino15/packages/arduino/tools/arm-none-eabi-gcc/4.8.3-2014q1/bin/../lib/gcc/arm-none-eabi/4.8.3/armv7-m/crtn.o
                0x08003490                . = ALIGN (0x4)
                0x08003490                __fini_array_start = .
 *(.fini_array)
 .fini_array    0x08003490        0x4 c:/users/paco/appdata/local/arduino15/packages/arduino/tools/arm-none-eabi-gcc/4.8.3-2014q1/bin/../lib/gcc/arm-none-eabi/4.8.3/armv7-m/crtbegin.o
 *(SORT(.fini_array.*))
                0x08003494                __fini_array_end = .
 *crtbegin.o(.dtors)
 *(EXCLUDE_FILE(*crtend.o) .dtors)
 *(SORT(.dtors.*))
 *crtend.o(.dtors)

.v4_bx          0x08003494        0x0
 .v4_bx         0x00000000        0x0 linker stubs

.iplt           0x08003494        0x0
 .iplt          0x00000000        0x0 c:/users/paco/appdata/local/arduino15/packages/arduino/tools/arm-none-eabi-gcc/4.8.3-2014q1/bin/../lib/gcc/arm-none-eabi/4.8.3/armv7-m/crtbegin.o

.text.align     0x08003494        0x4
                0x08003498                . = ALIGN (0x8)
 *fill*         0x08003494        0x4 
                0x08003498                __text_end__ = .
                0x08003498                __exidx_start = .

.ARM.exidx      0x08003498        0x8
 *(.ARM.exidx* .gnu.linkonce.armexidx.*)
 .ARM.exidx     0x08003498        0x8 C:\Users\PACO\AppData\Local\arduino\sketches\76960071FE62D9CFF8F72A1F29F76893\core\wirish\start.S.o
 .ARM.exidx     0x080034a0        0x0 c:/users/paco/appdata/local/arduino15/packages/arduino/tools/arm-none-eabi-gcc/4.8.3-2014q1/bin/../lib/gcc/arm-none-eabi/4.8.3/armv7-m\libgcc.a(_divdi3.o)
                                  0x8 (size before relaxing)
 .ARM.exidx     0x080034a0        0x0 c:/users/paco/appdata/local/arduino15/packages/arduino/tools/arm-none-eabi-gcc/4.8.3-2014q1/bin/../lib/gcc/arm-none-eabi/4.8.3/armv7-m\libgcc.a(_udivdi3.o)
                                  0x8 (size before relaxing)
                0x080034a0                __exidx_end = .

.data           0x20000000      0x470 load address 0x080034a0
                0x20000000                __data_start__ = .
                0x20000000        0x4 LONG 0x0
                0x20000008                . = ALIGN (0x8)
 *fill*         0x20000004        0x4 
 *(.got.plt)
 *(.got)
 *(.data .data.* .gnu.linkonce.d.*)
 .data.prevEstadoEncender
                0x20000008        0x1 C:\Users\PACO\AppData\Local\arduino\sketches\76960071FE62D9CFF8F72A1F29F76893\sketch\Lavadora.ino.cpp.o
                0x20000008                prevEstadoEncender
 .data.prevEstadoIniciar
                0x20000009        0x1 C:\Users\PACO\AppData\Local\arduino\sketches\76960071FE62D9CFF8F72A1F29F76893\sketch\Lavadora.ino.cpp.o
                0x20000009                prevEstadoIniciar
 .data.prevEstadoTipoLavado
                0x2000000a        0x1 C:\Users\PACO\AppData\Local\arduino\sketches\76960071FE62D9CFF8F72A1F29F76893\sketch\Lavadora.ino.cpp.o
                0x2000000a                prevEstadoTipoLavado
 .data.prevEstadoRopa
                0x2000000b        0x1 C:\Users\PACO\AppData\Local\arduino\sketches\76960071FE62D9CFF8F72A1F29F76893\sketch\Lavadora.ino.cpp.o
                0x2000000b                prevEstadoRopa
 .data._ZN6wirish4privL8pll_dataE
                0x2000000c        0x4 C:\Users\PACO\AppData\Local\arduino\sketches\76960071FE62D9CFF8F72A1F29F76893\core\wirish\boards_setup.cpp.o
 .data._ZN6wirish4priv9w_adc_smpE
                0x20000010        0x1 C:\Users\PACO\AppData\Local\arduino\sketches\76960071FE62D9CFF8F72A1F29F76893\core\wirish\boards_setup.cpp.o
                0x20000010                wirish::priv::w_adc_smp
 *fill*         0x20000011        0x1 
 .data._ZN6wirish4priv9w_adc_preE
                0x20000012        0x2 C:\Users\PACO\AppData\Local\arduino\sketches\76960071FE62D9CFF8F72A1F29F76893\core\wirish\boards_setup.cpp.o
                0x20000012                wirish::priv::w_adc_pre
 .data._ZN6wirish4priv15w_board_pll_cfgE
                0x20000014        0x8 C:\Users\PACO\AppData\Local\arduino\sketches\76960071FE62D9CFF8F72A1F29F76893\core\wirish\boards_setup.cpp.o
                0x20000014                wirish::priv::w_board_pll_cfg
 .data.adc2     0x2000001c        0x8 C:\Users\PACO\AppData\Local\arduino\cores\c04241a99d7925709481fc4dd56bc947\core.a(adc_f1.c.o)
                0x2000001c                adc2
 .data.adc1     0x20000024       0x18 C:\Users\PACO\AppData\Local\arduino\cores\c04241a99d7925709481fc4dd56bc947\core.a(adc_f1.c.o)
                0x20000024                adc1
 .data.ADC2     0x2000003c        0x4 C:\Users\PACO\AppData\Local\arduino\cores\c04241a99d7925709481fc4dd56bc947\core.a(adc_f1.c.o)
                0x2000003c                ADC2
 .data.ADC1     0x20000040        0x4 C:\Users\PACO\AppData\Local\arduino\cores\c04241a99d7925709481fc4dd56bc947\core.a(adc_f1.c.o)
                0x20000040                ADC1
 .data.dma1     0x20000044       0x40 C:\Users\PACO\AppData\Local\arduino\cores\c04241a99d7925709481fc4dd56bc947\core.a(dma_f1.c.o)
 .data.DMA1     0x20000084        0x4 C:\Users\PACO\AppData\Local\arduino\cores\c04241a99d7925709481fc4dd56bc947\core.a(dma_f1.c.o)
                0x20000084                DMA1
 .data.gpioa    0x20000088        0x8 C:\Users\PACO\AppData\Local\arduino\cores\c04241a99d7925709481fc4dd56bc947\core.a(gpio_f1.c.o)
                0x20000088                gpioa
 .data.gpiob    0x20000090        0x8 C:\Users\PACO\AppData\Local\arduino\cores\c04241a99d7925709481fc4dd56bc947\core.a(gpio_f1.c.o)
                0x20000090                gpiob
 .data.gpioc    0x20000098        0x8 C:\Users\PACO\AppData\Local\arduino\cores\c04241a99d7925709481fc4dd56bc947\core.a(gpio_f1.c.o)
                0x20000098                gpioc
 .data.gpiod    0x200000a0        0x8 C:\Users\PACO\AppData\Local\arduino\cores\c04241a99d7925709481fc4dd56bc947\core.a(gpio_f1.c.o)
                0x200000a0                gpiod
 .data.i2c1     0x200000a8       0x38 C:\Users\PACO\AppData\Local\arduino\cores\c04241a99d7925709481fc4dd56bc947\core.a(i2c_f1.c.o)
 .data.i2c2     0x200000e0       0x38 C:\Users\PACO\AppData\Local\arduino\cores\c04241a99d7925709481fc4dd56bc947\core.a(i2c_f1.c.o)
 .data.enable_regs.4411
                0x20000118        0xc C:\Users\PACO\AppData\Local\arduino\cores\c04241a99d7925709481fc4dd56bc947\core.a(rcc_f1.c.o)
 .data.reset_regs.4415
                0x20000124        0x8 C:\Users\PACO\AppData\Local\arduino\cores\c04241a99d7925709481fc4dd56bc947\core.a(rcc_f1.c.o)
 .data.enable_regs.4424
                0x2000012c        0xc C:\Users\PACO\AppData\Local\arduino\cores\c04241a99d7925709481fc4dd56bc947\core.a(rcc_f1.c.o)
 .data.timer3   0x20000138       0x24 C:\Users\PACO\AppData\Local\arduino\cores\c04241a99d7925709481fc4dd56bc947\core.a(timer.c.o)
                0x20000138                timer3
 .data.timer4   0x2000015c       0x24 C:\Users\PACO\AppData\Local\arduino\cores\c04241a99d7925709481fc4dd56bc947\core.a(timer.c.o)
                0x2000015c                timer4
 .data.timer1   0x20000180       0x28 C:\Users\PACO\AppData\Local\arduino\cores\c04241a99d7925709481fc4dd56bc947\core.a(timer.c.o)
                0x20000180                timer1
 .data.timer2   0x200001a8       0x24 C:\Users\PACO\AppData\Local\arduino\cores\c04241a99d7925709481fc4dd56bc947\core.a(timer.c.o)
                0x200001a8                timer2
 .data.USART1   0x200001cc        0x4 C:\Users\PACO\AppData\Local\arduino\cores\c04241a99d7925709481fc4dd56bc947\core.a(usart_f1.c.o)
                0x200001cc                USART1
 .data.USART2   0x200001d0        0x4 C:\Users\PACO\AppData\Local\arduino\cores\c04241a99d7925709481fc4dd56bc947\core.a(usart_f1.c.o)
                0x200001d0                USART2
 .data.USART3   0x200001d4        0x4 C:\Users\PACO\AppData\Local\arduino\cores\c04241a99d7925709481fc4dd56bc947\core.a(usart_f1.c.o)
                0x200001d4                USART3
 .data.usart1   0x200001d8       0x94 C:\Users\PACO\AppData\Local\arduino\cores\c04241a99d7925709481fc4dd56bc947\core.a(usart_f1.c.o)
 .data.usart2   0x2000026c       0x94 C:\Users\PACO\AppData\Local\arduino\cores\c04241a99d7925709481fc4dd56bc947\core.a(usart_f1.c.o)
 .data.usart3   0x20000300       0x94 C:\Users\PACO\AppData\Local\arduino\cores\c04241a99d7925709481fc4dd56bc947\core.a(usart_f1.c.o)
 .data.USBLIB   0x20000394        0x4 C:\Users\PACO\AppData\Local\arduino\cores\c04241a99d7925709481fc4dd56bc947\core.a(usb.c.o)
                0x20000394                USBLIB
 .data.usblib   0x20000398       0x10 C:\Users\PACO\AppData\Local\arduino\cores\c04241a99d7925709481fc4dd56bc947\core.a(usb.c.o)
 .data.Config_Descriptor
                0x200003a8        0x8 C:\Users\PACO\AppData\Local\arduino\cores\c04241a99d7925709481fc4dd56bc947\core.a(usb_cdcacm.c.o)
 .data.Device_Property
                0x200003b0       0x30 C:\Users\PACO\AppData\Local\arduino\cores\c04241a99d7925709481fc4dd56bc947\core.a(usb_cdcacm.c.o)
                0x200003b0                Device_Property
 .data.String_Descriptor
                0x200003e0       0x18 C:\Users\PACO\AppData\Local\arduino\cores\c04241a99d7925709481fc4dd56bc947\core.a(usb_cdcacm.c.o)
 .data.line_coding
                0x200003f8        0x7 C:\Users\PACO\AppData\Local\arduino\cores\c04241a99d7925709481fc4dd56bc947\core.a(usb_cdcacm.c.o)
 *fill*         0x200003ff        0x1 
 .data.Device_Descriptor
                0x20000400        0x8 C:\Users\PACO\AppData\Local\arduino\cores\c04241a99d7925709481fc4dd56bc947\core.a(usb_cdcacm.c.o)
 .data.Device_Table
                0x20000408        0x2 C:\Users\PACO\AppData\Local\arduino\cores\c04241a99d7925709481fc4dd56bc947\core.a(usb_cdcacm.c.o)
                0x20000408                Device_Table
 *fill*         0x2000040a        0x2 
 .data.impure_data
                0x2000040c       0x60 c:/users/paco/appdata/local/arduino15/packages/arduino/tools/arm-none-eabi-gcc/4.8.3-2014q1/bin/../lib/gcc/arm-none-eabi/4.8.3/../../../../arm-none-eabi/lib/armv7-m\libc_s.a(lib_a-impure.o)
                0x20000470                . = ALIGN (0x8)
 *fill*         0x2000046c        0x4 
                0x20000470                __data_end__ = .

.jcr            0x20000470        0x0 load address 0x08003910
 .jcr           0x20000470        0x0 c:/users/paco/appdata/local/arduino15/packages/arduino/tools/arm-none-eabi-gcc/4.8.3-2014q1/bin/../lib/gcc/arm-none-eabi/4.8.3/armv7-m/crtbegin.o

.igot.plt       0x20000470        0x0 load address 0x08003910
 .igot.plt      0x00000000        0x0 c:/users/paco/appdata/local/arduino15/packages/arduino/tools/arm-none-eabi-gcc/4.8.3-2014q1/bin/../lib/gcc/arm-none-eabi/4.8.3/armv7-m/crtbegin.o

.rodata         0x08003910      0x4a8
 *(.rodata .rodata.* .gnu.linkonce.r.*)
 .rodata        0x08003910       0x30 C:\Users\PACO\AppData\Local\arduino\sketches\76960071FE62D9CFF8F72A1F29F76893\sketch\Lavadora.ino.cpp.o
 .rodata.str1.1
                0x08003940        0x4 C:\Users\PACO\AppData\Local\arduino\sketches\76960071FE62D9CFF8F72A1F29F76893\sketch\Lavadora.ino.cpp.o
 .rodata._ZL12digitCodeMap
                0x08003944       0x29 C:\Users\PACO\AppData\Local\arduino\sketches\76960071FE62D9CFF8F72A1F29F76893\sketch\SevSeg.cpp.o
 *fill*         0x0800396d        0x3 
 .rodata._ZL10powersOf10
                0x08003970       0x28 C:\Users\PACO\AppData\Local\arduino\sketches\76960071FE62D9CFF8F72A1F29F76893\sketch\SevSeg.cpp.o
 .rodata._ZL10powersOf16
                0x08003998       0x20 C:\Users\PACO\AppData\Local\arduino\sketches\76960071FE62D9CFF8F72A1F29F76893\sketch\SevSeg.cpp.o
 .rodata.PIN_MAP
                0x080039b8      0x2e0 C:\Users\PACO\AppData\Local\arduino\sketches\76960071FE62D9CFF8F72A1F29F76893\core\board.cpp.o
                0x080039b8                PIN_MAP
 .rodata._ZTV14HardwareSerial
                0x08003c98       0x28 C:\Users\PACO\AppData\Local\arduino\cores\c04241a99d7925709481fc4dd56bc947\core.a(HardwareSerial.cpp.o)
                0x08003c98                vtable for HardwareSerial
 .rodata.GPIOB  0x08003cc0        0x4 C:\Users\PACO\AppData\Local\arduino\cores\c04241a99d7925709481fc4dd56bc947\core.a(gpio_f1.c.o)
                0x08003cc0                GPIOB
 .rodata.rcc_dev_table
                0x08003cc4       0x5c C:\Users\PACO\AppData\Local\arduino\cores\c04241a99d7925709481fc4dd56bc947\core.a(rcc_f1.c.o)
                0x08003cc4                rcc_dev_table
 .rodata.masks.4420
                0x08003d20       0x14 C:\Users\PACO\AppData\Local\arduino\cores\c04241a99d7925709481fc4dd56bc947\core.a(rcc_f1.c.o)
 .rodata.usbVcomDescriptor_iProduct
                0x08003d34        0xc C:\Users\PACO\AppData\Local\arduino\cores\c04241a99d7925709481fc4dd56bc947\core.a(usb_cdcacm.c.o)
 .rodata.usbVcomDescriptor_iManufacturer
                0x08003d40       0x12 C:\Users\PACO\AppData\Local\arduino\cores\c04241a99d7925709481fc4dd56bc947\core.a(usb_cdcacm.c.o)
 .rodata.usbVcomDescriptor_Device
                0x08003d52       0x12 C:\Users\PACO\AppData\Local\arduino\cores\c04241a99d7925709481fc4dd56bc947\core.a(usb_cdcacm.c.o)
 .rodata.usbVcomDescriptor_Config
                0x08003d64       0x43 C:\Users\PACO\AppData\Local\arduino\cores\c04241a99d7925709481fc4dd56bc947\core.a(usb_cdcacm.c.o)
 .rodata.usbVcomDescriptor_LangID
                0x08003da7        0x4 C:\Users\PACO\AppData\Local\arduino\cores\c04241a99d7925709481fc4dd56bc947\core.a(usb_cdcacm.c.o)
 .rodata.str1.1
                0x08003dab        0x2 c:/users/paco/appdata/local/arduino15/packages/arduino/tools/arm-none-eabi-gcc/4.8.3-2014q1/bin/../lib/gcc/arm-none-eabi/4.8.3/../../../../arm-none-eabi/lib/armv7-m\libc_s.a(lib_a-impure.o)
 *fill*         0x08003dad        0x3 
 .rodata._global_impure_ptr
                0x08003db0        0x4 c:/users/paco/appdata/local/arduino15/packages/arduino/tools/arm-none-eabi-gcc/4.8.3-2014q1/bin/../lib/gcc/arm-none-eabi/4.8.3/../../../../arm-none-eabi/lib/armv7-m\libc_s.a(lib_a-impure.o)
                0x08003db0                _global_impure_ptr
 *(.USER_FLASH)
                0x08003db4                . = ALIGN (0x4)
                0x08003db4                _lm_rom_img_cfgp = .
                0x08003db4        0x4 LONG 0x80034a0 LOADADDR (.data)
                0x20000650                _lm_heap_start = DEFINED (_lm_heap_start)?_lm_heap_start:_end
                0x20005000                _lm_heap_end = DEFINED (_lm_heap_end)?_lm_heap_end:__msp_init

.rel.dyn        0x08003db8        0x0
 .rel.iplt      0x00000000        0x0 c:/users/paco/appdata/local/arduino15/packages/arduino/tools/arm-none-eabi-gcc/4.8.3-2014q1/bin/../lib/gcc/arm-none-eabi/4.8.3/armv7-m/crtbegin.o

.bss            0x20000470      0x1e0
                0x20000470                . = ALIGN (0x8)
                0x20000470                __bss_start__ = .
 *(.bss .bss.* .gnu.linkonce.b.*)
 .bss           0x20000470       0x1c c:/users/paco/appdata/local/arduino15/packages/arduino/tools/arm-none-eabi-gcc/4.8.3-2014q1/bin/../lib/gcc/arm-none-eabi/4.8.3/armv7-m/crtbegin.o
 .bss.minutos   0x2000048c        0x4 C:\Users\PACO\AppData\Local\arduino\sketches\76960071FE62D9CFF8F72A1F29F76893\sketch\Lavadora.ino.cpp.o
                0x2000048c                minutos
 .bss.cantidadSeleccionada
                0x20000490        0x4 C:\Users\PACO\AppData\Local\arduino\sketches\76960071FE62D9CFF8F72A1F29F76893\sketch\Lavadora.ino.cpp.o
                0x20000490                cantidadSeleccionada
 .bss.horas     0x20000494        0x4 C:\Users\PACO\AppData\Local\arduino\sketches\76960071FE62D9CFF8F72A1F29F76893\sketch\Lavadora.ino.cpp.o
                0x20000494                horas
 .bss.enMarcha  0x20000498        0x1 C:\Users\PACO\AppData\Local\arduino\sketches\76960071FE62D9CFF8F72A1F29F76893\sketch\Lavadora.ino.cpp.o
                0x20000498                enMarcha
 *fill*         0x20000499        0x3 
 .bss.sevseg1   0x2000049c       0x30 C:\Users\PACO\AppData\Local\arduino\sketches\76960071FE62D9CFF8F72A1F29F76893\sketch\Lavadora.ino.cpp.o
                0x2000049c                sevseg1
 .bss.lastUpdateTime
                0x200004cc        0x4 C:\Users\PACO\AppData\Local\arduino\sketches\76960071FE62D9CFF8F72A1F29F76893\sketch\Lavadora.ino.cpp.o
                0x200004cc                lastUpdateTime
 .bss.tipoLavadoSeleccionado
                0x200004d0        0x4 C:\Users\PACO\AppData\Local\arduino\sketches\76960071FE62D9CFF8F72A1F29F76893\sketch\Lavadora.ino.cpp.o
                0x200004d0                tipoLavadoSeleccionado
 .bss.segundos  0x200004d4        0x4 C:\Users\PACO\AppData\Local\arduino\sketches\76960071FE62D9CFF8F72A1F29F76893\sketch\Lavadora.ino.cpp.o
                0x200004d4                segundos
 .bss.sistemaEncendido
                0x200004d8        0x1 C:\Users\PACO\AppData\Local\arduino\sketches\76960071FE62D9CFF8F72A1F29F76893\sketch\Lavadora.ino.cpp.o
                0x200004d8                sistemaEncendido
 *fill*         0x200004d9        0x3 
 .bss.Serial1   0x200004dc       0x18 C:\Users\PACO\AppData\Local\arduino\sketches\76960071FE62D9CFF8F72A1F29F76893\core\board.cpp.o
                0x200004dc                Serial1
 .bss.Serial2   0x200004f4       0x18 C:\Users\PACO\AppData\Local\arduino\sketches\76960071FE62D9CFF8F72A1F29F76893\core\board.cpp.o
                0x200004f4                Serial2
 .bss.Serial3   0x2000050c       0x18 C:\Users\PACO\AppData\Local\arduino\sketches\76960071FE62D9CFF8F72A1F29F76893\core\board.cpp.o
                0x2000050c                Serial3
 .bss.exti_channels
                0x20000524       0x80 C:\Users\PACO\AppData\Local\arduino\cores\c04241a99d7925709481fc4dd56bc947\core.a(exti.c.o)
                0x20000524                exti_channels
 .bss.systick_user_callback
                0x200005a4        0x4 C:\Users\PACO\AppData\Local\arduino\cores\c04241a99d7925709481fc4dd56bc947\core.a(systick.c.o)
 .bss.usart1_wb
                0x200005a8        0xc C:\Users\PACO\AppData\Local\arduino\cores\c04241a99d7925709481fc4dd56bc947\core.a(usart_f1.c.o)
 .bss.usart1_rb
                0x200005b4        0xc C:\Users\PACO\AppData\Local\arduino\cores\c04241a99d7925709481fc4dd56bc947\core.a(usart_f1.c.o)
 .bss.usart2_rb
                0x200005c0        0xc C:\Users\PACO\AppData\Local\arduino\cores\c04241a99d7925709481fc4dd56bc947\core.a(usart_f1.c.o)
 .bss.usart3_rb
                0x200005cc        0xc C:\Users\PACO\AppData\Local\arduino\cores\c04241a99d7925709481fc4dd56bc947\core.a(usart_f1.c.o)
 .bss.usart2_wb
                0x200005d8        0xc C:\Users\PACO\AppData\Local\arduino\cores\c04241a99d7925709481fc4dd56bc947\core.a(usart_f1.c.o)
 .bss.usart3_wb
                0x200005e4        0xc C:\Users\PACO\AppData\Local\arduino\cores\c04241a99d7925709481fc4dd56bc947\core.a(usart_f1.c.o)
 .bss.line_dtr_rts
                0x200005f0        0x1 C:\Users\PACO\AppData\Local\arduino\cores\c04241a99d7925709481fc4dd56bc947\core.a(usb_cdcacm.c.o)
 *fill*         0x200005f1        0x3 
 .bss.tx_head   0x200005f4        0x4 C:\Users\PACO\AppData\Local\arduino\cores\c04241a99d7925709481fc4dd56bc947\core.a(usb_cdcacm.c.o)
 .bss.transmitting
                0x200005f8        0x1 C:\Users\PACO\AppData\Local\arduino\cores\c04241a99d7925709481fc4dd56bc947\core.a(usb_cdcacm.c.o)
 *fill*         0x200005f9        0x3 
 .bss.rx_tail   0x200005fc        0x4 C:\Users\PACO\AppData\Local\arduino\cores\c04241a99d7925709481fc4dd56bc947\core.a(usb_cdcacm.c.o)
 .bss.iface_setup_hook
                0x20000600        0x4 C:\Users\PACO\AppData\Local\arduino\cores\c04241a99d7925709481fc4dd56bc947\core.a(usb_cdcacm.c.o)
 .bss.rx_head   0x20000604        0x4 C:\Users\PACO\AppData\Local\arduino\cores\c04241a99d7925709481fc4dd56bc947\core.a(usb_cdcacm.c.o)
 .bss.tx_tail   0x20000608        0x4 C:\Users\PACO\AppData\Local\arduino\cores\c04241a99d7925709481fc4dd56bc947\core.a(usb_cdcacm.c.o)
 .bss.Data_Mul_MaxPacketSize
                0x2000060c        0x1 C:\Users\PACO\AppData\Local\arduino\cores\c04241a99d7925709481fc4dd56bc947\core.a(usb_core.c.o)
                0x2000060c                Data_Mul_MaxPacketSize
 *(COMMON)
 *fill*         0x2000060d        0x3 
 COMMON         0x20000610        0x4 C:\Users\PACO\AppData\Local\arduino\cores\c04241a99d7925709481fc4dd56bc947\core.a(systick.c.o)
                0x20000610                systick_uptime_millis
 COMMON         0x20000614        0x6 C:\Users\PACO\AppData\Local\arduino\cores\c04241a99d7925709481fc4dd56bc947\core.a(usb.c.o)
                0x20000614                SaveRState
                0x20000616                SaveTState
                0x20000618                ResumeS
 COMMON         0x2000061a        0x2 C:\Users\PACO\AppData\Local\arduino\cores\c04241a99d7925709481fc4dd56bc947\core.a(usb_core.c.o)
                0x2000061a                StatusInfo
 COMMON         0x2000061c       0x32 C:\Users\PACO\AppData\Local\arduino\cores\c04241a99d7925709481fc4dd56bc947\core.a(usb_init.c.o)
                0x2000061c                SaveState
                0x20000620                pProperty
                0x20000624                EPindex
                0x20000628                Device_Info
                0x20000644                pUser_Standard_Requests
                0x20000648                pInformation
                0x2000064c                wInterrupt_Mask
                0x20000650                . = ALIGN (0x8)
 *fill*         0x2000064e        0x2 
                0x20000650                __bss_end__ = .
                0x20000650                _end = __bss_end__

.stab
 *(.stab)

.stabstr
 *(.stabstr)

.debug
 *(.debug)

.line
 *(.line)

.debug_srcinfo
 *(.debug_srcinfo)

.debug_sfnames
 *(.debug_sfnames)

.debug_aranges  0x00000000      0xfa8
 *(.debug_aranges)
 .debug_aranges
                0x00000000       0x70 C:\Users\PACO\AppData\Local\arduino\sketches\76960071FE62D9CFF8F72A1F29F76893\sketch\Lavadora.ino.cpp.o
 .debug_aranges
                0x00000070       0xa8 C:\Users\PACO\AppData\Local\arduino\sketches\76960071FE62D9CFF8F72A1F29F76893\sketch\SevSeg.cpp.o
 .debug_aranges
                0x00000118       0x28 C:\Users\PACO\AppData\Local\arduino\sketches\76960071FE62D9CFF8F72A1F29F76893\core\board.cpp.o
 .debug_aranges
                0x00000140       0x40 C:\Users\PACO\AppData\Local\arduino\sketches\76960071FE62D9CFF8F72A1F29F76893\core\wirish\boards.cpp.o
 .debug_aranges
                0x00000180       0x40 C:\Users\PACO\AppData\Local\arduino\sketches\76960071FE62D9CFF8F72A1F29F76893\core\wirish\boards_setup.cpp.o
 .debug_aranges
                0x000001c0       0x20 C:\Users\PACO\AppData\Local\arduino\sketches\76960071FE62D9CFF8F72A1F29F76893\core\wirish\start.S.o
 .debug_aranges
                0x000001e0       0x20 C:\Users\PACO\AppData\Local\arduino\sketches\76960071FE62D9CFF8F72A1F29F76893\core\wirish\start_c.c.o
 .debug_aranges
                0x00000200       0x88 C:\Users\PACO\AppData\Local\arduino\sketches\76960071FE62D9CFF8F72A1F29F76893\core\wirish\syscalls.c.o
 .debug_aranges
                0x00000288       0x70 C:\Users\PACO\AppData\Local\arduino\cores\c04241a99d7925709481fc4dd56bc947\core.a(HardwareSerial.cpp.o)
 .debug_aranges
                0x000002f8      0x110 C:\Users\PACO\AppData\Local\arduino\cores\c04241a99d7925709481fc4dd56bc947\core.a(Print.cpp.o)
 .debug_aranges
                0x00000408       0x28 C:\Users\PACO\AppData\Local\arduino\cores\c04241a99d7925709481fc4dd56bc947\core.a(cxxabi-compat.cpp.o)
 .debug_aranges
                0x00000430       0x38 C:\Users\PACO\AppData\Local\arduino\cores\c04241a99d7925709481fc4dd56bc947\core.a(adc.c.o)
 .debug_aranges
                0x00000468       0x58 C:\Users\PACO\AppData\Local\arduino\cores\c04241a99d7925709481fc4dd56bc947\core.a(adc_f1.c.o)
 .debug_aranges
                0x000004c0       0xb0 C:\Users\PACO\AppData\Local\arduino\cores\c04241a99d7925709481fc4dd56bc947\core.a(dma_f1.c.o)
 .debug_aranges
                0x00000570       0x20 C:\Users\PACO\AppData\Local\arduino\cores\c04241a99d7925709481fc4dd56bc947\core.a(exc.S.o)
 .debug_aranges
                0x00000590       0x80 C:\Users\PACO\AppData\Local\arduino\cores\c04241a99d7925709481fc4dd56bc947\core.a(exti.c.o)
 .debug_aranges
                0x00000610       0x20 C:\Users\PACO\AppData\Local\arduino\cores\c04241a99d7925709481fc4dd56bc947\core.a(exti_f1.c.o)
 .debug_aranges
                0x00000630       0x20 C:\Users\PACO\AppData\Local\arduino\cores\c04241a99d7925709481fc4dd56bc947\core.a(flash.c.o)
 .debug_aranges
                0x00000650       0x48 C:\Users\PACO\AppData\Local\arduino\cores\c04241a99d7925709481fc4dd56bc947\core.a(gpio_f1.c.o)
 .debug_aranges
                0x00000698       0x50 C:\Users\PACO\AppData\Local\arduino\cores\c04241a99d7925709481fc4dd56bc947\core.a(i2c_f1.c.o)
 .debug_aranges
                0x000006e8       0x38 C:\Users\PACO\AppData\Local\arduino\cores\c04241a99d7925709481fc4dd56bc947\core.a(nvic.c.o)
 .debug_aranges
                0x00000720       0x48 C:\Users\PACO\AppData\Local\arduino\cores\c04241a99d7925709481fc4dd56bc947\core.a(rcc.c.o)
 .debug_aranges
                0x00000768       0x48 C:\Users\PACO\AppData\Local\arduino\cores\c04241a99d7925709481fc4dd56bc947\core.a(rcc_f1.c.o)
 .debug_aranges
                0x000007b0       0x20 C:\Users\PACO\AppData\Local\arduino\cores\c04241a99d7925709481fc4dd56bc947\core.a(isrs.S.o)
 .debug_aranges
                0x000007d0       0x40 C:\Users\PACO\AppData\Local\arduino\cores\c04241a99d7925709481fc4dd56bc947\core.a(systick.c.o)
 .debug_aranges
                0x00000810       0xb0 C:\Users\PACO\AppData\Local\arduino\cores\c04241a99d7925709481fc4dd56bc947\core.a(timer.c.o)
 .debug_aranges
                0x000008c0       0x48 C:\Users\PACO\AppData\Local\arduino\cores\c04241a99d7925709481fc4dd56bc947\core.a(usart.c.o)
 .debug_aranges
                0x00000908       0x50 C:\Users\PACO\AppData\Local\arduino\cores\c04241a99d7925709481fc4dd56bc947\core.a(usart_f1.c.o)
 .debug_aranges
                0x00000958       0x20 C:\Users\PACO\AppData\Local\arduino\cores\c04241a99d7925709481fc4dd56bc947\core.a(usart_private.c.o)
 .debug_aranges
                0x00000978       0x38 C:\Users\PACO\AppData\Local\arduino\cores\c04241a99d7925709481fc4dd56bc947\core.a(usb.c.o)
 .debug_aranges
                0x000009b0      0x128 C:\Users\PACO\AppData\Local\arduino\cores\c04241a99d7925709481fc4dd56bc947\core.a(usb_cdcacm.c.o)
 .debug_aranges
                0x00000ad8       0x20 C:\Users\PACO\AppData\Local\arduino\cores\c04241a99d7925709481fc4dd56bc947\core.a(usb_reg_map.c.o)
 .debug_aranges
                0x00000af8       0x98 C:\Users\PACO\AppData\Local\arduino\cores\c04241a99d7925709481fc4dd56bc947\core.a(usb_core.c.o)
 .debug_aranges
                0x00000b90       0x20 C:\Users\PACO\AppData\Local\arduino\cores\c04241a99d7925709481fc4dd56bc947\core.a(usb_init.c.o)
 .debug_aranges
                0x00000bb0       0x28 C:\Users\PACO\AppData\Local\arduino\cores\c04241a99d7925709481fc4dd56bc947\core.a(usb_mem.c.o)
 .debug_aranges
                0x00000bd8      0x1f0 C:\Users\PACO\AppData\Local\arduino\cores\c04241a99d7925709481fc4dd56bc947\core.a(usb_regs.c.o)
 .debug_aranges
                0x00000dc8       0x50 C:\Users\PACO\AppData\Local\arduino\cores\c04241a99d7925709481fc4dd56bc947\core.a(util.c.o)
 .debug_aranges
                0x00000e18       0x28 C:\Users\PACO\AppData\Local\arduino\cores\c04241a99d7925709481fc4dd56bc947\core.a(main.cpp.o)
 .debug_aranges
                0x00000e40       0x20 C:\Users\PACO\AppData\Local\arduino\cores\c04241a99d7925709481fc4dd56bc947\core.a(wirish_digital_f1.cpp.o)
 .debug_aranges
                0x00000e60       0x28 C:\Users\PACO\AppData\Local\arduino\cores\c04241a99d7925709481fc4dd56bc947\core.a(wirish_digital.cpp.o)
 .debug_aranges
                0x00000e88       0x30 C:\Users\PACO\AppData\Local\arduino\cores\c04241a99d7925709481fc4dd56bc947\core.a(wirish_time.cpp.o)
 .debug_aranges
                0x00000eb8       0x20 C:\Users\PACO\AppData\Local\arduino\cores\c04241a99d7925709481fc4dd56bc947\core.a(hooks.c.o)
 .debug_aranges
                0x00000ed8       0x28 C:\Users\PACO\AppData\Local\arduino\cores\c04241a99d7925709481fc4dd56bc947\core.a(dma.c.o)
 .debug_aranges
                0x00000f00       0x20 C:\Users\PACO\AppData\Local\arduino\cores\c04241a99d7925709481fc4dd56bc947\core.a(gpio.c.o)
 .debug_aranges
                0x00000f20       0x88 C:\Users\PACO\AppData\Local\arduino\cores\c04241a99d7925709481fc4dd56bc947\core.a(i2c.c.o)

.debug_pubnames
 *(.debug_pubnames)

.debug_info     0x00000000    0x1f006
 *(.debug_info .gnu.linkonce.wi.*)
 .debug_info    0x00000000     0x164c C:\Users\PACO\AppData\Local\arduino\sketches\76960071FE62D9CFF8F72A1F29F76893\sketch\Lavadora.ino.cpp.o
 .debug_info    0x0000164c     0x11a9 C:\Users\PACO\AppData\Local\arduino\sketches\76960071FE62D9CFF8F72A1F29F76893\sketch\SevSeg.cpp.o
 .debug_info    0x000027f5     0x1170 C:\Users\PACO\AppData\Local\arduino\sketches\76960071FE62D9CFF8F72A1F29F76893\core\board.cpp.o
 .debug_info    0x00003965     0x1409 C:\Users\PACO\AppData\Local\arduino\sketches\76960071FE62D9CFF8F72A1F29F76893\core\wirish\boards.cpp.o
 .debug_info    0x00004d6e      0x61e C:\Users\PACO\AppData\Local\arduino\sketches\76960071FE62D9CFF8F72A1F29F76893\core\wirish\boards_setup.cpp.o
 .debug_info    0x0000538c      0x10b C:\Users\PACO\AppData\Local\arduino\sketches\76960071FE62D9CFF8F72A1F29F76893\core\wirish\start.S.o
 .debug_info    0x00005497      0x176 C:\Users\PACO\AppData\Local\arduino\sketches\76960071FE62D9CFF8F72A1F29F76893\core\wirish\start_c.c.o
 .debug_info    0x0000560d      0x5cd C:\Users\PACO\AppData\Local\arduino\sketches\76960071FE62D9CFF8F72A1F29F76893\core\wirish\syscalls.c.o
 .debug_info    0x00005bda     0x29ea C:\Users\PACO\AppData\Local\arduino\cores\c04241a99d7925709481fc4dd56bc947\core.a(HardwareSerial.cpp.o)
 .debug_info    0x000085c4     0x258c C:\Users\PACO\AppData\Local\arduino\cores\c04241a99d7925709481fc4dd56bc947\core.a(Print.cpp.o)
 .debug_info    0x0000ab50      0x526 C:\Users\PACO\AppData\Local\arduino\cores\c04241a99d7925709481fc4dd56bc947\core.a(cxxabi-compat.cpp.o)
 .debug_info    0x0000b076      0x79a C:\Users\PACO\AppData\Local\arduino\cores\c04241a99d7925709481fc4dd56bc947\core.a(adc.c.o)
 .debug_info    0x0000b810      0xe4a C:\Users\PACO\AppData\Local\arduino\cores\c04241a99d7925709481fc4dd56bc947\core.a(adc_f1.c.o)
 .debug_info    0x0000c65a     0x18b1 C:\Users\PACO\AppData\Local\arduino\cores\c04241a99d7925709481fc4dd56bc947\core.a(dma_f1.c.o)
 .debug_info    0x0000df0b       0xc9 C:\Users\PACO\AppData\Local\arduino\cores\c04241a99d7925709481fc4dd56bc947\core.a(exc.S.o)
 .debug_info    0x0000dfd4      0xd3c C:\Users\PACO\AppData\Local\arduino\cores\c04241a99d7925709481fc4dd56bc947\core.a(exti.c.o)
 .debug_info    0x0000ed10      0x213 C:\Users\PACO\AppData\Local\arduino\cores\c04241a99d7925709481fc4dd56bc947\core.a(exti_f1.c.o)
 .debug_info    0x0000ef23      0x128 C:\Users\PACO\AppData\Local\arduino\cores\c04241a99d7925709481fc4dd56bc947\core.a(flash.c.o)
 .debug_info    0x0000f04b      0x715 C:\Users\PACO\AppData\Local\arduino\cores\c04241a99d7925709481fc4dd56bc947\core.a(gpio_f1.c.o)
 .debug_info    0x0000f760      0xc25 C:\Users\PACO\AppData\Local\arduino\cores\c04241a99d7925709481fc4dd56bc947\core.a(i2c_f1.c.o)
 .debug_info    0x00010385      0x5a2 C:\Users\PACO\AppData\Local\arduino\cores\c04241a99d7925709481fc4dd56bc947\core.a(nvic.c.o)
 .debug_info    0x00010927      0x556 C:\Users\PACO\AppData\Local\arduino\cores\c04241a99d7925709481fc4dd56bc947\core.a(rcc.c.o)
 .debug_info    0x00010e7d      0xb64 C:\Users\PACO\AppData\Local\arduino\cores\c04241a99d7925709481fc4dd56bc947\core.a(rcc_f1.c.o)
 .debug_info    0x000119e1       0xde C:\Users\PACO\AppData\Local\arduino\cores\c04241a99d7925709481fc4dd56bc947\core.a(isrs.S.o)
 .debug_info    0x00011abf      0x182 C:\Users\PACO\AppData\Local\arduino\cores\c04241a99d7925709481fc4dd56bc947\core.a(systick.c.o)
 .debug_info    0x00011c41     0x197d C:\Users\PACO\AppData\Local\arduino\cores\c04241a99d7925709481fc4dd56bc947\core.a(timer.c.o)
 .debug_info    0x000135be      0xc32 C:\Users\PACO\AppData\Local\arduino\cores\c04241a99d7925709481fc4dd56bc947\core.a(usart.c.o)
 .debug_info    0x000141f0      0xb89 C:\Users\PACO\AppData\Local\arduino\cores\c04241a99d7925709481fc4dd56bc947\core.a(usart_f1.c.o)
 .debug_info    0x00014d79      0x595 C:\Users\PACO\AppData\Local\arduino\cores\c04241a99d7925709481fc4dd56bc947\core.a(usart_private.c.o)
 .debug_info    0x0001530e      0xd16 C:\Users\PACO\AppData\Local\arduino\cores\c04241a99d7925709481fc4dd56bc947\core.a(usb.c.o)
 .debug_info    0x00016024     0x22d2 C:\Users\PACO\AppData\Local\arduino\cores\c04241a99d7925709481fc4dd56bc947\core.a(usb_cdcacm.c.o)
 .debug_info    0x000182f6      0x26c C:\Users\PACO\AppData\Local\arduino\cores\c04241a99d7925709481fc4dd56bc947\core.a(usb_reg_map.c.o)
 .debug_info    0x00018562      0xddf C:\Users\PACO\AppData\Local\arduino\cores\c04241a99d7925709481fc4dd56bc947\core.a(usb_core.c.o)
 .debug_info    0x00019341      0x3ed C:\Users\PACO\AppData\Local\arduino\cores\c04241a99d7925709481fc4dd56bc947\core.a(usb_init.c.o)
 .debug_info    0x0001972e      0x183 C:\Users\PACO\AppData\Local\arduino\cores\c04241a99d7925709481fc4dd56bc947\core.a(usb_mem.c.o)
 .debug_info    0x000198b1      0xc88 C:\Users\PACO\AppData\Local\arduino\cores\c04241a99d7925709481fc4dd56bc947\core.a(usb_regs.c.o)
 .debug_info    0x0001a539      0xad2 C:\Users\PACO\AppData\Local\arduino\cores\c04241a99d7925709481fc4dd56bc947\core.a(util.c.o)
 .debug_info    0x0001b00b       0x99 C:\Users\PACO\AppData\Local\arduino\cores\c04241a99d7925709481fc4dd56bc947\core.a(main.cpp.o)
 .debug_info    0x0001b0a4      0xc8a C:\Users\PACO\AppData\Local\arduino\cores\c04241a99d7925709481fc4dd56bc947\core.a(wirish_digital_f1.cpp.o)
 .debug_info    0x0001bd2e      0xb0b C:\Users\PACO\AppData\Local\arduino\cores\c04241a99d7925709481fc4dd56bc947\core.a(wirish_digital.cpp.o)
 .debug_info    0x0001c839      0x2be C:\Users\PACO\AppData\Local\arduino\cores\c04241a99d7925709481fc4dd56bc947\core.a(wirish_time.cpp.o)
 .debug_info    0x0001caf7       0x33 C:\Users\PACO\AppData\Local\arduino\cores\c04241a99d7925709481fc4dd56bc947\core.a(hooks.c.o)
 .debug_info    0x0001cb2a      0x6f7 C:\Users\PACO\AppData\Local\arduino\cores\c04241a99d7925709481fc4dd56bc947\core.a(dma.c.o)
 .debug_info    0x0001d221      0x313 C:\Users\PACO\AppData\Local\arduino\cores\c04241a99d7925709481fc4dd56bc947\core.a(gpio.c.o)
 .debug_info    0x0001d534     0x1ad2 C:\Users\PACO\AppData\Local\arduino\cores\c04241a99d7925709481fc4dd56bc947\core.a(i2c.c.o)

.debug_abbrev   0x00000000     0x6048
 *(.debug_abbrev)
 .debug_abbrev  0x00000000      0x373 C:\Users\PACO\AppData\Local\arduino\sketches\76960071FE62D9CFF8F72A1F29F76893\sketch\Lavadora.ino.cpp.o
 .debug_abbrev  0x00000373      0x450 C:\Users\PACO\AppData\Local\arduino\sketches\76960071FE62D9CFF8F72A1F29F76893\sketch\SevSeg.cpp.o
 .debug_abbrev  0x000007c3      0x275 C:\Users\PACO\AppData\Local\arduino\sketches\76960071FE62D9CFF8F72A1F29F76893\core\board.cpp.o
 .debug_abbrev  0x00000a38      0x3dd C:\Users\PACO\AppData\Local\arduino\sketches\76960071FE62D9CFF8F72A1F29F76893\core\wirish\boards.cpp.o
 .debug_abbrev  0x00000e15      0x196 C:\Users\PACO\AppData\Local\arduino\sketches\76960071FE62D9CFF8F72A1F29F76893\core\wirish\boards_setup.cpp.o
 .debug_abbrev  0x00000fab       0x14 C:\Users\PACO\AppData\Local\arduino\sketches\76960071FE62D9CFF8F72A1F29F76893\core\wirish\start.S.o
 .debug_abbrev  0x00000fbf      0x11f C:\Users\PACO\AppData\Local\arduino\sketches\76960071FE62D9CFF8F72A1F29F76893\core\wirish\start_c.c.o
 .debug_abbrev  0x000010de      0x17e C:\Users\PACO\AppData\Local\arduino\sketches\76960071FE62D9CFF8F72A1F29F76893\core\wirish\syscalls.c.o
 .debug_abbrev  0x0000125c      0x535 C:\Users\PACO\AppData\Local\arduino\cores\c04241a99d7925709481fc4dd56bc947\core.a(HardwareSerial.cpp.o)
 .debug_abbrev  0x00001791      0x414 C:\Users\PACO\AppData\Local\arduino\cores\c04241a99d7925709481fc4dd56bc947\core.a(Print.cpp.o)
 .debug_abbrev  0x00001ba5      0x163 C:\Users\PACO\AppData\Local\arduino\cores\c04241a99d7925709481fc4dd56bc947\core.a(cxxabi-compat.cpp.o)
 .debug_abbrev  0x00001d08      0x20b C:\Users\PACO\AppData\Local\arduino\cores\c04241a99d7925709481fc4dd56bc947\core.a(adc.c.o)
 .debug_abbrev  0x00001f13      0x2e6 C:\Users\PACO\AppData\Local\arduino\cores\c04241a99d7925709481fc4dd56bc947\core.a(adc_f1.c.o)
 .debug_abbrev  0x000021f9      0x3e9 C:\Users\PACO\AppData\Local\arduino\cores\c04241a99d7925709481fc4dd56bc947\core.a(dma_f1.c.o)
 .debug_abbrev  0x000025e2       0x14 C:\Users\PACO\AppData\Local\arduino\cores\c04241a99d7925709481fc4dd56bc947\core.a(exc.S.o)
 .debug_abbrev  0x000025f6      0x286 C:\Users\PACO\AppData\Local\arduino\cores\c04241a99d7925709481fc4dd56bc947\core.a(exti.c.o)
 .debug_abbrev  0x0000287c       0xdb C:\Users\PACO\AppData\Local\arduino\cores\c04241a99d7925709481fc4dd56bc947\core.a(exti_f1.c.o)
 .debug_abbrev  0x00002957       0x9f C:\Users\PACO\AppData\Local\arduino\cores\c04241a99d7925709481fc4dd56bc947\core.a(flash.c.o)
 .debug_abbrev  0x000029f6      0x191 C:\Users\PACO\AppData\Local\arduino\cores\c04241a99d7925709481fc4dd56bc947\core.a(gpio_f1.c.o)
 .debug_abbrev  0x00002b87      0x20b C:\Users\PACO\AppData\Local\arduino\cores\c04241a99d7925709481fc4dd56bc947\core.a(i2c_f1.c.o)
 .debug_abbrev  0x00002d92      0x1ac C:\Users\PACO\AppData\Local\arduino\cores\c04241a99d7925709481fc4dd56bc947\core.a(nvic.c.o)
 .debug_abbrev  0x00002f3e      0x17f C:\Users\PACO\AppData\Local\arduino\cores\c04241a99d7925709481fc4dd56bc947\core.a(rcc.c.o)
 .debug_abbrev  0x000030bd      0x28c C:\Users\PACO\AppData\Local\arduino\cores\c04241a99d7925709481fc4dd56bc947\core.a(rcc_f1.c.o)
 .debug_abbrev  0x00003349       0x14 C:\Users\PACO\AppData\Local\arduino\cores\c04241a99d7925709481fc4dd56bc947\core.a(isrs.S.o)
 .debug_abbrev  0x0000335d      0x10f C:\Users\PACO\AppData\Local\arduino\cores\c04241a99d7925709481fc4dd56bc947\core.a(systick.c.o)
 .debug_abbrev  0x0000346c      0x4c8 C:\Users\PACO\AppData\Local\arduino\cores\c04241a99d7925709481fc4dd56bc947\core.a(timer.c.o)
 .debug_abbrev  0x00003934      0x2ff C:\Users\PACO\AppData\Local\arduino\cores\c04241a99d7925709481fc4dd56bc947\core.a(usart.c.o)
 .debug_abbrev  0x00003c33      0x2ad C:\Users\PACO\AppData\Local\arduino\cores\c04241a99d7925709481fc4dd56bc947\core.a(usart_f1.c.o)
 .debug_abbrev  0x00003ee0      0x144 C:\Users\PACO\AppData\Local\arduino\cores\c04241a99d7925709481fc4dd56bc947\core.a(usart_private.c.o)
 .debug_abbrev  0x00004024      0x352 C:\Users\PACO\AppData\Local\arduino\cores\c04241a99d7925709481fc4dd56bc947\core.a(usb.c.o)
 .debug_abbrev  0x00004376      0x47d C:\Users\PACO\AppData\Local\arduino\cores\c04241a99d7925709481fc4dd56bc947\core.a(usb_cdcacm.c.o)
 .debug_abbrev  0x000047f3      0x193 C:\Users\PACO\AppData\Local\arduino\cores\c04241a99d7925709481fc4dd56bc947\core.a(usb_reg_map.c.o)
 .debug_abbrev  0x00004986      0x3a6 C:\Users\PACO\AppData\Local\arduino\cores\c04241a99d7925709481fc4dd56bc947\core.a(usb_core.c.o)
 .debug_abbrev  0x00004d2c      0x101 C:\Users\PACO\AppData\Local\arduino\cores\c04241a99d7925709481fc4dd56bc947\core.a(usb_init.c.o)
 .debug_abbrev  0x00004e2d       0xa6 C:\Users\PACO\AppData\Local\arduino\cores\c04241a99d7925709481fc4dd56bc947\core.a(usb_mem.c.o)
 .debug_abbrev  0x00004ed3      0x1f3 C:\Users\PACO\AppData\Local\arduino\cores\c04241a99d7925709481fc4dd56bc947\core.a(usb_regs.c.o)
 .debug_abbrev  0x000050c6      0x2cb C:\Users\PACO\AppData\Local\arduino\cores\c04241a99d7925709481fc4dd56bc947\core.a(util.c.o)
 .debug_abbrev  0x00005391       0x7b C:\Users\PACO\AppData\Local\arduino\cores\c04241a99d7925709481fc4dd56bc947\core.a(main.cpp.o)
 .debug_abbrev  0x0000540c      0x240 C:\Users\PACO\AppData\Local\arduino\cores\c04241a99d7925709481fc4dd56bc947\core.a(wirish_digital_f1.cpp.o)
 .debug_abbrev  0x0000564c      0x17e C:\Users\PACO\AppData\Local\arduino\cores\c04241a99d7925709481fc4dd56bc947\core.a(wirish_digital.cpp.o)
 .debug_abbrev  0x000057ca      0x196 C:\Users\PACO\AppData\Local\arduino\cores\c04241a99d7925709481fc4dd56bc947\core.a(wirish_time.cpp.o)
 .debug_abbrev  0x00005960       0x26 C:\Users\PACO\AppData\Local\arduino\cores\c04241a99d7925709481fc4dd56bc947\core.a(hooks.c.o)
 .debug_abbrev  0x00005986      0x182 C:\Users\PACO\AppData\Local\arduino\cores\c04241a99d7925709481fc4dd56bc947\core.a(dma.c.o)
 .debug_abbrev  0x00005b08      0x113 C:\Users\PACO\AppData\Local\arduino\cores\c04241a99d7925709481fc4dd56bc947\core.a(gpio.c.o)
 .debug_abbrev  0x00005c1b      0x42d C:\Users\PACO\AppData\Local\arduino\cores\c04241a99d7925709481fc4dd56bc947\core.a(i2c.c.o)

.debug_line     0x00000000     0xa8bc
 *(.debug_line)
 .debug_line    0x00000000      0x593 C:\Users\PACO\AppData\Local\arduino\sketches\76960071FE62D9CFF8F72A1F29F76893\sketch\Lavadora.ino.cpp.o
 .debug_line    0x00000593      0x6b5 C:\Users\PACO\AppData\Local\arduino\sketches\76960071FE62D9CFF8F72A1F29F76893\sketch\SevSeg.cpp.o
 .debug_line    0x00000c48      0x462 C:\Users\PACO\AppData\Local\arduino\sketches\76960071FE62D9CFF8F72A1F29F76893\core\board.cpp.o
 .debug_line    0x000010aa      0x4c1 C:\Users\PACO\AppData\Local\arduino\sketches\76960071FE62D9CFF8F72A1F29F76893\core\wirish\boards.cpp.o
 .debug_line    0x0000156b      0x3b4 C:\Users\PACO\AppData\Local\arduino\sketches\76960071FE62D9CFF8F72A1F29F76893\core\wirish\boards_setup.cpp.o
 .debug_line    0x0000191f       0xaf C:\Users\PACO\AppData\Local\arduino\sketches\76960071FE62D9CFF8F72A1F29F76893\core\wirish\start.S.o
 .debug_line    0x000019ce       0xc0 C:\Users\PACO\AppData\Local\arduino\sketches\76960071FE62D9CFF8F72A1F29F76893\core\wirish\start_c.c.o
 .debug_line    0x00001a8e      0x303 C:\Users\PACO\AppData\Local\arduino\sketches\76960071FE62D9CFF8F72A1F29F76893\core\wirish\syscalls.c.o
 .debug_line    0x00001d91      0x557 C:\Users\PACO\AppData\Local\arduino\cores\c04241a99d7925709481fc4dd56bc947\core.a(HardwareSerial.cpp.o)
 .debug_line    0x000022e8      0x5c5 C:\Users\PACO\AppData\Local\arduino\cores\c04241a99d7925709481fc4dd56bc947\core.a(Print.cpp.o)
 .debug_line    0x000028ad      0x269 C:\Users\PACO\AppData\Local\arduino\cores\c04241a99d7925709481fc4dd56bc947\core.a(cxxabi-compat.cpp.o)
 .debug_line    0x00002b16      0x340 C:\Users\PACO\AppData\Local\arduino\cores\c04241a99d7925709481fc4dd56bc947\core.a(adc.c.o)
 .debug_line    0x00002e56      0x3ec C:\Users\PACO\AppData\Local\arduino\cores\c04241a99d7925709481fc4dd56bc947\core.a(adc_f1.c.o)
 .debug_line    0x00003242      0x671 C:\Users\PACO\AppData\Local\arduino\cores\c04241a99d7925709481fc4dd56bc947\core.a(dma_f1.c.o)
 .debug_line    0x000038b3       0xb7 C:\Users\PACO\AppData\Local\arduino\cores\c04241a99d7925709481fc4dd56bc947\core.a(exc.S.o)
 .debug_line    0x0000396a      0x419 C:\Users\PACO\AppData\Local\arduino\cores\c04241a99d7925709481fc4dd56bc947\core.a(exti.c.o)
 .debug_line    0x00003d83      0x342 C:\Users\PACO\AppData\Local\arduino\cores\c04241a99d7925709481fc4dd56bc947\core.a(exti_f1.c.o)
 .debug_line    0x000040c5      0x2c2 C:\Users\PACO\AppData\Local\arduino\cores\c04241a99d7925709481fc4dd56bc947\core.a(flash.c.o)
 .debug_line    0x00004387      0x36b C:\Users\PACO\AppData\Local\arduino\cores\c04241a99d7925709481fc4dd56bc947\core.a(gpio_f1.c.o)
 .debug_line    0x000046f2      0x44f C:\Users\PACO\AppData\Local\arduino\cores\c04241a99d7925709481fc4dd56bc947\core.a(i2c_f1.c.o)
 .debug_line    0x00004b41      0x32a C:\Users\PACO\AppData\Local\arduino\cores\c04241a99d7925709481fc4dd56bc947\core.a(nvic.c.o)
 .debug_line    0x00004e6b      0x3c3 C:\Users\PACO\AppData\Local\arduino\cores\c04241a99d7925709481fc4dd56bc947\core.a(rcc.c.o)
 .debug_line    0x0000522e      0x410 C:\Users\PACO\AppData\Local\arduino\cores\c04241a99d7925709481fc4dd56bc947\core.a(rcc_f1.c.o)
 .debug_line    0x0000563e       0xb4 C:\Users\PACO\AppData\Local\arduino\cores\c04241a99d7925709481fc4dd56bc947\core.a(isrs.S.o)
 .debug_line    0x000056f2      0x294 C:\Users\PACO\AppData\Local\arduino\cores\c04241a99d7925709481fc4dd56bc947\core.a(systick.c.o)
 .debug_line    0x00005986      0x623 C:\Users\PACO\AppData\Local\arduino\cores\c04241a99d7925709481fc4dd56bc947\core.a(timer.c.o)
 .debug_line    0x00005fa9      0x458 C:\Users\PACO\AppData\Local\arduino\cores\c04241a99d7925709481fc4dd56bc947\core.a(usart.c.o)
 .debug_line    0x00006401      0x460 C:\Users\PACO\AppData\Local\arduino\cores\c04241a99d7925709481fc4dd56bc947\core.a(usart_f1.c.o)
 .debug_line    0x00006861      0x2fe C:\Users\PACO\AppData\Local\arduino\cores\c04241a99d7925709481fc4dd56bc947\core.a(usart_private.c.o)
 .debug_line    0x00006b5f      0x536 C:\Users\PACO\AppData\Local\arduino\cores\c04241a99d7925709481fc4dd56bc947\core.a(usb.c.o)
 .debug_line    0x00007095      0x940 C:\Users\PACO\AppData\Local\arduino\cores\c04241a99d7925709481fc4dd56bc947\core.a(usb_cdcacm.c.o)
 .debug_line    0x000079d5      0x2f5 C:\Users\PACO\AppData\Local\arduino\cores\c04241a99d7925709481fc4dd56bc947\core.a(usb_reg_map.c.o)
 .debug_line    0x00007cca      0x431 C:\Users\PACO\AppData\Local\arduino\cores\c04241a99d7925709481fc4dd56bc947\core.a(usb_core.c.o)
 .debug_line    0x000080fb      0x146 C:\Users\PACO\AppData\Local\arduino\cores\c04241a99d7925709481fc4dd56bc947\core.a(usb_init.c.o)
 .debug_line    0x00008241      0x180 C:\Users\PACO\AppData\Local\arduino\cores\c04241a99d7925709481fc4dd56bc947\core.a(usb_mem.c.o)
 .debug_line    0x000083c1      0x5aa C:\Users\PACO\AppData\Local\arduino\cores\c04241a99d7925709481fc4dd56bc947\core.a(usb_regs.c.o)
 .debug_line    0x0000896b      0x3c6 C:\Users\PACO\AppData\Local\arduino\cores\c04241a99d7925709481fc4dd56bc947\core.a(util.c.o)
 .debug_line    0x00008d31       0xaf C:\Users\PACO\AppData\Local\arduino\cores\c04241a99d7925709481fc4dd56bc947\core.a(main.cpp.o)
 .debug_line    0x00008de0      0x3f0 C:\Users\PACO\AppData\Local\arduino\cores\c04241a99d7925709481fc4dd56bc947\core.a(wirish_digital_f1.cpp.o)
 .debug_line    0x000091d0      0x374 C:\Users\PACO\AppData\Local\arduino\cores\c04241a99d7925709481fc4dd56bc947\core.a(wirish_digital.cpp.o)
 .debug_line    0x00009544      0x35b C:\Users\PACO\AppData\Local\arduino\cores\c04241a99d7925709481fc4dd56bc947\core.a(wirish_time.cpp.o)
 .debug_line    0x0000989f       0x98 C:\Users\PACO\AppData\Local\arduino\cores\c04241a99d7925709481fc4dd56bc947\core.a(hooks.c.o)
 .debug_line    0x00009937      0x38c C:\Users\PACO\AppData\Local\arduino\cores\c04241a99d7925709481fc4dd56bc947\core.a(dma.c.o)
 .debug_line    0x00009cc3      0x2e7 C:\Users\PACO\AppData\Local\arduino\cores\c04241a99d7925709481fc4dd56bc947\core.a(gpio.c.o)
 .debug_line    0x00009faa      0x912 C:\Users\PACO\AppData\Local\arduino\cores\c04241a99d7925709481fc4dd56bc947\core.a(i2c.c.o)

.debug_frame    0x00000000     0x2330
 *(.debug_frame)
 .debug_frame   0x00000000      0x12c C:\Users\PACO\AppData\Local\arduino\sketches\76960071FE62D9CFF8F72A1F29F76893\sketch\Lavadora.ino.cpp.o
 .debug_frame   0x0000012c      0x1f0 C:\Users\PACO\AppData\Local\arduino\sketches\76960071FE62D9CFF8F72A1F29F76893\sketch\SevSeg.cpp.o
 .debug_frame   0x0000031c       0x40 C:\Users\PACO\AppData\Local\arduino\sketches\76960071FE62D9CFF8F72A1F29F76893\core\board.cpp.o
 .debug_frame   0x0000035c       0x84 C:\Users\PACO\AppData\Local\arduino\sketches\76960071FE62D9CFF8F72A1F29F76893\core\wirish\boards.cpp.o
 .debug_frame   0x000003e0       0x68 C:\Users\PACO\AppData\Local\arduino\sketches\76960071FE62D9CFF8F72A1F29F76893\core\wirish\boards_setup.cpp.o