Archive member included because of file (symbol)

C:\Users\USER\AppData\Local\arduino\cores\7bf7b0ebd1cd5824297d9ecc843c1978\core.a(HardwareSerial.cpp.o)
                              C:\Users\USER\AppData\Local\arduino\sketches\66E6BAE8AF97D4AF4DAABE37DD4C896D\core\board.cpp.o (HardwareSerial::HardwareSerial(usart_dev*, unsigned char, unsigned char))
C:\Users\USER\AppData\Local\arduino\cores\7bf7b0ebd1cd5824297d9ecc843c1978\core.a(Print.cpp.o)
                              C:\Users\USER\AppData\Local\arduino\cores\7bf7b0ebd1cd5824297d9ecc843c1978\core.a(HardwareSerial.cpp.o) (Print::write(void const*, unsigned long))
C:\Users\USER\AppData\Local\arduino\cores\7bf7b0ebd1cd5824297d9ecc843c1978\core.a(cxxabi-compat.cpp.o)
                              C:\Users\USER\AppData\Local\arduino\cores\7bf7b0ebd1cd5824297d9ecc843c1978\core.a(HardwareSerial.cpp.o) (__cxa_pure_virtual)
C:\Users\USER\AppData\Local\arduino\cores\7bf7b0ebd1cd5824297d9ecc843c1978\core.a(adc.c.o)
                              C:\Users\USER\AppData\Local\arduino\sketches\66E6BAE8AF97D4AF4DAABE37DD4C896D\core\wirish\boards.cpp.o (adc_set_sample_rate)
C:\Users\USER\AppData\Local\arduino\cores\7bf7b0ebd1cd5824297d9ecc843c1978\core.a(adc_f1.c.o)
                              (__irq_adc)
C:\Users\USER\AppData\Local\arduino\cores\7bf7b0ebd1cd5824297d9ecc843c1978\core.a(dma_f1.c.o)
                              (__irq_dma1_channel1)
C:\Users\USER\AppData\Local\arduino\cores\7bf7b0ebd1cd5824297d9ecc843c1978\core.a(exc.S.o)
                              (__exc_nmi)
C:\Users\USER\AppData\Local\arduino\cores\7bf7b0ebd1cd5824297d9ecc843c1978\core.a(exti.c.o)
                              (__irq_exti0)
C:\Users\USER\AppData\Local\arduino\cores\7bf7b0ebd1cd5824297d9ecc843c1978\core.a(exti_f1.c.o)
                              C:\Users\USER\AppData\Local\arduino\cores\7bf7b0ebd1cd5824297d9ecc843c1978\core.a(exti.c.o) (exti_select)
C:\Users\USER\AppData\Local\arduino\cores\7bf7b0ebd1cd5824297d9ecc843c1978\core.a(flash.c.o)
                              C:\Users\USER\AppData\Local\arduino\sketches\66E6BAE8AF97D4AF4DAABE37DD4C896D\core\wirish\boards.cpp.o (flash_set_latency)
C:\Users\USER\AppData\Local\arduino\cores\7bf7b0ebd1cd5824297d9ecc843c1978\core.a(gpio_f1.c.o)
                              C:\Users\USER\AppData\Local\arduino\sketches\66E6BAE8AF97D4AF4DAABE37DD4C896D\core\wirish\boards_setup.cpp.o (gpio_init_all)
C:\Users\USER\AppData\Local\arduino\cores\7bf7b0ebd1cd5824297d9ecc843c1978\core.a(i2c_f1.c.o)
                              (__irq_i2c1_ev)
C:\Users\USER\AppData\Local\arduino\cores\7bf7b0ebd1cd5824297d9ecc843c1978\core.a(nvic.c.o)
                              C:\Users\USER\AppData\Local\arduino\cores\7bf7b0ebd1cd5824297d9ecc843c1978\core.a(i2c_f1.c.o) (nvic_irq_set_priority)
C:\Users\USER\AppData\Local\arduino\cores\7bf7b0ebd1cd5824297d9ecc843c1978\core.a(rcc.c.o)
                              C:\Users\USER\AppData\Local\arduino\sketches\66E6BAE8AF97D4AF4DAABE37DD4C896D\core\wirish\boards.cpp.o (rcc_switch_sysclk)
C:\Users\USER\AppData\Local\arduino\cores\7bf7b0ebd1cd5824297d9ecc843c1978\core.a(rcc_f1.c.o)
                              C:\Users\USER\AppData\Local\arduino\sketches\66E6BAE8AF97D4AF4DAABE37DD4C896D\core\wirish\boards.cpp.o (rcc_configure_pll)
C:\Users\USER\AppData\Local\arduino\cores\7bf7b0ebd1cd5824297d9ecc843c1978\core.a(isrs.S.o)
                              (__stm32reservedexception7)
C:\Users\USER\AppData\Local\arduino\cores\7bf7b0ebd1cd5824297d9ecc843c1978\core.a(vector_table.S.o)
                              (__stm32_vector_table)
C:\Users\USER\AppData\Local\arduino\cores\7bf7b0ebd1cd5824297d9ecc843c1978\core.a(systick.c.o)
                              C:\Users\USER\AppData\Local\arduino\sketches\66E6BAE8AF97D4AF4DAABE37DD4C896D\core\wirish\boards.cpp.o (systick_init)
C:\Users\USER\AppData\Local\arduino\cores\7bf7b0ebd1cd5824297d9ecc843c1978\core.a(timer.c.o)
                              C:\Users\USER\AppData\Local\arduino\sketches\66E6BAE8AF97D4AF4DAABE37DD4C896D\core\wirish\boards.cpp.o (timer_foreach)
C:\Users\USER\AppData\Local\arduino\cores\7bf7b0ebd1cd5824297d9ecc843c1978\core.a(usart.c.o)
                              C:\Users\USER\AppData\Local\arduino\cores\7bf7b0ebd1cd5824297d9ecc843c1978\core.a(HardwareSerial.cpp.o) (usart_init)
C:\Users\USER\AppData\Local\arduino\cores\7bf7b0ebd1cd5824297d9ecc843c1978\core.a(usart_f1.c.o)
                              C:\Users\USER\AppData\Local\arduino\cores\7bf7b0ebd1cd5824297d9ecc843c1978\core.a(HardwareSerial.cpp.o) (usart_config_gpios_async)
C:\Users\USER\AppData\Local\arduino\cores\7bf7b0ebd1cd5824297d9ecc843c1978\core.a(usart_private.c.o)
                              C:\Users\USER\AppData\Local\arduino\cores\7bf7b0ebd1cd5824297d9ecc843c1978\core.a(usart_f1.c.o) (_usart_clock_freq)
C:\Users\USER\AppData\Local\arduino\cores\7bf7b0ebd1cd5824297d9ecc843c1978\core.a(usb.c.o)
                              (__irq_usb_lp_can_rx0)
[...]
Memory Configuration

Name             Origin             Length             Attributes
ram              0x20000000         0x00005000         xrw
rom              0x08000000         0x00020000         xr
*default*        0x00000000         0xffffffff

Linker script and memory map

LOAD c:/users/user/appdata/local/arduino15/packages/arduino/tools/arm-none-eabi-gcc/4.8.3-2014q1/bin/../lib/gcc/arm-none-eabi/4.8.3/armv7-m/crti.o
LOAD c:/users/user/appdata/local/arduino15/packages/arduino/tools/arm-none-eabi-gcc/4.8.3-2014q1/bin/../lib/gcc/arm-none-eabi/4.8.3/armv7-m/crtbegin.o
LOAD c:/users/user/appdata/local/arduino15/packages/arduino/tools/arm-none-eabi-gcc/4.8.3-2014q1/bin/../lib/gcc/arm-none-eabi/4.8.3/../../../../arm-none-eabi/lib/armv7-m/crt0.o
LOAD c:/users/user/appdata/local/arduino15/packages/arduino/tools/arm-none-eabi-gcc/4.8.3-2014q1/bin/../lib/gcc/arm-none-eabi/4.8.3/armv7-m\libgcc.a
START GROUP
LOAD C:\Users\USER\AppData\Local\arduino\sketches\66E6BAE8AF97D4AF4DAABE37DD4C896D\sketch\Lavadora.ino.cpp.o
LOAD C:\Users\USER\AppData\Local\arduino\sketches\66E6BAE8AF97D4AF4DAABE37DD4C896D\sketch\SevSeg.cpp.o
LOAD C:\Users\USER\AppData\Local\arduino\sketches\66E6BAE8AF97D4AF4DAABE37DD4C896D\core\board.cpp.o
LOAD C:\Users\USER\AppData\Local\arduino\sketches\66E6BAE8AF97D4AF4DAABE37DD4C896D\core\wirish\boards.cpp.o
LOAD C:\Users\USER\AppData\Local\arduino\sketches\66E6BAE8AF97D4AF4DAABE37DD4C896D\core\wirish\boards_setup.cpp.o
LOAD C:\Users\USER\AppData\Local\arduino\sketches\66E6BAE8AF97D4AF4DAABE37DD4C896D\core\wirish\start.S.o
LOAD C:\Users\USER\AppData\Local\arduino\sketches\66E6BAE8AF97D4AF4DAABE37DD4C896D\core\wirish\start_c.c.o
LOAD C:\Users\USER\AppData\Local\arduino\sketches\66E6BAE8AF97D4AF4DAABE37DD4C896D\core\wirish\syscalls.c.o
LOAD C:\Users\USER\AppData\Local\arduino\cores\7bf7b0ebd1cd5824297d9ecc843c1978\core.a
END GROUP
LOAD c:/users/user/appdata/local/arduino15/packages/arduino/tools/arm-none-eabi-gcc/4.8.3-2014q1/bin/../lib/gcc/arm-none-eabi/4.8.3/../../../../arm-none-eabi/lib/armv7-m\libstdc++_s.a
LOAD c:/users/user/appdata/local/arduino15/packages/arduino/tools/arm-none-eabi-gcc/4.8.3-2014q1/bin/../lib/gcc/arm-none-eabi/4.8.3/../../../../arm-none-eabi/lib/armv7-m\libm.a
START GROUP
LOAD c:/users/user/appdata/local/arduino15/packages/arduino/tools/arm-none-eabi-gcc/4.8.3-2014q1/bin/../lib/gcc/arm-none-eabi/4.8.3/armv7-m\libgcc.a
LOAD c:/users/user/appdata/local/arduino15/packages/arduino/tools/arm-none-eabi-gcc/4.8.3-2014q1/bin/../lib/gcc/arm-none-eabi/4.8.3/../../../../arm-none-eabi/lib/armv7-m\libc_s.a
END GROUP
START GROUP
LOAD c:/users/user/appdata/local/arduino15/packages/arduino/tools/arm-none-eabi-gcc/4.8.3-2014q1/bin/../lib/gcc/arm-none-eabi/4.8.3/armv7-m\libgcc.a
LOAD c:/users/user/appdata/local/arduino15/packages/arduino/tools/arm-none-eabi-gcc/4.8.3-2014q1/bin/../lib/gcc/arm-none-eabi/4.8.3/../../../../arm-none-eabi/lib/armv7-m\libc_s.a
END GROUP
LOAD c:/users/user/appdata/local/arduino15/packages/arduino/tools/arm-none-eabi-gcc/4.8.3-2014q1/bin/../lib/gcc/arm-none-eabi/4.8.3/armv7-m/crtend.o
LOAD c:/users/user/appdata/local/arduino15/packages/arduino/tools/arm-none-eabi-gcc/4.8.3-2014q1/bin/../lib/gcc/arm-none-eabi/4.8.3/armv7-m/crtn.o
START GROUP
LOAD c:/users/user/appdata/local/arduino15/packages/arduino/tools/arm-none-eabi-gcc/4.8.3-2014q1/bin/../lib/gcc/arm-none-eabi/4.8.3/armv7-m\libgcc.a
LOAD c:/users/user/appdata/local/arduino15/packages/arduino/tools/arm-none-eabi-gcc/4.8.3-2014q1/bin/../lib/gcc/arm-none-eabi/4.8.3/../../../../arm-none-eabi/lib/armv7-m\libc.a
LOAD c:/users/user/appdata/local/arduino15/packages/arduino/tools/arm-none-eabi-gcc/4.8.3-2014q1/bin/../lib/gcc/arm-none-eabi/4.8.3/../../../../arm-none-eabi/lib/armv7-m\libm.a
END GROUP
START GROUP
LOAD c:/users/user/appdata/local/arduino15/packages/arduino/tools/arm-none-eabi-gcc/4.8.3-2014q1/bin/../lib/gcc/arm-none-eabi/4.8.3/../../../../arm-none-eabi/lib/armv7-m\libnosys.a
END GROUP
                0x20005000                PROVIDE (__msp_init, (ORIGIN (ram) + 0x5000))
                0x0800141c                PROVIDE (__exc_reset, __start__)

.text           0x08000000     0x3b08
                0x08000000                __text_start__ = .
 *(.stm32.interrupt_vector)
 .stm32.interrupt_vector
                0x08000000       0xec C:\Users\USER\AppData\Local\arduino\cores\7bf7b0ebd1cd5824297d9ecc843c1978\core.a(vector_table.S.o)
                0x08000000                __stm32_vector_table
 *(.text .text.* .gnu.linkonce.t.*)
 .text          0x080000ec       0x54 c:/users/user/appdata/local/arduino15/packages/arduino/tools/arm-none-eabi-gcc/4.8.3-2014q1/bin/../lib/gcc/arm-none-eabi/4.8.3/armv7-m/crtbegin.o
 .text._Z5setupv
                0x08000140      0x22c C:\Users\USER\AppData\Local\arduino\sketches\66E6BAE8AF97D4AF4DAABE37DD4C896D\sketch\Lavadora.ino.cpp.o
                0x08000140                setup()
 .text._Z8debounceiRbRm
                0x0800036c       0x38 C:\Users\USER\AppData\Local\arduino\sketches\66E6BAE8AF97D4AF4DAABE37DD4C896D\sketch\Lavadora.ino.cpp.o
                0x0800036c                debounce(int, bool&, unsigned long&)
 .text._Z10apagarTodov
                0x080003a4       0x84 C:\Users\USER\AppData\Local\arduino\sketches\66E6BAE8AF97D4AF4DAABE37DD4C896D\sketch\Lavadora.ino.cpp.o
                0x080003a4                apagarTodo()
 .text._Z20manejarBotonEncenderv
                0x08000428       0x38 C:\Users\USER\AppData\Local\arduino\sketches\66E6BAE8AF97D4AF4DAABE37DD4C896D\sketch\Lavadora.ino.cpp.o
                0x08000428                manejarBotonEncender()
 .text._Z13ajustarTiempov
                0x08000460       0x60 C:\Users\USER\AppData\Local\arduino\sketches\66E6BAE8AF97D4AF4DAABE37DD4C896D\sketch\Lavadora.ino.cpp.o
                0x08000460                ajustarTiempo()
 .text._Z20configurarTipoLavadoi
                0x080004c0      0x170 C:\Users\USER\AppData\Local\arduino\sketches\66E6BAE8AF97D4AF4DAABE37DD4C896D\sketch\Lavadora.ino.cpp.o
                0x080004c0                configurarTipoLavado(int)
 .text._Z22configurarCantidadRopai
                0x08000630       0xd4 C:\Users\USER\AppData\Local\arduino\sketches\66E6BAE8AF97D4AF4DAABE37DD4C896D\sketch\Lavadora.ino.cpp.o
                0x08000630                configurarCantidadRopa(int)
 .text._Z19configurarNivelAguai
                0x08000704       0xb4 C:\Users\USER\AppData\Local\arduino\sketches\66E6BAE8AF97D4AF4DAABE37DD4C896D\sketch\Lavadora.ino.cpp.o
                0x08000704                configurarNivelAgua(int)
 .text._Z21configurarNivelLavadoi
                0x080007b8       0xd4 C:\Users\USER\AppData\Local\arduino\sketches\66E6BAE8AF97D4AF4DAABE37DD4C896D\sketch\Lavadora.ino.cpp.o
                0x080007b8                configurarNivelLavado(int)
 .text._Z18configurarEnjuaguei
                0x0800088c       0xd4 C:\Users\USER\AppData\Local\arduino\sketches\66E6BAE8AF97D4AF4DAABE37DD4C896D\sketch\Lavadora.ino.cpp.o
                0x0800088c                configurarEnjuague(int)
 .text._Z22configurarCentrifugadoi
                0x08000960       0xd4 C:\Users\USER\AppData\Local\arduino\sketches\66E6BAE8AF97D4AF4DAABE37DD4C896D\sketch\Lavadora.ino.cpp.o
                0x08000960                configurarCentrifugado(int)
 .text._Z14manejarBotonesv
                0x08000a34      0x1dc C:\Users\USER\AppData\Local\arduino\sketches\66E6BAE8AF97D4AF4DAABE37DD4C896D\sketch\Lavadora.ino.cpp.o
                0x08000a34                manejarBotones()
 .text._Z13mostrarTiempov
                0x08000c10       0x34 C:\Users\USER\AppData\Local\arduino\sketches\66E6BAE8AF97D4AF4DAABE37DD4C896D\sketch\Lavadora.ino.cpp.o
                0x08000c10                mostrarTiempo()
 .text._Z22actualizarTemporizadorv
                0x08000c44       0xa4 C:\Users\USER\AppData\Local\arduino\sketches\66E6BAE8AF97D4AF4DAABE37DD4C896D\sketch\Lavadora.ino.cpp.o
                0x08000c44                actualizarTemporizador()
 .text._Z4loopv
                0x08000ce8       0x28 C:\Users\USER\AppData\Local\arduino\sketches\66E6BAE8AF97D4AF4DAABE37DD4C896D\sketch\Lavadora.ino.cpp.o
                0x08000ce8                loop()
 .text.startup._GLOBAL__sub_I_sevseg
                0x08000d10        0xc C:\Users\USER\AppData\Local\arduino\sketches\66E6BAE8AF97D4AF4DAABE37DD4C896D\sketch\Lavadora.ino.cpp.o
 .text._ZN6SevSegC2Ev
                0x08000d1c       0x1a C:\Users\USER\AppData\Local\arduino\sketches\66E6BAE8AF97D4AF4DAABE37DD4C896D\sketch\SevSeg.cpp.o
                0x08000d1c                SevSeg::SevSeg()
                0x08000d1c                SevSeg::SevSeg()
 .text._ZN6SevSeg9segmentOnEh
                0x08000d36       0x34 C:\Users\USER\AppData\Local\arduino\sketches\66E6BAE8AF97D4AF4DAABE37DD4C896D\sketch\SevSeg.cpp.o
                0x08000d36                SevSeg::segmentOn(unsigned char)
 .text._ZN6SevSeg10segmentOffEh
                0x08000d6a       0x2e C:\Users\USER\AppData\Local\arduino\sketches\66E6BAE8AF97D4AF4DAABE37DD4C896D\sketch\SevSeg.cpp.o
                0x08000d6a                SevSeg::segmentOff(unsigned char)
 .text._ZN6SevSeg7digitOnEh
                0x08000d98       0x30 C:\Users\USER\AppData\Local\arduino\sketches\66E6BAE8AF97D4AF4DAABE37DD4C896D\sketch\SevSeg.cpp.o
                0x08000d98                SevSeg::digitOn(unsigned char)
 .text._ZN6SevSeg8digitOffEh
                0x08000dc8       0x2e C:\Users\USER\AppData\Local\arduino\sketches\66E6BAE8AF97D4AF4DAABE37DD4C896D\sketch\SevSeg.cpp.o
                0x08000dc8                SevSeg::digitOff(unsigned char)
 *fill*         0x08000df6        0x2 
 .text._ZN6SevSeg14refreshDisplayEv
                0x08000df8      0x11c C:\Users\USER\AppData\Local\arduino\sketches\66E6BAE8AF97D4AF4DAABE37DD4C896D\sketch\SevSeg.cpp.o
                0x08000df8                SevSeg::refreshDisplay()
 .text._ZN6SevSeg13setBrightnessEs
                0x08000f14       0x54 C:\Users\USER\AppData\Local\arduino\sketches\66E6BAE8AF97D4AF4DAABE37DD4C896D\sketch\SevSeg.cpp.o
                0x08000f14                SevSeg::setBrightness(short)
 .text._ZN6SevSeg8setCharsEPKc
                0x08000f68       0xa4 C:\Users\USER\AppData\Local\arduino\sketches\66E6BAE8AF97D4AF4DAABE37DD4C896D\sketch\SevSeg.cpp.o
                0x08000f68                SevSeg::setChars(char const*)
 .text._ZN6SevSeg5blankEv
                0x0800100c       0x2c C:\Users\USER\AppData\Local\arduino\sketches\66E6BAE8AF97D4AF4DAABE37DD4C896D\sketch\SevSeg.cpp.o
                0x0800100c                SevSeg::blank()
 .text._ZN6SevSeg5beginEhhPKhS1_bbbb
                0x08001038       0xdc C:\Users\USER\AppData\Local\arduino\sketches\66E6BAE8AF97D4AF4DAABE37DD4C896D\sketch\SevSeg.cpp.o
                0x08001038                SevSeg::begin(unsigned char, unsigned char, unsigned char const*, unsigned char const*, bool, bool, bool, bool)
 .text._ZN6SevSeg10findDigitsElabPh
                0x08001114       0xa4 C:\Users\USER\AppData\Local\arduino\sketches\66E6BAE8AF97D4AF4DAABE37DD4C896D\sketch\SevSeg.cpp.o
                0x08001114                SevSeg::findDigits(long, signed char, bool, unsigned char*)
 .text._ZN6SevSeg13setDigitCodesEPKha
                0x080011b8       0x34 C:\Users\USER\AppData\Local\arduino\sketches\66E6BAE8AF97D4AF4DAABE37DD4C896D\sketch\SevSeg.cpp.o
                0x080011b8                SevSeg::setDigitCodes(unsigned char const*, signed char)
 .text._ZN6SevSeg9setNewNumElab
                0x080011ec       0x1c C:\Users\USER\AppData\Local\arduino\sketches\66E6BAE8AF97D4AF4DAABE37DD4C896D\sketch\SevSeg.cpp.o
                0x080011ec                SevSeg::setNewNum(long, signed char, bool)
 .text._ZN6SevSeg9setNumberElab
                0x08001208        0x4 C:\Users\USER\AppData\Local\arduino\sketches\66E6BAE8AF97D4AF4DAABE37DD4C896D\sketch\SevSeg.cpp.o
                0x08001208                SevSeg::setNumber(long, signed char, bool)
 .text._Z9boardInitv
                0x0800120c       0x30 C:\Users\USER\AppData\Local\arduino\sketches\66E6BAE8AF97D4AF4DAABE37DD4C896D\core\board.cpp.o
                0x0800120c                boardInit()
 .text.startup._GLOBAL__sub_I__Z9boardInitv
                0x0800123c       0x48 C:\Users\USER\AppData\Local\arduino\sketches\66E6BAE8AF97D4AF4DAABE37DD4C896D\core\board.cpp.o
 .text._ZL18adc_default_configP7adc_dev
                0x08001284       0x1c C:\Users\USER\AppData\Local\arduino\sketches\66E6BAE8AF97D4AF4DAABE37DD4C896D\core\wirish\boards.cpp.o
 .text._ZL20timer_default_configP9timer_dev
                0x080012a0       0x9e C:\Users\USER\AppData\Local\arduino\sketches\66E6BAE8AF97D4AF4DAABE37DD4C896D\core\wirish\boards.cpp.o
 *fill*         0x0800133e        0x2 
 .text._Z4initv
                0x08001340       0xa8 C:\Users\USER\AppData\Local\arduino\sketches\66E6BAE8AF97D4AF4DAABE37DD4C896D\core\wirish\boards.cpp.o
                0x08001340                init()
 .text._ZN6wirish4priv15board_reset_pllEv
                0x080013e8        0x2 C:\Users\USER\AppData\Local\arduino\sketches\66E6BAE8AF97D4AF4DAABE37DD4C896D\core\wirish\boards_setup.cpp.o
                0x080013e8                wirish::priv::board_reset_pll()
 .text._ZN6wirish4priv28board_setup_clock_prescalersEv
                0x080013ea       0x26 C:\Users\USER\AppData\Local\arduino\sketches\66E6BAE8AF97D4AF4DAABE37DD4C896D\core\wirish\boards_setup.cpp.o
                0x080013ea                wirish::priv::board_setup_clock_prescalers()
 .text._ZN6wirish4priv16board_setup_gpioEv
                0x08001410        0x4 C:\Users\USER\AppData\Local\arduino\sketches\66E6BAE8AF97D4AF4DAABE37DD4C896D\core\wirish\boards_setup.cpp.o
                0x08001410                wirish::priv::board_setup_gpio()
 .text._ZN6wirish4priv15board_setup_usbEv
                0x08001414        0x2 C:\Users\USER\AppData\Local\arduino\sketches\66E6BAE8AF97D4AF4DAABE37DD4C896D\core\wirish\boards_setup.cpp.o
                0x08001414                wirish::priv::board_setup_usb()
 .text._ZN6wirish4priv11series_initEv
                0x08001416        0x4 C:\Users\USER\AppData\Local\arduino\sketches\66E6BAE8AF97D4AF4DAABE37DD4C896D\core\wirish\boards_setup.cpp.o
                0x08001416                wirish::priv::series_init()
 *fill*         0x0800141a        0x2 
 .text          0x0800141c       0x10 C:\Users\USER\AppData\Local\arduino\sketches\66E6BAE8AF97D4AF4DAABE37DD4C896D\core\wirish\start.S.o
                0x0800141c                __start__
 .text.start_c  0x0800142c       0x64 C:\Users\USER\AppData\Local\arduino\sketches\66E6BAE8AF97D4AF4DAABE37DD4C896D\core\wirish\start_c.c.o
                0x0800142c                start_c
 .text._exit    0x08001490        0x2 C:\Users\USER\AppData\Local\arduino\sketches\66E6BAE8AF97D4AF4DAABE37DD4C896D\core\wirish\syscalls.c.o
                0x08001490                _exit
 .text.rb_full_count
                0x08001492       0x22 C:\Users\USER\AppData\Local\arduino\cores\7bf7b0ebd1cd5824297d9ecc843c1978\core.a(HardwareSerial.cpp.o)
 .text._ZN14HardwareSerial4readEv
                0x080014b4       0x3a C:\Users\USER\AppData\Local\arduino\cores\7bf7b0ebd1cd5824297d9ecc843c1978\core.a(HardwareSerial.cpp.o)
                0x080014b4                HardwareSerial::read()
 .text._ZN14HardwareSerial9availableEv
                0x080014ee        0xc C:\Users\USER\AppData\Local\arduino\cores\7bf7b0ebd1cd5824297d9ecc843c1978\core.a(HardwareSerial.cpp.o)
                0x080014ee                HardwareSerial::available()
 .text._ZN14HardwareSerial4peekEv
                0x080014fa       0x22 C:\Users\USER\AppData\Local\arduino\cores\7bf7b0ebd1cd5824297d9ecc843c1978\core.a(HardwareSerial.cpp.o)
                0x080014fa                HardwareSerial::peek()
 .text._ZN14HardwareSerial5flushEv
                0x0800151c       0x1a C:\Users\USER\AppData\Local\arduino\cores\7bf7b0ebd1cd5824297d9ecc843c1978\core.a(HardwareSerial.cpp.o)
                0x0800151c                HardwareSerial::flush()
 .text._ZN14HardwareSerial5writeEh
                0x08001536       0x1e C:\Users\USER\AppData\Local\arduino\cores\7bf7b0ebd1cd5824297d9ecc843c1978\core.a(HardwareSerial.cpp.o)
                0x08001536                HardwareSerial::write(unsigned char)
 .text._ZN14HardwareSerialC2EP9usart_devhh
                0x08001554       0x1c C:\Users\USER\AppData\Local\arduino\cores\7bf7b0ebd1cd5824297d9ecc843c1978\core.a(HardwareSerial.cpp.o)
                0x08001554                HardwareSerial::HardwareSerial(usart_dev*, unsigned char, unsigned char)
                0x08001554                HardwareSerial::HardwareSerial(usart_dev*, unsigned char, unsigned char)
 .text._ZN5Print5writeEPKvm
                0x08001570       0x20 C:\Users\USER\AppData\Local\arduino\cores\7bf7b0ebd1cd5824297d9ecc843c1978\core.a(Print.cpp.o)
                0x08001570                Print::write(void const*, unsigned long)
 .text._ZN5Print5writeEPKc
                0x08001590       0x1e C:\Users\USER\AppData\Local\arduino\cores\7bf7b0ebd1cd5824297d9ecc843c1978\core.a(Print.cpp.o)
                0x08001590                Print::write(char const*)
 .text.adc_init
                0x080015ae       0x14 C:\Users\USER\AppData\Local\arduino\cores\7bf7b0ebd1cd5824297d9ecc843c1978\core.a(adc.c.o)
                0x080015ae                adc_init
 .text.adc_set_extsel
                0x080015c2       0x12 C:\Users\USER\AppData\Local\arduino\cores\7bf7b0ebd1cd5824297d9ecc843c1978\core.a(adc.c.o)
                0x080015c2                adc_set_extsel
 .text.adc_set_sample_rate
                0x080015d4       0x30 C:\Users\USER\AppData\Local\arduino\cores\7bf7b0ebd1cd5824297d9ecc843c1978\core.a(adc.c.o)
                0x080015d4                adc_set_sample_rate
 .text.__irq_adc
                0x08001604       0x50 C:\Users\USER\AppData\Local\arduino\cores\7bf7b0ebd1cd5824297d9ecc843c1978\core.a(adc_f1.c.o)
                0x08001604                __irq_adc
 .text.adc_calibrate
                0x08001654       0x24 C:\Users\USER\AppData\Local\arduino\cores\7bf7b0ebd1cd5824297d9ecc843c1978\core.a(adc_f1.c.o)
                0x08001654                adc_calibrate
 .text.adc_set_prescaler
                0x08001678        0x8 C:\Users\USER\AppData\Local\arduino\cores\7bf7b0ebd1cd5824297d9ecc843c1978\core.a(adc_f1.c.o)
                0x08001678                adc_set_prescaler
 .text.adc_foreach
                0x08001680       0x1c C:\Users\USER\AppData\Local\arduino\cores\7bf7b0ebd1cd5824297d9ecc843c1978\core.a(adc_f1.c.o)
                0x08001680                adc_foreach
 .text.adc_enable_single_swstart
                0x0800169c       0x36 C:\Users\USER\AppData\Local\arduino\cores\7bf7b0ebd1cd5824297d9ecc843c1978\core.a(adc_f1.c.o)
                0x0800169c                adc_enable_single_swstart
 .text.dma_irq_handler
                0x080016d2       0x1c C:\Users\USER\AppData\Local\arduino\cores\7bf7b0ebd1cd5824297d9ecc843c1978\core.a(dma_f1.c.o)
 *fill*         0x080016ee        0x2 
 .text.__irq_dma1_channel1
                0x080016f0       0x10 C:\Users\USER\AppData\Local\arduino\cores\7bf7b0ebd1cd5824297d9ecc843c1978\core.a(dma_f1.c.o)
                0x080016f0                __irq_dma1_channel1
 .text.__irq_dma1_channel2
                0x08001700       0x10 C:\Users\USER\AppData\Local\arduino\cores\7bf7b0ebd1cd5824297d9ecc843c1978\core.a(dma_f1.c.o)
                0x08001700                __irq_dma1_channel2
 .text.__irq_dma1_channel3
                0x08001710       0x10 C:\Users\USER\AppData\Local\arduino\cores\7bf7b0ebd1cd5824297d9ecc843c1978\core.a(dma_f1.c.o)
                0x08001710                __irq_dma1_channel3
 .text.__irq_dma1_channel4
                0x08001720       0x10 C:\Users\USER\AppData\Local\arduino\cores\7bf7b0ebd1cd5824297d9ecc843c1978\core.a(dma_f1.c.o)
                0x08001720                __irq_dma1_channel4
 .text.__irq_dma1_channel5
                0x08001730       0x10 C:\Users\USER\AppData\Local\arduino\cores\7bf7b0ebd1cd5824297d9ecc843c1978\core.a(dma_f1.c.o)
                0x08001730                __irq_dma1_channel5
 .text.__irq_dma1_channel6
                0x08001740       0x10 C:\Users\USER\AppData\Local\arduino\cores\7bf7b0ebd1cd5824297d9ecc843c1978\core.a(dma_f1.c.o)
                0x08001740                __irq_dma1_channel6
 .text.__irq_dma1_channel7
                0x08001750       0x10 C:\Users\USER\AppData\Local\arduino\cores\7bf7b0ebd1cd5824297d9ecc843c1978\core.a(dma_f1.c.o)
                0x08001750                __irq_dma1_channel7
 .text          0x08001760       0x60 C:\Users\USER\AppData\Local\arduino\cores\7bf7b0ebd1cd5824297d9ecc843c1978\core.a(exc.S.o)
                0x08001760                __exc_nmi
                0x08001764                __exc_hardfault
                0x08001768                __exc_memmanage
                0x0800176c                __exc_busfault
                0x08001770                __exc_usagefault
 .text.dispatch_single_exti
                0x080017c0       0x2c C:\Users\USER\AppData\Local\arduino\cores\7bf7b0ebd1cd5824297d9ecc843c1978\core.a(exti.c.o)
                0x080017c0                dispatch_single_exti
 .text.dispatch_extis
                0x080017ec       0x4c C:\Users\USER\AppData\Local\arduino\cores\7bf7b0ebd1cd5824297d9ecc843c1978\core.a(exti.c.o)
                0x080017ec                dispatch_extis
 .text.__irq_exti0
                0x08001838        0x6 C:\Users\USER\AppData\Local\arduino\cores\7bf7b0ebd1cd5824297d9ecc843c1978\core.a(exti.c.o)
                0x08001838                __irq_exti0
 .text.__irq_exti1
                0x0800183e        0x6 C:\Users\USER\AppData\Local\arduino\cores\7bf7b0ebd1cd5824297d9ecc843c1978\core.a(exti.c.o)
                0x0800183e                __irq_exti1
 .text.__irq_exti2
                0x08001844        0x6 C:\Users\USER\AppData\Local\arduino\cores\7bf7b0ebd1cd5824297d9ecc843c1978\core.a(exti.c.o)
                0x08001844                __irq_exti2
 .text.__irq_exti3
                0x0800184a        0x6 C:\Users\USER\AppData\Local\arduino\cores\7bf7b0ebd1cd5824297d9ecc843c1978\core.a(exti.c.o)
                0x0800184a                __irq_exti3
 .text.__irq_exti4
                0x08001850        0x6 C:\Users\USER\AppData\Local\arduino\cores\7bf7b0ebd1cd5824297d9ecc843c1978\core.a(exti.c.o)
                0x08001850                __irq_exti4
 .text.__irq_exti9_5
                0x08001856        0x8 C:\Users\USER\AppData\Local\arduino\cores\7bf7b0ebd1cd5824297d9ecc843c1978\core.a(exti.c.o)
                0x08001856                __irq_exti9_5
 .text.__irq_exti15_10
                0x0800185e        0x8 C:\Users\USER\AppData\Local\arduino\cores\7bf7b0ebd1cd5824297d9ecc843c1978\core.a(exti.c.o)
                0x0800185e                __irq_exti15_10
 *fill*         0x08001866        0x2 
 .text.flash_set_latency
                0x08001868       0x14 C:\Users\USER\AppData\Local\arduino\cores\7bf7b0ebd1cd5824297d9ecc843c1978\core.a(flash.c.o)
                0x08001868                flash_set_latency
 .text.gpio_init_all
                0x0800187c       0x30 C:\Users\USER\AppData\Local\arduino\cores\7bf7b0ebd1cd5824297d9ecc843c1978\core.a(gpio_f1.c.o)
                0x0800187c                gpio_init_all
 .text.gpio_set_mode
                0x080018ac       0x50 C:\Users\USER\AppData\Local\arduino\cores\7bf7b0ebd1cd5824297d9ecc843c1978\core.a(gpio_f1.c.o)
                0x080018ac                gpio_set_mode
 .text.afio_init
                0x080018fc       0x12 C:\Users\USER\AppData\Local\arduino\cores\7bf7b0ebd1cd5824297d9ecc843c1978\core.a(gpio_f1.c.o)
                0x080018fc                afio_init
 *fill*         0x0800190e        0x2 
 .text.afio_remap
                0x08001910       0x20 C:\Users\USER\AppData\Local\arduino\cores\7bf7b0ebd1cd5824297d9ecc843c1978\core.a(gpio_f1.c.o)
                0x08001910                afio_remap
 .text.__irq_i2c1_ev
                0x08001930        0xc C:\Users\USER\AppData\Local\arduino\cores\7bf7b0ebd1cd5824297d9ecc843c1978\core.a(i2c_f1.c.o)
                0x08001930                __irq_i2c1_ev
 .text.__irq_i2c2_ev
                0x0800193c        0xc C:\Users\USER\AppData\Local\arduino\cores\7bf7b0ebd1cd5824297d9ecc843c1978\core.a(i2c_f1.c.o)
                0x0800193c                __irq_i2c2_ev
 .text.__irq_i2c1_er
                0x08001948        0xc C:\Users\USER\AppData\Local\arduino\cores\7bf7b0ebd1cd5824297d9ecc843c1978\core.a(i2c_f1.c.o)
                0x08001948                __irq_i2c1_er
 .text.__irq_i2c2_er
                0x08001954        0xc C:\Users\USER\AppData\Local\arduino\cores\7bf7b0ebd1cd5824297d9ecc843c1978\core.a(i2c_f1.c.o)
                0x08001954                __irq_i2c2_er
 .text.nvic_irq_set_priority
                0x08001960       0x28 C:\Users\USER\AppData\Local\arduino\cores\7bf7b0ebd1cd5824297d9ecc843c1978\core.a(nvic.c.o)
                0x08001960                nvic_irq_set_priority
 .text.nvic_init
                0x08001988       0x30 C:\Users\USER\AppData\Local\arduino\cores\7bf7b0ebd1cd5824297d9ecc843c1978\core.a(nvic.c.o)
                0x08001988                nvic_init
 .text.rcc_dev_clk
                0x080019b8        0xc C:\Users\USER\AppData\Local\arduino\cores\7bf7b0ebd1cd5824297d9ecc843c1978\core.a(rcc.c.o)
                0x080019b8                rcc_dev_clk
 .text.rcc_switch_sysclk
                0x080019c4       0x20 C:\Users\USER\AppData\Local\arduino\cores\7bf7b0ebd1cd5824297d9ecc843c1978\core.a(rcc.c.o)
                0x080019c4                rcc_switch_sysclk
 .text.rcc_turn_on_clk
                0x080019e4       0x1a C:\Users\USER\AppData\Local\arduino\cores\7bf7b0ebd1cd5824297d9ecc843c1978\core.a(rcc.c.o)
                0x080019e4                rcc_turn_on_clk
 .text.rcc_turn_off_clk
                0x080019fe       0x1c C:\Users\USER\AppData\Local\arduino\cores\7bf7b0ebd1cd5824297d9ecc843c1978\core.a(rcc.c.o)
                0x080019fe                rcc_turn_off_clk
 .text.rcc_is_clk_ready
                0x08001a1a       0x18 C:\Users\USER\AppData\Local\arduino\cores\7bf7b0ebd1cd5824297d9ecc843c1978\core.a(rcc.c.o)
                0x08001a1a                rcc_is_clk_ready
 *fill*         0x08001a32        0x2 
 .text.rcc_configure_pll
                0x08001a34       0x18 C:\Users\USER\AppData\Local\arduino\cores\7bf7b0ebd1cd5824297d9ecc843c1978\core.a(rcc_f1.c.o)
                0x08001a34                rcc_configure_pll
 .text.rcc_clk_enable
                0x08001a4c       0x30 C:\Users\USER\AppData\Local\arduino\cores\7bf7b0ebd1cd5824297d9ecc843c1978\core.a(rcc_f1.c.o)
                0x08001a4c                rcc_clk_enable
 .text.rcc_reset_dev
                0x08001a7c       0x34 C:\Users\USER\AppData\Local\arduino\cores\7bf7b0ebd1cd5824297d9ecc843c1978\core.a(rcc_f1.c.o)
                0x08001a7c                rcc_reset_dev
 .text.rcc_set_prescaler
                0x08001ab0       0x20 C:\Users\USER\AppData\Local\arduino\cores\7bf7b0ebd1cd5824297d9ecc843c1978\core.a(rcc_f1.c.o)
                0x08001ab0                rcc_set_prescaler
 .text.rcc_clk_disable
                0x08001ad0       0x30 C:\Users\USER\AppData\Local\arduino\cores\7bf7b0ebd1cd5824297d9ecc843c1978\core.a(rcc_f1.c.o)
                0x08001ad0                rcc_clk_disable
 .text          0x08001b00        0x2 C:\Users\USER\AppData\Local\arduino\cores\7bf7b0ebd1cd5824297d9ecc843c1978\core.a(isrs.S.o)
                0x08001b00                __stm32reservedexception9
                0x08001b00                __exc_debug_monitor
                0x08001b00                __exc_svc
                0x08001b00                __irq_can_rx1
                0x08001b00                __irq_spi2
                0x08001b00                __irq_can_sce
                0x08001b00                __irq_pvd
                0x08001b00                __irq_tamper
                0x08001b00                __default_handler
                0x08001b00                __irq_wwdg
                0x08001b00                __stm32reservedexception10
                0x08001b00                __irq_flash
                0x08001b00                __stm32reservedexception13
                0x08001b00                __irq_rtc
                0x08001b00                __irq_spi1
                0x08001b00                __stm32reservedexception7
                0x08001b00                __irq_usb_hp_can_tx
                0x08001b00                __irq_rtcalarm
                0x08001b00                __stm32reservedexception8
                0x08001b00                __exc_pendsv
                0x08001b00                __irq_usbwakeup
                0x08001b00                __irq_rcc
 *fill*         0x08001b02        0x2 
 .text.systick_init
                0x08001b04       0x10 C:\Users\USER\AppData\Local\arduino\cores\7bf7b0ebd1cd5824297d9ecc843c1978\core.a(systick.c.o)
                0x08001b04                systick_init
 .text.__exc_systick
                0x08001b14       0x1c C:\Users\USER\AppData\Local\arduino\cores\7bf7b0ebd1cd5824297d9ecc843c1978\core.a(systick.c.o)
                0x08001b14                __exc_systick
 .text.timer_oc_set_mode
                0x08001b30       0x3a C:\Users\USER\AppData\Local\arduino\cores\7bf7b0ebd1cd5824297d9ecc843c1978\core.a(timer.c.o)
 .text.dispatch_general
                0x08001b6a       0x66 C:\Users\USER\AppData\Local\arduino\cores\7bf7b0ebd1cd5824297d9ecc843c1978\core.a(timer.c.o)
 .text.timer_cc_enable
                0x08001bd0       0x1c C:\Users\USER\AppData\Local\arduino\cores\7bf7b0ebd1cd5824297d9ecc843c1978\core.a(timer.c.o)
 .text.timer_foreach
                0x08001bec       0x28 C:\Users\USER\AppData\Local\arduino\cores\7bf7b0ebd1cd5824297d9ecc843c1978\core.a(timer.c.o)
                0x08001bec                timer_foreach
 .text.timer_init
                0x08001c14       0x14 C:\Users\USER\AppData\Local\arduino\cores\7bf7b0ebd1cd5824297d9ecc843c1978\core.a(timer.c.o)
                0x08001c14                timer_init
 .text.timer_has_cc_channel
                0x08001c28       0x30 C:\Users\USER\AppData\Local\arduino\cores\7bf7b0ebd1cd5824297d9ecc843c1978\core.a(timer.c.o)
                0x08001c28                timer_has_cc_channel
 .text.timer_detach_interrupt
                0x08001c58       0x1e C:\Users\USER\AppData\Local\arduino\cores\7bf7b0ebd1cd5824297d9ecc843c1978\core.a(timer.c.o)
                0x08001c58                timer_detach_interrupt
 .text.input_capture_mode
                0x08001c76       0x1a C:\Users\USER\AppData\Local\arduino\cores\7bf7b0ebd1cd5824297d9ecc843c1978\core.a(timer.c.o)
                0x08001c76                input_capture_mode
 .text.timer_set_mode
                0x08001c90       0x8c C:\Users\USER\AppData\Local\arduino\cores\7bf7b0ebd1cd5824297d9ecc843c1978\core.a(timer.c.o)
                0x08001c90                timer_set_mode
 .text.__irq_tim1_brk
                0x08001d1c       0x24 C:\Users\USER\AppData\Local\arduino\cores\7bf7b0ebd1cd5824297d9ecc843c1978\core.a(timer.c.o)
                0x08001d1c                __irq_tim1_brk
 .text.__irq_tim1_up
                0x08001d40       0x24 C:\Users\USER\AppData\Local\arduino\cores\7bf7b0ebd1cd5824297d9ecc843c1978\core.a(timer.c.o)
                0x08001d40                __irq_tim1_up
 .text.__irq_tim1_trg_com
                0x08001d64       0x34 C:\Users\USER\AppData\Local\arduino\cores\7bf7b0ebd1cd5824297d9ecc843c1978\core.a(timer.c.o)
                0x08001d64                __irq_tim1_trg_com
 .text.__irq_tim1_cc
                0x08001d98       0x50 C:\Users\USER\AppData\Local\arduino\cores\7bf7b0ebd1cd5824297d9ecc843c1978\core.a(timer.c.o)
                0x08001d98                __irq_tim1_cc
 .text.__irq_tim2
                0x08001de8        0xc C:\Users\USER\AppData\Local\arduino\cores\7bf7b0ebd1cd5824297d9ecc843c1978\core.a(timer.c.o)
                0x08001de8                __irq_tim2
 .text.__irq_tim3
                0x08001df4        0xc C:\Users\USER\AppData\Local\arduino\cores\7bf7b0ebd1cd5824297d9ecc843c1978\core.a(timer.c.o)
                0x08001df4                __irq_tim3
 .text.__irq_tim4
                0x08001e00        0xc C:\Users\USER\AppData\Local\arduino\cores\7bf7b0ebd1cd5824297d9ecc843c1978\core.a(timer.c.o)
                0x08001e00                __irq_tim4
 .text.usart_tx
                0x08001e0c       0x9c C:\Users\USER\AppData\Local\arduino\cores\7bf7b0ebd1cd5824297d9ecc843c1978\core.a(usart.c.o)
                0x08001e0c                usart_tx
 .text.usart_irq
                0x08001ea8       0xc8 C:\Users\USER\AppData\Local\arduino\cores\7bf7b0ebd1cd5824297d9ecc843c1978\core.a(usart_f1.c.o)
 .text.__irq_usart1
                0x08001f70       0x18 C:\Users\USER\AppData\Local\arduino\cores\7bf7b0ebd1cd5824297d9ecc843c1978\core.a(usart_f1.c.o)
                0x08001f70                __irq_usart1
 .text.__irq_usart2
                0x08001f88       0x18 C:\Users\USER\AppData\Local\arduino\cores\7bf7b0ebd1cd5824297d9ecc843c1978\core.a(usart_f1.c.o)
                0x08001f88                __irq_usart2
 .text.__irq_usart3
                0x08001fa0       0x18 C:\Users\USER\AppData\Local\arduino\cores\7bf7b0ebd1cd5824297d9ecc843c1978\core.a(usart_f1.c.o)
                0x08001fa0                __irq_usart3
 .text.usb_resume
                0x08001fb8       0xb4 C:\Users\USER\AppData\Local\arduino\cores\7bf7b0ebd1cd5824297d9ecc843c1978\core.a(usb.c.o)
 .text.__irq_usb_lp_can_rx0
                0x0800206c      0x1c8 C:\Users\USER\AppData\Local\arduino\cores\7bf7b0ebd1cd5824297d9ecc843c1978\core.a(usb.c.o)
                0x0800206c                __irq_usb_lp_can_rx0
 .text.usb_set_ep_rx_stat
                0x08002234       0x22 C:\Users\USER\AppData\Local\arduino\cores\7bf7b0ebd1cd5824297d9ecc843c1978\core.a(usb_cdcacm.c.o)
 *fill*         0x08002256        0x2 
 .text.vcomGetSetLineCoding
                0x08002258       0x18 C:\Users\USER\AppData\Local\arduino\cores\7bf7b0ebd1cd5824297d9ecc843c1978\core.a(usb_cdcacm.c.o)
 .text.usbDataSetup
                0x08002270       0x54 C:\Users\USER\AppData\Local\arduino\cores\7bf7b0ebd1cd5824297d9ecc843c1978\core.a(usb_cdcacm.c.o)
 .text.usbNoDataSetup
                0x080022c4       0x50 C:\Users\USER\AppData\Local\arduino\cores\7bf7b0ebd1cd5824297d9ecc843c1978\core.a(usb_cdcacm.c.o)
 .text.usbGetInterfaceSetting
                0x08002314       0x10 C:\Users\USER\AppData\Local\arduino\cores\7bf7b0ebd1cd5824297d9ecc843c1978\core.a(usb_cdcacm.c.o)
 .text.usbGetStringDescriptor
                0x08002324       0x20 C:\Users\USER\AppData\Local\arduino\cores\7bf7b0ebd1cd5824297d9ecc843c1978\core.a(usb_cdcacm.c.o)
 .text.usbGetConfigDescriptor
                0x08002344        0xc C:\Users\USER\AppData\Local\arduino\cores\7bf7b0ebd1cd5824297d9ecc843c1978\core.a(usb_cdcacm.c.o)
 .text.usbGetDeviceDescriptor
                0x08002350        0xc C:\Users\USER\AppData\Local\arduino\cores\7bf7b0ebd1cd5824297d9ecc843c1978\core.a(usb_cdcacm.c.o)
 .text.usbInit  0x0800235c       0x44 C:\Users\USER\AppData\Local\arduino\cores\7bf7b0ebd1cd5824297d9ecc843c1978\core.a(usb_cdcacm.c.o)
 .text.usbReset
                0x080023a0      0x160 C:\Users\USER\AppData\Local\arduino\cores\7bf7b0ebd1cd5824297d9ecc843c1978\core.a(usb_cdcacm.c.o)
 .text.usb_set_ep_rx_count
                0x08002500       0x4c C:\Users\USER\AppData\Local\arduino\cores\7bf7b0ebd1cd5824297d9ecc843c1978\core.a(usb_reg_map.c.o)
                0x08002500                usb_set_ep_rx_count
 .text.Standard_GetConfiguration
                0x0800254c       0x24 C:\Users\USER\AppData\Local\arduino\cores\7bf7b0ebd1cd5824297d9ecc843c1978\core.a(usb_core.c.o)
                0x0800254c                Standard_GetConfiguration
 .text.Standard_GetInterface
                0x08002570       0x24 C:\Users\USER\AppData\Local\arduino\cores\7bf7b0ebd1cd5824297d9ecc843c1978\core.a(usb_core.c.o)
                0x08002570                Standard_GetInterface
 .text.Standard_GetStatus
                0x08002594       0x90 C:\Users\USER\AppData\Local\arduino\cores\7bf7b0ebd1cd5824297d9ecc843c1978\core.a(usb_core.c.o)
                0x08002594                Standard_GetStatus
 .text.DataStageIn
                0x08002624       0xa8 C:\Users\USER\AppData\Local\arduino\cores\7bf7b0ebd1cd5824297d9ecc843c1978\core.a(usb_core.c.o)
 .text.Standard_SetConfiguration
                0x080026cc       0x38 C:\Users\USER\AppData\Local\arduino\cores\7bf7b0ebd1cd5824297d9ecc843c1978\core.a(usb_core.c.o)
                0x080026cc                Standard_SetConfiguration
 .text.Standard_SetInterface
                0x08002704       0x48 C:\Users\USER\AppData\Local\arduino\cores\7bf7b0ebd1cd5824297d9ecc843c1978\core.a(usb_core.c.o)
                0x08002704                Standard_SetInterface
 .text.Standard_ClearFeature
                0x0800274c       0xd0 C:\Users\USER\AppData\Local\arduino\cores\7bf7b0ebd1cd5824297d9ecc843c1978\core.a(usb_core.c.o)
                0x0800274c                Standard_ClearFeature
 .text.Standard_SetEndPointFeature
                0x0800281c       0x84 C:\Users\USER\AppData\Local\arduino\cores\7bf7b0ebd1cd5824297d9ecc843c1978\core.a(usb_core.c.o)
                0x0800281c                Standard_SetEndPointFeature
 .text.Standard_SetDeviceFeature
                0x080028a0       0x24 C:\Users\USER\AppData\Local\arduino\cores\7bf7b0ebd1cd5824297d9ecc843c1978\core.a(usb_core.c.o)
                0x080028a0                Standard_SetDeviceFeature
 .text.Standard_GetDescriptorData
                0x080028c4       0x1c C:\Users\USER\AppData\Local\arduino\cores\7bf7b0ebd1cd5824297d9ecc843c1978\core.a(usb_core.c.o)
                0x080028c4                Standard_GetDescriptorData
 .text.Post0_Process
                0x080028e0       0x40 C:\Users\USER\AppData\Local\arduino\cores\7bf7b0ebd1cd5824297d9ecc843c1978\core.a(usb_core.c.o)
                0x080028e0                Post0_Process
 .text.Setup0_Process
                0x08002920      0x2d0 C:\Users\USER\AppData\Local\arduino\cores\7bf7b0ebd1cd5824297d9ecc843c1978\core.a(usb_core.c.o)
                0x08002920                Setup0_Process
 .text.Out0_Process
                0x08002bf0       0xc8 C:\Users\USER\AppData\Local\arduino\cores\7bf7b0ebd1cd5824297d9ecc843c1978\core.a(usb_core.c.o)
                0x08002bf0                Out0_Process
 .text.SetDeviceAddress
                0x08002cb8       0x38 C:\Users\USER\AppData\Local\arduino\cores\7bf7b0ebd1cd5824297d9ecc843c1978\core.a(usb_core.c.o)
                0x08002cb8                SetDeviceAddress
 .text.In0_Process
                0x08002cf0       0x5c C:\Users\USER\AppData\Local\arduino\cores\7bf7b0ebd1cd5824297d9ecc843c1978\core.a(usb_core.c.o)
                0x08002cf0                In0_Process
 .text.NOP_Process
                0x08002d4c        0x2 C:\Users\USER\AppData\Local\arduino\cores\7bf7b0ebd1cd5824297d9ecc843c1978\core.a(usb_core.c.o)
                0x08002d4c                NOP_Process
 .text.UserToPMABufferCopy
                0x08002d4e       0x30 C:\Users\USER\AppData\Local\arduino\cores\7bf7b0ebd1cd5824297d9ecc843c1978\core.a(usb_mem.c.o)
                0x08002d4e                UserToPMABufferCopy
 .text.PMAToUserBufferCopy
                0x08002d7e       0x32 C:\Users\USER\AppData\Local\arduino\cores\7bf7b0ebd1cd5824297d9ecc843c1978\core.a(usb_mem.c.o)
                0x08002d7e                PMAToUserBufferCopy
 .text.SetEPTxStatus
                0x08002db0       0x2a C:\Users\USER\AppData\Local\arduino\cores\7bf7b0ebd1cd5824297d9ecc843c1978\core.a(usb_regs.c.o)
                0x08002db0                SetEPTxStatus
 .text.ClearDTOG_RX
                0x08002dda       0x20 C:\Users\USER\AppData\Local\arduino\cores\7bf7b0ebd1cd5824297d9ecc843c1978\core.a(usb_regs.c.o)
                0x08002dda                ClearDTOG_RX
 .text.ClearDTOG_TX
                0x08002dfa       0x20 C:\Users\USER\AppData\Local\arduino\cores\7bf7b0ebd1cd5824297d9ecc843c1978\core.a(usb_regs.c.o)
                0x08002dfa                ClearDTOG_TX
 *fill*         0x08002e1a        0x2 
 .text.GetEPTxAddr
                0x08002e1c       0x1c C:\Users\USER\AppData\Local\arduino\cores\7bf7b0ebd1cd5824297d9ecc843c1978\core.a(usb_regs.c.o)
                0x08002e1c                GetEPTxAddr
 .text.GetEPRxAddr
                0x08002e38       0x1c C:\Users\USER\AppData\Local\arduino\cores\7bf7b0ebd1cd5824297d9ecc843c1978\core.a(usb_regs.c.o)
                0x08002e38                GetEPRxAddr
 .text.SetEPTxCount
                0x08002e54       0x1c C:\Users\USER\AppData\Local\arduino\cores\7bf7b0ebd1cd5824297d9ecc843c1978\core.a(usb_regs.c.o)
                0x08002e54                SetEPTxCount
 .text.SetEPRxCount
                0x08002e70       0x40 C:\Users\USER\AppData\Local\arduino\cores\7bf7b0ebd1cd5824297d9ecc843c1978\core.a(usb_regs.c.o)
                0x08002e70                SetEPRxCount
 .text.throb    0x08002eb0       0x4c C:\Users\USER\AppData\Local\arduino\cores\7bf7b0ebd1cd5824297d9ecc843c1978\core.a(util.c.o)
                0x08002eb0                throb
 .text.__error  0x08002efc       0x14 C:\Users\USER\AppData\Local\arduino\cores\7bf7b0ebd1cd5824297d9ecc843c1978\core.a(util.c.o)
                0x08002efc                __error
 .text.startup._Z7premainv
                0x08002f10        0x4 C:\Users\USER\AppData\Local\arduino\cores\7bf7b0ebd1cd5824297d9ecc843c1978\core.a(main.cpp.o)
                0x08002f10                premain()
 .text.startup.main
                0x08002f14        0xc C:\Users\USER\AppData\Local\arduino\cores\7bf7b0ebd1cd5824297d9ecc843c1978\core.a(main.cpp.o)
                0x08002f14                main
 .text._Z7pinModeh13WiringPinMode
                0x08002f20       0x84 C:\Users\USER\AppData\Local\arduino\cores\7bf7b0ebd1cd5824297d9ecc843c1978\core.a(wirish_digital_f1.cpp.o)
                0x08002f20                pinMode(unsigned char, WiringPinMode)
 .text._Z11digitalReadh
                0x08002fa4       0x2c C:\Users\USER\AppData\Local\arduino\cores\7bf7b0ebd1cd5824297d9ecc843c1978\core.a(wirish_digital.cpp.o)
                0x08002fa4                digitalRead(unsigned char)
 .text._Z12digitalWritehh
                0x08002fd0       0x2c C:\Users\USER\AppData\Local\arduino\cores\7bf7b0ebd1cd5824297d9ecc843c1978\core.a(wirish_digital.cpp.o)
                0x08002fd0                digitalWrite(unsigned char, unsigned char)
 .text.delayMicroseconds
                0x08002ffc       0x10 C:\Users\USER\AppData\Local\arduino\cores\7bf7b0ebd1cd5824297d9ecc843c1978\core.a(wirish_time.cpp.o)
                0x08002ffc                delayMicroseconds
 .text.gpio_init
                0x0800300c       0x14 C:\Users\USER\AppData\Local\arduino\cores\7bf7b0ebd1cd5824297d9ecc843c1978\core.a(gpio.c.o)
                0x0800300c                gpio_init
 .text.i2c_disable_irq
                0x08003020        0xc C:\Users\USER\AppData\Local\arduino\cores\7bf7b0ebd1cd5824297d9ecc843c1978\core.a(i2c.c.o)
 .text._i2c_irq_handler
                0x0800302c      0x3d8 C:\Users\USER\AppData\Local\arduino\cores\7bf7b0ebd1cd5824297d9ecc843c1978\core.a(i2c.c.o)
                0x0800302c                _i2c_irq_handler
 .text._i2c_irq_error_handler
                0x08003404       0x74 C:\Users\USER\AppData\Local\arduino\cores\7bf7b0ebd1cd5824297d9ecc843c1978\core.a(i2c.c.o)
                0x08003404                _i2c_irq_error_handler
 .text          0x08003478       0x38 c:/users/user/appdata/local/arduino15/packages/arduino/tools/arm-none-eabi-gcc/4.8.3-2014q1/bin/../lib/gcc/arm-none-eabi/4.8.3/armv7-m\libgcc.a(_aeabi_ldivmod.o)
                0x08003478                __aeabi_ldivmod
 .text          0x080034b0       0x60 c:/users/user/appdata/local/arduino15/packages/arduino/tools/arm-none-eabi-gcc/4.8.3-2014q1/bin/../lib/gcc/arm-none-eabi/4.8.3/armv7-m\libgcc.a(bpabi.o)
                0x080034b0                __gnu_ldivmod_helper
                0x080034e0                __gnu_uldivmod_helper
 .text          0x08003510        0x4 c:/users/user/appdata/local/arduino15/packages/arduino/tools/arm-none-eabi-gcc/4.8.3-2014q1/bin/../lib/gcc/arm-none-eabi/4.8.3/armv7-m\libgcc.a(_dvmd_tls.o)
                0x08003510                __aeabi_idiv0
                0x08003510                __aeabi_ldiv0
 .text          0x08003514      0x2a0 c:/users/user/appdata/local/arduino15/packages/arduino/tools/arm-none-eabi-gcc/4.8.3-2014q1/bin/../lib/gcc/arm-none-eabi/4.8.3/armv7-m\libgcc.a(_divdi3.o)
                0x08003514                __divdi3
 .text          0x080037b4      0x290 c:/users/user/appdata/local/arduino15/packages/arduino/tools/arm-none-eabi-gcc/4.8.3-2014q1/bin/../lib/gcc/arm-none-eabi/4.8.3/armv7-m\libgcc.a(_udivdi3.o)
                0x080037b4                __udivdi3
 .text.exit     0x08003a44       0x28 c:/users/user/appdata/local/arduino15/packages/arduino/tools/arm-none-eabi-gcc/4.8.3-2014q1/bin/../lib/gcc/arm-none-eabi/4.8.3/../../../../arm-none-eabi/lib/armv7-m\libc_s.a(lib_a-exit.o)
                0x08003a44                exit
 .text.__libc_init_array
                0x08003a6c       0x4c c:/users/user/appdata/local/arduino15/packages/arduino/tools/arm-none-eabi-gcc/4.8.3-2014q1/bin/../lib/gcc/arm-none-eabi/4.8.3/../../../../arm-none-eabi/lib/armv7-m\libc_s.a(lib_a-init.o)
                0x08003a6c                __libc_init_array
 .text.memcpy   0x08003ab8       0x12 c:/users/user/appdata/local/arduino15/packages/arduino/tools/arm-none-eabi-gcc/4.8.3-2014q1/bin/../lib/gcc/arm-none-eabi/4.8.3/../../../../arm-none-eabi/lib/armv7-m\libc_s.a(lib_a-memcpy-stub.o)
                0x08003ab8                memcpy
 .text.strlen   0x08003aca       0x10 c:/users/user/appdata/local/arduino15/packages/arduino/tools/arm-none-eabi-gcc/4.8.3-2014q1/bin/../lib/gcc/arm-none-eabi/4.8.3/../../../../arm-none-eabi/lib/armv7-m\libc_s.a(lib_a-strlen.o)
                0x08003aca                strlen
 *(.plt)
 *(.gnu.warning)
 *(.glue_7t)
 .glue_7t       0x00000000        0x0 linker stubs
 *(.glue_7)
 .glue_7        0x00000000        0x0 linker stubs
 *(.vfp11_veneer)
 .vfp11_veneer  0x00000000        0x0 linker stubs
 *(.ARM.extab* .gnu.linkonce.armextab.*)
 *(.gcc_except_table)
 *(.eh_frame_hdr)
 *(.eh_frame)
 *fill*         0x08003ada        0x2 
 .eh_frame      0x08003adc        0x0 c:/users/user/appdata/local/arduino15/packages/arduino/tools/arm-none-eabi-gcc/4.8.3-2014q1/bin/../lib/gcc/arm-none-eabi/4.8.3/armv7-m/crtbegin.o
                0x08003adc                . = ALIGN (0x4)
 *(.init)
 .init          0x08003adc        0x4 c:/users/user/appdata/local/arduino15/packages/arduino/tools/arm-none-eabi-gcc/4.8.3-2014q1/bin/../lib/gcc/arm-none-eabi/4.8.3/armv7-m/crti.o
                0x08003adc                _init
 .init          0x08003ae0        0x8 c:/users/user/appdata/local/arduino15/packages/arduino/tools/arm-none-eabi-gcc/4.8.3-2014q1/bin/../lib/gcc/arm-none-eabi/4.8.3/armv7-m/crtn.o
                0x08003ae8                . = ALIGN (0x4)
                0x08003ae8                __preinit_array_start = .
 *(.preinit_array)
                0x08003ae8                __preinit_array_end = .
                0x08003ae8                . = ALIGN (0x4)
                0x08003ae8                __init_array_start = .
 *(SORT(.init_array.*))
 .init_array.00101
                0x08003ae8        0x4 C:\Users\USER\AppData\Local\arduino\cores\7bf7b0ebd1cd5824297d9ecc843c1978\core.a(main.cpp.o)
 *(.init_array)
 .init_array    0x08003aec        0x4 c:/users/user/appdata/local/arduino15/packages/arduino/tools/arm-none-eabi-gcc/4.8.3-2014q1/bin/../lib/gcc/arm-none-eabi/4.8.3/armv7-m/crtbegin.o
 .init_array    0x08003af0        0x4 C:\Users\USER\AppData\Local\arduino\sketches\66E6BAE8AF97D4AF4DAABE37DD4C896D\sketch\Lavadora.ino.cpp.o
 .init_array    0x08003af4        0x4 C:\Users\USER\AppData\Local\arduino\sketches\66E6BAE8AF97D4AF4DAABE37DD4C896D\core\board.cpp.o
                0x08003af8                __init_array_end = .
                0x08003af8                . = ALIGN (0x4)
 *crtbegin.o(.ctors)
 *(EXCLUDE_FILE(*crtend.o) .ctors)
 *(SORT(.ctors.*))
 *crtend.o(.ctors)
                0x08003af8                . = ALIGN (0x4)
 *(.fini)
 .fini          0x08003af8        0x4 c:/users/user/appdata/local/arduino15/packages/arduino/tools/arm-none-eabi-gcc/4.8.3-2014q1/bin/../lib/gcc/arm-none-eabi/4.8.3/armv7-m/crti.o
                0x08003af8                _fini
 .fini          0x08003afc        0x8 c:/users/user/appdata/local/arduino15/packages/arduino/tools/arm-none-eabi-gcc/4.8.3-2014q1/bin/../lib/gcc/arm-none-eabi/4.8.3/armv7-m/crtn.o
                0x08003b04                . = ALIGN (0x4)
                0x08003b04                __fini_array_start = .
 *(.fini_array)
 .fini_array    0x08003b04        0x4 c:/users/user/appdata/local/arduino15/packages/arduino/tools/arm-none-eabi-gcc/4.8.3-2014q1/bin/../lib/gcc/arm-none-eabi/4.8.3/armv7-m/crtbegin.o
 *(SORT(.fini_array.*))
                0x08003b08                __fini_array_end = .
 *crtbegin.o(.dtors)
 *(EXCLUDE_FILE(*crtend.o) .dtors)
 *(SORT(.dtors.*))
 *crtend.o(.dtors)

.v4_bx          0x08003b08        0x0
 .v4_bx         0x00000000        0x0 linker stubs

.iplt           0x08003b08        0x0
 .iplt          0x00000000        0x0 c:/users/user/appdata/local/arduino15/packages/arduino/tools/arm-none-eabi-gcc/4.8.3-2014q1/bin/../lib/gcc/arm-none-eabi/4.8.3/armv7-m/crtbegin.o

.text.align     0x08003b08        0x0
                0x08003b08                . = ALIGN (0x8)
                0x08003b08                __text_end__ = .
                0x08003b08                __exidx_start = .

.ARM.exidx      0x08003b08        0x8
 *(.ARM.exidx* .gnu.linkonce.armexidx.*)
 .ARM.exidx     0x08003b08        0x8 C:\Users\USER\AppData\Local\arduino\sketches\66E6BAE8AF97D4AF4DAABE37DD4C896D\core\wirish\start.S.o
 .ARM.exidx     0x08003b10        0x0 c:/users/user/appdata/local/arduino15/packages/arduino/tools/arm-none-eabi-gcc/4.8.3-2014q1/bin/../lib/gcc/arm-none-eabi/4.8.3/armv7-m\libgcc.a(_divdi3.o)
                                  0x8 (size before relaxing)
 .ARM.exidx     0x08003b10        0x0 c:/users/user/appdata/local/arduino15/packages/arduino/tools/arm-none-eabi-gcc/4.8.3-2014q1/bin/../lib/gcc/arm-none-eabi/4.8.3/armv7-m\libgcc.a(_udivdi3.o)
                                  0x8 (size before relaxing)
                0x08003b10                __exidx_end = .

.data           0x20000000      0x470 load address 0x08003b10
                0x20000000                __data_start__ = .
                0x20000000        0x4 LONG 0x0
                0x20000008                . = ALIGN (0x8)
 *fill*         0x20000004        0x4 
 *(.got.plt)
 *(.got)
 *(.data .data.* .gnu.linkonce.d.*)
 .data.prevEstadoEncender
                0x20000008        0x1 C:\Users\USER\AppData\Local\arduino\sketches\66E6BAE8AF97D4AF4DAABE37DD4C896D\sketch\Lavadora.ino.cpp.o
                0x20000008                prevEstadoEncender
 .data.prevEstadoLavado
                0x20000009        0x1 C:\Users\USER\AppData\Local\arduino\sketches\66E6BAE8AF97D4AF4DAABE37DD4C896D\sketch\Lavadora.ino.cpp.o
                0x20000009                prevEstadoLavado
 .data.prevEstadoIniciar
                0x2000000a        0x1 C:\Users\USER\AppData\Local\arduino\sketches\66E6BAE8AF97D4AF4DAABE37DD4C896D\sketch\Lavadora.ino.cpp.o
                0x2000000a                prevEstadoIniciar
 .data.prevEstadoCentrifugado
                0x2000000b        0x1 C:\Users\USER\AppData\Local\arduino\sketches\66E6BAE8AF97D4AF4DAABE37DD4C896D\sketch\Lavadora.ino.cpp.o
                0x2000000b                prevEstadoCentrifugado
 .data.prevEstadoEnjuague
                0x2000000c        0x1 C:\Users\USER\AppData\Local\arduino\sketches\66E6BAE8AF97D4AF4DAABE37DD4C896D\sketch\Lavadora.ino.cpp.o
                0x2000000c                prevEstadoEnjuague
 .data.prevEstadoTipoLavado
                0x2000000d        0x1 C:\Users\USER\AppData\Local\arduino\sketches\66E6BAE8AF97D4AF4DAABE37DD4C896D\sketch\Lavadora.ino.cpp.o
                0x2000000d                prevEstadoTipoLavado
 .data.prevEstadoNivelAgua
                0x2000000e        0x1 C:\Users\USER\AppData\Local\arduino\sketches\66E6BAE8AF97D4AF4DAABE37DD4C896D\sketch\Lavadora.ino.cpp.o
                0x2000000e                prevEstadoNivelAgua
 .data.prevEstadoRopa
                0x2000000f        0x1 C:\Users\USER\AppData\Local\arduino\sketches\66E6BAE8AF97D4AF4DAABE37DD4C896D\sketch\Lavadora.ino.cpp.o
                0x2000000f                prevEstadoRopa
 .data._ZN6wirish4privL8pll_dataE
                0x20000010        0x4 C:\Users\USER\AppData\Local\arduino\sketches\66E6BAE8AF97D4AF4DAABE37DD4C896D\core\wirish\boards_setup.cpp.o
 .data._ZN6wirish4priv9w_adc_smpE
                0x20000014        0x1 C:\Users\USER\AppData\Local\arduino\sketches\66E6BAE8AF97D4AF4DAABE37DD4C896D\core\wirish\boards_setup.cpp.o
                0x20000014                wirish::priv::w_adc_smp
 *fill*         0x20000015        0x1 
 .data._ZN6wirish4priv9w_adc_preE
                0x20000016        0x2 C:\Users\USER\AppData\Local\arduino\sketches\66E6BAE8AF97D4AF4DAABE37DD4C896D\core\wirish\boards_setup.cpp.o
                0x20000016                wirish::priv::w_adc_pre
 .data._ZN6wirish4priv15w_board_pll_cfgE
                0x20000018        0x8 C:\Users\USER\AppData\Local\arduino\sketches\66E6BAE8AF97D4AF4DAABE37DD4C896D\core\wirish\boards_setup.cpp.o
                0x20000018                wirish::priv::w_board_pll_cfg
 .data.adc2     0x20000020        0x8 C:\Users\USER\AppData\Local\arduino\cores\7bf7b0ebd1cd5824297d9ecc843c1978\core.a(adc_f1.c.o)
                0x20000020                adc2
 .data.adc1     0x20000028       0x18 C:\Users\USER\AppData\Local\arduino\cores\7bf7b0ebd1cd5824297d9ecc843c1978\core.a(adc_f1.c.o)
                0x20000028                adc1
 .data.ADC2     0x20000040        0x4 C:\Users\USER\AppData\Local\arduino\cores\7bf7b0ebd1cd5824297d9ecc843c1978\core.a(adc_f1.c.o)
                0x20000040                ADC2
 .data.ADC1     0x20000044        0x4 C:\Users\USER\AppData\Local\arduino\cores\7bf7b0ebd1cd5824297d9ecc843c1978\core.a(adc_f1.c.o)
                0x20000044                ADC1
 .data.dma1     0x20000048       0x40 C:\Users\USER\AppData\Local\arduino\cores\7bf7b0ebd1cd5824297d9ecc843c1978\core.a(dma_f1.c.o)
 .data.DMA1     0x20000088        0x4 C:\Users\USER\AppData\Local\arduino\cores\7bf7b0ebd1cd5824297d9ecc843c1978\core.a(dma_f1.c.o)
                0x20000088                DMA1
 .data.gpioa    0x2000008c        0x8 C:\Users\USER\AppData\Local\arduino\cores\7bf7b0ebd1cd5824297d9ecc843c1978\core.a(gpio_f1.c.o)
                0x2000008c                gpioa
 .data.gpiob    0x20000094        0x8 C:\Users\USER\AppData\Local\arduino\cores\7bf7b0ebd1cd5824297d9ecc843c1978\core.a(gpio_f1.c.o)
                0x20000094                gpiob
 .data.gpioc    0x2000009c        0x8 C:\Users\USER\AppData\Local\arduino\cores\7bf7b0ebd1cd5824297d9ecc843c1978\core.a(gpio_f1.c.o)
                0x2000009c                gpioc
 .data.gpiod    0x200000a4        0x8 C:\Users\USER\AppData\Local\arduino\cores\7bf7b0ebd1cd5824297d9ecc843c1978\core.a(gpio_f1.c.o)
                0x200000a4                gpiod
 .data.i2c1     0x200000ac       0x38 C:\Users\USER\AppData\Local\arduino\cores\7bf7b0ebd1cd5824297d9ecc843c1978\core.a(i2c_f1.c.o)
 .data.i2c2     0x200000e4       0x38 C:\Users\USER\AppData\Local\arduino\cores\7bf7b0ebd1cd5824297d9ecc843c1978\core.a(i2c_f1.c.o)
 .data.enable_regs.4411
                0x2000011c        0xc C:\Users\USER\AppData\Local\arduino\cores\7bf7b0ebd1cd5824297d9ecc843c1978\core.a(rcc_f1.c.o)
 .data.reset_regs.4415
                0x20000128        0x8 C:\Users\USER\AppData\Local\arduino\cores\7bf7b0ebd1cd5824297d9ecc843c1978\core.a(rcc_f1.c.o)
 .data.enable_regs.4424
                0x20000130        0xc C:\Users\USER\AppData\Local\arduino\cores\7bf7b0ebd1cd5824297d9ecc843c1978\core.a(rcc_f1.c.o)
 .data.timer3   0x2000013c       0x24 C:\Users\USER\AppData\Local\arduino\cores\7bf7b0ebd1cd5824297d9ecc843c1978\core.a(timer.c.o)
                0x2000013c                timer3
 .data.timer4   0x20000160       0x24 C:\Users\USER\AppData\Local\arduino\cores\7bf7b0ebd1cd5824297d9ecc843c1978\core.a(timer.c.o)
                0x20000160                timer4
 .data.timer1   0x20000184       0x28 C:\Users\USER\AppData\Local\arduino\cores\7bf7b0ebd1cd5824297d9ecc843c1978\core.a(timer.c.o)
                0x20000184                timer1
 .data.timer2   0x200001ac       0x24 C:\Users\USER\AppData\Local\arduino\cores\7bf7b0ebd1cd5824297d9ecc843c1978\core.a(timer.c.o)
                0x200001ac                timer2
 .data.USART1   0x200001d0        0x4 C:\Users\USER\AppData\Local\arduino\cores\7bf7b0ebd1cd5824297d9ecc843c1978\core.a(usart_f1.c.o)
                0x200001d0                USART1
 .data.USART2   0x200001d4        0x4 C:\Users\USER\AppData\Local\arduino\cores\7bf7b0ebd1cd5824297d9ecc843c1978\core.a(usart_f1.c.o)
                0x200001d4                USART2
 .data.USART3   0x200001d8        0x4 C:\Users\USER\AppData\Local\arduino\cores\7bf7b0ebd1cd5824297d9ecc843c1978\core.a(usart_f1.c.o)
                0x200001d8                USART3
 .data.usart1   0x200001dc       0x94 C:\Users\USER\AppData\Local\arduino\cores\7bf7b0ebd1cd5824297d9ecc843c1978\core.a(usart_f1.c.o)
 .data.usart2   0x20000270       0x94 C:\Users\USER\AppData\Local\arduino\cores\7bf7b0ebd1cd5824297d9ecc843c1978\core.a(usart_f1.c.o)
 .data.usart3   0x20000304       0x94 C:\Users\USER\AppData\Local\arduino\cores\7bf7b0ebd1cd5824297d9ecc843c1978\core.a(usart_f1.c.o)
 .data.USBLIB   0x20000398        0x4 C:\Users\USER\AppData\Local\arduino\cores\7bf7b0ebd1cd5824297d9ecc843c1978\core.a(usb.c.o)
                0x20000398                USBLIB
 .data.usblib   0x2000039c       0x10 C:\Users\USER\AppData\Local\arduino\cores\7bf7b0ebd1cd5824297d9ecc843c1978\core.a(usb.c.o)
 .data.Config_Descriptor
                0x200003ac        0x8 C:\Users\USER\AppData\Local\arduino\cores\7bf7b0ebd1cd5824297d9ecc843c1978\core.a(usb_cdcacm.c.o)
 .data.Device_Property
                0x200003b4       0x30 C:\Users\USER\AppData\Local\arduino\cores\7bf7b0ebd1cd5824297d9ecc843c1978\core.a(usb_cdcacm.c.o)
                0x200003b4                Device_Property
 .data.String_Descriptor
                0x200003e4       0x18 C:\Users\USER\AppData\Local\arduino\cores\7bf7b0ebd1cd5824297d9ecc843c1978\core.a(usb_cdcacm.c.o)
 .data.line_coding
                0x200003fc        0x7 C:\Users\USER\AppData\Local\arduino\cores\7bf7b0ebd1cd5824297d9ecc843c1978\core.a(usb_cdcacm.c.o)
 *fill*         0x20000403        0x1 
 .data.Device_Descriptor
                0x20000404        0x8 C:\Users\USER\AppData\Local\arduino\cores\7bf7b0ebd1cd5824297d9ecc843c1978\core.a(usb_cdcacm.c.o)
 .data.Device_Table
                0x2000040c        0x2 C:\Users\USER\AppData\Local\arduino\cores\7bf7b0ebd1cd5824297d9ecc843c1978\core.a(usb_cdcacm.c.o)
                0x2000040c                Device_Table
 *fill*         0x2000040e        0x2 
 .data.impure_data
                0x20000410       0x60 c:/users/user/appdata/local/arduino15/packages/arduino/tools/arm-none-eabi-gcc/4.8.3-2014q1/bin/../lib/gcc/arm-none-eabi/4.8.3/../../../../arm-none-eabi/lib/armv7-m\libc_s.a(lib_a-impure.o)
                0x20000470                . = ALIGN (0x8)
                0x20000470                __data_end__ = .

.jcr            0x20000470        0x0 load address 0x08003f80
 .jcr           0x20000470        0x0 c:/users/user/appdata/local/arduino15/packages/arduino/tools/arm-none-eabi-gcc/4.8.3-2014q1/bin/../lib/gcc/arm-none-eabi/4.8.3/armv7-m/crtbegin.o

.igot.plt       0x20000470        0x0 load address 0x08003f80
 .igot.plt      0x00000000        0x0 c:/users/user/appdata/local/arduino15/packages/arduino/tools/arm-none-eabi-gcc/4.8.3-2014q1/bin/../lib/gcc/arm-none-eabi/4.8.3/armv7-m/crtbegin.o

.rodata         0x08003f80      0x4e0
 *(.rodata .rodata.* .gnu.linkonce.r.*)
 .rodata        0x08003f80       0x68 C:\Users\USER\AppData\Local\arduino\sketches\66E6BAE8AF97D4AF4DAABE37DD4C896D\sketch\Lavadora.ino.cpp.o
 .rodata.str1.1
                0x08003fe8        0x4 C:\Users\USER\AppData\Local\arduino\sketches\66E6BAE8AF97D4AF4DAABE37DD4C896D\sketch\Lavadora.ino.cpp.o
 .rodata._ZL12digitCodeMap
                0x08003fec       0x29 C:\Users\USER\AppData\Local\arduino\sketches\66E6BAE8AF97D4AF4DAABE37DD4C896D\sketch\SevSeg.cpp.o
 *fill*         0x08004015        0x3 
 .rodata._ZL10powersOf10
                0x08004018       0x28 C:\Users\USER\AppData\Local\arduino\sketches\66E6BAE8AF97D4AF4DAABE37DD4C896D\sketch\SevSeg.cpp.o
 .rodata._ZL10powersOf16
                0x08004040       0x20 C:\Users\USER\AppData\Local\arduino\sketches\66E6BAE8AF97D4AF4DAABE37DD4C896D\sketch\SevSeg.cpp.o
 .rodata.PIN_MAP
                0x08004060      0x2e0 C:\Users\USER\AppData\Local\arduino\sketches\66E6BAE8AF97D4AF4DAABE37DD4C896D\core\board.cpp.o
                0x08004060                PIN_MAP
 .rodata._ZTV14HardwareSerial
                0x08004340       0x28 C:\Users\USER\AppData\Local\arduino\cores\7bf7b0ebd1cd5824297d9ecc843c1978\core.a(HardwareSerial.cpp.o)
                0x08004340                vtable for HardwareSerial
 .rodata.GPIOB  0x08004368        0x4 C:\Users\USER\AppData\Local\arduino\cores\7bf7b0ebd1cd5824297d9ecc843c1978\core.a(gpio_f1.c.o)
                0x08004368                GPIOB
 .rodata.rcc_dev_table
                0x0800436c       0x5c C:\Users\USER\AppData\Local\arduino\cores\7bf7b0ebd1cd5824297d9ecc843c1978\core.a(rcc_f1.c.o)
                0x0800436c                rcc_dev_table
 .rodata.masks.4420
                0x080043c8       0x14 C:\Users\USER\AppData\Local\arduino\cores\7bf7b0ebd1cd5824297d9ecc843c1978\core.a(rcc_f1.c.o)
 .rodata.usbVcomDescriptor_iProduct
                0x080043dc        0xc C:\Users\USER\AppData\Local\arduino\cores\7bf7b0ebd1cd5824297d9ecc843c1978\core.a(usb_cdcacm.c.o)
 .rodata.usbVcomDescriptor_iManufacturer
                0x080043e8       0x12 C:\Users\USER\AppData\Local\arduino\cores\7bf7b0ebd1cd5824297d9ecc843c1978\core.a(usb_cdcacm.c.o)
 .rodata.usbVcomDescriptor_Device
                0x080043fa       0x12 C:\Users\USER\AppData\Local\arduino\cores\7bf7b0ebd1cd5824297d9ecc843c1978\core.a(usb_cdcacm.c.o)
 .rodata.usbVcomDescriptor_Config
                0x0800440c       0x43 C:\Users\USER\AppData\Local\arduino\cores\7bf7b0ebd1cd5824297d9ecc843c1978\core.a(usb_cdcacm.c.o)
 .rodata.usbVcomDescriptor_LangID
                0x0800444f        0x4 C:\Users\USER\AppData\Local\arduino\cores\7bf7b0ebd1cd5824297d9ecc843c1978\core.a(usb_cdcacm.c.o)
 .rodata.str1.1
                0x08004453        0x2 c:/users/user/appdata/local/arduino15/packages/arduino/tools/arm-none-eabi-gcc/4.8.3-2014q1/bin/../lib/gcc/arm-none-eabi/4.8.3/../../../../arm-none-eabi/lib/armv7-m\libc_s.a(lib_a-impure.o)
 *fill*         0x08004455        0x3 
 .rodata._global_impure_ptr
                0x08004458        0x4 c:/users/user/appdata/local/arduino15/packages/arduino/tools/arm-none-eabi-gcc/4.8.3-2014q1/bin/../lib/gcc/arm-none-eabi/4.8.3/../../../../arm-none-eabi/lib/armv7-m\libc_s.a(lib_a-impure.o)
                0x08004458                _global_impure_ptr
 *(.USER_FLASH)
                0x0800445c                . = ALIGN (0x4)
                0x0800445c                _lm_rom_img_cfgp = .
                0x0800445c        0x4 LONG 0x8003b10 LOADADDR (.data)
                0x20000670                _lm_heap_start = DEFINED (_lm_heap_start)?_lm_heap_start:_end
                0x20005000                _lm_heap_end = DEFINED (_lm_heap_end)?_lm_heap_end:__msp_init

.rel.dyn        0x08004460        0x0
 .rel.iplt      0x00000000        0x0 c:/users/user/appdata/local/arduino15/packages/arduino/tools/arm-none-eabi-gcc/4.8.3-2014q1/bin/../lib/gcc/arm-none-eabi/4.8.3/armv7-m/crtbegin.o

.bss            0x20000470      0x200
                0x20000470                . = ALIGN (0x8)
                0x20000470                __bss_start__ = .
 *(.bss .bss.* .gnu.linkonce.b.*)
 .bss           0x20000470       0x1c c:/users/user/appdata/local/arduino15/packages/arduino/tools/arm-none-eabi-gcc/4.8.3-2014q1/bin/../lib/gcc/arm-none-eabi/4.8.3/armv7-m/crtbegin.o
 .bss.minutos   0x2000048c        0x4 C:\Users\USER\AppData\Local\arduino\sketches\66E6BAE8AF97D4AF4DAABE37DD4C896D\sketch\Lavadora.ino.cpp.o
                0x2000048c                minutos
 .bss.centrifugadoSeleccionado
                0x20000490        0x4 C:\Users\USER\AppData\Local\arduino\sketches\66E6BAE8AF97D4AF4DAABE37DD4C896D\sketch\Lavadora.ino.cpp.o
                0x20000490                centrifugadoSeleccionado
 .bss.enjuagueSeleccionado
                0x20000494        0x4 C:\Users\USER\AppData\Local\arduino\sketches\66E6BAE8AF97D4AF4DAABE37DD4C896D\sketch\Lavadora.ino.cpp.o
                0x20000494                enjuagueSeleccionado
 .bss.tiempoLavadoSeleccionado
                0x20000498        0x4 C:\Users\USER\AppData\Local\arduino\sketches\66E6BAE8AF97D4AF4DAABE37DD4C896D\sketch\Lavadora.ino.cpp.o
                0x20000498                tiempoLavadoSeleccionado
 .bss.horas     0x2000049c        0x4 C:\Users\USER\AppData\Local\arduino\sketches\66E6BAE8AF97D4AF4DAABE37DD4C896D\sketch\Lavadora.ino.cpp.o
                0x2000049c                horas
 .bss.contadorLavado
                0x200004a0        0x4 C:\Users\USER\AppData\Local\arduino\sketches\66E6BAE8AF97D4AF4DAABE37DD4C896D\sketch\Lavadora.ino.cpp.o
                0x200004a0                contadorLavado
 .bss.contadorAgua
                0x200004a4        0x4 C:\Users\USER\AppData\Local\arduino\sketches\66E6BAE8AF97D4AF4DAABE37DD4C896D\sketch\Lavadora.ino.cpp.o
                0x200004a4                contadorAgua
 .bss.nivelAguaSeleccionado
                0x200004a8        0x4 C:\Users\USER\AppData\Local\arduino\sketches\66E6BAE8AF97D4AF4DAABE37DD4C896D\sketch\Lavadora.ino.cpp.o
                0x200004a8                nivelAguaSeleccionado
 .bss.contadorEnjuague
                0x200004ac        0x4 C:\Users\USER\AppData\Local\arduino\sketches\66E6BAE8AF97D4AF4DAABE37DD4C896D\sketch\Lavadora.ino.cpp.o
                0x200004ac                contadorEnjuague
 .bss.lastUpdateTime
                0x200004b0        0x4 C:\Users\USER\AppData\Local\arduino\sketches\66E6BAE8AF97D4AF4DAABE37DD4C896D\sketch\Lavadora.ino.cpp.o
                0x200004b0                lastUpdateTime
 .bss.sevseg    0x200004b4       0x30 C:\Users\USER\AppData\Local\arduino\sketches\66E6BAE8AF97D4AF4DAABE37DD4C896D\sketch\Lavadora.ino.cpp.o
                0x200004b4                sevseg
 .bss.tipoLavadoSeleccionado
                0x200004e4        0x4 C:\Users\USER\AppData\Local\arduino\sketches\66E6BAE8AF97D4AF4DAABE37DD4C896D\sketch\Lavadora.ino.cpp.o
                0x200004e4                tipoLavadoSeleccionado
 .bss.segundos  0x200004e8        0x4 C:\Users\USER\AppData\Local\arduino\sketches\66E6BAE8AF97D4AF4DAABE37DD4C896D\sketch\Lavadora.ino.cpp.o
                0x200004e8                segundos
 .bss.sistemaEncendido
                0x200004ec        0x1 C:\Users\USER\AppData\Local\arduino\sketches\66E6BAE8AF97D4AF4DAABE37DD4C896D\sketch\Lavadora.ino.cpp.o
                0x200004ec                sistemaEncendido
 *fill*         0x200004ed        0x3 
 .bss.cantidadSeleccionada
                0x200004f0        0x4 C:\Users\USER\AppData\Local\arduino\sketches\66E6BAE8AF97D4AF4DAABE37DD4C896D\sketch\Lavadora.ino.cpp.o
                0x200004f0                cantidadSeleccionada
 .bss.enMarcha  0x200004f4        0x1 C:\Users\USER\AppData\Local\arduino\sketches\66E6BAE8AF97D4AF4DAABE37DD4C896D\sketch\Lavadora.ino.cpp.o
                0x200004f4                enMarcha
 *fill*         0x200004f5        0x3 
 .bss.contadorCentrifugado
                0x200004f8        0x4 C:\Users\USER\AppData\Local\arduino\sketches\66E6BAE8AF97D4AF4DAABE37DD4C896D\sketch\Lavadora.ino.cpp.o
                0x200004f8                contadorCentrifugado
 .bss.Serial1   0x200004fc       0x18 C:\Users\USER\AppData\Local\arduino\sketches\66E6BAE8AF97D4AF4DAABE37DD4C896D\core\board.cpp.o
                0x200004fc                Serial1
 .bss.Serial2   0x20000514       0x18 C:\Users\USER\AppData\Local\arduino\sketches\66E6BAE8AF97D4AF4DAABE37DD4C896D\core\board.cpp.o
                0x20000514                Serial2
 .bss.Serial3   0x2000052c       0x18 C:\Users\USER\AppData\Local\arduino\sketches\66E6BAE8AF97D4AF4DAABE37DD4C896D\core\board.cpp.o
                0x2000052c                Serial3
 .bss.exti_channels
                0x20000544       0x80 C:\Users\USER\AppData\Local\arduino\cores\7bf7b0ebd1cd5824297d9ecc843c1978\core.a(exti.c.o)
                0x20000544                exti_channels
 .bss.systick_user_callback
                0x200005c4        0x4 C:\Users\USER\AppData\Local\arduino\cores\7bf7b0ebd1cd5824297d9ecc843c1978\core.a(systick.c.o)
 .bss.usart1_wb
                0x200005c8        0xc C:\Users\USER\AppData\Local\arduino\cores\7bf7b0ebd1cd5824297d9ecc843c1978\core.a(usart_f1.c.o)
 .bss.usart1_rb
                0x200005d4        0xc C:\Users\USER\AppData\Local\arduino\cores\7bf7b0ebd1cd5824297d9ecc843c1978\core.a(usart_f1.c.o)
 .bss.usart2_rb
                0x200005e0        0xc C:\Users\USER\AppData\Local\arduino\cores\7bf7b0ebd1cd5824297d9ecc843c1978\core.a(usart_f1.c.o)
 .bss.usart3_rb
                0x200005ec        0xc C:\Users\USER\AppData\Local\arduino\cores\7bf7b0ebd1cd5824297d9ecc843c1978\core.a(usart_f1.c.o)
 .bss.usart2_wb
                0x200005f8        0xc C:\Users\USER\AppData\Local\arduino\cores\7bf7b0ebd1cd5824297d9ecc843c1978\core.a(usart_f1.c.o)
 .bss.usart3_wb
                0x20000604        0xc C:\Users\USER\AppData\Local\arduino\cores\7bf7b0ebd1cd5824297d9ecc843c1978\core.a(usart_f1.c.o)
 .bss.line_dtr_rts
                0x20000610        0x1 C:\Users\USER\AppData\Local\arduino\cores\7bf7b0ebd1cd5824297d9ecc843c1978\core.a(usb_cdcacm.c.o)
 *fill*         0x20000611        0x3 
 .bss.tx_head   0x20000614        0x4 C:\Users\USER\AppData\Local\arduino\cores\7bf7b0ebd1cd5824297d9ecc843c1978\core.a(usb_cdcacm.c.o)
 .bss.transmitting
                0x20000618        0x1 C:\Users\USER\AppData\Local\arduino\cores\7bf7b0ebd1cd5824297d9ecc843c1978\core.a(usb_cdcacm.c.o)
 *fill*         0x20000619        0x3 
 .bss.rx_tail   0x2000061c        0x4 C:\Users\USER\AppData\Local\arduino\cores\7bf7b0ebd1cd5824297d9ecc843c1978\core.a(usb_cdcacm.c.o)
 .bss.iface_setup_hook
                0x20000620        0x4 C:\Users\USER\AppData\Local\arduino\cores\7bf7b0ebd1cd5824297d9ecc843c1978\core.a(usb_cdcacm.c.o)
 .bss.rx_head   0x20000624        0x4 C:\Users\USER\AppData\Local\arduino\cores\7bf7b0ebd1cd5824297d9ecc843c1978\core.a(usb_cdcacm.c.o)
 .bss.tx_tail   0x20000628        0x4 C:\Users\USER\AppData\Local\arduino\cores\7bf7b0ebd1cd5824297d9ecc843c1978\core.a(usb_cdcacm.c.o)
 .bss.Data_Mul_MaxPacketSize
                0x2000062c        0x1 C:\Users\USER\AppData\Local\arduino\cores\7bf7b0ebd1cd5824297d9ecc843c1978\core.a(usb_core.c.o)
                0x2000062c                Data_Mul_MaxPacketSize
 *(COMMON)
 *fill*         0x2000062d        0x3 
 COMMON         0x20000630        0x4 C:\Users\USER\AppData\Local\arduino\cores\7bf7b0ebd1cd5824297d9ecc843c1978\core.a(systick.c.o)
                0x20000630                systick_uptime_millis
 COMMON         0x20000634        0x6 C:\Users\USER\AppData\Local\arduino\cores\7bf7b0ebd1cd5824297d9ecc843c1978\core.a(usb.c.o)
                0x20000634                SaveRState
                0x20000636                SaveTState
                0x20000638                ResumeS
 COMMON         0x2000063a        0x2 C:\Users\USER\AppData\Local\arduino\cores\7bf7b0ebd1cd5824297d9ecc843c1978\core.a(usb_core.c.o)
                0x2000063a                StatusInfo
 COMMON         0x2000063c       0x32 C:\Users\USER\AppData\Local\arduino\cores\7bf7b0ebd1cd5824297d9ecc843c1978\core.a(usb_init.c.o)
                0x2000063c                SaveState
                0x20000640                pProperty
                0x20000644                EPindex
                0x20000648                Device_Info
                0x20000664                pUser_Standard_Requests
                0x20000668                pInformation
                0x2000066c                wInterrupt_Mask
                0x20000670                . = ALIGN (0x8)
 *fill*         0x2000066e        0x2 
                0x20000670                __bss_end__ = .
                0x20000670                _end = __bss_end__

.stab
 *(.stab)

.stabstr
 *(.stabstr)

.debug
 *(.debug)

.line
 *(.line)

.debug_srcinfo
 *(.debug_srcinfo)

.debug_sfnames
 *(.debug_sfnames)

.debug_aranges  0x00000000      0xfd0
 *(.debug_aranges)
 .debug_aranges
                0x00000000       0x98 C:\Users\USER\AppData\Local\arduino\sketches\66E6BAE8AF97D4AF4DAABE37DD4C896D\sketch\Lavadora.ino.cpp.o
 .debug_aranges
                0x00000098       0xa8 C:\Users\USER\AppData\Local\arduino\sketches\66E6BAE8AF97D4AF4DAABE37DD4C896D\sketch\SevSeg.cpp.o
 .debug_aranges
                0x00000140       0x28 C:\Users\USER\AppData\Local\arduino\sketches\66E6BAE8AF97D4AF4DAABE37DD4C896D\core\board.cpp.o
 .debug_aranges
                0x00000168       0x40 C:\Users\USER\AppData\Local\arduino\sketches\66E6BAE8AF97D4AF4DAABE37DD4C896D\core\wirish\boards.cpp.o
 .debug_aranges
                0x000001a8       0x40 C:\Users\USER\AppData\Local\arduino\sketches\66E6BAE8AF97D4AF4DAABE37DD4C896D\core\wirish\boards_setup.cpp.o
 .debug_aranges
                0x000001e8       0x20 C:\Users\USER\AppData\Local\arduino\sketches\66E6BAE8AF97D4AF4DAABE37DD4C896D\core\wirish\start.S.o
 .debug_aranges
                0x00000208       0x20 C:\Users\USER\AppData\Local\arduino\sketches\66E6BAE8AF97D4AF4DAABE37DD4C896D\core\wirish\start_c.c.o
 .debug_aranges
                0x00000228       0x88 C:\Users\USER\AppData\Local\arduino\sketches\66E6BAE8AF97D4AF4DAABE37DD4C896D\core\wirish\syscalls.c.o
 .debug_aranges
                0x000002b0       0x70 C:\Users\USER\AppData\Local\arduino\cores\7bf7b0ebd1cd5824297d9ecc843c1978\core.a(HardwareSerial.cpp.o)
 .debug_aranges
                0x00000320      0x110 C:\Users\USER\AppData\Local\arduino\cores\7bf7b0ebd1cd5824297d9ecc843c1978\core.a(Print.cpp.o)
 .debug_aranges
                0x00000430       0x28 C:\Users\USER\AppData\Local\arduino\cores\7bf7b0ebd1cd5824297d9ecc843c1978\core.a(cxxabi-compat.cpp.o)
 .debug_aranges
                0x00000458       0x38 C:\Users\USER\AppData\Local\arduino\cores\7bf7b0ebd1cd5824297d9ecc843c1978\core.a(adc.c.o)
 .debug_aranges
                0x00000490       0x58 C:\Users\USER\AppData\Local\arduino\cores\7bf7b0ebd1cd5824297d9ecc843c1978\core.a(adc_f1.c.o)
 .debug_aranges
                0x000004e8       0xb0 C:\Users\USER\AppData\Local\arduino\cores\7bf7b0ebd1cd5824297d9ecc843c1978\core.a(dma_f1.c.o)
 .debug_aranges
                0x00000598       0x20 C:\Users\USER\AppData\Local\arduino\cores\7bf7b0ebd1cd5824297d9ecc843c1978\core.a(exc.S.o)
 .debug_aranges
                0x000005b8       0x80 C:\Users\USER\AppData\Local\arduino\cores\7bf7b0ebd1cd5824297d9ecc843c1978\core.a(exti.c.o)
 .debug_aranges
                0x00000638       0x20 C:\Users\USER\AppData\Local\arduino\cores\7bf7b0ebd1cd5824297d9ecc843c1978\core.a(exti_f1.c.o)
 .debug_aranges
                0x00000658       0x20 C:\Users\USER\AppData\Local\arduino\cores\7bf7b0ebd1cd5824297d9ecc843c1978\core.a(flash.c.o)
 .debug_aranges
                0x00000678       0x48 C:\Users\USER\AppData\Local\arduino\cores\7bf7b0ebd1cd5824297d9ecc843c1978\core.a(gpio_f1.c.o)
 .debug_aranges
                0x000006c0       0x50 C:\Users\USER\AppData\Local\arduino\cores\7bf7b0ebd1cd5824297d9ecc843c1978\core.a(i2c_f1.c.o)
 .debug_aranges
                0x00000710       0x38 C:\Users\USER\AppData\Local\arduino\cores\7bf7b0ebd1cd5824297d9ecc843c1978\core.a(nvic.c.o)
 .debug_aranges
                0x00000748       0x48 C:\Users\USER\AppData\Local\arduino\cores\7bf7b0ebd1cd5824297d9ecc843c1978\core.a(rcc.c.o)
 .debug_aranges
                0x00000790       0x48 C:\Users\USER\AppData\Local\arduino\cores\7bf7b0ebd1cd5824297d9ecc843c1978\core.a(rcc_f1.c.o)
 .debug_aranges
                0x000007d8       0x20 C:\Users\USER\AppData\Local\arduino\cores\7bf7b0ebd1cd5824297d9ecc843c1978\core.a(isrs.S.o)
 .debug_aranges
                0x000007f8       0x40 C:\Users\USER\AppData\Local\arduino\cores\7bf7b0ebd1cd5824297d9ecc843c1978\core.a(systick.c.o)
 .debug_aranges
                0x00000838       0xb0 C:\Users\USER\AppData\Local\arduino\cores\7bf7b0ebd1cd5824297d9ecc843c1978\core.a(timer.c.o)
 .debug_aranges
                0x000008e8       0x48 C:\Users\USER\AppData\Local\arduino\cores\7bf7b0ebd1cd5824297d9ecc843c1978\core.a(usart.c.o)
 .debug_aranges
                0x00000930       0x50 C:\Users\USER\AppData\Local\arduino\cores\7bf7b0ebd1cd5824297d9ecc843c1978\core.a(usart_f1.c.o)
 .debug_aranges
                0x00000980       0x20 C:\Users\USER\AppData\Local\arduino\cores\7bf7b0ebd1cd5824297d9ecc843c1978\core.a(usart_private.c.o)
 .debug_aranges
                0x000009a0       0x38 C:\Users\USER\AppData\Local\arduino\cores\7bf7b0ebd1cd5824297d9ecc843c1978\core.a(usb.c.o)
 .debug_aranges
                0x000009d8      0x128 C:\Users\USER\AppData\Local\arduino\cores\7bf7b0ebd1cd5824297d9ecc843c1978\core.a(usb_cdcacm.c.o)
 .debug_aranges
                0x00000b00       0x20 C:\Users\USER\AppData\Local\arduino\cores\7bf7b0ebd1cd5824297d9ecc843c1978\core.a(usb_reg_map.c.o)
 .debug_aranges
                0x00000b20       0x98 C:\Users\USER\AppData\Local\arduino\cores\7bf7b0ebd1cd5824297d9ecc843c1978\core.a(usb_core.c.o)
 .debug_aranges
                0x00000bb8       0x20 C:\Users\USER\AppData\Local\arduino\cores\7bf7b0ebd1cd5824297d9ecc843c1978\core.a(usb_init.c.o)
 .debug_aranges
                0x00000bd8       0x28 C:\Users\USER\AppData\Local\arduino\cores\7bf7b0ebd1cd5824297d9ecc843c1978\core.a(usb_mem.c.o)
 .debug_aranges
                0x00000c00      0x1f0 C:\Users\USER\AppData\Local\arduino\cores\7bf7b0ebd1cd5824297d9ecc843c1978\core.a(usb_regs.c.o)
 .debug_aranges
                0x00000df0       0x50 C:\Users\USER\AppData\Local\arduino\cores\7bf7b0ebd1cd5824297d9ecc843c1978\core.a(util.c.o)
 .debug_aranges
                0x00000e40       0x28 C:\Users\USER\AppData\Local\arduino\cores\7bf7b0ebd1cd5824297d9ecc843c1978\core.a(main.cpp.o)
 .debug_aranges
                0x00000e68       0x20 C:\Users\USER\AppData\Local\arduino\cores\7bf7b0ebd1cd5824297d9ecc843c1978\core.a(wirish_digital_f1.cpp.o)
 .debug_aranges
                0x00000e88       0x28 C:\Users\USER\AppData\Local\arduino\cores\7bf7b0ebd1cd5824297d9ecc843c1978\core.a(wirish_digital.cpp.o)
 .debug_aranges
                0x00000eb0       0x30 C:\Users\USER\AppData\Local\arduino\cores\7bf7b0ebd1cd5824297d9ecc843c1978\core.a(wirish_time.cpp.o)
 .debug_aranges
                0x00000ee0       0x20 C:\Users\USER\AppData\Local\arduino\cores\7bf7b0ebd1cd5824297d9ecc843c1978\core.a(hooks.c.o)
 .debug_aranges
                0x00000f00       0x28 C:\Users\USER\AppData\Local\arduino\cores\7bf7b0ebd1cd5824297d9ecc843c1978\core.a(dma.c.o)
 .debug_aranges
                0x00000f28       0x20 C:\Users\USER\AppData\Local\arduino\cores\7bf7b0ebd1cd5824297d9ecc843c1978\core.a(gpio.c.o)
 .debug_aranges
                0x00000f48       0x88 C:\Users\USER\AppData\Local\arduino\cores\7bf7b0ebd1cd5824297d9ecc843c1978\core.a(i2c.c.o)

.debug_pubnames
 *(.debug_pubnames)

.debug_info     0x00000000    0x1f6cd
 *(.debug_info .gnu.linkonce.wi.*)
 .debug_info    0x00000000     0x1d4a C:\Users\USER\AppData\Local\arduino\sketches\66E6BAE8AF97D4AF4DAABE37DD4C896D\sketch\Lavadora.ino.cpp.o
 .debug_info    0x00001d4a     0x11a9 C:\Users\USER\AppData\Local\arduino\sketches\66E6BAE8AF97D4AF4DAABE37DD4C896D\sketch\SevSeg.cpp.o
 .debug_info    0x00002ef3     0x1170 C:\Users\USER\AppData\Local\arduino\sketches\66E6BAE8AF97D4AF4DAABE37DD4C896D\core\board.cpp.o
 .debug_info    0x00004063     0x1409 C:\Users\USER\AppData\Local\arduino\sketches\66E6BAE8AF97D4AF4DAABE37DD4C896D\core\wirish\boards.cpp.o
 .debug_info    0x0000546c      0x61e C:\Users\USER\AppData\Local\arduino\sketches\66E6BAE8AF97D4AF4DAABE37DD4C896D\core\wirish\boards_setup.cpp.o
 .debug_info    0x00005a8a       0xd4 C:\Users\USER\AppData\Local\arduino\sketches\66E6BAE8AF97D4AF4DAABE37DD4C896D\core\wirish\start.S.o
 .debug_info    0x00005b5e      0x176 C:\Users\USER\AppData\Local\arduino\sketches\66E6BAE8AF97D4AF4DAABE37DD4C896D\core\wirish\start_c.c.o
 .debug_info    0x00005cd4      0x5cd C:\Users\USER\AppData\Local\arduino\sketches\66E6BAE8AF97D4AF4DAABE37DD4C896D\core\wirish\syscalls.c.o
 .debug_info    0x000062a1     0x29ea C:\Users\USER\AppData\Local\arduino\cores\7bf7b0ebd1cd5824297d9ecc843c1978\core.a(HardwareSerial.cpp.o)
 .debug_info    0x00008c8b     0x258c C:\Users\USER\AppData\Local\arduino\cores\7bf7b0ebd1cd5824297d9ecc843c1978\core.a(Print.cpp.o)
 .debug_info    0x0000b217      0x526 C:\Users\USER\AppData\Local\arduino\cores\7bf7b0ebd1cd5824297d9ecc843c1978\core.a(cxxabi-compat.cpp.o)
 .debug_info    0x0000b73d      0x79a C:\Users\USER\AppData\Local\arduino\cores\7bf7b0ebd1cd5824297d9ecc843c1978\core.a(adc.c.o)
 .debug_info    0x0000bed7      0xe4a C:\Users\USER\AppData\Local\arduino\cores\7bf7b0ebd1cd5824297d9ecc843c1978\core.a(adc_f1.c.o)
 .debug_info    0x0000cd21     0x18b1 C:\Users\USER\AppData\Local\arduino\cores\7bf7b0ebd1cd5824297d9ecc843c1978\core.a(dma_f1.c.o)
 .debug_info    0x0000e5d2       0xc9 C:\Users\USER\AppData\Local\arduino\cores\7bf7b0ebd1cd5824297d9ecc843c1978\core.a(exc.S.o)
 .debug_info    0x0000e69b      0xd3c C:\Users\USER\AppData\Local\arduino\cores\7bf7b0ebd1cd5824297d9ecc843c1978\core.a(exti.c.o)
 .debug_info    0x0000f3d7      0x213 C:\Users\USER\AppData\Local\arduino\cores\7bf7b0ebd1cd5824297d9ecc843c1978\core.a(exti_f1.c.o)
 .debug_info    0x0000f5ea      0x128 C:\Users\USER\AppData\Local\arduino\cores\7bf7b0ebd1cd5824297d9ecc843c1978\core.a(flash.c.o)
 .debug_info    0x0000f712      0x715 C:\Users\USER\AppData\Local\arduino\cores\7bf7b0ebd1cd5824297d9ecc843c1978\core.a(gpio_f1.c.o)
 .debug_info    0x0000fe27      0xc25 C:\Users\USER\AppData\Local\arduino\cores\7bf7b0ebd1cd5824297d9ecc843c1978\core.a(i2c_f1.c.o)
 .debug_info    0x00010a4c      0x5a2 C:\Users\USER\AppData\Local\arduino\cores\7bf7b0ebd1cd5824297d9ecc843c1978\core.a(nvic.c.o)
 .debug_info    0x00010fee      0x556 C:\Users\USER\AppData\Local\arduino\cores\7bf7b0ebd1cd5824297d9ecc843c1978\core.a(rcc.c.o)
 .debug_info    0x00011544      0xb64 C:\Users\USER\AppData\Local\arduino\cores\7bf7b0ebd1cd5824297d9ecc843c1978\core.a(rcc_f1.c.o)
 .debug_info    0x000120a8       0xde C:\Users\USER\AppData\Local\arduino\cores\7bf7b0ebd1cd5824297d9ecc843c1978\core.a(isrs.S.o)
 .debug_info    0x00012186      0x182 C:\Users\USER\AppData\Local\arduino\cores\7bf7b0ebd1cd5824297d9ecc843c1978\core.a(systick.c.o)
 .debug_info    0x00012308     0x197d C:\Users\USER\AppData\Local\arduino\cores\7bf7b0ebd1cd5824297d9ecc843c1978\core.a(timer.c.o)
 .debug_info    0x00013c85      0xc32 C:\Users\USER\AppData\Local\arduino\cores\7bf7b0ebd1cd5824297d9ecc843c1978\core.a(usart.c.o)
 .debug_info    0x000148b7      0xb89 C:\Users\USER\AppData\Local\arduino\cores\7bf7b0ebd1cd5824297d9ecc843c1978\core.a(usart_f1.c.o)
 .debug_info    0x00015440      0x595 C:\Users\USER\AppData\Local\arduino\cores\7bf7b0ebd1cd5824297d9ecc843c1978\core.a(usart_private.c.o)
 .debug_info    0x000159d5      0xd16 C:\Users\USER\AppData\Local\arduino\cores\7bf7b0ebd1cd5824297d9ecc843c1978\core.a(usb.c.o)
 .debug_info    0x000166eb     0x22d2 C:\Users\USER\AppData\Local\arduino\cores\7bf7b0ebd1cd5824297d9ecc843c1978\core.a(usb_cdcacm.c.o)
 .debug_info    0x000189bd      0x26c C:\Users\USER\AppData\Local\arduino\cores\7bf7b0ebd1cd5824297d9ecc843c1978\core.a(usb_reg_map.c.o)
 .debug_info    0x00018c29      0xddf C:\Users\USER\AppData\Local\arduino\cores\7bf7b0ebd1cd5824297d9ecc843c1978\core.a(usb_core.c.o)
 .debug_info    0x00019a08      0x3ed C:\Users\USER\AppData\Local\arduino\cores\7bf7b0ebd1cd5824297d9ecc843c1978\core.a(usb_init.c.o)
 .debug_info    0x00019df5      0x183 C:\Users\USER\AppData\Local\arduino\cores\7bf7b0ebd1cd5824297d9ecc843c1978\core.a(usb_mem.c.o)
 .debug_info    0x00019f78      0xc88 C:\Users\USER\AppData\Local\arduino\cores\7bf7b0ebd1cd5824297d9ecc843c1978\core.a(usb_regs.c.o)
 .debug_info    0x0001ac00      0xad2 C:\Users\USER\AppData\Local\arduino\cores\7bf7b0ebd1cd5824297d9ecc843c1978\core.a(util.c.o)
 .debug_info    0x0001b6d2       0x99 C:\Users\USER\AppData\Local\arduino\cores\7bf7b0ebd1cd5824297d9ecc843c1978\core.a(main.cpp.o)
 .debug_info    0x0001b76b      0xc8a C:\Users\USER\AppData\Local\arduino\cores\7bf7b0ebd1cd5824297d9ecc843c1978\core.a(wirish_digital_f1.cpp.o)
 .debug_info    0x0001c3f5      0xb0b C:\Users\USER\AppData\Local\arduino\cores\7bf7b0ebd1cd5824297d9ecc843c1978\core.a(wirish_digital.cpp.o)
 .debug_info    0x0001cf00      0x2be C:\Users\USER\AppData\Local\arduino\cores\7bf7b0ebd1cd5824297d9ecc843c1978\core.a(wirish_time.cpp.o)
 .debug_info    0x0001d1be       0x33 C:\Users\USER\AppData\Local\arduino\cores\7bf7b0ebd1cd5824297d9ecc843c1978\core.a(hooks.c.o)
 .debug_info    0x0001d1f1      0x6f7 C:\Users\USER\AppData\Local\arduino\cores\7bf7b0ebd1cd5824297d9ecc843c1978\core.a(dma.c.o)
 .debug_info    0x0001d8e8      0x313 C:\Users\USER\AppData\Local\arduino\cores\7bf7b0ebd1cd5824297d9ecc843c1978\core.a(gpio.c.o)
 .debug_info    0x0001dbfb     0x1ad2 C:\Users\USER\AppData\Local\arduino\cores\7bf7b0ebd1cd5824297d9ecc843c1978\core.a(i2c.c.o)

.debug_abbrev   0x00000000     0x607b
 *(.debug_abbrev)
 .debug_abbrev  0x00000000      0x3a6 C:\Users\USER\AppData\Local\arduino\sketches\66E6BAE8AF97D4AF4DAABE37DD4C896D\sketch\Lavadora.ino.cpp.o
 .debug_abbrev  0x000003a6      0x450 C:\Users\USER\AppData\Local\arduino\sketches\66E6BAE8AF97D4AF4DAABE37DD4C896D\sketch\SevSeg.cpp.o
 .debug_abbrev  0x000007f6      0x275 C:\Users\USER\AppData\Local\arduino\sketches\66E6BAE8AF97D4AF4DAABE37DD4C896D\core\board.cpp.o
 .debug_abbrev  0x00000a6b      0x3dd C:\Users\USER\AppData\Local\arduino\sketches\66E6BAE8AF97D4AF4DAABE37DD4C896D\core\wirish\boards.cpp.o
 .debug_abbrev  0x00000e48      0x196 C:\Users\USER\AppData\Local\arduino\sketches\66E6BAE8AF97D4AF4DAABE37DD4C896D\core\wirish\boards_setup.cpp.o
 .debug_abbrev  0x00000fde       0x14 C:\Users\USER\AppData\Local\arduino\sketches\66E6BAE8AF97D4AF4DAABE37DD4C896D\core\wirish\start.S.o
 .debug_abbrev  0x00000ff2      0x11f C:\Users\USER\AppData\Local\arduino\sketches\66E6BAE8AF97D4AF4DAABE37DD4C896D\core\wirish\start_c.c.o
 .debug_abbrev  0x00001111      0x17e C:\Users\USER\AppData\Local\arduino\sketches\66E6BAE8AF97D4AF4DAABE37DD4C896D\core\wirish\syscalls.c.o
 .debug_abbrev  0x0000128f      0x535 C:\Users\USER\AppData\Local\arduino\cores\7bf7b0ebd1cd5824297d9ecc843c1978\core.a(HardwareSerial.cpp.o)
 .debug_abbrev  0x000017c4      0x414 C:\Users\USER\AppData\Local\arduino\cores\7bf7b0ebd1cd5824297d9ecc843c1978\core.a(Print.cpp.o)
 .debug_abbrev  0x00001bd8      0x163 C:\Users\USER\AppData\Local\arduino\cores\7bf7b0ebd1cd5824297d9ecc843c1978\core.a(cxxabi-compat.cpp.o)
 .debug_abbrev  0x00001d3b      0x20b C:\Users\USER\AppData\Local\arduino\cores\7bf7b0ebd1cd5824297d9ecc843c1978\core.a(adc.c.o)
 .debug_abbrev  0x00001f46      0x2e6 C:\Users\USER\AppData\Local\arduino\cores\7bf7b0ebd1cd5824297d9ecc843c1978\core.a(adc_f1.c.o)
 .debug_abbrev  0x0000222c      0x3e9 C:\Users\USER\AppData\Local\arduino\cores\7bf7b0ebd1cd5824297d9ecc843c1978\core.a(dma_f1.c.o)
 .debug_abbrev  0x00002615       0x14 C:\Users\USER\AppData\Local\arduino\cores\7bf7b0ebd1cd5824297d9ecc843c1978\core.a(exc.S.o)
 .debug_abbrev  0x00002629      0x286 C:\Users\USER\AppData\Local\arduino\cores\7bf7b0ebd1cd5824297d9ecc843c1978\core.a(exti.c.o)
 .debug_abbrev  0x000028af       0xdb C:\Users\USER\AppData\Local\arduino\cores\7bf7b0ebd1cd5824297d9ecc843c1978\core.a(exti_f1.c.o)
 .debug_abbrev  0x0000298a       0x9f C:\Users\USER\AppData\Local\arduino\cores\7bf7b0ebd1cd5824297d9ecc843c1978\core.a(flash.c.o)
 .debug_abbrev  0x00002a29      0x191 C:\Users\USER\AppData\Local\arduino\cores\7bf7b0ebd1cd5824297d9ecc843c1978\core.a(gpio_f1.c.o)
 .debug_abbrev  0x00002bba      0x20b C:\Users\USER\AppData\Local\arduino\cores\7bf7b0ebd1cd5824297d9ecc843c1978\core.a(i2c_f1.c.o)
 .debug_abbrev  0x00002dc5      0x1ac C:\Users\USER\AppData\Local\arduino\cores\7bf7b0ebd1cd5824297d9ecc843c1978\core.a(nvic.c.o)
 .debug_abbrev  0x00002f71      0x17f C:\Users\USER\AppData\Local\arduino\cores\7bf7b0ebd1cd5824297d9ecc843c1978\core.a(rcc.c.o)
 .debug_abbrev  0x000030f0      0x28c C:\Users\USER\AppData\Local\arduino\cores\7bf7b0ebd1cd5824297d9ecc843c1978\core.a(rcc_f1.c.o)
 .debug_abbrev  0x0000337c       0x14 C:\Users\USER\AppData\Local\arduino\cores\7bf7b0ebd1cd5824297d9ecc843c1978\core.a(isrs.S.o)
 .debug_abbrev  0x00003390      0x10f C:\Users\USER\AppData\Local\arduino\cores\7bf7b0ebd1cd5824297d9ecc843c1978\core.a(systick.c.o)
 .debug_abbrev  0x0000349f      0x4c8 C:\Users\USER\AppData\Local\arduino\cores\7bf7b0ebd1cd5824297d9ecc843c1978\core.a(timer.c.o)
 .debug_abbrev  0x00003967      0x2ff C:\Users\USER\AppData\Local\arduino\cores\7bf7b0ebd1cd5824297d9ecc843c1978\core.a(usart.c.o)
 .debug_abbrev  0x00003c66      0x2ad C:\Users\USER\AppData\Local\arduino\cores\7bf7b0ebd1cd5824297d9ecc843c1978\core.a(usart_f1.c.o)
 .debug_abbrev  0x00003f13      0x144 C:\Users\USER\AppData\Local\arduino\cores\7bf7b0ebd1cd5824297d9ecc843c1978\core.a(usart_private.c.o)
 .debug_abbrev  0x00004057      0x352 C:\Users\USER\AppData\Local\arduino\cores\7bf7b0ebd1cd5824297d9ecc843c1978\core.a(usb.c.o)
 .debug_abbrev  0x000043a9      0x47d C:\Users\USER\AppData\Local\arduino\cores\7bf7b0ebd1cd5824297d9ecc843c1978\core.a(usb_cdcacm.c.o)
 .debug_abbrev  0x00004826      0x193 C:\Users\USER\AppData\Local\arduino\cores\7bf7b0ebd1cd5824297d9ecc843c1978\core.a(usb_reg_map.c.o)
 .debug_abbrev  0x000049b9      0x3a6 C:\Users\USER\AppData\Local\arduino\cores\7bf7b0ebd1cd5824297d9ecc843c1978\core.a(usb_core.c.o)
 .debug_abbrev  0x00004d5f      0x101 C:\Users\USER\AppData\Local\arduino\cores\7bf7b0ebd1cd5824297d9ecc843c1978\core.a(usb_init.c.o)
 .debug_abbrev  0x00004e60       0xa6 C:\Users\USER\AppData\Local\arduino\cores\7bf7b0ebd1cd5824297d9ecc843c1978\core.a(usb_mem.c.o)
 .debug_abbrev  0x00004f06      0x1f3 C:\Users\USER\AppData\Local\arduino\cores\7bf7b0ebd1cd5824297d9ecc843c1978\core.a(usb_regs.c.o)
 .debug_abbrev  0x000050f9      0x2cb C:\Users\USER\AppData\Local\arduino\cores\7bf7b0ebd1cd5824297d9ecc843c1978\core.a(util.c.o)
 .debug_abbrev  0x000053c4       0x7b C:\Users\USER\AppData\Local\arduino\cores\7bf7b0ebd1cd5824297d9ecc843c1978\core.a(main.cpp.o)
 .debug_abbrev  0x0000543f      0x240 C:\Users\USER\AppData\Local\arduino\cores\7bf7b0ebd1cd5824297d9ecc843c1978\core.a(wirish_digital_f1.cpp.o)
 .debug_abbrev  0x0000567f      0x17e C:\Users\USER\AppData\Local\arduino\cores\7bf7b0ebd1cd5824297d9ecc843c1978\core.a(wirish_digital.cpp.o)
 .debug_abbrev  0x000057fd      0x196 C:\Users\USER\AppData\Local\arduino\cores\7bf7b0ebd1cd5824297d9ecc843c1978\core.a(wirish_time.cpp.o)
 .debug_abbrev  0x00005993       0x26 C:\Users\USER\AppData\Local\arduino\cores\7bf7b0ebd1cd5824297d9ecc843c1978\core.a(hooks.c.o)
 .debug_abbrev  0x000059b9      0x182 C:\Users\USER\AppData\Local\arduino\cores\7bf7b0ebd1cd5824297d9ecc843c1978\core.a(dma.c.o)
 .debug_abbrev  0x00005b3b      0x113 C:\Users\USER\AppData\Local\arduino\cores\7bf7b0ebd1cd5824297d9ecc843c1978\core.a(gpio.c.o)
 .debug_abbrev  0x00005c4e      0x42d C:\Users\USER\AppData\Local\arduino\cores\7bf7b0ebd1cd5824297d9ecc843c1978\core.a(i2c.c.o)

.debug_line     0x00000000     0xa99b
 *(.debug_line)
 .debug_line    0x00000000      0x6a0 C:\Users\USER\AppData\Local\arduino\sketches\66E6BAE8AF97D4AF4DAABE37DD4C896D\sketch\Lavadora.ino.cpp.o
 .debug_line    0x000006a0      0x687 C:\Users\USER\AppData\Local\arduino\sketches\66E6BAE8AF97D4AF4DAABE37DD4C896D\sketch\SevSeg.cpp.o
 .debug_line    0x00000d27      0x462 C:\Users\USER\AppData\Local\arduino\sketches\66E6BAE8AF97D4AF4DAABE37DD4C896D\core\board.cpp.o
 .debug_line    0x00001189      0x4c1 C:\Users\USER\AppData\Local\arduino\sketches\66E6BAE8AF97D4AF4DAABE37DD4C896D\core\wirish\boards.cpp.o
 .debug_line    0x0000164a      0x3b4 C:\Users\USER\AppData\Local\arduino\sketches\66E6BAE8AF97D4AF4DAABE37DD4C896D\core\wirish\boards_setup.cpp.o
 .debug_line    0x000019fe       0xaf C:\Users\USER\AppData\Local\arduino\sketches\66E6BAE8AF97D4AF4DAABE37DD4C896D\core\wirish\start.S.o
 .debug_line    0x00001aad       0xc0 C:\Users\USER\AppData\Local\arduino\sketches\66E6BAE8AF97D4AF4DAABE37DD4C896D\core\wirish\start_c.c.o
 .debug_line    0x00001b6d      0x303 C:\Users\USER\AppData\Local\arduino\sketches\66E6BAE8AF97D4AF4DAABE37DD4C896D\core\wirish\syscalls.c.o
 .debug_line    0x00001e70      0x557 C:\Users\USER\AppData\Local\arduino\cores\7bf7b0ebd1cd5824297d9ecc843c1978\core.a(HardwareSerial.cpp.o)
 .debug_line    0x000023c7      0x5c5 C:\Users\USER\AppData\Local\arduino\cores\7bf7b0ebd1cd5824297d9ecc843c1978\core.a(Print.cpp.o)
 .debug_line    0x0000298c      0x269 C:\Users\USER\AppData\Local\arduino\cores\7bf7b0ebd1cd5824297d9ecc843c1978\core.a(cxxabi-compat.cpp.o)
 .debug_line    0x00002bf5      0x340 C:\Users\USER\AppData\Local\arduino\cores\7bf7b0ebd1cd5824297d9ecc843c1978\core.a(adc.c.o)
 .debug_line    0x00002f35      0x3ec C:\Users\USER\AppData\Local\arduino\cores\7bf7b0ebd1cd5824297d9ecc843c1978\core.a(adc_f1.c.o)
 .debug_line    0x00003321      0x671 C:\Users\USER\AppData\Local\arduino\cores\7bf7b0ebd1cd5824297d9ecc843c1978\core.a(dma_f1.c.o)
 .debug_line    0x00003992       0xb7 C:\Users\USER\AppData\Local\arduino\cores\7bf7b0ebd1cd5824297d9ecc843c1978\core.a(exc.S.o)
 .debug_line    0x00003a49      0x419 C:\Users\USER\AppData\Local\arduino\cores\7bf7b0ebd1cd5824297d9ecc843c1978\core.a(exti.c.o)
 .debug_line    0x00003e62      0x342 C:\Users\USER\AppData\Local\arduino\cores\7bf7b0ebd1cd5824297d9ecc843c1978\core.a(exti_f1.c.o)
 .debug_line    0x000041a4      0x2c2 C:\Users\USER\AppData\Local\arduino\cores\7bf7b0ebd1cd5824297d9ecc843c1978\core.a(flash.c.o)
 .debug_line    0x00004466      0x36b C:\Users\USER\AppData\Local\arduino\cores\7bf7b0ebd1cd5824297d9ecc843c1978\core.a(gpio_f1.c.o)