Archive member included because of file (symbol)

C:\Users\USER\AppData\Local\arduino\cores\7bf7b0ebd1cd5824297d9ecc843c1978\core.a(HardwareSerial.cpp.o)
                              C:\Users\USER\AppData\Local\arduino\sketches\452188ACB23955C2F3838071FEF76B93\core\board.cpp.o (HardwareSerial::HardwareSerial(usart_dev*, unsigned char, unsigned char))
C:\Users\USER\AppData\Local\arduino\cores\7bf7b0ebd1cd5824297d9ecc843c1978\core.a(Print.cpp.o)
                              C:\Users\USER\AppData\Local\arduino\cores\7bf7b0ebd1cd5824297d9ecc843c1978\core.a(HardwareSerial.cpp.o) (Print::write(void const*, unsigned long))
C:\Users\USER\AppData\Local\arduino\cores\7bf7b0ebd1cd5824297d9ecc843c1978\core.a(cxxabi-compat.cpp.o)
                              C:\Users\USER\AppData\Local\arduino\cores\7bf7b0ebd1cd5824297d9ecc843c1978\core.a(HardwareSerial.cpp.o) (__cxa_pure_virtual)
C:\Users\USER\AppData\Local\arduino\cores\7bf7b0ebd1cd5824297d9ecc843c1978\core.a(adc.c.o)
                              C:\Users\USER\AppData\Local\arduino\sketches\452188ACB23955C2F3838071FEF76B93\core\wirish\boards.cpp.o (adc_set_sample_rate)
C:\Users\USER\AppData\Local\arduino\cores\7bf7b0ebd1cd5824297d9ecc843c1978\core.a(adc_f1.c.o)
                              (__irq_adc)
C:\Users\USER\AppData\Local\arduino\cores\7bf7b0ebd1cd5824297d9ecc843c1978\core.a(dma_f1.c.o)
                              (__irq_dma1_channel1)
C:\Users\USER\AppData\Local\arduino\cores\7bf7b0ebd1cd5824297d9ecc843c1978\core.a(exc.S.o)
                              (__exc_nmi)
C:\Users\USER\AppData\Local\arduino\cores\7bf7b0ebd1cd5824297d9ecc843c1978\core.a(exti.c.o)
                              (__irq_exti0)
C:\Users\USER\AppData\Local\arduino\cores\7bf7b0ebd1cd5824297d9ecc843c1978\core.a(exti_f1.c.o)
                              C:\Users\USER\AppData\Local\arduino\cores\7bf7b0ebd1cd5824297d9ecc843c1978\core.a(exti.c.o) (exti_select)
C:\Users\USER\AppData\Local\arduino\cores\7bf7b0ebd1cd5824297d9ecc843c1978\core.a(flash.c.o)
                              C:\Users\USER\AppData\Local\arduino\sketches\452188ACB23955C2F3838071FEF76B93\core\wirish\boards.cpp.o (flash_set_latency)
C:\Users\USER\AppData\Local\arduino\cores\7bf7b0ebd1cd5824297d9ecc843c1978\core.a(gpio_f1.c.o)
                              C:\Users\USER\AppData\Local\arduino\sketches\452188ACB23955C2F3838071FEF76B93\core\wirish\boards_setup.cpp.o (gpio_init_all)
C:\Users\USER\AppData\Local\arduino\cores\7bf7b0ebd1cd5824297d9ecc843c1978\core.a(i2c_f1.c.o)
                              (__irq_i2c1_ev)
C:\Users\USER\AppData\Local\arduino\cores\7bf7b0ebd1cd5824297d9ecc843c1978\core.a(nvic.c.o)
                              C:\Users\USER\AppData\Local\arduino\cores\7bf7b0ebd1cd5824297d9ecc843c1978\core.a(i2c_f1.c.o) (nvic_irq_set_priority)
C:\Users\USER\AppData\Local\arduino\cores\7bf7b0ebd1cd5824297d9ecc843c1978\core.a(rcc.c.o)
                              C:\Users\USER\AppData\Local\arduino\sketches\452188ACB23955C2F3838071FEF76B93\core\wirish\boards.cpp.o (rcc_switch_sysclk)
C:\Users\USER\AppData\Local\arduino\cores\7bf7b0ebd1cd5824297d9ecc843c1978\core.a(rcc_f1.c.o)
                              C:\Users\USER\AppData\Local\arduino\sketches\452188ACB23955C2F3838071FEF76B93\core\wirish\boards.cpp.o (rcc_configure_pll)
C:\Users\USER\AppData\Local\arduino\cores\7bf7b0ebd1cd5824297d9ecc843c1978\core.a(isrs.S.o)
                              (__stm32reservedexception7)
C:\Users\USER\AppData\Local\arduino\cores\7bf7b0ebd1cd5824297d9ecc843c1978\core.a(vector_table.S.o)
                              (__stm32_vector_table)
C:\Users\USER\AppData\Local\arduino\cores\7bf7b0ebd1cd5824297d9ecc843c1978\core.a(systick.c.o)
                              C:\Users\USER\AppData\Local\arduino\sketches\452188ACB23955C2F3838071FEF76B93\core\wirish\boards.cpp.o (systick_init)
C:\Users\USER\AppData\Local\arduino\cores\7bf7b0ebd1cd5824297d9ecc843c1978\core.a(timer.c.o)
                              C:\Users\USER\AppData\Local\arduino\sketches\452188ACB23955C2F3838071FEF76B93\core\wirish\boards.cpp.o (timer_foreach)
C:\Users\USER\AppData\Local\arduino\cores\7bf7b0ebd1cd5824297d9ecc843c1978\core.a(usart.c.o)
                              C:\Users\USER\AppData\Local\arduino\cores\7bf7b0ebd1cd5824297d9ecc843c1978\core.a(HardwareSerial.cpp.o) (usart_init)
C:\Users\USER\AppData\Local\arduino\cores\7bf7b0ebd1cd5824297d9ecc843c1978\core.a(usart_f1.c.o)
                              C:\Users\USER\AppData\Local\arduino\cores\7bf7b0ebd1cd5824297d9ecc843c1978\core.a(HardwareSerial.cpp.o) (usart_config_gpios_async)
C:\Users\USER\AppData\Local\arduino\cores\7bf7b0ebd1cd5824297d9ecc843c1978\core.a(usart_private.c.o)
                              C:\Users\USER\AppData\Local\arduino\cores\7bf7b0ebd1cd5824297d9ecc843c1978\core.a(usart_f1.c.o) (_usart_clock_freq)
C:\Users\USER\AppData\Local\arduino\cores\7bf7b0ebd1cd5824297d9ecc843c1978\core.a(usb.c.o)
                              (__irq_usb_lp_can_rx0)
[...]
Memory Configuration

Name             Origin             Length             Attributes
ram              0x20000000         0x00005000         xrw
rom              0x08000000         0x00020000         xr
*default*        0x00000000         0xffffffff

Linker script and memory map

LOAD c:/users/user/appdata/local/arduino15/packages/arduino/tools/arm-none-eabi-gcc/4.8.3-2014q1/bin/../lib/gcc/arm-none-eabi/4.8.3/armv7-m/crti.o
LOAD c:/users/user/appdata/local/arduino15/packages/arduino/tools/arm-none-eabi-gcc/4.8.3-2014q1/bin/../lib/gcc/arm-none-eabi/4.8.3/armv7-m/crtbegin.o
LOAD c:/users/user/appdata/local/arduino15/packages/arduino/tools/arm-none-eabi-gcc/4.8.3-2014q1/bin/../lib/gcc/arm-none-eabi/4.8.3/../../../../arm-none-eabi/lib/armv7-m/crt0.o
LOAD c:/users/user/appdata/local/arduino15/packages/arduino/tools/arm-none-eabi-gcc/4.8.3-2014q1/bin/../lib/gcc/arm-none-eabi/4.8.3/armv7-m\libgcc.a
START GROUP
LOAD C:\Users\USER\AppData\Local\arduino\sketches\452188ACB23955C2F3838071FEF76B93\sketch\Lavadora.ino.cpp.o
LOAD C:\Users\USER\AppData\Local\arduino\sketches\452188ACB23955C2F3838071FEF76B93\sketch\SevSeg.cpp.o
LOAD C:\Users\USER\AppData\Local\arduino\sketches\452188ACB23955C2F3838071FEF76B93\core\board.cpp.o
LOAD C:\Users\USER\AppData\Local\arduino\sketches\452188ACB23955C2F3838071FEF76B93\core\wirish\boards.cpp.o
LOAD C:\Users\USER\AppData\Local\arduino\sketches\452188ACB23955C2F3838071FEF76B93\core\wirish\boards_setup.cpp.o
LOAD C:\Users\USER\AppData\Local\arduino\sketches\452188ACB23955C2F3838071FEF76B93\core\wirish\start.S.o
LOAD C:\Users\USER\AppData\Local\arduino\sketches\452188ACB23955C2F3838071FEF76B93\core\wirish\start_c.c.o
LOAD C:\Users\USER\AppData\Local\arduino\sketches\452188ACB23955C2F3838071FEF76B93\core\wirish\syscalls.c.o
LOAD C:\Users\USER\AppData\Local\arduino\cores\7bf7b0ebd1cd5824297d9ecc843c1978\core.a
END GROUP
LOAD c:/users/user/appdata/local/arduino15/packages/arduino/tools/arm-none-eabi-gcc/4.8.3-2014q1/bin/../lib/gcc/arm-none-eabi/4.8.3/../../../../arm-none-eabi/lib/armv7-m\libstdc++_s.a
LOAD c:/users/user/appdata/local/arduino15/packages/arduino/tools/arm-none-eabi-gcc/4.8.3-2014q1/bin/../lib/gcc/arm-none-eabi/4.8.3/../../../../arm-none-eabi/lib/armv7-m\libm.a
START GROUP
LOAD c:/users/user/appdata/local/arduino15/packages/arduino/tools/arm-none-eabi-gcc/4.8.3-2014q1/bin/../lib/gcc/arm-none-eabi/4.8.3/armv7-m\libgcc.a
LOAD c:/users/user/appdata/local/arduino15/packages/arduino/tools/arm-none-eabi-gcc/4.8.3-2014q1/bin/../lib/gcc/arm-none-eabi/4.8.3/../../../../arm-none-eabi/lib/armv7-m\libc_s.a
END GROUP
START GROUP
LOAD c:/users/user/appdata/local/arduino15/packages/arduino/tools/arm-none-eabi-gcc/4.8.3-2014q1/bin/../lib/gcc/arm-none-eabi/4.8.3/armv7-m\libgcc.a
LOAD c:/users/user/appdata/local/arduino15/packages/arduino/tools/arm-none-eabi-gcc/4.8.3-2014q1/bin/../lib/gcc/arm-none-eabi/4.8.3/../../../../arm-none-eabi/lib/armv7-m\libc_s.a
END GROUP
LOAD c:/users/user/appdata/local/arduino15/packages/arduino/tools/arm-none-eabi-gcc/4.8.3-2014q1/bin/../lib/gcc/arm-none-eabi/4.8.3/armv7-m/crtend.o
LOAD c:/users/user/appdata/local/arduino15/packages/arduino/tools/arm-none-eabi-gcc/4.8.3-2014q1/bin/../lib/gcc/arm-none-eabi/4.8.3/armv7-m/crtn.o
START GROUP
LOAD c:/users/user/appdata/local/arduino15/packages/arduino/tools/arm-none-eabi-gcc/4.8.3-2014q1/bin/../lib/gcc/arm-none-eabi/4.8.3/armv7-m\libgcc.a
LOAD c:/users/user/appdata/local/arduino15/packages/arduino/tools/arm-none-eabi-gcc/4.8.3-2014q1/bin/../lib/gcc/arm-none-eabi/4.8.3/../../../../arm-none-eabi/lib/armv7-m\libc.a
LOAD c:/users/user/appdata/local/arduino15/packages/arduino/tools/arm-none-eabi-gcc/4.8.3-2014q1/bin/../lib/gcc/arm-none-eabi/4.8.3/../../../../arm-none-eabi/lib/armv7-m\libm.a
END GROUP
START GROUP
LOAD c:/users/user/appdata/local/arduino15/packages/arduino/tools/arm-none-eabi-gcc/4.8.3-2014q1/bin/../lib/gcc/arm-none-eabi/4.8.3/../../../../arm-none-eabi/lib/armv7-m\libnosys.a
END GROUP
                0x20005000                PROVIDE (__msp_init, (ORIGIN (ram) + 0x5000))
                0x080014f8                PROVIDE (__exc_reset, __start__)

.text           0x08000000     0x3be8
                0x08000000                __text_start__ = .
 *(.stm32.interrupt_vector)
 .stm32.interrupt_vector
                0x08000000       0xec C:\Users\USER\AppData\Local\arduino\cores\7bf7b0ebd1cd5824297d9ecc843c1978\core.a(vector_table.S.o)
                0x08000000                __stm32_vector_table
 *(.text .text.* .gnu.linkonce.t.*)
 .text          0x080000ec       0x54 c:/users/user/appdata/local/arduino15/packages/arduino/tools/arm-none-eabi-gcc/4.8.3-2014q1/bin/../lib/gcc/arm-none-eabi/4.8.3/armv7-m/crtbegin.o
 .text._Z5setupv
                0x08000140      0x22c C:\Users\USER\AppData\Local\arduino\sketches\452188ACB23955C2F3838071FEF76B93\sketch\Lavadora.ino.cpp.o
                0x08000140                setup()
 .text._Z8debounceiRbRm
                0x0800036c       0x38 C:\Users\USER\AppData\Local\arduino\sketches\452188ACB23955C2F3838071FEF76B93\sketch\Lavadora.ino.cpp.o
                0x0800036c                debounce(int, bool&, unsigned long&)
 .text._Z10apagarTodov
                0x080003a4       0x8c C:\Users\USER\AppData\Local\arduino\sketches\452188ACB23955C2F3838071FEF76B93\sketch\Lavadora.ino.cpp.o
                0x080003a4                apagarTodo()
 .text._Z20manejarBotonEncenderv
                0x08000430       0x40 C:\Users\USER\AppData\Local\arduino\sketches\452188ACB23955C2F3838071FEF76B93\sketch\Lavadora.ino.cpp.o
                0x08000430                manejarBotonEncender()
 .text._Z13ajustarTiempov
                0x08000470       0x60 C:\Users\USER\AppData\Local\arduino\sketches\452188ACB23955C2F3838071FEF76B93\sketch\Lavadora.ino.cpp.o
                0x08000470                ajustarTiempo()
 .text._Z20configurarTipoLavadoi
                0x080004d0      0x158 C:\Users\USER\AppData\Local\arduino\sketches\452188ACB23955C2F3838071FEF76B93\sketch\Lavadora.ino.cpp.o
                0x080004d0                configurarTipoLavado(int)
 .text._Z22configurarCantidadRopai
                0x08000628       0xd4 C:\Users\USER\AppData\Local\arduino\sketches\452188ACB23955C2F3838071FEF76B93\sketch\Lavadora.ino.cpp.o
                0x08000628                configurarCantidadRopa(int)
 .text._Z18cambiarTemperaturav
                0x080006fc       0x98 C:\Users\USER\AppData\Local\arduino\sketches\452188ACB23955C2F3838071FEF76B93\sketch\Lavadora.ino.cpp.o
                0x080006fc                cambiarTemperatura()
 .text._Z19configurarNivelAguai
                0x08000794       0xb4 C:\Users\USER\AppData\Local\arduino\sketches\452188ACB23955C2F3838071FEF76B93\sketch\Lavadora.ino.cpp.o
                0x08000794                configurarNivelAgua(int)
 .text._Z21configurarNivelLavadoi
                0x08000848       0xc0 C:\Users\USER\AppData\Local\arduino\sketches\452188ACB23955C2F3838071FEF76B93\sketch\Lavadora.ino.cpp.o
                0x08000848                configurarNivelLavado(int)
 .text._Z18configurarEnjuaguei
                0x08000908       0xc0 C:\Users\USER\AppData\Local\arduino\sketches\452188ACB23955C2F3838071FEF76B93\sketch\Lavadora.ino.cpp.o
                0x08000908                configurarEnjuague(int)
 .text._Z22configurarCentrifugadoi
                0x080009c8       0xc0 C:\Users\USER\AppData\Local\arduino\sketches\452188ACB23955C2F3838071FEF76B93\sketch\Lavadora.ino.cpp.o
                0x080009c8                configurarCentrifugado(int)
 .text._Z14manejarBotonesv
                0x08000a88      0x218 C:\Users\USER\AppData\Local\arduino\sketches\452188ACB23955C2F3838071FEF76B93\sketch\Lavadora.ino.cpp.o
                0x08000a88                manejarBotones()
 .text._Z13mostrarTiempov
                0x08000ca0       0x34 C:\Users\USER\AppData\Local\arduino\sketches\452188ACB23955C2F3838071FEF76B93\sketch\Lavadora.ino.cpp.o
                0x08000ca0                mostrarTiempo()
 .text._Z22actualizarTemporizadorv
                0x08000cd4       0xcc C:\Users\USER\AppData\Local\arduino\sketches\452188ACB23955C2F3838071FEF76B93\sketch\Lavadora.ino.cpp.o
                0x08000cd4                actualizarTemporizador()
 .text._Z4loopv
                0x08000da0       0x4c C:\Users\USER\AppData\Local\arduino\sketches\452188ACB23955C2F3838071FEF76B93\sketch\Lavadora.ino.cpp.o
                0x08000da0                loop()
 .text.startup._GLOBAL__sub_I_sevseg
                0x08000dec        0xc C:\Users\USER\AppData\Local\arduino\sketches\452188ACB23955C2F3838071FEF76B93\sketch\Lavadora.ino.cpp.o
 .text._ZN6SevSegC2Ev
                0x08000df8       0x1a C:\Users\USER\AppData\Local\arduino\sketches\452188ACB23955C2F3838071FEF76B93\sketch\SevSeg.cpp.o
                0x08000df8                SevSeg::SevSeg()
                0x08000df8                SevSeg::SevSeg()
 .text._ZN6SevSeg9segmentOnEh
                0x08000e12       0x34 C:\Users\USER\AppData\Local\arduino\sketches\452188ACB23955C2F3838071FEF76B93\sketch\SevSeg.cpp.o
                0x08000e12                SevSeg::segmentOn(unsigned char)
 .text._ZN6SevSeg10segmentOffEh
                0x08000e46       0x2e C:\Users\USER\AppData\Local\arduino\sketches\452188ACB23955C2F3838071FEF76B93\sketch\SevSeg.cpp.o
                0x08000e46                SevSeg::segmentOff(unsigned char)
 .text._ZN6SevSeg7digitOnEh
                0x08000e74       0x30 C:\Users\USER\AppData\Local\arduino\sketches\452188ACB23955C2F3838071FEF76B93\sketch\SevSeg.cpp.o
                0x08000e74                SevSeg::digitOn(unsigned char)
 .text._ZN6SevSeg8digitOffEh
                0x08000ea4       0x2e C:\Users\USER\AppData\Local\arduino\sketches\452188ACB23955C2F3838071FEF76B93\sketch\SevSeg.cpp.o
                0x08000ea4                SevSeg::digitOff(unsigned char)
 *fill*         0x08000ed2        0x2 
 .text._ZN6SevSeg14refreshDisplayEv
                0x08000ed4      0x11c C:\Users\USER\AppData\Local\arduino\sketches\452188ACB23955C2F3838071FEF76B93\sketch\SevSeg.cpp.o
                0x08000ed4                SevSeg::refreshDisplay()
 .text._ZN6SevSeg13setBrightnessEs
                0x08000ff0       0x54 C:\Users\USER\AppData\Local\arduino\sketches\452188ACB23955C2F3838071FEF76B93\sketch\SevSeg.cpp.o
                0x08000ff0                SevSeg::setBrightness(short)
 .text._ZN6SevSeg8setCharsEPKc
                0x08001044       0xa4 C:\Users\USER\AppData\Local\arduino\sketches\452188ACB23955C2F3838071FEF76B93\sketch\SevSeg.cpp.o
                0x08001044                SevSeg::setChars(char const*)
 .text._ZN6SevSeg5blankEv
                0x080010e8       0x2c C:\Users\USER\AppData\Local\arduino\sketches\452188ACB23955C2F3838071FEF76B93\sketch\SevSeg.cpp.o
                0x080010e8                SevSeg::blank()
 .text._ZN6SevSeg5beginEhhPKhS1_bbbb
                0x08001114       0xdc C:\Users\USER\AppData\Local\arduino\sketches\452188ACB23955C2F3838071FEF76B93\sketch\SevSeg.cpp.o
                0x08001114                SevSeg::begin(unsigned char, unsigned char, unsigned char const*, unsigned char const*, bool, bool, bool, bool)
 .text._ZN6SevSeg10findDigitsElabPh
                0x080011f0       0xa4 C:\Users\USER\AppData\Local\arduino\sketches\452188ACB23955C2F3838071FEF76B93\sketch\SevSeg.cpp.o
                0x080011f0                SevSeg::findDigits(long, signed char, bool, unsigned char*)
 .text._ZN6SevSeg13setDigitCodesEPKha
                0x08001294       0x34 C:\Users\USER\AppData\Local\arduino\sketches\452188ACB23955C2F3838071FEF76B93\sketch\SevSeg.cpp.o
                0x08001294                SevSeg::setDigitCodes(unsigned char const*, signed char)
 .text._ZN6SevSeg9setNewNumElab
                0x080012c8       0x1c C:\Users\USER\AppData\Local\arduino\sketches\452188ACB23955C2F3838071FEF76B93\sketch\SevSeg.cpp.o
                0x080012c8                SevSeg::setNewNum(long, signed char, bool)
 .text._ZN6SevSeg9setNumberElab
                0x080012e4        0x4 C:\Users\USER\AppData\Local\arduino\sketches\452188ACB23955C2F3838071FEF76B93\sketch\SevSeg.cpp.o
                0x080012e4                SevSeg::setNumber(long, signed char, bool)
 .text._Z9boardInitv
                0x080012e8       0x30 C:\Users\USER\AppData\Local\arduino\sketches\452188ACB23955C2F3838071FEF76B93\core\board.cpp.o
                0x080012e8                boardInit()
 .text.startup._GLOBAL__sub_I__Z9boardInitv
                0x08001318       0x48 C:\Users\USER\AppData\Local\arduino\sketches\452188ACB23955C2F3838071FEF76B93\core\board.cpp.o
 .text._ZL18adc_default_configP7adc_dev
                0x08001360       0x1c C:\Users\USER\AppData\Local\arduino\sketches\452188ACB23955C2F3838071FEF76B93\core\wirish\boards.cpp.o
 .text._ZL20timer_default_configP9timer_dev
                0x0800137c       0x9e C:\Users\USER\AppData\Local\arduino\sketches\452188ACB23955C2F3838071FEF76B93\core\wirish\boards.cpp.o
 *fill*         0x0800141a        0x2 
 .text._Z4initv
                0x0800141c       0xa8 C:\Users\USER\AppData\Local\arduino\sketches\452188ACB23955C2F3838071FEF76B93\core\wirish\boards.cpp.o
                0x0800141c                init()
 .text._ZN6wirish4priv15board_reset_pllEv
                0x080014c4        0x2 C:\Users\USER\AppData\Local\arduino\sketches\452188ACB23955C2F3838071FEF76B93\core\wirish\boards_setup.cpp.o
                0x080014c4                wirish::priv::board_reset_pll()
 .text._ZN6wirish4priv28board_setup_clock_prescalersEv
                0x080014c6       0x26 C:\Users\USER\AppData\Local\arduino\sketches\452188ACB23955C2F3838071FEF76B93\core\wirish\boards_setup.cpp.o
                0x080014c6                wirish::priv::board_setup_clock_prescalers()
 .text._ZN6wirish4priv16board_setup_gpioEv
                0x080014ec        0x4 C:\Users\USER\AppData\Local\arduino\sketches\452188ACB23955C2F3838071FEF76B93\core\wirish\boards_setup.cpp.o
                0x080014ec                wirish::priv::board_setup_gpio()
 .text._ZN6wirish4priv15board_setup_usbEv
                0x080014f0        0x2 C:\Users\USER\AppData\Local\arduino\sketches\452188ACB23955C2F3838071FEF76B93\core\wirish\boards_setup.cpp.o
                0x080014f0                wirish::priv::board_setup_usb()
 .text._ZN6wirish4priv11series_initEv
                0x080014f2        0x4 C:\Users\USER\AppData\Local\arduino\sketches\452188ACB23955C2F3838071FEF76B93\core\wirish\boards_setup.cpp.o
                0x080014f2                wirish::priv::series_init()
 *fill*         0x080014f6        0x2 
 .text          0x080014f8       0x10 C:\Users\USER\AppData\Local\arduino\sketches\452188ACB23955C2F3838071FEF76B93\core\wirish\start.S.o
                0x080014f8                __start__
 .text.start_c  0x08001508       0x64 C:\Users\USER\AppData\Local\arduino\sketches\452188ACB23955C2F3838071FEF76B93\core\wirish\start_c.c.o
                0x08001508                start_c
 .text._exit    0x0800156c        0x2 C:\Users\USER\AppData\Local\arduino\sketches\452188ACB23955C2F3838071FEF76B93\core\wirish\syscalls.c.o
                0x0800156c                _exit
 .text.rb_full_count
                0x0800156e       0x22 C:\Users\USER\AppData\Local\arduino\cores\7bf7b0ebd1cd5824297d9ecc843c1978\core.a(HardwareSerial.cpp.o)
 .text._ZN14HardwareSerial4readEv
                0x08001590       0x3a C:\Users\USER\AppData\Local\arduino\cores\7bf7b0ebd1cd5824297d9ecc843c1978\core.a(HardwareSerial.cpp.o)
                0x08001590                HardwareSerial::read()
 .text._ZN14HardwareSerial9availableEv
                0x080015ca        0xc C:\Users\USER\AppData\Local\arduino\cores\7bf7b0ebd1cd5824297d9ecc843c1978\core.a(HardwareSerial.cpp.o)
                0x080015ca                HardwareSerial::available()
 .text._ZN14HardwareSerial4peekEv
                0x080015d6       0x22 C:\Users\USER\AppData\Local\arduino\cores\7bf7b0ebd1cd5824297d9ecc843c1978\core.a(HardwareSerial.cpp.o)
                0x080015d6                HardwareSerial::peek()
 .text._ZN14HardwareSerial5flushEv
                0x080015f8       0x1a C:\Users\USER\AppData\Local\arduino\cores\7bf7b0ebd1cd5824297d9ecc843c1978\core.a(HardwareSerial.cpp.o)
                0x080015f8                HardwareSerial::flush()
 .text._ZN14HardwareSerial5writeEh
                0x08001612       0x1e C:\Users\USER\AppData\Local\arduino\cores\7bf7b0ebd1cd5824297d9ecc843c1978\core.a(HardwareSerial.cpp.o)
                0x08001612                HardwareSerial::write(unsigned char)
 .text._ZN14HardwareSerialC2EP9usart_devhh
                0x08001630       0x1c C:\Users\USER\AppData\Local\arduino\cores\7bf7b0ebd1cd5824297d9ecc843c1978\core.a(HardwareSerial.cpp.o)
                0x08001630                HardwareSerial::HardwareSerial(usart_dev*, unsigned char, unsigned char)
                0x08001630                HardwareSerial::HardwareSerial(usart_dev*, unsigned char, unsigned char)
 .text._ZN5Print5writeEPKvm
                0x0800164c       0x20 C:\Users\USER\AppData\Local\arduino\cores\7bf7b0ebd1cd5824297d9ecc843c1978\core.a(Print.cpp.o)
                0x0800164c                Print::write(void const*, unsigned long)
 .text._ZN5Print5writeEPKc
                0x0800166c       0x1e C:\Users\USER\AppData\Local\arduino\cores\7bf7b0ebd1cd5824297d9ecc843c1978\core.a(Print.cpp.o)
                0x0800166c                Print::write(char const*)
 .text.adc_init
                0x0800168a       0x14 C:\Users\USER\AppData\Local\arduino\cores\7bf7b0ebd1cd5824297d9ecc843c1978\core.a(adc.c.o)
                0x0800168a                adc_init
 .text.adc_set_extsel
                0x0800169e       0x12 C:\Users\USER\AppData\Local\arduino\cores\7bf7b0ebd1cd5824297d9ecc843c1978\core.a(adc.c.o)
                0x0800169e                adc_set_extsel
 .text.adc_set_sample_rate
                0x080016b0       0x30 C:\Users\USER\AppData\Local\arduino\cores\7bf7b0ebd1cd5824297d9ecc843c1978\core.a(adc.c.o)
                0x080016b0                adc_set_sample_rate
 .text.__irq_adc
                0x080016e0       0x50 C:\Users\USER\AppData\Local\arduino\cores\7bf7b0ebd1cd5824297d9ecc843c1978\core.a(adc_f1.c.o)
                0x080016e0                __irq_adc
 .text.adc_calibrate
                0x08001730       0x24 C:\Users\USER\AppData\Local\arduino\cores\7bf7b0ebd1cd5824297d9ecc843c1978\core.a(adc_f1.c.o)
                0x08001730                adc_calibrate
 .text.adc_set_prescaler
                0x08001754        0x8 C:\Users\USER\AppData\Local\arduino\cores\7bf7b0ebd1cd5824297d9ecc843c1978\core.a(adc_f1.c.o)
                0x08001754                adc_set_prescaler
 .text.adc_foreach
                0x0800175c       0x1c C:\Users\USER\AppData\Local\arduino\cores\7bf7b0ebd1cd5824297d9ecc843c1978\core.a(adc_f1.c.o)
                0x0800175c                adc_foreach
 .text.adc_enable_single_swstart
                0x08001778       0x36 C:\Users\USER\AppData\Local\arduino\cores\7bf7b0ebd1cd5824297d9ecc843c1978\core.a(adc_f1.c.o)
                0x08001778                adc_enable_single_swstart
 .text.dma_irq_handler
                0x080017ae       0x1c C:\Users\USER\AppData\Local\arduino\cores\7bf7b0ebd1cd5824297d9ecc843c1978\core.a(dma_f1.c.o)
 *fill*         0x080017ca        0x2 
 .text.__irq_dma1_channel1
                0x080017cc       0x10 C:\Users\USER\AppData\Local\arduino\cores\7bf7b0ebd1cd5824297d9ecc843c1978\core.a(dma_f1.c.o)
                0x080017cc                __irq_dma1_channel1
 .text.__irq_dma1_channel2
                0x080017dc       0x10 C:\Users\USER\AppData\Local\arduino\cores\7bf7b0ebd1cd5824297d9ecc843c1978\core.a(dma_f1.c.o)
                0x080017dc                __irq_dma1_channel2
 .text.__irq_dma1_channel3
                0x080017ec       0x10 C:\Users\USER\AppData\Local\arduino\cores\7bf7b0ebd1cd5824297d9ecc843c1978\core.a(dma_f1.c.o)
                0x080017ec                __irq_dma1_channel3
 .text.__irq_dma1_channel4
                0x080017fc       0x10 C:\Users\USER\AppData\Local\arduino\cores\7bf7b0ebd1cd5824297d9ecc843c1978\core.a(dma_f1.c.o)
                0x080017fc                __irq_dma1_channel4
 .text.__irq_dma1_channel5
                0x0800180c       0x10 C:\Users\USER\AppData\Local\arduino\cores\7bf7b0ebd1cd5824297d9ecc843c1978\core.a(dma_f1.c.o)
                0x0800180c                __irq_dma1_channel5
 .text.__irq_dma1_channel6
                0x0800181c       0x10 C:\Users\USER\AppData\Local\arduino\cores\7bf7b0ebd1cd5824297d9ecc843c1978\core.a(dma_f1.c.o)
                0x0800181c                __irq_dma1_channel6
 .text.__irq_dma1_channel7
                0x0800182c       0x10 C:\Users\USER\AppData\Local\arduino\cores\7bf7b0ebd1cd5824297d9ecc843c1978\core.a(dma_f1.c.o)
                0x0800182c                __irq_dma1_channel7
 *fill*         0x0800183c        0x4 
 .text          0x08001840       0x60 C:\Users\USER\AppData\Local\arduino\cores\7bf7b0ebd1cd5824297d9ecc843c1978\core.a(exc.S.o)
                0x08001840                __exc_nmi
                0x08001844                __exc_hardfault
                0x08001848                __exc_memmanage
                0x0800184c                __exc_busfault
                0x08001850                __exc_usagefault
 .text.dispatch_single_exti
                0x080018a0       0x2c C:\Users\USER\AppData\Local\arduino\cores\7bf7b0ebd1cd5824297d9ecc843c1978\core.a(exti.c.o)
                0x080018a0                dispatch_single_exti
 .text.dispatch_extis
                0x080018cc       0x4c C:\Users\USER\AppData\Local\arduino\cores\7bf7b0ebd1cd5824297d9ecc843c1978\core.a(exti.c.o)
                0x080018cc                dispatch_extis
 .text.__irq_exti0
                0x08001918        0x6 C:\Users\USER\AppData\Local\arduino\cores\7bf7b0ebd1cd5824297d9ecc843c1978\core.a(exti.c.o)
                0x08001918                __irq_exti0
 .text.__irq_exti1
                0x0800191e        0x6 C:\Users\USER\AppData\Local\arduino\cores\7bf7b0ebd1cd5824297d9ecc843c1978\core.a(exti.c.o)
                0x0800191e                __irq_exti1
 .text.__irq_exti2
                0x08001924        0x6 C:\Users\USER\AppData\Local\arduino\cores\7bf7b0ebd1cd5824297d9ecc843c1978\core.a(exti.c.o)
                0x08001924                __irq_exti2
 .text.__irq_exti3
                0x0800192a        0x6 C:\Users\USER\AppData\Local\arduino\cores\7bf7b0ebd1cd5824297d9ecc843c1978\core.a(exti.c.o)
                0x0800192a                __irq_exti3
 .text.__irq_exti4
                0x08001930        0x6 C:\Users\USER\AppData\Local\arduino\cores\7bf7b0ebd1cd5824297d9ecc843c1978\core.a(exti.c.o)
                0x08001930                __irq_exti4
 .text.__irq_exti9_5
                0x08001936        0x8 C:\Users\USER\AppData\Local\arduino\cores\7bf7b0ebd1cd5824297d9ecc843c1978\core.a(exti.c.o)
                0x08001936                __irq_exti9_5
 .text.__irq_exti15_10
                0x0800193e        0x8 C:\Users\USER\AppData\Local\arduino\cores\7bf7b0ebd1cd5824297d9ecc843c1978\core.a(exti.c.o)
                0x0800193e                __irq_exti15_10
 *fill*         0x08001946        0x2 
 .text.flash_set_latency
                0x08001948       0x14 C:\Users\USER\AppData\Local\arduino\cores\7bf7b0ebd1cd5824297d9ecc843c1978\core.a(flash.c.o)
                0x08001948                flash_set_latency
 .text.gpio_init_all
                0x0800195c       0x30 C:\Users\USER\AppData\Local\arduino\cores\7bf7b0ebd1cd5824297d9ecc843c1978\core.a(gpio_f1.c.o)
                0x0800195c                gpio_init_all
 .text.gpio_set_mode
                0x0800198c       0x50 C:\Users\USER\AppData\Local\arduino\cores\7bf7b0ebd1cd5824297d9ecc843c1978\core.a(gpio_f1.c.o)
                0x0800198c                gpio_set_mode
 .text.afio_init
                0x080019dc       0x12 C:\Users\USER\AppData\Local\arduino\cores\7bf7b0ebd1cd5824297d9ecc843c1978\core.a(gpio_f1.c.o)
                0x080019dc                afio_init
 *fill*         0x080019ee        0x2 
 .text.afio_remap
                0x080019f0       0x20 C:\Users\USER\AppData\Local\arduino\cores\7bf7b0ebd1cd5824297d9ecc843c1978\core.a(gpio_f1.c.o)
                0x080019f0                afio_remap
 .text.__irq_i2c1_ev
                0x08001a10        0xc C:\Users\USER\AppData\Local\arduino\cores\7bf7b0ebd1cd5824297d9ecc843c1978\core.a(i2c_f1.c.o)
                0x08001a10                __irq_i2c1_ev
 .text.__irq_i2c2_ev
                0x08001a1c        0xc C:\Users\USER\AppData\Local\arduino\cores\7bf7b0ebd1cd5824297d9ecc843c1978\core.a(i2c_f1.c.o)
                0x08001a1c                __irq_i2c2_ev
 .text.__irq_i2c1_er
                0x08001a28        0xc C:\Users\USER\AppData\Local\arduino\cores\7bf7b0ebd1cd5824297d9ecc843c1978\core.a(i2c_f1.c.o)
                0x08001a28                __irq_i2c1_er
 .text.__irq_i2c2_er
                0x08001a34        0xc C:\Users\USER\AppData\Local\arduino\cores\7bf7b0ebd1cd5824297d9ecc843c1978\core.a(i2c_f1.c.o)
                0x08001a34                __irq_i2c2_er
 .text.nvic_irq_set_priority
                0x08001a40       0x28 C:\Users\USER\AppData\Local\arduino\cores\7bf7b0ebd1cd5824297d9ecc843c1978\core.a(nvic.c.o)
                0x08001a40                nvic_irq_set_priority
 .text.nvic_init
                0x08001a68       0x30 C:\Users\USER\AppData\Local\arduino\cores\7bf7b0ebd1cd5824297d9ecc843c1978\core.a(nvic.c.o)
                0x08001a68                nvic_init
 .text.rcc_dev_clk
                0x08001a98        0xc C:\Users\USER\AppData\Local\arduino\cores\7bf7b0ebd1cd5824297d9ecc843c1978\core.a(rcc.c.o)
                0x08001a98                rcc_dev_clk
 .text.rcc_switch_sysclk
                0x08001aa4       0x20 C:\Users\USER\AppData\Local\arduino\cores\7bf7b0ebd1cd5824297d9ecc843c1978\core.a(rcc.c.o)
                0x08001aa4                rcc_switch_sysclk
 .text.rcc_turn_on_clk
                0x08001ac4       0x1a C:\Users\USER\AppData\Local\arduino\cores\7bf7b0ebd1cd5824297d9ecc843c1978\core.a(rcc.c.o)
                0x08001ac4                rcc_turn_on_clk
 .text.rcc_turn_off_clk
                0x08001ade       0x1c C:\Users\USER\AppData\Local\arduino\cores\7bf7b0ebd1cd5824297d9ecc843c1978\core.a(rcc.c.o)
                0x08001ade                rcc_turn_off_clk
 .text.rcc_is_clk_ready
                0x08001afa       0x18 C:\Users\USER\AppData\Local\arduino\cores\7bf7b0ebd1cd5824297d9ecc843c1978\core.a(rcc.c.o)
                0x08001afa                rcc_is_clk_ready
 *fill*         0x08001b12        0x2 
 .text.rcc_configure_pll
                0x08001b14       0x18 C:\Users\USER\AppData\Local\arduino\cores\7bf7b0ebd1cd5824297d9ecc843c1978\core.a(rcc_f1.c.o)
                0x08001b14                rcc_configure_pll
 .text.rcc_clk_enable
                0x08001b2c       0x30 C:\Users\USER\AppData\Local\arduino\cores\7bf7b0ebd1cd5824297d9ecc843c1978\core.a(rcc_f1.c.o)
                0x08001b2c                rcc_clk_enable
 .text.rcc_reset_dev
                0x08001b5c       0x34 C:\Users\USER\AppData\Local\arduino\cores\7bf7b0ebd1cd5824297d9ecc843c1978\core.a(rcc_f1.c.o)
                0x08001b5c                rcc_reset_dev
 .text.rcc_set_prescaler
                0x08001b90       0x20 C:\Users\USER\AppData\Local\arduino\cores\7bf7b0ebd1cd5824297d9ecc843c1978\core.a(rcc_f1.c.o)
                0x08001b90                rcc_set_prescaler
 .text.rcc_clk_disable
                0x08001bb0       0x30 C:\Users\USER\AppData\Local\arduino\cores\7bf7b0ebd1cd5824297d9ecc843c1978\core.a(rcc_f1.c.o)
                0x08001bb0                rcc_clk_disable
 .text          0x08001be0        0x2 C:\Users\USER\AppData\Local\arduino\cores\7bf7b0ebd1cd5824297d9ecc843c1978\core.a(isrs.S.o)
                0x08001be0                __stm32reservedexception9
                0x08001be0                __exc_debug_monitor
                0x08001be0                __exc_svc
                0x08001be0                __irq_can_rx1
                0x08001be0                __irq_spi2
                0x08001be0                __irq_can_sce
                0x08001be0                __irq_pvd
                0x08001be0                __irq_tamper
                0x08001be0                __default_handler
                0x08001be0                __irq_wwdg
                0x08001be0                __stm32reservedexception10
                0x08001be0                __irq_flash
                0x08001be0                __stm32reservedexception13
                0x08001be0                __irq_rtc
                0x08001be0                __irq_spi1
                0x08001be0                __stm32reservedexception7
                0x08001be0                __irq_usb_hp_can_tx
                0x08001be0                __irq_rtcalarm
                0x08001be0                __stm32reservedexception8
                0x08001be0                __exc_pendsv
                0x08001be0                __irq_usbwakeup
                0x08001be0                __irq_rcc
 *fill*         0x08001be2        0x2 
 .text.systick_init
                0x08001be4       0x10 C:\Users\USER\AppData\Local\arduino\cores\7bf7b0ebd1cd5824297d9ecc843c1978\core.a(systick.c.o)
                0x08001be4                systick_init
 .text.__exc_systick
                0x08001bf4       0x1c C:\Users\USER\AppData\Local\arduino\cores\7bf7b0ebd1cd5824297d9ecc843c1978\core.a(systick.c.o)
                0x08001bf4                __exc_systick
 .text.timer_oc_set_mode
                0x08001c10       0x3a C:\Users\USER\AppData\Local\arduino\cores\7bf7b0ebd1cd5824297d9ecc843c1978\core.a(timer.c.o)
 .text.dispatch_general
                0x08001c4a       0x66 C:\Users\USER\AppData\Local\arduino\cores\7bf7b0ebd1cd5824297d9ecc843c1978\core.a(timer.c.o)
 .text.timer_cc_enable
                0x08001cb0       0x1c C:\Users\USER\AppData\Local\arduino\cores\7bf7b0ebd1cd5824297d9ecc843c1978\core.a(timer.c.o)
 .text.timer_foreach
                0x08001ccc       0x28 C:\Users\USER\AppData\Local\arduino\cores\7bf7b0ebd1cd5824297d9ecc843c1978\core.a(timer.c.o)
                0x08001ccc                timer_foreach
 .text.timer_init
                0x08001cf4       0x14 C:\Users\USER\AppData\Local\arduino\cores\7bf7b0ebd1cd5824297d9ecc843c1978\core.a(timer.c.o)
                0x08001cf4                timer_init
 .text.timer_has_cc_channel
                0x08001d08       0x30 C:\Users\USER\AppData\Local\arduino\cores\7bf7b0ebd1cd5824297d9ecc843c1978\core.a(timer.c.o)
                0x08001d08                timer_has_cc_channel
 .text.timer_detach_interrupt
                0x08001d38       0x1e C:\Users\USER\AppData\Local\arduino\cores\7bf7b0ebd1cd5824297d9ecc843c1978\core.a(timer.c.o)
                0x08001d38                timer_detach_interrupt
 .text.input_capture_mode
                0x08001d56       0x1a C:\Users\USER\AppData\Local\arduino\cores\7bf7b0ebd1cd5824297d9ecc843c1978\core.a(timer.c.o)
                0x08001d56                input_capture_mode
 .text.timer_set_mode
                0x08001d70       0x8c C:\Users\USER\AppData\Local\arduino\cores\7bf7b0ebd1cd5824297d9ecc843c1978\core.a(timer.c.o)
                0x08001d70                timer_set_mode
 .text.__irq_tim1_brk
                0x08001dfc       0x24 C:\Users\USER\AppData\Local\arduino\cores\7bf7b0ebd1cd5824297d9ecc843c1978\core.a(timer.c.o)
                0x08001dfc                __irq_tim1_brk
 .text.__irq_tim1_up
                0x08001e20       0x24 C:\Users\USER\AppData\Local\arduino\cores\7bf7b0ebd1cd5824297d9ecc843c1978\core.a(timer.c.o)
                0x08001e20                __irq_tim1_up
 .text.__irq_tim1_trg_com
                0x08001e44       0x34 C:\Users\USER\AppData\Local\arduino\cores\7bf7b0ebd1cd5824297d9ecc843c1978\core.a(timer.c.o)
                0x08001e44                __irq_tim1_trg_com
 .text.__irq_tim1_cc
                0x08001e78       0x50 C:\Users\USER\AppData\Local\arduino\cores\7bf7b0ebd1cd5824297d9ecc843c1978\core.a(timer.c.o)
                0x08001e78                __irq_tim1_cc
 .text.__irq_tim2
                0x08001ec8        0xc C:\Users\USER\AppData\Local\arduino\cores\7bf7b0ebd1cd5824297d9ecc843c1978\core.a(timer.c.o)
                0x08001ec8                __irq_tim2
 .text.__irq_tim3
                0x08001ed4        0xc C:\Users\USER\AppData\Local\arduino\cores\7bf7b0ebd1cd5824297d9ecc843c1978\core.a(timer.c.o)
                0x08001ed4                __irq_tim3
 .text.__irq_tim4
                0x08001ee0        0xc C:\Users\USER\AppData\Local\arduino\cores\7bf7b0ebd1cd5824297d9ecc843c1978\core.a(timer.c.o)
                0x08001ee0                __irq_tim4
 .text.usart_tx
                0x08001eec       0x9c C:\Users\USER\AppData\Local\arduino\cores\7bf7b0ebd1cd5824297d9ecc843c1978\core.a(usart.c.o)
                0x08001eec                usart_tx
 .text.usart_irq
                0x08001f88       0xc8 C:\Users\USER\AppData\Local\arduino\cores\7bf7b0ebd1cd5824297d9ecc843c1978\core.a(usart_f1.c.o)
 .text.__irq_usart1
                0x08002050       0x18 C:\Users\USER\AppData\Local\arduino\cores\7bf7b0ebd1cd5824297d9ecc843c1978\core.a(usart_f1.c.o)
                0x08002050                __irq_usart1
 .text.__irq_usart2
                0x08002068       0x18 C:\Users\USER\AppData\Local\arduino\cores\7bf7b0ebd1cd5824297d9ecc843c1978\core.a(usart_f1.c.o)
                0x08002068                __irq_usart2
 .text.__irq_usart3
                0x08002080       0x18 C:\Users\USER\AppData\Local\arduino\cores\7bf7b0ebd1cd5824297d9ecc843c1978\core.a(usart_f1.c.o)
                0x08002080                __irq_usart3
 .text.usb_resume
                0x08002098       0xb4 C:\Users\USER\AppData\Local\arduino\cores\7bf7b0ebd1cd5824297d9ecc843c1978\core.a(usb.c.o)
 .text.__irq_usb_lp_can_rx0
                0x0800214c      0x1c8 C:\Users\USER\AppData\Local\arduino\cores\7bf7b0ebd1cd5824297d9ecc843c1978\core.a(usb.c.o)
                0x0800214c                __irq_usb_lp_can_rx0
 .text.usb_set_ep_rx_stat
                0x08002314       0x22 C:\Users\USER\AppData\Local\arduino\cores\7bf7b0ebd1cd5824297d9ecc843c1978\core.a(usb_cdcacm.c.o)
 *fill*         0x08002336        0x2 
 .text.vcomGetSetLineCoding
                0x08002338       0x18 C:\Users\USER\AppData\Local\arduino\cores\7bf7b0ebd1cd5824297d9ecc843c1978\core.a(usb_cdcacm.c.o)
 .text.usbDataSetup
                0x08002350       0x54 C:\Users\USER\AppData\Local\arduino\cores\7bf7b0ebd1cd5824297d9ecc843c1978\core.a(usb_cdcacm.c.o)
 .text.usbNoDataSetup
                0x080023a4       0x50 C:\Users\USER\AppData\Local\arduino\cores\7bf7b0ebd1cd5824297d9ecc843c1978\core.a(usb_cdcacm.c.o)
 .text.usbGetInterfaceSetting
                0x080023f4       0x10 C:\Users\USER\AppData\Local\arduino\cores\7bf7b0ebd1cd5824297d9ecc843c1978\core.a(usb_cdcacm.c.o)
 .text.usbGetStringDescriptor
                0x08002404       0x20 C:\Users\USER\AppData\Local\arduino\cores\7bf7b0ebd1cd5824297d9ecc843c1978\core.a(usb_cdcacm.c.o)
 .text.usbGetConfigDescriptor
                0x08002424        0xc C:\Users\USER\AppData\Local\arduino\cores\7bf7b0ebd1cd5824297d9ecc843c1978\core.a(usb_cdcacm.c.o)
 .text.usbGetDeviceDescriptor
                0x08002430        0xc C:\Users\USER\AppData\Local\arduino\cores\7bf7b0ebd1cd5824297d9ecc843c1978\core.a(usb_cdcacm.c.o)
 .text.usbInit  0x0800243c       0x44 C:\Users\USER\AppData\Local\arduino\cores\7bf7b0ebd1cd5824297d9ecc843c1978\core.a(usb_cdcacm.c.o)
 .text.usbReset
                0x08002480      0x160 C:\Users\USER\AppData\Local\arduino\cores\7bf7b0ebd1cd5824297d9ecc843c1978\core.a(usb_cdcacm.c.o)
 .text.usb_set_ep_rx_count
                0x080025e0       0x4c C:\Users\USER\AppData\Local\arduino\cores\7bf7b0ebd1cd5824297d9ecc843c1978\core.a(usb_reg_map.c.o)
                0x080025e0                usb_set_ep_rx_count
 .text.Standard_GetConfiguration
                0x0800262c       0x24 C:\Users\USER\AppData\Local\arduino\cores\7bf7b0ebd1cd5824297d9ecc843c1978\core.a(usb_core.c.o)
                0x0800262c                Standard_GetConfiguration
 .text.Standard_GetInterface
                0x08002650       0x24 C:\Users\USER\AppData\Local\arduino\cores\7bf7b0ebd1cd5824297d9ecc843c1978\core.a(usb_core.c.o)
                0x08002650                Standard_GetInterface
 .text.Standard_GetStatus
                0x08002674       0x90 C:\Users\USER\AppData\Local\arduino\cores\7bf7b0ebd1cd5824297d9ecc843c1978\core.a(usb_core.c.o)
                0x08002674                Standard_GetStatus
 .text.DataStageIn
                0x08002704       0xa8 C:\Users\USER\AppData\Local\arduino\cores\7bf7b0ebd1cd5824297d9ecc843c1978\core.a(usb_core.c.o)
 .text.Standard_SetConfiguration
                0x080027ac       0x38 C:\Users\USER\AppData\Local\arduino\cores\7bf7b0ebd1cd5824297d9ecc843c1978\core.a(usb_core.c.o)
                0x080027ac                Standard_SetConfiguration
 .text.Standard_SetInterface
                0x080027e4       0x48 C:\Users\USER\AppData\Local\arduino\cores\7bf7b0ebd1cd5824297d9ecc843c1978\core.a(usb_core.c.o)
                0x080027e4                Standard_SetInterface
 .text.Standard_ClearFeature
                0x0800282c       0xd0 C:\Users\USER\AppData\Local\arduino\cores\7bf7b0ebd1cd5824297d9ecc843c1978\core.a(usb_core.c.o)
                0x0800282c                Standard_ClearFeature
 .text.Standard_SetEndPointFeature
                0x080028fc       0x84 C:\Users\USER\AppData\Local\arduino\cores\7bf7b0ebd1cd5824297d9ecc843c1978\core.a(usb_core.c.o)
                0x080028fc                Standard_SetEndPointFeature
 .text.Standard_SetDeviceFeature
                0x08002980       0x24 C:\Users\USER\AppData\Local\arduino\cores\7bf7b0ebd1cd5824297d9ecc843c1978\core.a(usb_core.c.o)
                0x08002980                Standard_SetDeviceFeature
 .text.Standard_GetDescriptorData
                0x080029a4       0x1c C:\Users\USER\AppData\Local\arduino\cores\7bf7b0ebd1cd5824297d9ecc843c1978\core.a(usb_core.c.o)
                0x080029a4                Standard_GetDescriptorData
 .text.Post0_Process
                0x080029c0       0x40 C:\Users\USER\AppData\Local\arduino\cores\7bf7b0ebd1cd5824297d9ecc843c1978\core.a(usb_core.c.o)
                0x080029c0                Post0_Process
 .text.Setup0_Process
                0x08002a00      0x2d0 C:\Users\USER\AppData\Local\arduino\cores\7bf7b0ebd1cd5824297d9ecc843c1978\core.a(usb_core.c.o)
                0x08002a00                Setup0_Process
 .text.Out0_Process
                0x08002cd0       0xc8 C:\Users\USER\AppData\Local\arduino\cores\7bf7b0ebd1cd5824297d9ecc843c1978\core.a(usb_core.c.o)
                0x08002cd0                Out0_Process
 .text.SetDeviceAddress
                0x08002d98       0x38 C:\Users\USER\AppData\Local\arduino\cores\7bf7b0ebd1cd5824297d9ecc843c1978\core.a(usb_core.c.o)
                0x08002d98                SetDeviceAddress
 .text.In0_Process
                0x08002dd0       0x5c C:\Users\USER\AppData\Local\arduino\cores\7bf7b0ebd1cd5824297d9ecc843c1978\core.a(usb_core.c.o)
                0x08002dd0                In0_Process
 .text.NOP_Process
                0x08002e2c        0x2 C:\Users\USER\AppData\Local\arduino\cores\7bf7b0ebd1cd5824297d9ecc843c1978\core.a(usb_core.c.o)
                0x08002e2c                NOP_Process
 .text.UserToPMABufferCopy
                0x08002e2e       0x30 C:\Users\USER\AppData\Local\arduino\cores\7bf7b0ebd1cd5824297d9ecc843c1978\core.a(usb_mem.c.o)
                0x08002e2e                UserToPMABufferCopy
 .text.PMAToUserBufferCopy
                0x08002e5e       0x32 C:\Users\USER\AppData\Local\arduino\cores\7bf7b0ebd1cd5824297d9ecc843c1978\core.a(usb_mem.c.o)
                0x08002e5e                PMAToUserBufferCopy
 .text.SetEPTxStatus
                0x08002e90       0x2a C:\Users\USER\AppData\Local\arduino\cores\7bf7b0ebd1cd5824297d9ecc843c1978\core.a(usb_regs.c.o)
                0x08002e90                SetEPTxStatus
 .text.ClearDTOG_RX
                0x08002eba       0x20 C:\Users\USER\AppData\Local\arduino\cores\7bf7b0ebd1cd5824297d9ecc843c1978\core.a(usb_regs.c.o)
                0x08002eba                ClearDTOG_RX
 .text.ClearDTOG_TX
                0x08002eda       0x20 C:\Users\USER\AppData\Local\arduino\cores\7bf7b0ebd1cd5824297d9ecc843c1978\core.a(usb_regs.c.o)
                0x08002eda                ClearDTOG_TX
 *fill*         0x08002efa        0x2 
 .text.GetEPTxAddr
                0x08002efc       0x1c C:\Users\USER\AppData\Local\arduino\cores\7bf7b0ebd1cd5824297d9ecc843c1978\core.a(usb_regs.c.o)
                0x08002efc                GetEPTxAddr
 .text.GetEPRxAddr
                0x08002f18       0x1c C:\Users\USER\AppData\Local\arduino\cores\7bf7b0ebd1cd5824297d9ecc843c1978\core.a(usb_regs.c.o)
                0x08002f18                GetEPRxAddr
 .text.SetEPTxCount
                0x08002f34       0x1c C:\Users\USER\AppData\Local\arduino\cores\7bf7b0ebd1cd5824297d9ecc843c1978\core.a(usb_regs.c.o)
                0x08002f34                SetEPTxCount
 .text.SetEPRxCount
                0x08002f50       0x40 C:\Users\USER\AppData\Local\arduino\cores\7bf7b0ebd1cd5824297d9ecc843c1978\core.a(usb_regs.c.o)
                0x08002f50                SetEPRxCount
 .text.throb    0x08002f90       0x4c C:\Users\USER\AppData\Local\arduino\cores\7bf7b0ebd1cd5824297d9ecc843c1978\core.a(util.c.o)
                0x08002f90                throb
 .text.__error  0x08002fdc       0x14 C:\Users\USER\AppData\Local\arduino\cores\7bf7b0ebd1cd5824297d9ecc843c1978\core.a(util.c.o)
                0x08002fdc                __error
 .text.startup._Z7premainv
                0x08002ff0        0x4 C:\Users\USER\AppData\Local\arduino\cores\7bf7b0ebd1cd5824297d9ecc843c1978\core.a(main.cpp.o)
                0x08002ff0                premain()
 .text.startup.main
                0x08002ff4        0xc C:\Users\USER\AppData\Local\arduino\cores\7bf7b0ebd1cd5824297d9ecc843c1978\core.a(main.cpp.o)
                0x08002ff4                main
 .text._Z7pinModeh13WiringPinMode
                0x08003000       0x84 C:\Users\USER\AppData\Local\arduino\cores\7bf7b0ebd1cd5824297d9ecc843c1978\core.a(wirish_digital_f1.cpp.o)
                0x08003000                pinMode(unsigned char, WiringPinMode)
 .text._Z11digitalReadh
                0x08003084       0x2c C:\Users\USER\AppData\Local\arduino\cores\7bf7b0ebd1cd5824297d9ecc843c1978\core.a(wirish_digital.cpp.o)
                0x08003084                digitalRead(unsigned char)
 .text._Z12digitalWritehh
                0x080030b0       0x2c C:\Users\USER\AppData\Local\arduino\cores\7bf7b0ebd1cd5824297d9ecc843c1978\core.a(wirish_digital.cpp.o)
                0x080030b0                digitalWrite(unsigned char, unsigned char)
 .text.delayMicroseconds
                0x080030dc       0x10 C:\Users\USER\AppData\Local\arduino\cores\7bf7b0ebd1cd5824297d9ecc843c1978\core.a(wirish_time.cpp.o)
                0x080030dc                delayMicroseconds
 .text.gpio_init
                0x080030ec       0x14 C:\Users\USER\AppData\Local\arduino\cores\7bf7b0ebd1cd5824297d9ecc843c1978\core.a(gpio.c.o)
                0x080030ec                gpio_init
 .text.i2c_disable_irq
                0x08003100        0xc C:\Users\USER\AppData\Local\arduino\cores\7bf7b0ebd1cd5824297d9ecc843c1978\core.a(i2c.c.o)
 .text._i2c_irq_handler
                0x0800310c      0x3d8 C:\Users\USER\AppData\Local\arduino\cores\7bf7b0ebd1cd5824297d9ecc843c1978\core.a(i2c.c.o)
                0x0800310c                _i2c_irq_handler
 .text._i2c_irq_error_handler
                0x080034e4       0x74 C:\Users\USER\AppData\Local\arduino\cores\7bf7b0ebd1cd5824297d9ecc843c1978\core.a(i2c.c.o)
                0x080034e4                _i2c_irq_error_handler
 .text          0x08003558       0x38 c:/users/user/appdata/local/arduino15/packages/arduino/tools/arm-none-eabi-gcc/4.8.3-2014q1/bin/../lib/gcc/arm-none-eabi/4.8.3/armv7-m\libgcc.a(_aeabi_ldivmod.o)
                0x08003558                __aeabi_ldivmod
 .text          0x08003590       0x60 c:/users/user/appdata/local/arduino15/packages/arduino/tools/arm-none-eabi-gcc/4.8.3-2014q1/bin/../lib/gcc/arm-none-eabi/4.8.3/armv7-m\libgcc.a(bpabi.o)
                0x08003590                __gnu_ldivmod_helper
                0x080035c0                __gnu_uldivmod_helper
 .text          0x080035f0        0x4 c:/users/user/appdata/local/arduino15/packages/arduino/tools/arm-none-eabi-gcc/4.8.3-2014q1/bin/../lib/gcc/arm-none-eabi/4.8.3/armv7-m\libgcc.a(_dvmd_tls.o)
                0x080035f0                __aeabi_idiv0
                0x080035f0                __aeabi_ldiv0
 .text          0x080035f4      0x2a0 c:/users/user/appdata/local/arduino15/packages/arduino/tools/arm-none-eabi-gcc/4.8.3-2014q1/bin/../lib/gcc/arm-none-eabi/4.8.3/armv7-m\libgcc.a(_divdi3.o)
                0x080035f4                __divdi3
 .text          0x08003894      0x290 c:/users/user/appdata/local/arduino15/packages/arduino/tools/arm-none-eabi-gcc/4.8.3-2014q1/bin/../lib/gcc/arm-none-eabi/4.8.3/armv7-m\libgcc.a(_udivdi3.o)
                0x08003894                __udivdi3
 .text.exit     0x08003b24       0x28 c:/users/user/appdata/local/arduino15/packages/arduino/tools/arm-none-eabi-gcc/4.8.3-2014q1/bin/../lib/gcc/arm-none-eabi/4.8.3/../../../../arm-none-eabi/lib/armv7-m\libc_s.a(lib_a-exit.o)
                0x08003b24                exit
 .text.__libc_init_array
                0x08003b4c       0x4c c:/users/user/appdata/local/arduino15/packages/arduino/tools/arm-none-eabi-gcc/4.8.3-2014q1/bin/../lib/gcc/arm-none-eabi/4.8.3/../../../../arm-none-eabi/lib/armv7-m\libc_s.a(lib_a-init.o)
                0x08003b4c                __libc_init_array
 .text.memcpy   0x08003b98       0x12 c:/users/user/appdata/local/arduino15/packages/arduino/tools/arm-none-eabi-gcc/4.8.3-2014q1/bin/../lib/gcc/arm-none-eabi/4.8.3/../../../../arm-none-eabi/lib/armv7-m\libc_s.a(lib_a-memcpy-stub.o)
                0x08003b98                memcpy
 .text.strlen   0x08003baa       0x10 c:/users/user/appdata/local/arduino15/packages/arduino/tools/arm-none-eabi-gcc/4.8.3-2014q1/bin/../lib/gcc/arm-none-eabi/4.8.3/../../../../arm-none-eabi/lib/armv7-m\libc_s.a(lib_a-strlen.o)
                0x08003baa                strlen
 *(.plt)
 *(.gnu.warning)
 *(.glue_7t)
 .glue_7t       0x00000000        0x0 linker stubs
 *(.glue_7)
 .glue_7        0x00000000        0x0 linker stubs
 *(.vfp11_veneer)
 .vfp11_veneer  0x00000000        0x0 linker stubs
 *(.ARM.extab* .gnu.linkonce.armextab.*)
 *(.gcc_except_table)
 *(.eh_frame_hdr)
 *(.eh_frame)
 *fill*         0x08003bba        0x2 
 .eh_frame      0x08003bbc        0x0 c:/users/user/appdata/local/arduino15/packages/arduino/tools/arm-none-eabi-gcc/4.8.3-2014q1/bin/../lib/gcc/arm-none-eabi/4.8.3/armv7-m/crtbegin.o
                0x08003bbc                . = ALIGN (0x4)
 *(.init)
 .init          0x08003bbc        0x4 c:/users/user/appdata/local/arduino15/packages/arduino/tools/arm-none-eabi-gcc/4.8.3-2014q1/bin/../lib/gcc/arm-none-eabi/4.8.3/armv7-m/crti.o
                0x08003bbc                _init
 .init          0x08003bc0        0x8 c:/users/user/appdata/local/arduino15/packages/arduino/tools/arm-none-eabi-gcc/4.8.3-2014q1/bin/../lib/gcc/arm-none-eabi/4.8.3/armv7-m/crtn.o
                0x08003bc8                . = ALIGN (0x4)
                0x08003bc8                __preinit_array_start = .
 *(.preinit_array)
                0x08003bc8                __preinit_array_end = .
                0x08003bc8                . = ALIGN (0x4)
                0x08003bc8                __init_array_start = .
 *(SORT(.init_array.*))
 .init_array.00101
                0x08003bc8        0x4 C:\Users\USER\AppData\Local\arduino\cores\7bf7b0ebd1cd5824297d9ecc843c1978\core.a(main.cpp.o)
 *(.init_array)
 .init_array    0x08003bcc        0x4 c:/users/user/appdata/local/arduino15/packages/arduino/tools/arm-none-eabi-gcc/4.8.3-2014q1/bin/../lib/gcc/arm-none-eabi/4.8.3/armv7-m/crtbegin.o
 .init_array    0x08003bd0        0x4 C:\Users\USER\AppData\Local\arduino\sketches\452188ACB23955C2F3838071FEF76B93\sketch\Lavadora.ino.cpp.o
 .init_array    0x08003bd4        0x4 C:\Users\USER\AppData\Local\arduino\sketches\452188ACB23955C2F3838071FEF76B93\core\board.cpp.o
                0x08003bd8                __init_array_end = .
                0x08003bd8                . = ALIGN (0x4)
 *crtbegin.o(.ctors)
 *(EXCLUDE_FILE(*crtend.o) .ctors)
 *(SORT(.ctors.*))
 *crtend.o(.ctors)
                0x08003bd8                . = ALIGN (0x4)
 *(.fini)
 .fini          0x08003bd8        0x4 c:/users/user/appdata/local/arduino15/packages/arduino/tools/arm-none-eabi-gcc/4.8.3-2014q1/bin/../lib/gcc/arm-none-eabi/4.8.3/armv7-m/crti.o
                0x08003bd8                _fini
 .fini          0x08003bdc        0x8 c:/users/user/appdata/local/arduino15/packages/arduino/tools/arm-none-eabi-gcc/4.8.3-2014q1/bin/../lib/gcc/arm-none-eabi/4.8.3/armv7-m/crtn.o
                0x08003be4                . = ALIGN (0x4)
                0x08003be4                __fini_array_start = .
 *(.fini_array)
 .fini_array    0x08003be4        0x4 c:/users/user/appdata/local/arduino15/packages/arduino/tools/arm-none-eabi-gcc/4.8.3-2014q1/bin/../lib/gcc/arm-none-eabi/4.8.3/armv7-m/crtbegin.o
 *(SORT(.fini_array.*))
                0x08003be8                __fini_array_end = .
 *crtbegin.o(.dtors)
 *(EXCLUDE_FILE(*crtend.o) .dtors)
 *(SORT(.dtors.*))
 *crtend.o(.dtors)

.v4_bx          0x08003be8        0x0
 .v4_bx         0x00000000        0x0 linker stubs

.iplt           0x08003be8        0x0
 .iplt          0x00000000        0x0 c:/users/user/appdata/local/arduino15/packages/arduino/tools/arm-none-eabi-gcc/4.8.3-2014q1/bin/../lib/gcc/arm-none-eabi/4.8.3/armv7-m/crtbegin.o

.text.align     0x08003be8        0x0
                0x08003be8                . = ALIGN (0x8)
                0x08003be8                __text_end__ = .
                0x08003be8                __exidx_start = .

.ARM.exidx      0x08003be8        0x8
 *(.ARM.exidx* .gnu.linkonce.armexidx.*)
 .ARM.exidx     0x08003be8        0x8 C:\Users\USER\AppData\Local\arduino\sketches\452188ACB23955C2F3838071FEF76B93\core\wirish\start.S.o
 .ARM.exidx     0x08003bf0        0x0 c:/users/user/appdata/local/arduino15/packages/arduino/tools/arm-none-eabi-gcc/4.8.3-2014q1/bin/../lib/gcc/arm-none-eabi/4.8.3/armv7-m\libgcc.a(_divdi3.o)
                                  0x8 (size before relaxing)
 .ARM.exidx     0x08003bf0        0x0 c:/users/user/appdata/local/arduino15/packages/arduino/tools/arm-none-eabi-gcc/4.8.3-2014q1/bin/../lib/gcc/arm-none-eabi/4.8.3/armv7-m\libgcc.a(_udivdi3.o)
                                  0x8 (size before relaxing)
                0x08003bf0                __exidx_end = .

.data           0x20000000      0x478 load address 0x08003bf0
                0x20000000                __data_start__ = .
                0x20000000        0x4 LONG 0x0
                0x20000008                . = ALIGN (0x8)
 *fill*         0x20000004        0x4 
 *(.got.plt)
 *(.got)
 *(.data .data.* .gnu.linkonce.d.*)
 .data.prevEstadoTemperatura
                0x20000008        0x1 C:\Users\USER\AppData\Local\arduino\sketches\452188ACB23955C2F3838071FEF76B93\sketch\Lavadora.ino.cpp.o
                0x20000008                prevEstadoTemperatura
 .data.prevEstadoEncender
                0x20000009        0x1 C:\Users\USER\AppData\Local\arduino\sketches\452188ACB23955C2F3838071FEF76B93\sketch\Lavadora.ino.cpp.o
                0x20000009                prevEstadoEncender
 .data.prevEstadoIniciar
                0x2000000a        0x1 C:\Users\USER\AppData\Local\arduino\sketches\452188ACB23955C2F3838071FEF76B93\sketch\Lavadora.ino.cpp.o
                0x2000000a                prevEstadoIniciar
 .data.prevEstadoTipoLavado
                0x2000000b        0x1 C:\Users\USER\AppData\Local\arduino\sketches\452188ACB23955C2F3838071FEF76B93\sketch\Lavadora.ino.cpp.o
                0x2000000b                prevEstadoTipoLavado
 .data.prevEstadoLavado
                0x2000000c        0x1 C:\Users\USER\AppData\Local\arduino\sketches\452188ACB23955C2F3838071FEF76B93\sketch\Lavadora.ino.cpp.o
                0x2000000c                prevEstadoLavado
 .data.prevEstadoCentrifugado
                0x2000000d        0x1 C:\Users\USER\AppData\Local\arduino\sketches\452188ACB23955C2F3838071FEF76B93\sketch\Lavadora.ino.cpp.o
                0x2000000d                prevEstadoCentrifugado
 .data.prevEstadoEnjuague
                0x2000000e        0x1 C:\Users\USER\AppData\Local\arduino\sketches\452188ACB23955C2F3838071FEF76B93\sketch\Lavadora.ino.cpp.o
                0x2000000e                prevEstadoEnjuague
 .data.prevEstadoNivelAgua
                0x2000000f        0x1 C:\Users\USER\AppData\Local\arduino\sketches\452188ACB23955C2F3838071FEF76B93\sketch\Lavadora.ino.cpp.o
                0x2000000f                prevEstadoNivelAgua
 .data.prevEstadoRopa
                0x20000010        0x1 C:\Users\USER\AppData\Local\arduino\sketches\452188ACB23955C2F3838071FEF76B93\sketch\Lavadora.ino.cpp.o
                0x20000010                prevEstadoRopa
 *fill*         0x20000011        0x3 
 .data._ZN6wirish4privL8pll_dataE
                0x20000014        0x4 C:\Users\USER\AppData\Local\arduino\sketches\452188ACB23955C2F3838071FEF76B93\core\wirish\boards_setup.cpp.o
 .data._ZN6wirish4priv9w_adc_smpE
                0x20000018        0x1 C:\Users\USER\AppData\Local\arduino\sketches\452188ACB23955C2F3838071FEF76B93\core\wirish\boards_setup.cpp.o
                0x20000018                wirish::priv::w_adc_smp
 *fill*         0x20000019        0x1 
 .data._ZN6wirish4priv9w_adc_preE
                0x2000001a        0x2 C:\Users\USER\AppData\Local\arduino\sketches\452188ACB23955C2F3838071FEF76B93\core\wirish\boards_setup.cpp.o
                0x2000001a                wirish::priv::w_adc_pre
 .data._ZN6wirish4priv15w_board_pll_cfgE
                0x2000001c        0x8 C:\Users\USER\AppData\Local\arduino\sketches\452188ACB23955C2F3838071FEF76B93\core\wirish\boards_setup.cpp.o
                0x2000001c                wirish::priv::w_board_pll_cfg
 .data.adc2     0x20000024        0x8 C:\Users\USER\AppData\Local\arduino\cores\7bf7b0ebd1cd5824297d9ecc843c1978\core.a(adc_f1.c.o)
                0x20000024                adc2
 .data.adc1     0x2000002c       0x18 C:\Users\USER\AppData\Local\arduino\cores\7bf7b0ebd1cd5824297d9ecc843c1978\core.a(adc_f1.c.o)
                0x2000002c                adc1
 .data.ADC2     0x20000044        0x4 C:\Users\USER\AppData\Local\arduino\cores\7bf7b0ebd1cd5824297d9ecc843c1978\core.a(adc_f1.c.o)
                0x20000044                ADC2
 .data.ADC1     0x20000048        0x4 C:\Users\USER\AppData\Local\arduino\cores\7bf7b0ebd1cd5824297d9ecc843c1978\core.a(adc_f1.c.o)
                0x20000048                ADC1
 .data.dma1     0x2000004c       0x40 C:\Users\USER\AppData\Local\arduino\cores\7bf7b0ebd1cd5824297d9ecc843c1978\core.a(dma_f1.c.o)
 .data.DMA1     0x2000008c        0x4 C:\Users\USER\AppData\Local\arduino\cores\7bf7b0ebd1cd5824297d9ecc843c1978\core.a(dma_f1.c.o)
                0x2000008c                DMA1
 .data.gpioa    0x20000090        0x8 C:\Users\USER\AppData\Local\arduino\cores\7bf7b0ebd1cd5824297d9ecc843c1978\core.a(gpio_f1.c.o)
                0x20000090                gpioa
 .data.gpiob    0x20000098        0x8 C:\Users\USER\AppData\Local\arduino\cores\7bf7b0ebd1cd5824297d9ecc843c1978\core.a(gpio_f1.c.o)
                0x20000098                gpiob
 .data.gpioc    0x200000a0        0x8 C:\Users\USER\AppData\Local\arduino\cores\7bf7b0ebd1cd5824297d9ecc843c1978\core.a(gpio_f1.c.o)
                0x200000a0                gpioc
 .data.gpiod    0x200000a8        0x8 C:\Users\USER\AppData\Local\arduino\cores\7bf7b0ebd1cd5824297d9ecc843c1978\core.a(gpio_f1.c.o)
                0x200000a8                gpiod
 .data.i2c1     0x200000b0       0x38 C:\Users\USER\AppData\Local\arduino\cores\7bf7b0ebd1cd5824297d9ecc843c1978\core.a(i2c_f1.c.o)
 .data.i2c2     0x200000e8       0x38 C:\Users\USER\AppData\Local\arduino\cores\7bf7b0ebd1cd5824297d9ecc843c1978\core.a(i2c_f1.c.o)
 .data.enable_regs.4411
                0x20000120        0xc C:\Users\USER\AppData\Local\arduino\cores\7bf7b0ebd1cd5824297d9ecc843c1978\core.a(rcc_f1.c.o)
 .data.reset_regs.4415
                0x2000012c        0x8 C:\Users\USER\AppData\Local\arduino\cores\7bf7b0ebd1cd5824297d9ecc843c1978\core.a(rcc_f1.c.o)
 .data.enable_regs.4424
                0x20000134        0xc C:\Users\USER\AppData\Local\arduino\cores\7bf7b0ebd1cd5824297d9ecc843c1978\core.a(rcc_f1.c.o)
 .data.timer3   0x20000140       0x24 C:\Users\USER\AppData\Local\arduino\cores\7bf7b0ebd1cd5824297d9ecc843c1978\core.a(timer.c.o)
                0x20000140                timer3
 .data.timer4   0x20000164       0x24 C:\Users\USER\AppData\Local\arduino\cores\7bf7b0ebd1cd5824297d9ecc843c1978\core.a(timer.c.o)
                0x20000164                timer4
 .data.timer1   0x20000188       0x28 C:\Users\USER\AppData\Local\arduino\cores\7bf7b0ebd1cd5824297d9ecc843c1978\core.a(timer.c.o)
                0x20000188                timer1
 .data.timer2   0x200001b0       0x24 C:\Users\USER\AppData\Local\arduino\cores\7bf7b0ebd1cd5824297d9ecc843c1978\core.a(timer.c.o)
                0x200001b0                timer2
 .data.USART1   0x200001d4        0x4 C:\Users\USER\AppData\Local\arduino\cores\7bf7b0ebd1cd5824297d9ecc843c1978\core.a(usart_f1.c.o)
                0x200001d4                USART1
 .data.USART2   0x200001d8        0x4 C:\Users\USER\AppData\Local\arduino\cores\7bf7b0ebd1cd5824297d9ecc843c1978\core.a(usart_f1.c.o)
                0x200001d8                USART2
 .data.USART3   0x200001dc        0x4 C:\Users\USER\AppData\Local\arduino\cores\7bf7b0ebd1cd5824297d9ecc843c1978\core.a(usart_f1.c.o)
                0x200001dc                USART3
 .data.usart1   0x200001e0       0x94 C:\Users\USER\AppData\Local\arduino\cores\7bf7b0ebd1cd5824297d9ecc843c1978\core.a(usart_f1.c.o)
 .data.usart2   0x20000274       0x94 C:\Users\USER\AppData\Local\arduino\cores\7bf7b0ebd1cd5824297d9ecc843c1978\core.a(usart_f1.c.o)
 .data.usart3   0x20000308       0x94 C:\Users\USER\AppData\Local\arduino\cores\7bf7b0ebd1cd5824297d9ecc843c1978\core.a(usart_f1.c.o)
 .data.USBLIB   0x2000039c        0x4 C:\Users\USER\AppData\Local\arduino\cores\7bf7b0ebd1cd5824297d9ecc843c1978\core.a(usb.c.o)
                0x2000039c                USBLIB
 .data.usblib   0x200003a0       0x10 C:\Users\USER\AppData\Local\arduino\cores\7bf7b0ebd1cd5824297d9ecc843c1978\core.a(usb.c.o)
 .data.Config_Descriptor
                0x200003b0        0x8 C:\Users\USER\AppData\Local\arduino\cores\7bf7b0ebd1cd5824297d9ecc843c1978\core.a(usb_cdcacm.c.o)
 .data.Device_Property
                0x200003b8       0x30 C:\Users\USER\AppData\Local\arduino\cores\7bf7b0ebd1cd5824297d9ecc843c1978\core.a(usb_cdcacm.c.o)
                0x200003b8                Device_Property
 .data.String_Descriptor
                0x200003e8       0x18 C:\Users\USER\AppData\Local\arduino\cores\7bf7b0ebd1cd5824297d9ecc843c1978\core.a(usb_cdcacm.c.o)
 .data.line_coding
                0x20000400        0x7 C:\Users\USER\AppData\Local\arduino\cores\7bf7b0ebd1cd5824297d9ecc843c1978\core.a(usb_cdcacm.c.o)
 *fill*         0x20000407        0x1 
 .data.Device_Descriptor
                0x20000408        0x8 C:\Users\USER\AppData\Local\arduino\cores\7bf7b0ebd1cd5824297d9ecc843c1978\core.a(usb_cdcacm.c.o)
 .data.Device_Table
                0x20000410        0x2 C:\Users\USER\AppData\Local\arduino\cores\7bf7b0ebd1cd5824297d9ecc843c1978\core.a(usb_cdcacm.c.o)
                0x20000410                Device_Table
 *fill*         0x20000412        0x2 
 .data.impure_data
                0x20000414       0x60 c:/users/user/appdata/local/arduino15/packages/arduino/tools/arm-none-eabi-gcc/4.8.3-2014q1/bin/../lib/gcc/arm-none-eabi/4.8.3/../../../../arm-none-eabi/lib/armv7-m\libc_s.a(lib_a-impure.o)
                0x20000478                . = ALIGN (0x8)
 *fill*         0x20000474        0x4 
                0x20000478                __data_end__ = .

.jcr            0x20000478        0x0 load address 0x08004068
 .jcr           0x20000478        0x0 c:/users/user/appdata/local/arduino15/packages/arduino/tools/arm-none-eabi-gcc/4.8.3-2014q1/bin/../lib/gcc/arm-none-eabi/4.8.3/armv7-m/crtbegin.o

.igot.plt       0x20000478        0x0 load address 0x08004068
 .igot.plt      0x00000000        0x0 c:/users/user/appdata/local/arduino15/packages/arduino/tools/arm-none-eabi-gcc/4.8.3-2014q1/bin/../lib/gcc/arm-none-eabi/4.8.3/armv7-m/crtbegin.o

.rodata         0x08004068      0x4e0
 *(.rodata .rodata.* .gnu.linkonce.r.*)
 .rodata        0x08004068       0x6c C:\Users\USER\AppData\Local\arduino\sketches\452188ACB23955C2F3838071FEF76B93\sketch\Lavadora.ino.cpp.o
 .rodata._ZL12digitCodeMap
                0x080040d4       0x29 C:\Users\USER\AppData\Local\arduino\sketches\452188ACB23955C2F3838071FEF76B93\sketch\SevSeg.cpp.o
 *fill*         0x080040fd        0x3 
 .rodata._ZL10powersOf10
                0x08004100       0x28 C:\Users\USER\AppData\Local\arduino\sketches\452188ACB23955C2F3838071FEF76B93\sketch\SevSeg.cpp.o
 .rodata._ZL10powersOf16
                0x08004128       0x20 C:\Users\USER\AppData\Local\arduino\sketches\452188ACB23955C2F3838071FEF76B93\sketch\SevSeg.cpp.o
 .rodata.PIN_MAP
                0x08004148      0x2e0 C:\Users\USER\AppData\Local\arduino\sketches\452188ACB23955C2F3838071FEF76B93\core\board.cpp.o
                0x08004148                PIN_MAP
 .rodata._ZTV14HardwareSerial
                0x08004428       0x28 C:\Users\USER\AppData\Local\arduino\cores\7bf7b0ebd1cd5824297d9ecc843c1978\core.a(HardwareSerial.cpp.o)
                0x08004428                vtable for HardwareSerial
 .rodata.GPIOB  0x08004450        0x4 C:\Users\USER\AppData\Local\arduino\cores\7bf7b0ebd1cd5824297d9ecc843c1978\core.a(gpio_f1.c.o)
                0x08004450                GPIOB
 .rodata.rcc_dev_table
                0x08004454       0x5c C:\Users\USER\AppData\Local\arduino\cores\7bf7b0ebd1cd5824297d9ecc843c1978\core.a(rcc_f1.c.o)
                0x08004454                rcc_dev_table
 .rodata.masks.4420
                0x080044b0       0x14 C:\Users\USER\AppData\Local\arduino\cores\7bf7b0ebd1cd5824297d9ecc843c1978\core.a(rcc_f1.c.o)
 .rodata.usbVcomDescriptor_iProduct
                0x080044c4        0xc C:\Users\USER\AppData\Local\arduino\cores\7bf7b0ebd1cd5824297d9ecc843c1978\core.a(usb_cdcacm.c.o)
 .rodata.usbVcomDescriptor_iManufacturer
                0x080044d0       0x12 C:\Users\USER\AppData\Local\arduino\cores\7bf7b0ebd1cd5824297d9ecc843c1978\core.a(usb_cdcacm.c.o)
 .rodata.usbVcomDescriptor_Device
                0x080044e2       0x12 C:\Users\USER\AppData\Local\arduino\cores\7bf7b0ebd1cd5824297d9ecc843c1978\core.a(usb_cdcacm.c.o)
 .rodata.usbVcomDescriptor_Config
                0x080044f4       0x43 C:\Users\USER\AppData\Local\arduino\cores\7bf7b0ebd1cd5824297d9ecc843c1978\core.a(usb_cdcacm.c.o)
 .rodata.usbVcomDescriptor_LangID
                0x08004537        0x4 C:\Users\USER\AppData\Local\arduino\cores\7bf7b0ebd1cd5824297d9ecc843c1978\core.a(usb_cdcacm.c.o)
 .rodata.str1.1
                0x0800453b        0x2 c:/users/user/appdata/local/arduino15/packages/arduino/tools/arm-none-eabi-gcc/4.8.3-2014q1/bin/../lib/gcc/arm-none-eabi/4.8.3/../../../../arm-none-eabi/lib/armv7-m\libc_s.a(lib_a-impure.o)
 *fill*         0x0800453d        0x3 
 .rodata._global_impure_ptr
                0x08004540        0x4 c:/users/user/appdata/local/arduino15/packages/arduino/tools/arm-none-eabi-gcc/4.8.3-2014q1/bin/../lib/gcc/arm-none-eabi/4.8.3/../../../../arm-none-eabi/lib/armv7-m\libc_s.a(lib_a-impure.o)
                0x08004540                _global_impure_ptr
 *(.USER_FLASH)
                0x08004544                . = ALIGN (0x4)
                0x08004544                _lm_rom_img_cfgp = .
                0x08004544        0x4 LONG 0x8003bf0 LOADADDR (.data)
                0x20000688                _lm_heap_start = DEFINED (_lm_heap_start)?_lm_heap_start:_end
                0x20005000                _lm_heap_end = DEFINED (_lm_heap_end)?_lm_heap_end:__msp_init

.rel.dyn        0x08004548        0x0
 .rel.iplt      0x00000000        0x0 c:/users/user/appdata/local/arduino15/packages/arduino/tools/arm-none-eabi-gcc/4.8.3-2014q1/bin/../lib/gcc/arm-none-eabi/4.8.3/armv7-m/crtbegin.o

.bss            0x20000478      0x210
                0x20000478                . = ALIGN (0x8)
                0x20000478                __bss_start__ = .
 *(.bss .bss.* .gnu.linkonce.b.*)
 .bss           0x20000478       0x1c c:/users/user/appdata/local/arduino15/packages/arduino/tools/arm-none-eabi-gcc/4.8.3-2014q1/bin/../lib/gcc/arm-none-eabi/4.8.3/armv7-m/crtbegin.o
 .bss.minutos   0x20000494        0x4 C:\Users\USER\AppData\Local\arduino\sketches\452188ACB23955C2F3838071FEF76B93\sketch\Lavadora.ino.cpp.o
                0x20000494                minutos
 .bss.centrifugadoSeleccionado
                0x20000498        0x4 C:\Users\USER\AppData\Local\arduino\sketches\452188ACB23955C2F3838071FEF76B93\sketch\Lavadora.ino.cpp.o
                0x20000498                centrifugadoSeleccionado
 .bss.enjuagueSeleccionado
                0x2000049c        0x4 C:\Users\USER\AppData\Local\arduino\sketches\452188ACB23955C2F3838071FEF76B93\sketch\Lavadora.ino.cpp.o
                0x2000049c                enjuagueSeleccionado
 .bss.horas     0x200004a0        0x4 C:\Users\USER\AppData\Local\arduino\sketches\452188ACB23955C2F3838071FEF76B93\sketch\Lavadora.ino.cpp.o
                0x200004a0                horas
 .bss._ZZ22actualizarTemporizadorvE7endTime
                0x200004a4        0x4 C:\Users\USER\AppData\Local\arduino\sketches\452188ACB23955C2F3838071FEF76B93\sketch\Lavadora.ino.cpp.o
 .bss.contadorLavado
                0x200004a8        0x4 C:\Users\USER\AppData\Local\arduino\sketches\452188ACB23955C2F3838071FEF76B93\sketch\Lavadora.ino.cpp.o
                0x200004a8                contadorLavado
 .bss.contadorAgua
                0x200004ac        0x4 C:\Users\USER\AppData\Local\arduino\sketches\452188ACB23955C2F3838071FEF76B93\sketch\Lavadora.ino.cpp.o
                0x200004ac                contadorAgua
 .bss.nivelAguaSeleccionado
                0x200004b0        0x4 C:\Users\USER\AppData\Local\arduino\sketches\452188ACB23955C2F3838071FEF76B93\sketch\Lavadora.ino.cpp.o
                0x200004b0                nivelAguaSeleccionado
 .bss.tipoLavadoSeleccionado
                0x200004b4        0x4 C:\Users\USER\AppData\Local\arduino\sketches\452188ACB23955C2F3838071FEF76B93\sketch\Lavadora.ino.cpp.o
                0x200004b4                tipoLavadoSeleccionado
 .bss.temperaturaBloqueada
                0x200004b8        0x1 C:\Users\USER\AppData\Local\arduino\sketches\452188ACB23955C2F3838071FEF76B93\sketch\Lavadora.ino.cpp.o
                0x200004b8                temperaturaBloqueada
 *fill*         0x200004b9        0x3 
 .bss.contadorEnjuague
                0x200004bc        0x4 C:\Users\USER\AppData\Local\arduino\sketches\452188ACB23955C2F3838071FEF76B93\sketch\Lavadora.ino.cpp.o
                0x200004bc                contadorEnjuague
 .bss.lastUpdateTime
                0x200004c0        0x4 C:\Users\USER\AppData\Local\arduino\sketches\452188ACB23955C2F3838071FEF76B93\sketch\Lavadora.ino.cpp.o
                0x200004c0                lastUpdateTime
 .bss.sevseg    0x200004c4       0x30 C:\Users\USER\AppData\Local\arduino\sketches\452188ACB23955C2F3838071FEF76B93\sketch\Lavadora.ino.cpp.o
                0x200004c4                sevseg
 .bss.tiempoLavadoSeleccionado
                0x200004f4        0x4 C:\Users\USER\AppData\Local\arduino\sketches\452188ACB23955C2F3838071FEF76B93\sketch\Lavadora.ino.cpp.o
                0x200004f4                tiempoLavadoSeleccionado
 .bss.contadorCentrifugado
                0x200004f8        0x4 C:\Users\USER\AppData\Local\arduino\sketches\452188ACB23955C2F3838071FEF76B93\sketch\Lavadora.ino.cpp.o
                0x200004f8                contadorCentrifugado
 .bss.segundos  0x200004fc        0x4 C:\Users\USER\AppData\Local\arduino\sketches\452188ACB23955C2F3838071FEF76B93\sketch\Lavadora.ino.cpp.o
                0x200004fc                segundos
 .bss._ZZ18cambiarTemperaturavE17estadoTemperatura
                0x20000500        0x4 C:\Users\USER\AppData\Local\arduino\sketches\452188ACB23955C2F3838071FEF76B93\sketch\Lavadora.ino.cpp.o
 .bss.sistemaEncendido
                0x20000504        0x1 C:\Users\USER\AppData\Local\arduino\sketches\452188ACB23955C2F3838071FEF76B93\sketch\Lavadora.ino.cpp.o
                0x20000504                sistemaEncendido
 *fill*         0x20000505        0x3 
 .bss.cantidadSeleccionada
                0x20000508        0x4 C:\Users\USER\AppData\Local\arduino\sketches\452188ACB23955C2F3838071FEF76B93\sketch\Lavadora.ino.cpp.o
                0x20000508                cantidadSeleccionada
 .bss.enMarcha  0x2000050c        0x1 C:\Users\USER\AppData\Local\arduino\sketches\452188ACB23955C2F3838071FEF76B93\sketch\Lavadora.ino.cpp.o
                0x2000050c                enMarcha
 *fill*         0x2000050d        0x3 
 .bss.temperaturaSeleccionada
                0x20000510        0x4 C:\Users\USER\AppData\Local\arduino\sketches\452188ACB23955C2F3838071FEF76B93\sketch\Lavadora.ino.cpp.o
                0x20000510                temperaturaSeleccionada
 .bss.Serial1   0x20000514       0x18 C:\Users\USER\AppData\Local\arduino\sketches\452188ACB23955C2F3838071FEF76B93\core\board.cpp.o
                0x20000514                Serial1
 .bss.Serial2   0x2000052c       0x18 C:\Users\USER\AppData\Local\arduino\sketches\452188ACB23955C2F3838071FEF76B93\core\board.cpp.o
                0x2000052c                Serial2
 .bss.Serial3   0x20000544       0x18 C:\Users\USER\AppData\Local\arduino\sketches\452188ACB23955C2F3838071FEF76B93\core\board.cpp.o
                0x20000544                Serial3
 .bss.exti_channels
                0x2000055c       0x80 C:\Users\USER\AppData\Local\arduino\cores\7bf7b0ebd1cd5824297d9ecc843c1978\core.a(exti.c.o)
                0x2000055c                exti_channels
 .bss.systick_user_callback
                0x200005dc        0x4 C:\Users\USER\AppData\Local\arduino\cores\7bf7b0ebd1cd5824297d9ecc843c1978\core.a(systick.c.o)
 .bss.usart1_wb
                0x200005e0        0xc C:\Users\USER\AppData\Local\arduino\cores\7bf7b0ebd1cd5824297d9ecc843c1978\core.a(usart_f1.c.o)
 .bss.usart1_rb
                0x200005ec        0xc C:\Users\USER\AppData\Local\arduino\cores\7bf7b0ebd1cd5824297d9ecc843c1978\core.a(usart_f1.c.o)
 .bss.usart2_rb
                0x200005f8        0xc C:\Users\USER\AppData\Local\arduino\cores\7bf7b0ebd1cd5824297d9ecc843c1978\core.a(usart_f1.c.o)
 .bss.usart3_rb
                0x20000604        0xc C:\Users\USER\AppData\Local\arduino\cores\7bf7b0ebd1cd5824297d9ecc843c1978\core.a(usart_f1.c.o)
 .bss.usart2_wb
                0x20000610        0xc C:\Users\USER\AppData\Local\arduino\cores\7bf7b0ebd1cd5824297d9ecc843c1978\core.a(usart_f1.c.o)
 .bss.usart3_wb
                0x2000061c        0xc C:\Users\USER\AppData\Local\arduino\cores\7bf7b0ebd1cd5824297d9ecc843c1978\core.a(usart_f1.c.o)
 .bss.line_dtr_rts
                0x20000628        0x1 C:\Users\USER\AppData\Local\arduino\cores\7bf7b0ebd1cd5824297d9ecc843c1978\core.a(usb_cdcacm.c.o)
 *fill*         0x20000629        0x3 
 .bss.tx_head   0x2000062c        0x4 C:\Users\USER\AppData\Local\arduino\cores\7bf7b0ebd1cd5824297d9ecc843c1978\core.a(usb_cdcacm.c.o)
 .bss.transmitting
                0x20000630        0x1 C:\Users\USER\AppData\Local\arduino\cores\7bf7b0ebd1cd5824297d9ecc843c1978\core.a(usb_cdcacm.c.o)
 *fill*         0x20000631        0x3 
 .bss.rx_tail   0x20000634        0x4 C:\Users\USER\AppData\Local\arduino\cores\7bf7b0ebd1cd5824297d9ecc843c1978\core.a(usb_cdcacm.c.o)
 .bss.iface_setup_hook
                0x20000638        0x4 C:\Users\USER\AppData\Local\arduino\cores\7bf7b0ebd1cd5824297d9ecc843c1978\core.a(usb_cdcacm.c.o)
 .bss.rx_head   0x2000063c        0x4 C:\Users\USER\AppData\Local\arduino\cores\7bf7b0ebd1cd5824297d9ecc843c1978\core.a(usb_cdcacm.c.o)
 .bss.tx_tail   0x20000640        0x4 C:\Users\USER\AppData\Local\arduino\cores\7bf7b0ebd1cd5824297d9ecc843c1978\core.a(usb_cdcacm.c.o)
 .bss.Data_Mul_MaxPacketSize
                0x20000644        0x1 C:\Users\USER\AppData\Local\arduino\cores\7bf7b0ebd1cd5824297d9ecc843c1978\core.a(usb_core.c.o)
                0x20000644                Data_Mul_MaxPacketSize
 *(COMMON)
 *fill*         0x20000645        0x3 
 COMMON         0x20000648        0x4 C:\Users\USER\AppData\Local\arduino\cores\7bf7b0ebd1cd5824297d9ecc843c1978\core.a(systick.c.o)
                0x20000648                systick_uptime_millis
 COMMON         0x2000064c        0x6 C:\Users\USER\AppData\Local\arduino\cores\7bf7b0ebd1cd5824297d9ecc843c1978\core.a(usb.c.o)
                0x2000064c                SaveRState
                0x2000064e                SaveTState
                0x20000650                ResumeS
 COMMON         0x20000652        0x2 C:\Users\USER\AppData\Local\arduino\cores\7bf7b0ebd1cd5824297d9ecc843c1978\core.a(usb_core.c.o)
                0x20000652                StatusInfo
 COMMON         0x20000654       0x32 C:\Users\USER\AppData\Local\arduino\cores\7bf7b0ebd1cd5824297d9ecc843c1978\core.a(usb_init.c.o)
                0x20000654                SaveState
                0x20000658                pProperty
                0x2000065c                EPindex
                0x20000660                Device_Info
                0x2000067c                pUser_Standard_Requests
                0x20000680                pInformation
                0x20000684                wInterrupt_Mask
                0x20000688                . = ALIGN (0x8)
 *fill*         0x20000686        0x2 
                0x20000688                __bss_end__ = .
                0x20000688                _end = __bss_end__

.stab
 *(.stab)

.stabstr
 *(.stabstr)

.debug
 *(.debug)

.line
 *(.line)

.debug_srcinfo
 *(.debug_srcinfo)

.debug_sfnames
 *(.debug_sfnames)

.debug_aranges  0x00000000      0xfd8
 *(.debug_aranges)
 .debug_aranges
                0x00000000       0xa0 C:\Users\USER\AppData\Local\arduino\sketches\452188ACB23955C2F3838071FEF76B93\sketch\Lavadora.ino.cpp.o
 .debug_aranges
                0x000000a0       0xa8 C:\Users\USER\AppData\Local\arduino\sketches\452188ACB23955C2F3838071FEF76B93\sketch\SevSeg.cpp.o
 .debug_aranges
                0x00000148       0x28 C:\Users\USER\AppData\Local\arduino\sketches\452188ACB23955C2F3838071FEF76B93\core\board.cpp.o
 .debug_aranges
                0x00000170       0x40 C:\Users\USER\AppData\Local\arduino\sketches\452188ACB23955C2F3838071FEF76B93\core\wirish\boards.cpp.o
 .debug_aranges
                0x000001b0       0x40 C:\Users\USER\AppData\Local\arduino\sketches\452188ACB23955C2F3838071FEF76B93\core\wirish\boards_setup.cpp.o
 .debug_aranges
                0x000001f0       0x20 C:\Users\USER\AppData\Local\arduino\sketches\452188ACB23955C2F3838071FEF76B93\core\wirish\start.S.o
 .debug_aranges
                0x00000210       0x20 C:\Users\USER\AppData\Local\arduino\sketches\452188ACB23955C2F3838071FEF76B93\core\wirish\start_c.c.o
 .debug_aranges
                0x00000230       0x88 C:\Users\USER\AppData\Local\arduino\sketches\452188ACB23955C2F3838071FEF76B93\core\wirish\syscalls.c.o
 .debug_aranges
                0x000002b8       0x70 C:\Users\USER\AppData\Local\arduino\cores\7bf7b0ebd1cd5824297d9ecc843c1978\core.a(HardwareSerial.cpp.o)
 .debug_aranges
                0x00000328      0x110 C:\Users\USER\AppData\Local\arduino\cores\7bf7b0ebd1cd5824297d9ecc843c1978\core.a(Print.cpp.o)
 .debug_aranges
                0x00000438       0x28 C:\Users\USER\AppData\Local\arduino\cores\7bf7b0ebd1cd5824297d9ecc843c1978\core.a(cxxabi-compat.cpp.o)
 .debug_aranges
                0x00000460       0x38 C:\Users\USER\AppData\Local\arduino\cores\7bf7b0ebd1cd5824297d9ecc843c1978\core.a(adc.c.o)
 .debug_aranges
                0x00000498       0x58 C:\Users\USER\AppData\Local\arduino\cores\7bf7b0ebd1cd5824297d9ecc843c1978\core.a(adc_f1.c.o)
 .debug_aranges
                0x000004f0       0xb0 C:\Users\USER\AppData\Local\arduino\cores\7bf7b0ebd1cd5824297d9ecc843c1978\core.a(dma_f1.c.o)
 .debug_aranges
                0x000005a0       0x20 C:\Users\USER\AppData\Local\arduino\cores\7bf7b0ebd1cd5824297d9ecc843c1978\core.a(exc.S.o)
 .debug_aranges
                0x000005c0       0x80 C:\Users\USER\AppData\Local\arduino\cores\7bf7b0ebd1cd5824297d9ecc843c1978\core.a(exti.c.o)
 .debug_aranges
                0x00000640       0x20 C:\Users\USER\AppData\Local\arduino\cores\7bf7b0ebd1cd5824297d9ecc843c1978\core.a(exti_f1.c.o)
 .debug_aranges
                0x00000660       0x20 C:\Users\USER\AppData\Local\arduino\cores\7bf7b0ebd1cd5824297d9ecc843c1978\core.a(flash.c.o)
 .debug_aranges
                0x00000680       0x48 C:\Users\USER\AppData\Local\arduino\cores\7bf7b0ebd1cd5824297d9ecc843c1978\core.a(gpio_f1.c.o)
 .debug_aranges
                0x000006c8       0x50 C:\Users\USER\AppData\Local\arduino\cores\7bf7b0ebd1cd5824297d9ecc843c1978\core.a(i2c_f1.c.o)
 .debug_aranges
                0x00000718       0x38 C:\Users\USER\AppData\Local\arduino\cores\7bf7b0ebd1cd5824297d9ecc843c1978\core.a(nvic.c.o)
 .debug_aranges
                0x00000750       0x48 C:\Users\USER\AppData\Local\arduino\cores\7bf7b0ebd1cd5824297d9ecc843c1978\core.a(rcc.c.o)
 .debug_aranges
                0x00000798       0x48 C:\Users\USER\AppData\Local\arduino\cores\7bf7b0ebd1cd5824297d9ecc843c1978\core.a(rcc_f1.c.o)
 .debug_aranges
                0x000007e0       0x20 C:\Users\USER\AppData\Local\arduino\cores\7bf7b0ebd1cd5824297d9ecc843c1978\core.a(isrs.S.o)
 .debug_aranges
                0x00000800       0x40 C:\Users\USER\AppData\Local\arduino\cores\7bf7b0ebd1cd5824297d9ecc843c1978\core.a(systick.c.o)
 .debug_aranges
                0x00000840       0xb0 C:\Users\USER\AppData\Local\arduino\cores\7bf7b0ebd1cd5824297d9ecc843c1978\core.a(timer.c.o)
 .debug_aranges
                0x000008f0       0x48 C:\Users\USER\AppData\Local\arduino\cores\7bf7b0ebd1cd5824297d9ecc843c1978\core.a(usart.c.o)
 .debug_aranges
                0x00000938       0x50 C:\Users\USER\AppData\Local\arduino\cores\7bf7b0ebd1cd5824297d9ecc843c1978\core.a(usart_f1.c.o)
 .debug_aranges
                0x00000988       0x20 C:\Users\USER\AppData\Local\arduino\cores\7bf7b0ebd1cd5824297d9ecc843c1978\core.a(usart_private.c.o)
 .debug_aranges
                0x000009a8       0x38 C:\Users\USER\AppData\Local\arduino\cores\7bf7b0ebd1cd5824297d9ecc843c1978\core.a(usb.c.o)
 .debug_aranges
                0x000009e0      0x128 C:\Users\USER\AppData\Local\arduino\cores\7bf7b0ebd1cd5824297d9ecc843c1978\core.a(usb_cdcacm.c.o)
 .debug_aranges
                0x00000b08       0x20 C:\Users\USER\AppData\Local\arduino\cores\7bf7b0ebd1cd5824297d9ecc843c1978\core.a(usb_reg_map.c.o)
 .debug_aranges
                0x00000b28       0x98 C:\Users\USER\AppData\Local\arduino\cores\7bf7b0ebd1cd5824297d9ecc843c1978\core.a(usb_core.c.o)
 .debug_aranges
                0x00000bc0       0x20 C:\Users\USER\AppData\Local\arduino\cores\7bf7b0ebd1cd5824297d9ecc843c1978\core.a(usb_init.c.o)
 .debug_aranges
                0x00000be0       0x28 C:\Users\USER\AppData\Local\arduino\cores\7bf7b0ebd1cd5824297d9ecc843c1978\core.a(usb_mem.c.o)
 .debug_aranges
                0x00000c08      0x1f0 C:\Users\USER\AppData\Local\arduino\cores\7bf7b0ebd1cd5824297d9ecc843c1978\core.a(usb_regs.c.o)
 .debug_aranges
                0x00000df8       0x50 C:\Users\USER\AppData\Local\arduino\cores\7bf7b0ebd1cd5824297d9ecc843c1978\core.a(util.c.o)
 .debug_aranges
                0x00000e48       0x28 C:\Users\USER\AppData\Local\arduino\cores\7bf7b0ebd1cd5824297d9ecc843c1978\core.a(main.cpp.o)
 .debug_aranges
                0x00000e70       0x20 C:\Users\USER\AppData\Local\arduino\cores\7bf7b0ebd1cd5824297d9ecc843c1978\core.a(wirish_digital_f1.cpp.o)
 .debug_aranges
                0x00000e90       0x28 C:\Users\USER\AppData\Local\arduino\cores\7bf7b0ebd1cd5824297d9ecc843c1978\core.a(wirish_digital.cpp.o)
 .debug_aranges
                0x00000eb8       0x30 C:\Users\USER\AppData\Local\arduino\cores\7bf7b0ebd1cd5824297d9ecc843c1978\core.a(wirish_time.cpp.o)
 .debug_aranges
                0x00000ee8       0x20 C:\Users\USER\AppData\Local\arduino\cores\7bf7b0ebd1cd5824297d9ecc843c1978\core.a(hooks.c.o)
 .debug_aranges
                0x00000f08       0x28 C:\Users\USER\AppData\Local\arduino\cores\7bf7b0ebd1cd5824297d9ecc843c1978\core.a(dma.c.o)
 .debug_aranges
                0x00000f30       0x20 C:\Users\USER\AppData\Local\arduino\cores\7bf7b0ebd1cd5824297d9ecc843c1978\core.a(gpio.c.o)
 .debug_aranges
                0x00000f50       0x88 C:\Users\USER\AppData\Local\arduino\cores\7bf7b0ebd1cd5824297d9ecc843c1978\core.a(i2c.c.o)

.debug_pubnames
 *(.debug_pubnames)

.debug_info     0x00000000    0x1f89e
 *(.debug_info .gnu.linkonce.wi.*)
 .debug_info    0x00000000     0x1f11 C:\Users\USER\AppData\Local\arduino\sketches\452188ACB23955C2F3838071FEF76B93\sketch\Lavadora.ino.cpp.o
 .debug_info    0x00001f11     0x11a9 C:\Users\USER\AppData\Local\arduino\sketches\452188ACB23955C2F3838071FEF76B93\sketch\SevSeg.cpp.o
 .debug_info    0x000030ba     0x1170 C:\Users\USER\AppData\Local\arduino\sketches\452188ACB23955C2F3838071FEF76B93\core\board.cpp.o
 .debug_info    0x0000422a     0x1409 C:\Users\USER\AppData\Local\arduino\sketches\452188ACB23955C2F3838071FEF76B93\core\wirish\boards.cpp.o
 .debug_info    0x00005633      0x61e C:\Users\USER\AppData\Local\arduino\sketches\452188ACB23955C2F3838071FEF76B93\core\wirish\boards_setup.cpp.o
 .debug_info    0x00005c51       0xde C:\Users\USER\AppData\Local\arduino\sketches\452188ACB23955C2F3838071FEF76B93\core\wirish\start.S.o
 .debug_info    0x00005d2f      0x176 C:\Users\USER\AppData\Local\arduino\sketches\452188ACB23955C2F3838071FEF76B93\core\wirish\start_c.c.o
 .debug_info    0x00005ea5      0x5cd C:\Users\USER\AppData\Local\arduino\sketches\452188ACB23955C2F3838071FEF76B93\core\wirish\syscalls.c.o
 .debug_info    0x00006472     0x29ea C:\Users\USER\AppData\Local\arduino\cores\7bf7b0ebd1cd5824297d9ecc843c1978\core.a(HardwareSerial.cpp.o)
 .debug_info    0x00008e5c     0x258c C:\Users\USER\AppData\Local\arduino\cores\7bf7b0ebd1cd5824297d9ecc843c1978\core.a(Print.cpp.o)
 .debug_info    0x0000b3e8      0x526 C:\Users\USER\AppData\Local\arduino\cores\7bf7b0ebd1cd5824297d9ecc843c1978\core.a(cxxabi-compat.cpp.o)
 .debug_info    0x0000b90e      0x79a C:\Users\USER\AppData\Local\arduino\cores\7bf7b0ebd1cd5824297d9ecc843c1978\core.a(adc.c.o)
 .debug_info    0x0000c0a8      0xe4a C:\Users\USER\AppData\Local\arduino\cores\7bf7b0ebd1cd5824297d9ecc843c1978\core.a(adc_f1.c.o)
 .debug_info    0x0000cef2     0x18b1 C:\Users\USER\AppData\Local\arduino\cores\7bf7b0ebd1cd5824297d9ecc843c1978\core.a(dma_f1.c.o)
 .debug_info    0x0000e7a3       0xc9 C:\Users\USER\AppData\Local\arduino\cores\7bf7b0ebd1cd5824297d9ecc843c1978\core.a(exc.S.o)
 .debug_info    0x0000e86c      0xd3c C:\Users\USER\AppData\Local\arduino\cores\7bf7b0ebd1cd5824297d9ecc843c1978\core.a(exti.c.o)
 .debug_info    0x0000f5a8      0x213 C:\Users\USER\AppData\Local\arduino\cores\7bf7b0ebd1cd5824297d9ecc843c1978\core.a(exti_f1.c.o)
 .debug_info    0x0000f7bb      0x128 C:\Users\USER\AppData\Local\arduino\cores\7bf7b0ebd1cd5824297d9ecc843c1978\core.a(flash.c.o)
 .debug_info    0x0000f8e3      0x715 C:\Users\USER\AppData\Local\arduino\cores\7bf7b0ebd1cd5824297d9ecc843c1978\core.a(gpio_f1.c.o)
 .debug_info    0x0000fff8      0xc25 C:\Users\USER\AppData\Local\arduino\cores\7bf7b0ebd1cd5824297d9ecc843c1978\core.a(i2c_f1.c.o)
 .debug_info    0x00010c1d      0x5a2 C:\Users\USER\AppData\Local\arduino\cores\7bf7b0ebd1cd5824297d9ecc843c1978\core.a(nvic.c.o)
 .debug_info    0x000111bf      0x556 C:\Users\USER\AppData\Local\arduino\cores\7bf7b0ebd1cd5824297d9ecc843c1978\core.a(rcc.c.o)
 .debug_info    0x00011715      0xb64 C:\Users\USER\AppData\Local\arduino\cores\7bf7b0ebd1cd5824297d9ecc843c1978\core.a(rcc_f1.c.o)
 .debug_info    0x00012279       0xde C:\Users\USER\AppData\Local\arduino\cores\7bf7b0ebd1cd5824297d9ecc843c1978\core.a(isrs.S.o)
 .debug_info    0x00012357      0x182 C:\Users\USER\AppData\Local\arduino\cores\7bf7b0ebd1cd5824297d9ecc843c1978\core.a(systick.c.o)
 .debug_info    0x000124d9     0x197d C:\Users\USER\AppData\Local\arduino\cores\7bf7b0ebd1cd5824297d9ecc843c1978\core.a(timer.c.o)
 .debug_info    0x00013e56      0xc32 C:\Users\USER\AppData\Local\arduino\cores\7bf7b0ebd1cd5824297d9ecc843c1978\core.a(usart.c.o)
 .debug_info    0x00014a88      0xb89 C:\Users\USER\AppData\Local\arduino\cores\7bf7b0ebd1cd5824297d9ecc843c1978\core.a(usart_f1.c.o)
 .debug_info    0x00015611      0x595 C:\Users\USER\AppData\Local\arduino\cores\7bf7b0ebd1cd5824297d9ecc843c1978\core.a(usart_private.c.o)
 .debug_info    0x00015ba6      0xd16 C:\Users\USER\AppData\Local\arduino\cores\7bf7b0ebd1cd5824297d9ecc843c1978\core.a(usb.c.o)
 .debug_info    0x000168bc     0x22d2 C:\Users\USER\AppData\Local\arduino\cores\7bf7b0ebd1cd5824297d9ecc843c1978\core.a(usb_cdcacm.c.o)
 .debug_info    0x00018b8e      0x26c C:\Users\USER\AppData\Local\arduino\cores\7bf7b0ebd1cd5824297d9ecc843c1978\core.a(usb_reg_map.c.o)
 .debug_info    0x00018dfa      0xddf C:\Users\USER\AppData\Local\arduino\cores\7bf7b0ebd1cd5824297d9ecc843c1978\core.a(usb_core.c.o)
 .debug_info    0x00019bd9      0x3ed C:\Users\USER\AppData\Local\arduino\cores\7bf7b0ebd1cd5824297d9ecc843c1978\core.a(usb_init.c.o)
 .debug_info    0x00019fc6      0x183 C:\Users\USER\AppData\Local\arduino\cores\7bf7b0ebd1cd5824297d9ecc843c1978\core.a(usb_mem.c.o)
 .debug_info    0x0001a149      0xc88 C:\Users\USER\AppData\Local\arduino\cores\7bf7b0ebd1cd5824297d9ecc843c1978\core.a(usb_regs.c.o)
 .debug_info    0x0001add1      0xad2 C:\Users\USER\AppData\Local\arduino\cores\7bf7b0ebd1cd5824297d9ecc843c1978\core.a(util.c.o)
 .debug_info    0x0001b8a3       0x99 C:\Users\USER\AppData\Local\arduino\cores\7bf7b0ebd1cd5824297d9ecc843c1978\core.a(main.cpp.o)
 .debug_info    0x0001b93c      0xc8a C:\Users\USER\AppData\Local\arduino\cores\7bf7b0ebd1cd5824297d9ecc843c1978\core.a(wirish_digital_f1.cpp.o)
 .debug_info    0x0001c5c6      0xb0b C:\Users\USER\AppData\Local\arduino\cores\7bf7b0ebd1cd5824297d9ecc843c1978\core.a(wirish_digital.cpp.o)
 .debug_info    0x0001d0d1      0x2be C:\Users\USER\AppData\Local\arduino\cores\7bf7b0ebd1cd5824297d9ecc843c1978\core.a(wirish_time.cpp.o)
 .debug_info    0x0001d38f       0x33 C:\Users\USER\AppData\Local\arduino\cores\7bf7b0ebd1cd5824297d9ecc843c1978\core.a(hooks.c.o)
 .debug_info    0x0001d3c2      0x6f7 C:\Users\USER\AppData\Local\arduino\cores\7bf7b0ebd1cd5824297d9ecc843c1978\core.a(dma.c.o)
 .debug_info    0x0001dab9      0x313 C:\Users\USER\AppData\Local\arduino\cores\7bf7b0ebd1cd5824297d9ecc843c1978\core.a(gpio.c.o)
 .debug_info    0x0001ddcc     0x1ad2 C:\Users\USER\AppData\Local\arduino\cores\7bf7b0ebd1cd5824297d9ecc843c1978\core.a(i2c.c.o)

.debug_abbrev   0x00000000     0x60dd
 *(.debug_abbrev)
 .debug_abbrev  0x00000000      0x408 C:\Users\USER\AppData\Local\arduino\sketches\452188ACB23955C2F3838071FEF76B93\sketch\Lavadora.ino.cpp.o
 .debug_abbrev  0x00000408      0x450 C:\Users\USER\AppData\Local\arduino\sketches\452188ACB23955C2F3838071FEF76B93\sketch\SevSeg.cpp.o
 .debug_abbrev  0x00000858      0x275 C:\Users\USER\AppData\Local\arduino\sketches\452188ACB23955C2F3838071FEF76B93\core\board.cpp.o
 .debug_abbrev  0x00000acd      0x3dd C:\Users\USER\AppData\Local\arduino\sketches\452188ACB23955C2F3838071FEF76B93\core\wirish\boards.cpp.o
 .debug_abbrev  0x00000eaa      0x196 C:\Users\USER\AppData\Local\arduino\sketches\452188ACB23955C2F3838071FEF76B93\core\wirish\boards_setup.cpp.o
 .debug_abbrev  0x00001040       0x14 C:\Users\USER\AppData\Local\arduino\sketches\452188ACB23955C2F3838071FEF76B93\core\wirish\start.S.o
 .debug_abbrev  0x00001054      0x11f C:\Users\USER\AppData\Local\arduino\sketches\452188ACB23955C2F3838071FEF76B93\core\wirish\start_c.c.o
 .debug_abbrev  0x00001173      0x17e C:\Users\USER\AppData\Local\arduino\sketches\452188ACB23955C2F3838071FEF76B93\core\wirish\syscalls.c.o
 .debug_abbrev  0x000012f1      0x535 C:\Users\USER\AppData\Local\arduino\cores\7bf7b0ebd1cd5824297d9ecc843c1978\core.a(HardwareSerial.cpp.o)
 .debug_abbrev  0x00001826      0x414 C:\Users\USER\AppData\Local\arduino\cores\7bf7b0ebd1cd5824297d9ecc843c1978\core.a(Print.cpp.o)
 .debug_abbrev  0x00001c3a      0x163 C:\Users\USER\AppData\Local\arduino\cores\7bf7b0ebd1cd5824297d9ecc843c1978\core.a(cxxabi-compat.cpp.o)
 .debug_abbrev  0x00001d9d      0x20b C:\Users\USER\AppData\Local\arduino\cores\7bf7b0ebd1cd5824297d9ecc843c1978\core.a(adc.c.o)
 .debug_abbrev  0x00001fa8      0x2e6 C:\Users\USER\AppData\Local\arduino\cores\7bf7b0ebd1cd5824297d9ecc843c1978\core.a(adc_f1.c.o)
 .debug_abbrev  0x0000228e      0x3e9 C:\Users\USER\AppData\Local\arduino\cores\7bf7b0ebd1cd5824297d9ecc843c1978\core.a(dma_f1.c.o)
 .debug_abbrev  0x00002677       0x14 C:\Users\USER\AppData\Local\arduino\cores\7bf7b0ebd1cd5824297d9ecc843c1978\core.a(exc.S.o)
 .debug_abbrev  0x0000268b      0x286 C:\Users\USER\AppData\Local\arduino\cores\7bf7b0ebd1cd5824297d9ecc843c1978\core.a(exti.c.o)
 .debug_abbrev  0x00002911       0xdb C:\Users\USER\AppData\Local\arduino\cores\7bf7b0ebd1cd5824297d9ecc843c1978\core.a(exti_f1.c.o)
 .debug_abbrev  0x000029ec       0x9f C:\Users\USER\AppData\Local\arduino\cores\7bf7b0ebd1cd5824297d9ecc843c1978\core.a(flash.c.o)
 .debug_abbrev  0x00002a8b      0x191 C:\Users\USER\AppData\Local\arduino\cores\7bf7b0ebd1cd5824297d9ecc843c1978\core.a(gpio_f1.c.o)
 .debug_abbrev  0x00002c1c      0x20b C:\Users\USER\AppData\Local\arduino\cores\7bf7b0ebd1cd5824297d9ecc843c1978\core.a(i2c_f1.c.o)
 .debug_abbrev  0x00002e27      0x1ac C:\Users\USER\AppData\Local\arduino\cores\7bf7b0ebd1cd5824297d9ecc843c1978\core.a(nvic.c.o)
 .debug_abbrev  0x00002fd3      0x17f C:\Users\USER\AppData\Local\arduino\cores\7bf7b0ebd1cd5824297d9ecc843c1978\core.a(rcc.c.o)
 .debug_abbrev  0x00003152      0x28c C:\Users\USER\AppData\Local\arduino\cores\7bf7b0ebd1cd5824297d9ecc843c1978\core.a(rcc_f1.c.o)
 .debug_abbrev  0x000033de       0x14 C:\Users\USER\AppData\Local\arduino\cores\7bf7b0ebd1cd5824297d9ecc843c1978\core.a(isrs.S.o)
 .debug_abbrev  0x000033f2      0x10f C:\Users\USER\AppData\Local\arduino\cores\7bf7b0ebd1cd5824297d9ecc843c1978\core.a(systick.c.o)
 .debug_abbrev  0x00003501      0x4c8 C:\Users\USER\AppData\Local\arduino\cores\7bf7b0ebd1cd5824297d9ecc843c1978\core.a(timer.c.o)
 .debug_abbrev  0x000039c9      0x2ff C:\Users\USER\AppData\Local\arduino\cores\7bf7b0ebd1cd5824297d9ecc843c1978\core.a(usart.c.o)
 .debug_abbrev  0x00003cc8      0x2ad C:\Users\USER\AppData\Local\arduino\cores\7bf7b0ebd1cd5824297d9ecc843c1978\core.a(usart_f1.c.o)
 .debug_abbrev  0x00003f75      0x144 C:\Users\USER\AppData\Local\arduino\cores\7bf7b0ebd1cd5824297d9ecc843c1978\core.a(usart_private.c.o)
 .debug_abbrev  0x000040b9      0x352 C:\Users\USER\AppData\Local\arduino\cores\7bf7b0ebd1cd5824297d9ecc843c1978\core.a(usb.c.o)
 .debug_abbrev  0x0000440b      0x47d C:\Users\USER\AppData\Local\arduino\cores\7bf7b0ebd1cd5824297d9ecc843c1978\core.a(usb_cdcacm.c.o)
 .debug_abbrev  0x00004888      0x193 C:\Users\USER\AppData\Local\arduino\cores\7bf7b0ebd1cd5824297d9ecc843c1978\core.a(usb_reg_map.c.o)
 .debug_abbrev  0x00004a1b      0x3a6 C:\Users\USER\AppData\Local\arduino\cores\7bf7b0ebd1cd5824297d9ecc843c1978\core.a(usb_core.c.o)
 .debug_abbrev  0x00004dc1      0x101 C:\Users\USER\AppData\Local\arduino\cores\7bf7b0ebd1cd5824297d9ecc843c1978\core.a(usb_init.c.o)
 .debug_abbrev  0x00004ec2       0xa6 C:\Users\USER\AppData\Local\arduino\cores\7bf7b0ebd1cd5824297d9ecc843c1978\core.a(usb_mem.c.o)
 .debug_abbrev  0x00004f68      0x1f3 C:\Users\USER\AppData\Local\arduino\cores\7bf7b0ebd1cd5824297d9ecc843c1978\core.a(usb_regs.c.o)
 .debug_abbrev  0x0000515b      0x2cb C:\Users\USER\AppData\Local\arduino\cores\7bf7b0ebd1cd5824297d9ecc843c1978\core.a(util.c.o)
 .debug_abbrev  0x00005426       0x7b C:\Users\USER\AppData\Local\arduino\cores\7bf7b0ebd1cd5824297d9ecc843c1978\core.a(main.cpp.o)
 .debug_abbrev  0x000054a1      0x240 C:\Users\USER\AppData\Local\arduino\cores\7bf7b0ebd1cd5824297d9ecc843c1978\core.a(wirish_digital_f1.cpp.o)
 .debug_abbrev  0x000056e1      0x17e C:\Users\USER\AppData\Local\arduino\cores\7bf7b0ebd1cd5824297d9ecc843c1978\core.a(wirish_digital.cpp.o)
 .debug_abbrev  0x0000585f      0x196 C:\Users\USER\AppData\Local\arduino\cores\7bf7b0ebd1cd5824297d9ecc843c1978\core.a(wirish_time.cpp.o)
 .debug_abbrev  0x000059f5       0x26 C:\Users\USER\AppData\Local\arduino\cores\7bf7b0ebd1cd5824297d9ecc843c1978\core.a(hooks.c.o)
 .debug_abbrev  0x00005a1b      0x182 C:\Users\USER\AppData\Local\arduino\cores\7bf7b0ebd1cd5824297d9ecc843c1978\core.a(dma.c.o)
 .debug_abbrev  0x00005b9d      0x113 C:\Users\USER\AppData\Local\arduino\cores\7bf7b0ebd1cd5824297d9ecc843c1978\core.a(gpio.c.o)
 .debug_abbrev  0x00005cb0      0x42d C:\Users\USER\AppData\Local\arduino\cores\7bf7b0ebd1cd5824297d9ecc843c1978\core.a(i2c.c.o)

.debug_line     0x00000000     0xa9f8
 *(.debug_line)
 .debug_line    0x00000000      0x6fc C:\Users\USER\AppData\Local\arduino\sketches\452188ACB23955C2F3838071FEF76B93\sketch\Lavadora.ino.cpp.o
 .debug_line    0x000006fc      0x688 C:\Users\USER\AppData\Local\arduino\sketches\452188ACB23955C2F3838071FEF76B93\sketch\SevSeg.cpp.o
 .debug_line    0x00000d84      0x462 C:\Users\USER\AppData\Local\arduino\sketches\452188ACB23955C2F3838071FEF76B93\core\board.cpp.o
 .debug_line    0x000011e6      0x4c1 C:\Users\USER\AppData\Local\arduino\sketches\452188ACB23955C2F3838071FEF76B93\core\wirish\boards.cpp.o
 .debug_line    0x000016a7      0x3b4 C:\Users\USER\AppData\Local\arduino\sketches\452188ACB23955C2F3838071FEF76B93\core\wirish\boards_setup.cpp.o
 .debug_line    0x00001a5b       0xaf C:\Users\USER\AppData\Local\arduino\sketches\452188ACB23955C2F3838071FEF76B93\core\wirish\start.S.o
 .debug_line    0x00001b0a       0xc0 C:\Users\USER\AppData\Local\arduino\sketches\452188ACB23955C2F3838071FEF76B93\core\wirish\start_c.c.o
 .debug_line    0x00001bca      0x303 C:\Users\USER\AppData\Local\arduino\sketches\452188ACB23955C2F3838071FEF76B93\core\wirish\syscalls.c.o
 .debug_line    0x00001ecd      0x557 C:\Users\USER\AppData\Local\arduino\cores\7bf7b0ebd1cd5824297d9ecc843c1978\core.a(HardwareSerial.cpp.o)