Archive member included because of file (symbol)

C:\Users\USER\AppData\Local\arduino\cores\7bf7b0ebd1cd5824297d9ecc843c1978\core.a(HardwareSerial.cpp.o)
                              C:\Users\USER\AppData\Local\arduino\sketches\2BAB38D00533073E3C590E5FE08F9F0A\core\board.cpp.o (HardwareSerial::HardwareSerial(usart_dev*, unsigned char, unsigned char))
C:\Users\USER\AppData\Local\arduino\cores\7bf7b0ebd1cd5824297d9ecc843c1978\core.a(Print.cpp.o)
                              C:\Users\USER\AppData\Local\arduino\cores\7bf7b0ebd1cd5824297d9ecc843c1978\core.a(HardwareSerial.cpp.o) (Print::write(void const*, unsigned long))
C:\Users\USER\AppData\Local\arduino\cores\7bf7b0ebd1cd5824297d9ecc843c1978\core.a(cxxabi-compat.cpp.o)
                              C:\Users\USER\AppData\Local\arduino\cores\7bf7b0ebd1cd5824297d9ecc843c1978\core.a(HardwareSerial.cpp.o) (__cxa_pure_virtual)
C:\Users\USER\AppData\Local\arduino\cores\7bf7b0ebd1cd5824297d9ecc843c1978\core.a(adc.c.o)
                              C:\Users\USER\AppData\Local\arduino\sketches\2BAB38D00533073E3C590E5FE08F9F0A\core\wirish\boards.cpp.o (adc_set_sample_rate)
C:\Users\USER\AppData\Local\arduino\cores\7bf7b0ebd1cd5824297d9ecc843c1978\core.a(adc_f1.c.o)
                              (__irq_adc)
C:\Users\USER\AppData\Local\arduino\cores\7bf7b0ebd1cd5824297d9ecc843c1978\core.a(dma_f1.c.o)
                              (__irq_dma1_channel1)
C:\Users\USER\AppData\Local\arduino\cores\7bf7b0ebd1cd5824297d9ecc843c1978\core.a(exc.S.o)
                              (__exc_nmi)
C:\Users\USER\AppData\Local\arduino\cores\7bf7b0ebd1cd5824297d9ecc843c1978\core.a(exti.c.o)
                              (__irq_exti0)
C:\Users\USER\AppData\Local\arduino\cores\7bf7b0ebd1cd5824297d9ecc843c1978\core.a(exti_f1.c.o)
                              C:\Users\USER\AppData\Local\arduino\cores\7bf7b0ebd1cd5824297d9ecc843c1978\core.a(exti.c.o) (exti_select)
C:\Users\USER\AppData\Local\arduino\cores\7bf7b0ebd1cd5824297d9ecc843c1978\core.a(flash.c.o)
                              C:\Users\USER\AppData\Local\arduino\sketches\2BAB38D00533073E3C590E5FE08F9F0A\core\wirish\boards.cpp.o (flash_set_latency)
C:\Users\USER\AppData\Local\arduino\cores\7bf7b0ebd1cd5824297d9ecc843c1978\core.a(gpio_f1.c.o)
                              C:\Users\USER\AppData\Local\arduino\sketches\2BAB38D00533073E3C590E5FE08F9F0A\core\wirish\boards_setup.cpp.o (gpio_init_all)
C:\Users\USER\AppData\Local\arduino\cores\7bf7b0ebd1cd5824297d9ecc843c1978\core.a(i2c_f1.c.o)
                              (__irq_i2c1_ev)
C:\Users\USER\AppData\Local\arduino\cores\7bf7b0ebd1cd5824297d9ecc843c1978\core.a(nvic.c.o)
                              C:\Users\USER\AppData\Local\arduino\cores\7bf7b0ebd1cd5824297d9ecc843c1978\core.a(i2c_f1.c.o) (nvic_irq_set_priority)
C:\Users\USER\AppData\Local\arduino\cores\7bf7b0ebd1cd5824297d9ecc843c1978\core.a(rcc.c.o)
                              C:\Users\USER\AppData\Local\arduino\sketches\2BAB38D00533073E3C590E5FE08F9F0A\core\wirish\boards.cpp.o (rcc_switch_sysclk)
C:\Users\USER\AppData\Local\arduino\cores\7bf7b0ebd1cd5824297d9ecc843c1978\core.a(rcc_f1.c.o)
                              C:\Users\USER\AppData\Local\arduino\sketches\2BAB38D00533073E3C590E5FE08F9F0A\core\wirish\boards.cpp.o (rcc_configure_pll)
C:\Users\USER\AppData\Local\arduino\cores\7bf7b0ebd1cd5824297d9ecc843c1978\core.a(isrs.S.o)
                              (__stm32reservedexception7)
C:\Users\USER\AppData\Local\arduino\cores\7bf7b0ebd1cd5824297d9ecc843c1978\core.a(vector_table.S.o)
                              (__stm32_vector_table)
C:\Users\USER\AppData\Local\arduino\cores\7bf7b0ebd1cd5824297d9ecc843c1978\core.a(systick.c.o)
                              C:\Users\USER\AppData\Local\arduino\sketches\2BAB38D00533073E3C590E5FE08F9F0A\core\wirish\boards.cpp.o (systick_init)
C:\Users\USER\AppData\Local\arduino\cores\7bf7b0ebd1cd5824297d9ecc843c1978\core.a(timer.c.o)
                              C:\Users\USER\AppData\Local\arduino\sketches\2BAB38D00533073E3C590E5FE08F9F0A\core\wirish\boards.cpp.o (timer_foreach)
C:\Users\USER\AppData\Local\arduino\cores\7bf7b0ebd1cd5824297d9ecc843c1978\core.a(usart.c.o)
                              C:\Users\USER\AppData\Local\arduino\cores\7bf7b0ebd1cd5824297d9ecc843c1978\core.a(HardwareSerial.cpp.o) (usart_init)
C:\Users\USER\AppData\Local\arduino\cores\7bf7b0ebd1cd5824297d9ecc843c1978\core.a(usart_f1.c.o)
                              C:\Users\USER\AppData\Local\arduino\cores\7bf7b0ebd1cd5824297d9ecc843c1978\core.a(HardwareSerial.cpp.o) (usart_config_gpios_async)
C:\Users\USER\AppData\Local\arduino\cores\7bf7b0ebd1cd5824297d9ecc843c1978\core.a(usart_private.c.o)
                              C:\Users\USER\AppData\Local\arduino\cores\7bf7b0ebd1cd5824297d9ecc843c1978\core.a(usart_f1.c.o) (_usart_clock_freq)
C:\Users\USER\AppData\Local\arduino\cores\7bf7b0ebd1cd5824297d9ecc843c1978\core.a(usb.c.o)
                              (__irq_usb_lp_can_rx0)
[...]
Memory Configuration

Name             Origin             Length             Attributes
ram              0x20000000         0x00005000         xrw
rom              0x08000000         0x00020000         xr
*default*        0x00000000         0xffffffff

Linker script and memory map

LOAD c:/users/user/appdata/local/arduino15/packages/arduino/tools/arm-none-eabi-gcc/4.8.3-2014q1/bin/../lib/gcc/arm-none-eabi/4.8.3/armv7-m/crti.o
LOAD c:/users/user/appdata/local/arduino15/packages/arduino/tools/arm-none-eabi-gcc/4.8.3-2014q1/bin/../lib/gcc/arm-none-eabi/4.8.3/armv7-m/crtbegin.o
LOAD c:/users/user/appdata/local/arduino15/packages/arduino/tools/arm-none-eabi-gcc/4.8.3-2014q1/bin/../lib/gcc/arm-none-eabi/4.8.3/../../../../arm-none-eabi/lib/armv7-m/crt0.o
LOAD c:/users/user/appdata/local/arduino15/packages/arduino/tools/arm-none-eabi-gcc/4.8.3-2014q1/bin/../lib/gcc/arm-none-eabi/4.8.3/armv7-m\libgcc.a
START GROUP
LOAD C:\Users\USER\AppData\Local\arduino\sketches\2BAB38D00533073E3C590E5FE08F9F0A\sketch\Proyecto_Lavadora.ino.cpp.o
LOAD C:\Users\USER\AppData\Local\arduino\sketches\2BAB38D00533073E3C590E5FE08F9F0A\sketch\SevSeg.cpp.o
LOAD C:\Users\USER\AppData\Local\arduino\sketches\2BAB38D00533073E3C590E5FE08F9F0A\core\board.cpp.o
LOAD C:\Users\USER\AppData\Local\arduino\sketches\2BAB38D00533073E3C590E5FE08F9F0A\core\wirish\boards.cpp.o
LOAD C:\Users\USER\AppData\Local\arduino\sketches\2BAB38D00533073E3C590E5FE08F9F0A\core\wirish\boards_setup.cpp.o
LOAD C:\Users\USER\AppData\Local\arduino\sketches\2BAB38D00533073E3C590E5FE08F9F0A\core\wirish\start.S.o
LOAD C:\Users\USER\AppData\Local\arduino\sketches\2BAB38D00533073E3C590E5FE08F9F0A\core\wirish\start_c.c.o
LOAD C:\Users\USER\AppData\Local\arduino\sketches\2BAB38D00533073E3C590E5FE08F9F0A\core\wirish\syscalls.c.o
LOAD C:\Users\USER\AppData\Local\arduino\cores\7bf7b0ebd1cd5824297d9ecc843c1978\core.a
END GROUP
LOAD c:/users/user/appdata/local/arduino15/packages/arduino/tools/arm-none-eabi-gcc/4.8.3-2014q1/bin/../lib/gcc/arm-none-eabi/4.8.3/../../../../arm-none-eabi/lib/armv7-m\libstdc++_s.a
LOAD c:/users/user/appdata/local/arduino15/packages/arduino/tools/arm-none-eabi-gcc/4.8.3-2014q1/bin/../lib/gcc/arm-none-eabi/4.8.3/../../../../arm-none-eabi/lib/armv7-m\libm.a
START GROUP
LOAD c:/users/user/appdata/local/arduino15/packages/arduino/tools/arm-none-eabi-gcc/4.8.3-2014q1/bin/../lib/gcc/arm-none-eabi/4.8.3/armv7-m\libgcc.a
LOAD c:/users/user/appdata/local/arduino15/packages/arduino/tools/arm-none-eabi-gcc/4.8.3-2014q1/bin/../lib/gcc/arm-none-eabi/4.8.3/../../../../arm-none-eabi/lib/armv7-m\libc_s.a
END GROUP
START GROUP
LOAD c:/users/user/appdata/local/arduino15/packages/arduino/tools/arm-none-eabi-gcc/4.8.3-2014q1/bin/../lib/gcc/arm-none-eabi/4.8.3/armv7-m\libgcc.a
LOAD c:/users/user/appdata/local/arduino15/packages/arduino/tools/arm-none-eabi-gcc/4.8.3-2014q1/bin/../lib/gcc/arm-none-eabi/4.8.3/../../../../arm-none-eabi/lib/armv7-m\libc_s.a
END GROUP
LOAD c:/users/user/appdata/local/arduino15/packages/arduino/tools/arm-none-eabi-gcc/4.8.3-2014q1/bin/../lib/gcc/arm-none-eabi/4.8.3/armv7-m/crtend.o
LOAD c:/users/user/appdata/local/arduino15/packages/arduino/tools/arm-none-eabi-gcc/4.8.3-2014q1/bin/../lib/gcc/arm-none-eabi/4.8.3/armv7-m/crtn.o
START GROUP
LOAD c:/users/user/appdata/local/arduino15/packages/arduino/tools/arm-none-eabi-gcc/4.8.3-2014q1/bin/../lib/gcc/arm-none-eabi/4.8.3/armv7-m\libgcc.a
LOAD c:/users/user/appdata/local/arduino15/packages/arduino/tools/arm-none-eabi-gcc/4.8.3-2014q1/bin/../lib/gcc/arm-none-eabi/4.8.3/../../../../arm-none-eabi/lib/armv7-m\libc.a
LOAD c:/users/user/appdata/local/arduino15/packages/arduino/tools/arm-none-eabi-gcc/4.8.3-2014q1/bin/../lib/gcc/arm-none-eabi/4.8.3/../../../../arm-none-eabi/lib/armv7-m\libm.a
END GROUP
START GROUP
LOAD c:/users/user/appdata/local/arduino15/packages/arduino/tools/arm-none-eabi-gcc/4.8.3-2014q1/bin/../lib/gcc/arm-none-eabi/4.8.3/../../../../arm-none-eabi/lib/armv7-m\libnosys.a
END GROUP
                0x20005000                PROVIDE (__msp_init, (ORIGIN (ram) + 0x5000))
                0x08000958                PROVIDE (__exc_reset, __start__)

.text           0x08000000     0x308c
                0x08000000                __text_start__ = .
 *(.stm32.interrupt_vector)
 .stm32.interrupt_vector
                0x08000000       0xec C:\Users\USER\AppData\Local\arduino\cores\7bf7b0ebd1cd5824297d9ecc843c1978\core.a(vector_table.S.o)
                0x08000000                __stm32_vector_table
 *(.text .text.* .gnu.linkonce.t.*)
 .text          0x080000ec       0x54 c:/users/user/appdata/local/arduino15/packages/arduino/tools/arm-none-eabi-gcc/4.8.3-2014q1/bin/../lib/gcc/arm-none-eabi/4.8.3/armv7-m/crtbegin.o
 .text._Z5setupv
                0x08000140       0x68 C:\Users\USER\AppData\Local\arduino\sketches\2BAB38D00533073E3C590E5FE08F9F0A\sketch\Proyecto_Lavadora.ino.cpp.o
                0x08000140                setup()
 .text._Z16ManejarEncendidov
                0x080001a8       0x48 C:\Users\USER\AppData\Local\arduino\sketches\2BAB38D00533073E3C590E5FE08F9F0A\sketch\Proyecto_Lavadora.ino.cpp.o
                0x080001a8                ManejarEncendido()
 .text._Z12ManejarPausav
                0x080001f0       0x48 C:\Users\USER\AppData\Local\arduino\sketches\2BAB38D00533073E3C590E5FE08F9F0A\sketch\Proyecto_Lavadora.ino.cpp.o
                0x080001f0                ManejarPausa()
 .text._Z16ActualizarTiempov
                0x08000238       0x58 C:\Users\USER\AppData\Local\arduino\sketches\2BAB38D00533073E3C590E5FE08F9F0A\sketch\Proyecto_Lavadora.ino.cpp.o
                0x08000238                ActualizarTiempo()
 .text._Z18ActualizarDisplaysv
                0x08000290       0x34 C:\Users\USER\AppData\Local\arduino\sketches\2BAB38D00533073E3C590E5FE08F9F0A\sketch\Proyecto_Lavadora.ino.cpp.o
                0x08000290                ActualizarDisplays()
 .text._Z4loopv
                0x080002c4       0x2c C:\Users\USER\AppData\Local\arduino\sketches\2BAB38D00533073E3C590E5FE08F9F0A\sketch\Proyecto_Lavadora.ino.cpp.o
                0x080002c4                loop()
 .text.startup._GLOBAL__sub_I_displayPrincipal
                0x080002f0        0xc C:\Users\USER\AppData\Local\arduino\sketches\2BAB38D00533073E3C590E5FE08F9F0A\sketch\Proyecto_Lavadora.ino.cpp.o
 .text._ZN6SevSegC2Ev
                0x080002fc       0x1a C:\Users\USER\AppData\Local\arduino\sketches\2BAB38D00533073E3C590E5FE08F9F0A\sketch\SevSeg.cpp.o
                0x080002fc                SevSeg::SevSeg()
                0x080002fc                SevSeg::SevSeg()
 .text._ZN6SevSeg9segmentOnEh
                0x08000316       0x34 C:\Users\USER\AppData\Local\arduino\sketches\2BAB38D00533073E3C590E5FE08F9F0A\sketch\SevSeg.cpp.o
                0x08000316                SevSeg::segmentOn(unsigned char)
 .text._ZN6SevSeg10segmentOffEh
                0x0800034a       0x2e C:\Users\USER\AppData\Local\arduino\sketches\2BAB38D00533073E3C590E5FE08F9F0A\sketch\SevSeg.cpp.o
                0x0800034a                SevSeg::segmentOff(unsigned char)
 .text._ZN6SevSeg7digitOnEh
                0x08000378       0x30 C:\Users\USER\AppData\Local\arduino\sketches\2BAB38D00533073E3C590E5FE08F9F0A\sketch\SevSeg.cpp.o
                0x08000378                SevSeg::digitOn(unsigned char)
 .text._ZN6SevSeg8digitOffEh
                0x080003a8       0x2e C:\Users\USER\AppData\Local\arduino\sketches\2BAB38D00533073E3C590E5FE08F9F0A\sketch\SevSeg.cpp.o
                0x080003a8                SevSeg::digitOff(unsigned char)
 *fill*         0x080003d6        0x2 
 .text._ZN6SevSeg14refreshDisplayEv
                0x080003d8      0x11c C:\Users\USER\AppData\Local\arduino\sketches\2BAB38D00533073E3C590E5FE08F9F0A\sketch\SevSeg.cpp.o
                0x080003d8                SevSeg::refreshDisplay()
 .text._ZN6SevSeg13setBrightnessEs
                0x080004f4       0x54 C:\Users\USER\AppData\Local\arduino\sketches\2BAB38D00533073E3C590E5FE08F9F0A\sketch\SevSeg.cpp.o
                0x080004f4                SevSeg::setBrightness(short)
 .text._ZN6SevSeg5blankEv
                0x08000548       0x2c C:\Users\USER\AppData\Local\arduino\sketches\2BAB38D00533073E3C590E5FE08F9F0A\sketch\SevSeg.cpp.o
                0x08000548                SevSeg::blank()
 .text._ZN6SevSeg5beginEhhPKhS1_bbbb
                0x08000574       0xdc C:\Users\USER\AppData\Local\arduino\sketches\2BAB38D00533073E3C590E5FE08F9F0A\sketch\SevSeg.cpp.o
                0x08000574                SevSeg::begin(unsigned char, unsigned char, unsigned char const*, unsigned char const*, bool, bool, bool, bool)
 .text._ZN6SevSeg10findDigitsElabPh
                0x08000650       0xa4 C:\Users\USER\AppData\Local\arduino\sketches\2BAB38D00533073E3C590E5FE08F9F0A\sketch\SevSeg.cpp.o
                0x08000650                SevSeg::findDigits(long, signed char, bool, unsigned char*)
 .text._ZN6SevSeg13setDigitCodesEPKha
                0x080006f4       0x34 C:\Users\USER\AppData\Local\arduino\sketches\2BAB38D00533073E3C590E5FE08F9F0A\sketch\SevSeg.cpp.o
                0x080006f4                SevSeg::setDigitCodes(unsigned char const*, signed char)
 .text._ZN6SevSeg9setNewNumElab
                0x08000728       0x1c C:\Users\USER\AppData\Local\arduino\sketches\2BAB38D00533073E3C590E5FE08F9F0A\sketch\SevSeg.cpp.o
                0x08000728                SevSeg::setNewNum(long, signed char, bool)
 .text._ZN6SevSeg9setNumberElab
                0x08000744        0x4 C:\Users\USER\AppData\Local\arduino\sketches\2BAB38D00533073E3C590E5FE08F9F0A\sketch\SevSeg.cpp.o
                0x08000744                SevSeg::setNumber(long, signed char, bool)
 .text._Z9boardInitv
                0x08000748       0x30 C:\Users\USER\AppData\Local\arduino\sketches\2BAB38D00533073E3C590E5FE08F9F0A\core\board.cpp.o
                0x08000748                boardInit()
 .text.startup._GLOBAL__sub_I__Z9boardInitv
                0x08000778       0x48 C:\Users\USER\AppData\Local\arduino\sketches\2BAB38D00533073E3C590E5FE08F9F0A\core\board.cpp.o
 .text._ZL18adc_default_configP7adc_dev
                0x080007c0       0x1c C:\Users\USER\AppData\Local\arduino\sketches\2BAB38D00533073E3C590E5FE08F9F0A\core\wirish\boards.cpp.o
 .text._ZL20timer_default_configP9timer_dev
                0x080007dc       0x9e C:\Users\USER\AppData\Local\arduino\sketches\2BAB38D00533073E3C590E5FE08F9F0A\core\wirish\boards.cpp.o
 *fill*         0x0800087a        0x2 
 .text._Z4initv
                0x0800087c       0xa8 C:\Users\USER\AppData\Local\arduino\sketches\2BAB38D00533073E3C590E5FE08F9F0A\core\wirish\boards.cpp.o
                0x0800087c                init()
 .text._ZN6wirish4priv15board_reset_pllEv
                0x08000924        0x2 C:\Users\USER\AppData\Local\arduino\sketches\2BAB38D00533073E3C590E5FE08F9F0A\core\wirish\boards_setup.cpp.o
                0x08000924                wirish::priv::board_reset_pll()
 .text._ZN6wirish4priv28board_setup_clock_prescalersEv
                0x08000926       0x26 C:\Users\USER\AppData\Local\arduino\sketches\2BAB38D00533073E3C590E5FE08F9F0A\core\wirish\boards_setup.cpp.o
                0x08000926                wirish::priv::board_setup_clock_prescalers()
 .text._ZN6wirish4priv16board_setup_gpioEv
                0x0800094c        0x4 C:\Users\USER\AppData\Local\arduino\sketches\2BAB38D00533073E3C590E5FE08F9F0A\core\wirish\boards_setup.cpp.o
                0x0800094c                wirish::priv::board_setup_gpio()
 .text._ZN6wirish4priv15board_setup_usbEv
                0x08000950        0x2 C:\Users\USER\AppData\Local\arduino\sketches\2BAB38D00533073E3C590E5FE08F9F0A\core\wirish\boards_setup.cpp.o
                0x08000950                wirish::priv::board_setup_usb()
 .text._ZN6wirish4priv11series_initEv
                0x08000952        0x4 C:\Users\USER\AppData\Local\arduino\sketches\2BAB38D00533073E3C590E5FE08F9F0A\core\wirish\boards_setup.cpp.o
                0x08000952                wirish::priv::series_init()
 *fill*         0x08000956        0x2 
 .text          0x08000958       0x10 C:\Users\USER\AppData\Local\arduino\sketches\2BAB38D00533073E3C590E5FE08F9F0A\core\wirish\start.S.o
                0x08000958                __start__
 .text.start_c  0x08000968       0x64 C:\Users\USER\AppData\Local\arduino\sketches\2BAB38D00533073E3C590E5FE08F9F0A\core\wirish\start_c.c.o
                0x08000968                start_c
 .text._exit    0x080009cc        0x2 C:\Users\USER\AppData\Local\arduino\sketches\2BAB38D00533073E3C590E5FE08F9F0A\core\wirish\syscalls.c.o
                0x080009cc                _exit
 .text.rb_full_count
                0x080009ce       0x22 C:\Users\USER\AppData\Local\arduino\cores\7bf7b0ebd1cd5824297d9ecc843c1978\core.a(HardwareSerial.cpp.o)
 .text._ZN14HardwareSerial4readEv
                0x080009f0       0x3a C:\Users\USER\AppData\Local\arduino\cores\7bf7b0ebd1cd5824297d9ecc843c1978\core.a(HardwareSerial.cpp.o)
                0x080009f0                HardwareSerial::read()
 .text._ZN14HardwareSerial9availableEv
                0x08000a2a        0xc C:\Users\USER\AppData\Local\arduino\cores\7bf7b0ebd1cd5824297d9ecc843c1978\core.a(HardwareSerial.cpp.o)
                0x08000a2a                HardwareSerial::available()
 .text._ZN14HardwareSerial4peekEv
                0x08000a36       0x22 C:\Users\USER\AppData\Local\arduino\cores\7bf7b0ebd1cd5824297d9ecc843c1978\core.a(HardwareSerial.cpp.o)
                0x08000a36                HardwareSerial::peek()
 .text._ZN14HardwareSerial5flushEv
                0x08000a58       0x1a C:\Users\USER\AppData\Local\arduino\cores\7bf7b0ebd1cd5824297d9ecc843c1978\core.a(HardwareSerial.cpp.o)
                0x08000a58                HardwareSerial::flush()
 .text._ZN14HardwareSerial5writeEh
                0x08000a72       0x1e C:\Users\USER\AppData\Local\arduino\cores\7bf7b0ebd1cd5824297d9ecc843c1978\core.a(HardwareSerial.cpp.o)
                0x08000a72                HardwareSerial::write(unsigned char)
 .text._ZN14HardwareSerialC2EP9usart_devhh
                0x08000a90       0x1c C:\Users\USER\AppData\Local\arduino\cores\7bf7b0ebd1cd5824297d9ecc843c1978\core.a(HardwareSerial.cpp.o)
                0x08000a90                HardwareSerial::HardwareSerial(usart_dev*, unsigned char, unsigned char)
                0x08000a90                HardwareSerial::HardwareSerial(usart_dev*, unsigned char, unsigned char)
 .text._ZN5Print5writeEPKvm
                0x08000aac       0x20 C:\Users\USER\AppData\Local\arduino\cores\7bf7b0ebd1cd5824297d9ecc843c1978\core.a(Print.cpp.o)
                0x08000aac                Print::write(void const*, unsigned long)
 .text._ZN5Print5writeEPKc
                0x08000acc       0x1e C:\Users\USER\AppData\Local\arduino\cores\7bf7b0ebd1cd5824297d9ecc843c1978\core.a(Print.cpp.o)
                0x08000acc                Print::write(char const*)
 .text.adc_init
                0x08000aea       0x14 C:\Users\USER\AppData\Local\arduino\cores\7bf7b0ebd1cd5824297d9ecc843c1978\core.a(adc.c.o)
                0x08000aea                adc_init
 .text.adc_set_extsel
                0x08000afe       0x12 C:\Users\USER\AppData\Local\arduino\cores\7bf7b0ebd1cd5824297d9ecc843c1978\core.a(adc.c.o)
                0x08000afe                adc_set_extsel
 .text.adc_set_sample_rate
                0x08000b10       0x30 C:\Users\USER\AppData\Local\arduino\cores\7bf7b0ebd1cd5824297d9ecc843c1978\core.a(adc.c.o)
                0x08000b10                adc_set_sample_rate
 .text.__irq_adc
                0x08000b40       0x50 C:\Users\USER\AppData\Local\arduino\cores\7bf7b0ebd1cd5824297d9ecc843c1978\core.a(adc_f1.c.o)
                0x08000b40                __irq_adc
 .text.adc_calibrate
                0x08000b90       0x24 C:\Users\USER\AppData\Local\arduino\cores\7bf7b0ebd1cd5824297d9ecc843c1978\core.a(adc_f1.c.o)
                0x08000b90                adc_calibrate
 .text.adc_set_prescaler
                0x08000bb4        0x8 C:\Users\USER\AppData\Local\arduino\cores\7bf7b0ebd1cd5824297d9ecc843c1978\core.a(adc_f1.c.o)
                0x08000bb4                adc_set_prescaler
 .text.adc_foreach
                0x08000bbc       0x1c C:\Users\USER\AppData\Local\arduino\cores\7bf7b0ebd1cd5824297d9ecc843c1978\core.a(adc_f1.c.o)
                0x08000bbc                adc_foreach
 .text.adc_enable_single_swstart
                0x08000bd8       0x36 C:\Users\USER\AppData\Local\arduino\cores\7bf7b0ebd1cd5824297d9ecc843c1978\core.a(adc_f1.c.o)
                0x08000bd8                adc_enable_single_swstart
 .text.dma_irq_handler
                0x08000c0e       0x1c C:\Users\USER\AppData\Local\arduino\cores\7bf7b0ebd1cd5824297d9ecc843c1978\core.a(dma_f1.c.o)
 *fill*         0x08000c2a        0x2 
 .text.__irq_dma1_channel1
                0x08000c2c       0x10 C:\Users\USER\AppData\Local\arduino\cores\7bf7b0ebd1cd5824297d9ecc843c1978\core.a(dma_f1.c.o)
                0x08000c2c                __irq_dma1_channel1
 .text.__irq_dma1_channel2
                0x08000c3c       0x10 C:\Users\USER\AppData\Local\arduino\cores\7bf7b0ebd1cd5824297d9ecc843c1978\core.a(dma_f1.c.o)
                0x08000c3c                __irq_dma1_channel2
 .text.__irq_dma1_channel3
                0x08000c4c       0x10 C:\Users\USER\AppData\Local\arduino\cores\7bf7b0ebd1cd5824297d9ecc843c1978\core.a(dma_f1.c.o)
                0x08000c4c                __irq_dma1_channel3
 .text.__irq_dma1_channel4
                0x08000c5c       0x10 C:\Users\USER\AppData\Local\arduino\cores\7bf7b0ebd1cd5824297d9ecc843c1978\core.a(dma_f1.c.o)
                0x08000c5c                __irq_dma1_channel4
 .text.__irq_dma1_channel5
                0x08000c6c       0x10 C:\Users\USER\AppData\Local\arduino\cores\7bf7b0ebd1cd5824297d9ecc843c1978\core.a(dma_f1.c.o)
                0x08000c6c                __irq_dma1_channel5
 .text.__irq_dma1_channel6
                0x08000c7c       0x10 C:\Users\USER\AppData\Local\arduino\cores\7bf7b0ebd1cd5824297d9ecc843c1978\core.a(dma_f1.c.o)
                0x08000c7c                __irq_dma1_channel6
 .text.__irq_dma1_channel7
                0x08000c8c       0x10 C:\Users\USER\AppData\Local\arduino\cores\7bf7b0ebd1cd5824297d9ecc843c1978\core.a(dma_f1.c.o)
                0x08000c8c                __irq_dma1_channel7
 *fill*         0x08000c9c        0x4 
 .text          0x08000ca0       0x60 C:\Users\USER\AppData\Local\arduino\cores\7bf7b0ebd1cd5824297d9ecc843c1978\core.a(exc.S.o)
                0x08000ca0                __exc_nmi
                0x08000ca4                __exc_hardfault
                0x08000ca8                __exc_memmanage
                0x08000cac                __exc_busfault
                0x08000cb0                __exc_usagefault
 .text.dispatch_single_exti
                0x08000d00       0x2c C:\Users\USER\AppData\Local\arduino\cores\7bf7b0ebd1cd5824297d9ecc843c1978\core.a(exti.c.o)
                0x08000d00                dispatch_single_exti
 .text.dispatch_extis
                0x08000d2c       0x4c C:\Users\USER\AppData\Local\arduino\cores\7bf7b0ebd1cd5824297d9ecc843c1978\core.a(exti.c.o)
                0x08000d2c                dispatch_extis
 .text.__irq_exti0
                0x08000d78        0x6 C:\Users\USER\AppData\Local\arduino\cores\7bf7b0ebd1cd5824297d9ecc843c1978\core.a(exti.c.o)
                0x08000d78                __irq_exti0
 .text.__irq_exti1
                0x08000d7e        0x6 C:\Users\USER\AppData\Local\arduino\cores\7bf7b0ebd1cd5824297d9ecc843c1978\core.a(exti.c.o)
                0x08000d7e                __irq_exti1
 .text.__irq_exti2
                0x08000d84        0x6 C:\Users\USER\AppData\Local\arduino\cores\7bf7b0ebd1cd5824297d9ecc843c1978\core.a(exti.c.o)
                0x08000d84                __irq_exti2
 .text.__irq_exti3
                0x08000d8a        0x6 C:\Users\USER\AppData\Local\arduino\cores\7bf7b0ebd1cd5824297d9ecc843c1978\core.a(exti.c.o)
                0x08000d8a                __irq_exti3
 .text.__irq_exti4
                0x08000d90        0x6 C:\Users\USER\AppData\Local\arduino\cores\7bf7b0ebd1cd5824297d9ecc843c1978\core.a(exti.c.o)
                0x08000d90                __irq_exti4
 .text.__irq_exti9_5
                0x08000d96        0x8 C:\Users\USER\AppData\Local\arduino\cores\7bf7b0ebd1cd5824297d9ecc843c1978\core.a(exti.c.o)
                0x08000d96                __irq_exti9_5
 .text.__irq_exti15_10
                0x08000d9e        0x8 C:\Users\USER\AppData\Local\arduino\cores\7bf7b0ebd1cd5824297d9ecc843c1978\core.a(exti.c.o)
                0x08000d9e                __irq_exti15_10
 *fill*         0x08000da6        0x2 
 .text.flash_set_latency
                0x08000da8       0x14 C:\Users\USER\AppData\Local\arduino\cores\7bf7b0ebd1cd5824297d9ecc843c1978\core.a(flash.c.o)
                0x08000da8                flash_set_latency
 .text.gpio_init_all
                0x08000dbc       0x30 C:\Users\USER\AppData\Local\arduino\cores\7bf7b0ebd1cd5824297d9ecc843c1978\core.a(gpio_f1.c.o)
                0x08000dbc                gpio_init_all
 .text.gpio_set_mode
                0x08000dec       0x50 C:\Users\USER\AppData\Local\arduino\cores\7bf7b0ebd1cd5824297d9ecc843c1978\core.a(gpio_f1.c.o)
                0x08000dec                gpio_set_mode
 .text.afio_init
                0x08000e3c       0x12 C:\Users\USER\AppData\Local\arduino\cores\7bf7b0ebd1cd5824297d9ecc843c1978\core.a(gpio_f1.c.o)
                0x08000e3c                afio_init
 *fill*         0x08000e4e        0x2 
 .text.afio_remap
                0x08000e50       0x20 C:\Users\USER\AppData\Local\arduino\cores\7bf7b0ebd1cd5824297d9ecc843c1978\core.a(gpio_f1.c.o)
                0x08000e50                afio_remap
 .text.__irq_i2c1_ev
                0x08000e70        0xc C:\Users\USER\AppData\Local\arduino\cores\7bf7b0ebd1cd5824297d9ecc843c1978\core.a(i2c_f1.c.o)
                0x08000e70                __irq_i2c1_ev
 .text.__irq_i2c2_ev
                0x08000e7c        0xc C:\Users\USER\AppData\Local\arduino\cores\7bf7b0ebd1cd5824297d9ecc843c1978\core.a(i2c_f1.c.o)
                0x08000e7c                __irq_i2c2_ev
 .text.__irq_i2c1_er
                0x08000e88        0xc C:\Users\USER\AppData\Local\arduino\cores\7bf7b0ebd1cd5824297d9ecc843c1978\core.a(i2c_f1.c.o)
                0x08000e88                __irq_i2c1_er
 .text.__irq_i2c2_er
                0x08000e94        0xc C:\Users\USER\AppData\Local\arduino\cores\7bf7b0ebd1cd5824297d9ecc843c1978\core.a(i2c_f1.c.o)
                0x08000e94                __irq_i2c2_er
 .text.nvic_irq_set_priority
                0x08000ea0       0x28 C:\Users\USER\AppData\Local\arduino\cores\7bf7b0ebd1cd5824297d9ecc843c1978\core.a(nvic.c.o)
                0x08000ea0                nvic_irq_set_priority
 .text.nvic_init
                0x08000ec8       0x30 C:\Users\USER\AppData\Local\arduino\cores\7bf7b0ebd1cd5824297d9ecc843c1978\core.a(nvic.c.o)
                0x08000ec8                nvic_init
 .text.rcc_dev_clk
                0x08000ef8        0xc C:\Users\USER\AppData\Local\arduino\cores\7bf7b0ebd1cd5824297d9ecc843c1978\core.a(rcc.c.o)
                0x08000ef8                rcc_dev_clk
 .text.rcc_switch_sysclk
                0x08000f04       0x20 C:\Users\USER\AppData\Local\arduino\cores\7bf7b0ebd1cd5824297d9ecc843c1978\core.a(rcc.c.o)
                0x08000f04                rcc_switch_sysclk
 .text.rcc_turn_on_clk
                0x08000f24       0x1a C:\Users\USER\AppData\Local\arduino\cores\7bf7b0ebd1cd5824297d9ecc843c1978\core.a(rcc.c.o)
                0x08000f24                rcc_turn_on_clk
 .text.rcc_turn_off_clk
                0x08000f3e       0x1c C:\Users\USER\AppData\Local\arduino\cores\7bf7b0ebd1cd5824297d9ecc843c1978\core.a(rcc.c.o)
                0x08000f3e                rcc_turn_off_clk
 .text.rcc_is_clk_ready
                0x08000f5a       0x18 C:\Users\USER\AppData\Local\arduino\cores\7bf7b0ebd1cd5824297d9ecc843c1978\core.a(rcc.c.o)
                0x08000f5a                rcc_is_clk_ready
 *fill*         0x08000f72        0x2 
 .text.rcc_configure_pll
                0x08000f74       0x18 C:\Users\USER\AppData\Local\arduino\cores\7bf7b0ebd1cd5824297d9ecc843c1978\core.a(rcc_f1.c.o)
                0x08000f74                rcc_configure_pll
 .text.rcc_clk_enable
                0x08000f8c       0x30 C:\Users\USER\AppData\Local\arduino\cores\7bf7b0ebd1cd5824297d9ecc843c1978\core.a(rcc_f1.c.o)
                0x08000f8c                rcc_clk_enable
 .text.rcc_reset_dev
                0x08000fbc       0x34 C:\Users\USER\AppData\Local\arduino\cores\7bf7b0ebd1cd5824297d9ecc843c1978\core.a(rcc_f1.c.o)
                0x08000fbc                rcc_reset_dev
 .text.rcc_set_prescaler
                0x08000ff0       0x20 C:\Users\USER\AppData\Local\arduino\cores\7bf7b0ebd1cd5824297d9ecc843c1978\core.a(rcc_f1.c.o)
                0x08000ff0                rcc_set_prescaler
 .text.rcc_clk_disable
                0x08001010       0x30 C:\Users\USER\AppData\Local\arduino\cores\7bf7b0ebd1cd5824297d9ecc843c1978\core.a(rcc_f1.c.o)
                0x08001010                rcc_clk_disable
 .text          0x08001040        0x2 C:\Users\USER\AppData\Local\arduino\cores\7bf7b0ebd1cd5824297d9ecc843c1978\core.a(isrs.S.o)
                0x08001040                __stm32reservedexception9
                0x08001040                __exc_debug_monitor
                0x08001040                __exc_svc
                0x08001040                __irq_can_rx1
                0x08001040                __irq_spi2
                0x08001040                __irq_can_sce
                0x08001040                __irq_pvd
                0x08001040                __irq_tamper
                0x08001040                __default_handler
                0x08001040                __irq_wwdg
                0x08001040                __stm32reservedexception10
                0x08001040                __irq_flash
                0x08001040                __stm32reservedexception13
                0x08001040                __irq_rtc
                0x08001040                __irq_spi1
                0x08001040                __stm32reservedexception7
                0x08001040                __irq_usb_hp_can_tx
                0x08001040                __irq_rtcalarm
                0x08001040                __stm32reservedexception8
                0x08001040                __exc_pendsv
                0x08001040                __irq_usbwakeup
                0x08001040                __irq_rcc
 *fill*         0x08001042        0x2 
 .text.systick_init
                0x08001044       0x10 C:\Users\USER\AppData\Local\arduino\cores\7bf7b0ebd1cd5824297d9ecc843c1978\core.a(systick.c.o)
                0x08001044                systick_init
 .text.__exc_systick
                0x08001054       0x1c C:\Users\USER\AppData\Local\arduino\cores\7bf7b0ebd1cd5824297d9ecc843c1978\core.a(systick.c.o)
                0x08001054                __exc_systick
 .text.timer_oc_set_mode
                0x08001070       0x3a C:\Users\USER\AppData\Local\arduino\cores\7bf7b0ebd1cd5824297d9ecc843c1978\core.a(timer.c.o)
 .text.dispatch_general
                0x080010aa       0x66 C:\Users\USER\AppData\Local\arduino\cores\7bf7b0ebd1cd5824297d9ecc843c1978\core.a(timer.c.o)
 .text.timer_cc_enable
                0x08001110       0x1c C:\Users\USER\AppData\Local\arduino\cores\7bf7b0ebd1cd5824297d9ecc843c1978\core.a(timer.c.o)
 .text.timer_foreach
                0x0800112c       0x28 C:\Users\USER\AppData\Local\arduino\cores\7bf7b0ebd1cd5824297d9ecc843c1978\core.a(timer.c.o)
                0x0800112c                timer_foreach
 .text.timer_init
                0x08001154       0x14 C:\Users\USER\AppData\Local\arduino\cores\7bf7b0ebd1cd5824297d9ecc843c1978\core.a(timer.c.o)
                0x08001154                timer_init
 .text.timer_has_cc_channel
                0x08001168       0x30 C:\Users\USER\AppData\Local\arduino\cores\7bf7b0ebd1cd5824297d9ecc843c1978\core.a(timer.c.o)
                0x08001168                timer_has_cc_channel
 .text.timer_detach_interrupt
                0x08001198       0x1e C:\Users\USER\AppData\Local\arduino\cores\7bf7b0ebd1cd5824297d9ecc843c1978\core.a(timer.c.o)
                0x08001198                timer_detach_interrupt
 .text.input_capture_mode
                0x080011b6       0x1a C:\Users\USER\AppData\Local\arduino\cores\7bf7b0ebd1cd5824297d9ecc843c1978\core.a(timer.c.o)
                0x080011b6                input_capture_mode
 .text.timer_set_mode
                0x080011d0       0x8c C:\Users\USER\AppData\Local\arduino\cores\7bf7b0ebd1cd5824297d9ecc843c1978\core.a(timer.c.o)
                0x080011d0                timer_set_mode
 .text.__irq_tim1_brk
                0x0800125c       0x24 C:\Users\USER\AppData\Local\arduino\cores\7bf7b0ebd1cd5824297d9ecc843c1978\core.a(timer.c.o)
                0x0800125c                __irq_tim1_brk
 .text.__irq_tim1_up
                0x08001280       0x24 C:\Users\USER\AppData\Local\arduino\cores\7bf7b0ebd1cd5824297d9ecc843c1978\core.a(timer.c.o)
                0x08001280                __irq_tim1_up
 .text.__irq_tim1_trg_com
                0x080012a4       0x34 C:\Users\USER\AppData\Local\arduino\cores\7bf7b0ebd1cd5824297d9ecc843c1978\core.a(timer.c.o)
                0x080012a4                __irq_tim1_trg_com
 .text.__irq_tim1_cc
                0x080012d8       0x50 C:\Users\USER\AppData\Local\arduino\cores\7bf7b0ebd1cd5824297d9ecc843c1978\core.a(timer.c.o)
                0x080012d8                __irq_tim1_cc
 .text.__irq_tim2
                0x08001328        0xc C:\Users\USER\AppData\Local\arduino\cores\7bf7b0ebd1cd5824297d9ecc843c1978\core.a(timer.c.o)
                0x08001328                __irq_tim2
 .text.__irq_tim3
                0x08001334        0xc C:\Users\USER\AppData\Local\arduino\cores\7bf7b0ebd1cd5824297d9ecc843c1978\core.a(timer.c.o)
                0x08001334                __irq_tim3
 .text.__irq_tim4
                0x08001340        0xc C:\Users\USER\AppData\Local\arduino\cores\7bf7b0ebd1cd5824297d9ecc843c1978\core.a(timer.c.o)
                0x08001340                __irq_tim4
 .text.usart_tx
                0x0800134c       0x9c C:\Users\USER\AppData\Local\arduino\cores\7bf7b0ebd1cd5824297d9ecc843c1978\core.a(usart.c.o)
                0x0800134c                usart_tx
 .text.usart_irq
                0x080013e8       0xc8 C:\Users\USER\AppData\Local\arduino\cores\7bf7b0ebd1cd5824297d9ecc843c1978\core.a(usart_f1.c.o)
 .text.__irq_usart1
                0x080014b0       0x18 C:\Users\USER\AppData\Local\arduino\cores\7bf7b0ebd1cd5824297d9ecc843c1978\core.a(usart_f1.c.o)
                0x080014b0                __irq_usart1
 .text.__irq_usart2
                0x080014c8       0x18 C:\Users\USER\AppData\Local\arduino\cores\7bf7b0ebd1cd5824297d9ecc843c1978\core.a(usart_f1.c.o)
                0x080014c8                __irq_usart2
 .text.__irq_usart3
                0x080014e0       0x18 C:\Users\USER\AppData\Local\arduino\cores\7bf7b0ebd1cd5824297d9ecc843c1978\core.a(usart_f1.c.o)
                0x080014e0                __irq_usart3
 .text.usb_resume
                0x080014f8       0xb4 C:\Users\USER\AppData\Local\arduino\cores\7bf7b0ebd1cd5824297d9ecc843c1978\core.a(usb.c.o)
 .text.__irq_usb_lp_can_rx0
                0x080015ac      0x1c8 C:\Users\USER\AppData\Local\arduino\cores\7bf7b0ebd1cd5824297d9ecc843c1978\core.a(usb.c.o)
                0x080015ac                __irq_usb_lp_can_rx0
 .text.usb_set_ep_rx_stat
                0x08001774       0x22 C:\Users\USER\AppData\Local\arduino\cores\7bf7b0ebd1cd5824297d9ecc843c1978\core.a(usb_cdcacm.c.o)
 *fill*         0x08001796        0x2 
 .text.vcomGetSetLineCoding
                0x08001798       0x18 C:\Users\USER\AppData\Local\arduino\cores\7bf7b0ebd1cd5824297d9ecc843c1978\core.a(usb_cdcacm.c.o)
 .text.usbDataSetup
                0x080017b0       0x54 C:\Users\USER\AppData\Local\arduino\cores\7bf7b0ebd1cd5824297d9ecc843c1978\core.a(usb_cdcacm.c.o)
 .text.usbNoDataSetup
                0x08001804       0x50 C:\Users\USER\AppData\Local\arduino\cores\7bf7b0ebd1cd5824297d9ecc843c1978\core.a(usb_cdcacm.c.o)
 .text.usbGetInterfaceSetting
                0x08001854       0x10 C:\Users\USER\AppData\Local\arduino\cores\7bf7b0ebd1cd5824297d9ecc843c1978\core.a(usb_cdcacm.c.o)
 .text.usbGetStringDescriptor
                0x08001864       0x20 C:\Users\USER\AppData\Local\arduino\cores\7bf7b0ebd1cd5824297d9ecc843c1978\core.a(usb_cdcacm.c.o)
 .text.usbGetConfigDescriptor
                0x08001884        0xc C:\Users\USER\AppData\Local\arduino\cores\7bf7b0ebd1cd5824297d9ecc843c1978\core.a(usb_cdcacm.c.o)
 .text.usbGetDeviceDescriptor
                0x08001890        0xc C:\Users\USER\AppData\Local\arduino\cores\7bf7b0ebd1cd5824297d9ecc843c1978\core.a(usb_cdcacm.c.o)
 .text.usbInit  0x0800189c       0x44 C:\Users\USER\AppData\Local\arduino\cores\7bf7b0ebd1cd5824297d9ecc843c1978\core.a(usb_cdcacm.c.o)
 .text.usbReset
                0x080018e0      0x160 C:\Users\USER\AppData\Local\arduino\cores\7bf7b0ebd1cd5824297d9ecc843c1978\core.a(usb_cdcacm.c.o)
 .text.usb_set_ep_rx_count
                0x08001a40       0x4c C:\Users\USER\AppData\Local\arduino\cores\7bf7b0ebd1cd5824297d9ecc843c1978\core.a(usb_reg_map.c.o)
                0x08001a40                usb_set_ep_rx_count
 .text.Standard_GetConfiguration
                0x08001a8c       0x24 C:\Users\USER\AppData\Local\arduino\cores\7bf7b0ebd1cd5824297d9ecc843c1978\core.a(usb_core.c.o)
                0x08001a8c                Standard_GetConfiguration
 .text.Standard_GetInterface
                0x08001ab0       0x24 C:\Users\USER\AppData\Local\arduino\cores\7bf7b0ebd1cd5824297d9ecc843c1978\core.a(usb_core.c.o)
                0x08001ab0                Standard_GetInterface
 .text.Standard_GetStatus
                0x08001ad4       0x90 C:\Users\USER\AppData\Local\arduino\cores\7bf7b0ebd1cd5824297d9ecc843c1978\core.a(usb_core.c.o)
                0x08001ad4                Standard_GetStatus
 .text.DataStageIn
                0x08001b64       0xa8 C:\Users\USER\AppData\Local\arduino\cores\7bf7b0ebd1cd5824297d9ecc843c1978\core.a(usb_core.c.o)
 .text.Standard_SetConfiguration
                0x08001c0c       0x38 C:\Users\USER\AppData\Local\arduino\cores\7bf7b0ebd1cd5824297d9ecc843c1978\core.a(usb_core.c.o)
                0x08001c0c                Standard_SetConfiguration
 .text.Standard_SetInterface
                0x08001c44       0x48 C:\Users\USER\AppData\Local\arduino\cores\7bf7b0ebd1cd5824297d9ecc843c1978\core.a(usb_core.c.o)
                0x08001c44                Standard_SetInterface
 .text.Standard_ClearFeature
                0x08001c8c       0xd0 C:\Users\USER\AppData\Local\arduino\cores\7bf7b0ebd1cd5824297d9ecc843c1978\core.a(usb_core.c.o)
                0x08001c8c                Standard_ClearFeature
 .text.Standard_SetEndPointFeature
                0x08001d5c       0x84 C:\Users\USER\AppData\Local\arduino\cores\7bf7b0ebd1cd5824297d9ecc843c1978\core.a(usb_core.c.o)
                0x08001d5c                Standard_SetEndPointFeature
 .text.Standard_SetDeviceFeature
                0x08001de0       0x24 C:\Users\USER\AppData\Local\arduino\cores\7bf7b0ebd1cd5824297d9ecc843c1978\core.a(usb_core.c.o)
                0x08001de0                Standard_SetDeviceFeature
 .text.Standard_GetDescriptorData
                0x08001e04       0x1c C:\Users\USER\AppData\Local\arduino\cores\7bf7b0ebd1cd5824297d9ecc843c1978\core.a(usb_core.c.o)
                0x08001e04                Standard_GetDescriptorData
 .text.Post0_Process
                0x08001e20       0x40 C:\Users\USER\AppData\Local\arduino\cores\7bf7b0ebd1cd5824297d9ecc843c1978\core.a(usb_core.c.o)
                0x08001e20                Post0_Process
 .text.Setup0_Process
                0x08001e60      0x2d0 C:\Users\USER\AppData\Local\arduino\cores\7bf7b0ebd1cd5824297d9ecc843c1978\core.a(usb_core.c.o)
                0x08001e60                Setup0_Process
 .text.Out0_Process
                0x08002130       0xc8 C:\Users\USER\AppData\Local\arduino\cores\7bf7b0ebd1cd5824297d9ecc843c1978\core.a(usb_core.c.o)
                0x08002130                Out0_Process
 .text.SetDeviceAddress
                0x080021f8       0x38 C:\Users\USER\AppData\Local\arduino\cores\7bf7b0ebd1cd5824297d9ecc843c1978\core.a(usb_core.c.o)
                0x080021f8                SetDeviceAddress
 .text.In0_Process
                0x08002230       0x5c C:\Users\USER\AppData\Local\arduino\cores\7bf7b0ebd1cd5824297d9ecc843c1978\core.a(usb_core.c.o)
                0x08002230                In0_Process
 .text.NOP_Process
                0x0800228c        0x2 C:\Users\USER\AppData\Local\arduino\cores\7bf7b0ebd1cd5824297d9ecc843c1978\core.a(usb_core.c.o)
                0x0800228c                NOP_Process
 .text.UserToPMABufferCopy
                0x0800228e       0x30 C:\Users\USER\AppData\Local\arduino\cores\7bf7b0ebd1cd5824297d9ecc843c1978\core.a(usb_mem.c.o)
                0x0800228e                UserToPMABufferCopy
 .text.PMAToUserBufferCopy
                0x080022be       0x32 C:\Users\USER\AppData\Local\arduino\cores\7bf7b0ebd1cd5824297d9ecc843c1978\core.a(usb_mem.c.o)
                0x080022be                PMAToUserBufferCopy
 .text.SetEPTxStatus
                0x080022f0       0x2a C:\Users\USER\AppData\Local\arduino\cores\7bf7b0ebd1cd5824297d9ecc843c1978\core.a(usb_regs.c.o)
                0x080022f0                SetEPTxStatus
 .text.ClearDTOG_RX
                0x0800231a       0x20 C:\Users\USER\AppData\Local\arduino\cores\7bf7b0ebd1cd5824297d9ecc843c1978\core.a(usb_regs.c.o)
                0x0800231a                ClearDTOG_RX
 .text.ClearDTOG_TX
                0x0800233a       0x20 C:\Users\USER\AppData\Local\arduino\cores\7bf7b0ebd1cd5824297d9ecc843c1978\core.a(usb_regs.c.o)
                0x0800233a                ClearDTOG_TX
 *fill*         0x0800235a        0x2 
 .text.GetEPTxAddr
                0x0800235c       0x1c C:\Users\USER\AppData\Local\arduino\cores\7bf7b0ebd1cd5824297d9ecc843c1978\core.a(usb_regs.c.o)
                0x0800235c                GetEPTxAddr
 .text.GetEPRxAddr
                0x08002378       0x1c C:\Users\USER\AppData\Local\arduino\cores\7bf7b0ebd1cd5824297d9ecc843c1978\core.a(usb_regs.c.o)
                0x08002378                GetEPRxAddr
 .text.SetEPTxCount
                0x08002394       0x1c C:\Users\USER\AppData\Local\arduino\cores\7bf7b0ebd1cd5824297d9ecc843c1978\core.a(usb_regs.c.o)
                0x08002394                SetEPTxCount
 .text.SetEPRxCount
                0x080023b0       0x40 C:\Users\USER\AppData\Local\arduino\cores\7bf7b0ebd1cd5824297d9ecc843c1978\core.a(usb_regs.c.o)
                0x080023b0                SetEPRxCount
 .text.throb    0x080023f0       0x4c C:\Users\USER\AppData\Local\arduino\cores\7bf7b0ebd1cd5824297d9ecc843c1978\core.a(util.c.o)
                0x080023f0                throb
 .text.__error  0x0800243c       0x14 C:\Users\USER\AppData\Local\arduino\cores\7bf7b0ebd1cd5824297d9ecc843c1978\core.a(util.c.o)
                0x0800243c                __error
 .text.startup._Z7premainv
                0x08002450        0x4 C:\Users\USER\AppData\Local\arduino\cores\7bf7b0ebd1cd5824297d9ecc843c1978\core.a(main.cpp.o)
                0x08002450                premain()
 .text.startup.main
                0x08002454        0xc C:\Users\USER\AppData\Local\arduino\cores\7bf7b0ebd1cd5824297d9ecc843c1978\core.a(main.cpp.o)
                0x08002454                main
 .text._Z7pinModeh13WiringPinMode
                0x08002460       0x84 C:\Users\USER\AppData\Local\arduino\cores\7bf7b0ebd1cd5824297d9ecc843c1978\core.a(wirish_digital_f1.cpp.o)
                0x08002460                pinMode(unsigned char, WiringPinMode)
 .text._Z11digitalReadh
                0x080024e4       0x2c C:\Users\USER\AppData\Local\arduino\cores\7bf7b0ebd1cd5824297d9ecc843c1978\core.a(wirish_digital.cpp.o)
                0x080024e4                digitalRead(unsigned char)
 .text._Z12digitalWritehh
                0x08002510       0x2c C:\Users\USER\AppData\Local\arduino\cores\7bf7b0ebd1cd5824297d9ecc843c1978\core.a(wirish_digital.cpp.o)
                0x08002510                digitalWrite(unsigned char, unsigned char)
 .text.micros   0x0800253c       0x2c C:\Users\USER\AppData\Local\arduino\cores\7bf7b0ebd1cd5824297d9ecc843c1978\core.a(wirish_time.cpp.o)
 .text.delay    0x08002568       0x2a C:\Users\USER\AppData\Local\arduino\cores\7bf7b0ebd1cd5824297d9ecc843c1978\core.a(wirish_time.cpp.o)
                0x08002568                delay
 .text.delayMicroseconds
                0x08002592       0x10 C:\Users\USER\AppData\Local\arduino\cores\7bf7b0ebd1cd5824297d9ecc843c1978\core.a(wirish_time.cpp.o)
                0x08002592                delayMicroseconds
 .text.__empty  0x080025a2        0x2 C:\Users\USER\AppData\Local\arduino\cores\7bf7b0ebd1cd5824297d9ecc843c1978\core.a(hooks.c.o)
                0x080025a2                yield
 .text.gpio_init
                0x080025a4       0x14 C:\Users\USER\AppData\Local\arduino\cores\7bf7b0ebd1cd5824297d9ecc843c1978\core.a(gpio.c.o)
                0x080025a4                gpio_init
 .text.i2c_disable_irq
                0x080025b8        0xc C:\Users\USER\AppData\Local\arduino\cores\7bf7b0ebd1cd5824297d9ecc843c1978\core.a(i2c.c.o)
 .text._i2c_irq_handler
                0x080025c4      0x3d8 C:\Users\USER\AppData\Local\arduino\cores\7bf7b0ebd1cd5824297d9ecc843c1978\core.a(i2c.c.o)
                0x080025c4                _i2c_irq_handler
 .text._i2c_irq_error_handler
                0x0800299c       0x74 C:\Users\USER\AppData\Local\arduino\cores\7bf7b0ebd1cd5824297d9ecc843c1978\core.a(i2c.c.o)
                0x0800299c                _i2c_irq_error_handler
 .text          0x08002a10       0x38 c:/users/user/appdata/local/arduino15/packages/arduino/tools/arm-none-eabi-gcc/4.8.3-2014q1/bin/../lib/gcc/arm-none-eabi/4.8.3/armv7-m\libgcc.a(_aeabi_ldivmod.o)
                0x08002a10                __aeabi_ldivmod
 .text          0x08002a48       0x60 c:/users/user/appdata/local/arduino15/packages/arduino/tools/arm-none-eabi-gcc/4.8.3-2014q1/bin/../lib/gcc/arm-none-eabi/4.8.3/armv7-m\libgcc.a(bpabi.o)
                0x08002a48                __gnu_ldivmod_helper
                0x08002a78                __gnu_uldivmod_helper
 .text          0x08002aa8        0x4 c:/users/user/appdata/local/arduino15/packages/arduino/tools/arm-none-eabi-gcc/4.8.3-2014q1/bin/../lib/gcc/arm-none-eabi/4.8.3/armv7-m\libgcc.a(_dvmd_tls.o)
                0x08002aa8                __aeabi_idiv0
                0x08002aa8                __aeabi_ldiv0
 .text          0x08002aac      0x2a0 c:/users/user/appdata/local/arduino15/packages/arduino/tools/arm-none-eabi-gcc/4.8.3-2014q1/bin/../lib/gcc/arm-none-eabi/4.8.3/armv7-m\libgcc.a(_divdi3.o)
                0x08002aac                __divdi3
 .text          0x08002d4c      0x290 c:/users/user/appdata/local/arduino15/packages/arduino/tools/arm-none-eabi-gcc/4.8.3-2014q1/bin/../lib/gcc/arm-none-eabi/4.8.3/armv7-m\libgcc.a(_udivdi3.o)
                0x08002d4c                __udivdi3
 .text.exit     0x08002fdc       0x28 c:/users/user/appdata/local/arduino15/packages/arduino/tools/arm-none-eabi-gcc/4.8.3-2014q1/bin/../lib/gcc/arm-none-eabi/4.8.3/../../../../arm-none-eabi/lib/armv7-m\libc_s.a(lib_a-exit.o)
                0x08002fdc                exit
 .text.__libc_init_array
                0x08003004       0x4c c:/users/user/appdata/local/arduino15/packages/arduino/tools/arm-none-eabi-gcc/4.8.3-2014q1/bin/../lib/gcc/arm-none-eabi/4.8.3/../../../../arm-none-eabi/lib/armv7-m\libc_s.a(lib_a-init.o)
                0x08003004                __libc_init_array
 .text.strlen   0x08003050       0x10 c:/users/user/appdata/local/arduino15/packages/arduino/tools/arm-none-eabi-gcc/4.8.3-2014q1/bin/../lib/gcc/arm-none-eabi/4.8.3/../../../../arm-none-eabi/lib/armv7-m\libc_s.a(lib_a-strlen.o)
                0x08003050                strlen
 *(.plt)
 *(.gnu.warning)
 *(.glue_7t)
 .glue_7t       0x00000000        0x0 linker stubs
 *(.glue_7)
 .glue_7        0x00000000        0x0 linker stubs
 *(.vfp11_veneer)
 .vfp11_veneer  0x00000000        0x0 linker stubs
 *(.ARM.extab* .gnu.linkonce.armextab.*)
 *(.gcc_except_table)
 *(.eh_frame_hdr)
 *(.eh_frame)
 .eh_frame      0x08003060        0x0 c:/users/user/appdata/local/arduino15/packages/arduino/tools/arm-none-eabi-gcc/4.8.3-2014q1/bin/../lib/gcc/arm-none-eabi/4.8.3/armv7-m/crtbegin.o
                0x08003060                . = ALIGN (0x4)
 *(.init)
 .init          0x08003060        0x4 c:/users/user/appdata/local/arduino15/packages/arduino/tools/arm-none-eabi-gcc/4.8.3-2014q1/bin/../lib/gcc/arm-none-eabi/4.8.3/armv7-m/crti.o
                0x08003060                _init
 .init          0x08003064        0x8 c:/users/user/appdata/local/arduino15/packages/arduino/tools/arm-none-eabi-gcc/4.8.3-2014q1/bin/../lib/gcc/arm-none-eabi/4.8.3/armv7-m/crtn.o
                0x0800306c                . = ALIGN (0x4)
                0x0800306c                __preinit_array_start = .
 *(.preinit_array)
                0x0800306c                __preinit_array_end = .
                0x0800306c                . = ALIGN (0x4)
                0x0800306c                __init_array_start = .
 *(SORT(.init_array.*))
 .init_array.00101
                0x0800306c        0x4 C:\Users\USER\AppData\Local\arduino\cores\7bf7b0ebd1cd5824297d9ecc843c1978\core.a(main.cpp.o)
 *(.init_array)
 .init_array    0x08003070        0x4 c:/users/user/appdata/local/arduino15/packages/arduino/tools/arm-none-eabi-gcc/4.8.3-2014q1/bin/../lib/gcc/arm-none-eabi/4.8.3/armv7-m/crtbegin.o
 .init_array    0x08003074        0x4 C:\Users\USER\AppData\Local\arduino\sketches\2BAB38D00533073E3C590E5FE08F9F0A\sketch\Proyecto_Lavadora.ino.cpp.o
 .init_array    0x08003078        0x4 C:\Users\USER\AppData\Local\arduino\sketches\2BAB38D00533073E3C590E5FE08F9F0A\core\board.cpp.o
                0x0800307c                __init_array_end = .
                0x0800307c                . = ALIGN (0x4)
 *crtbegin.o(.ctors)
 *(EXCLUDE_FILE(*crtend.o) .ctors)
 *(SORT(.ctors.*))
 *crtend.o(.ctors)
                0x0800307c                . = ALIGN (0x4)
 *(.fini)
 .fini          0x0800307c        0x4 c:/users/user/appdata/local/arduino15/packages/arduino/tools/arm-none-eabi-gcc/4.8.3-2014q1/bin/../lib/gcc/arm-none-eabi/4.8.3/armv7-m/crti.o
                0x0800307c                _fini
 .fini          0x08003080        0x8 c:/users/user/appdata/local/arduino15/packages/arduino/tools/arm-none-eabi-gcc/4.8.3-2014q1/bin/../lib/gcc/arm-none-eabi/4.8.3/armv7-m/crtn.o
                0x08003088                . = ALIGN (0x4)
                0x08003088                __fini_array_start = .
 *(.fini_array)
 .fini_array    0x08003088        0x4 c:/users/user/appdata/local/arduino15/packages/arduino/tools/arm-none-eabi-gcc/4.8.3-2014q1/bin/../lib/gcc/arm-none-eabi/4.8.3/armv7-m/crtbegin.o
 *(SORT(.fini_array.*))
                0x0800308c                __fini_array_end = .
 *crtbegin.o(.dtors)
 *(EXCLUDE_FILE(*crtend.o) .dtors)
 *(SORT(.dtors.*))
 *crtend.o(.dtors)

.v4_bx          0x0800308c        0x0
 .v4_bx         0x00000000        0x0 linker stubs

.iplt           0x0800308c        0x0
 .iplt          0x00000000        0x0 c:/users/user/appdata/local/arduino15/packages/arduino/tools/arm-none-eabi-gcc/4.8.3-2014q1/bin/../lib/gcc/arm-none-eabi/4.8.3/armv7-m/crtbegin.o

.text.align     0x0800308c        0x4
                0x08003090                . = ALIGN (0x8)
 *fill*         0x0800308c        0x4 
                0x08003090                __text_end__ = .
                0x08003090                __exidx_start = .

.ARM.exidx      0x08003090        0x8
 *(.ARM.exidx* .gnu.linkonce.armexidx.*)
 .ARM.exidx     0x08003090        0x8 C:\Users\USER\AppData\Local\arduino\sketches\2BAB38D00533073E3C590E5FE08F9F0A\core\wirish\start.S.o
 .ARM.exidx     0x08003098        0x0 c:/users/user/appdata/local/arduino15/packages/arduino/tools/arm-none-eabi-gcc/4.8.3-2014q1/bin/../lib/gcc/arm-none-eabi/4.8.3/armv7-m\libgcc.a(_divdi3.o)
                                  0x8 (size before relaxing)
 .ARM.exidx     0x08003098        0x0 c:/users/user/appdata/local/arduino15/packages/arduino/tools/arm-none-eabi-gcc/4.8.3-2014q1/bin/../lib/gcc/arm-none-eabi/4.8.3/armv7-m\libgcc.a(_udivdi3.o)
                                  0x8 (size before relaxing)
                0x08003098                __exidx_end = .

.data           0x20000000      0x470 load address 0x08003098
                0x20000000                __data_start__ = .
                0x20000000        0x4 LONG 0x0
                0x20000008                . = ALIGN (0x8)
 *fill*         0x20000004        0x4 
 *(.got.plt)
 *(.got)
 *(.data .data.* .gnu.linkonce.d.*)
 .data.estadoPrevPausa
                0x20000008        0x1 C:\Users\USER\AppData\Local\arduino\sketches\2BAB38D00533073E3C590E5FE08F9F0A\sketch\Proyecto_Lavadora.ino.cpp.o
                0x20000008                estadoPrevPausa
 .data.estadoPrevEncendido
                0x20000009        0x1 C:\Users\USER\AppData\Local\arduino\sketches\2BAB38D00533073E3C590E5FE08F9F0A\sketch\Proyecto_Lavadora.ino.cpp.o
                0x20000009                estadoPrevEncendido
 *fill*         0x2000000a        0x2 
 .data.horas    0x2000000c        0x4 C:\Users\USER\AppData\Local\arduino\sketches\2BAB38D00533073E3C590E5FE08F9F0A\sketch\Proyecto_Lavadora.ino.cpp.o
                0x2000000c                horas
 .data._ZN6wirish4privL8pll_dataE
                0x20000010        0x4 C:\Users\USER\AppData\Local\arduino\sketches\2BAB38D00533073E3C590E5FE08F9F0A\core\wirish\boards_setup.cpp.o
 .data._ZN6wirish4priv9w_adc_smpE
                0x20000014        0x1 C:\Users\USER\AppData\Local\arduino\sketches\2BAB38D00533073E3C590E5FE08F9F0A\core\wirish\boards_setup.cpp.o
                0x20000014                wirish::priv::w_adc_smp
 *fill*         0x20000015        0x1 
 .data._ZN6wirish4priv9w_adc_preE
                0x20000016        0x2 C:\Users\USER\AppData\Local\arduino\sketches\2BAB38D00533073E3C590E5FE08F9F0A\core\wirish\boards_setup.cpp.o
                0x20000016                wirish::priv::w_adc_pre
 .data._ZN6wirish4priv15w_board_pll_cfgE
                0x20000018        0x8 C:\Users\USER\AppData\Local\arduino\sketches\2BAB38D00533073E3C590E5FE08F9F0A\core\wirish\boards_setup.cpp.o
                0x20000018                wirish::priv::w_board_pll_cfg
 .data.adc2     0x20000020        0x8 C:\Users\USER\AppData\Local\arduino\cores\7bf7b0ebd1cd5824297d9ecc843c1978\core.a(adc_f1.c.o)
                0x20000020                adc2
 .data.adc1     0x20000028       0x18 C:\Users\USER\AppData\Local\arduino\cores\7bf7b0ebd1cd5824297d9ecc843c1978\core.a(adc_f1.c.o)
                0x20000028                adc1
 .data.ADC2     0x20000040        0x4 C:\Users\USER\AppData\Local\arduino\cores\7bf7b0ebd1cd5824297d9ecc843c1978\core.a(adc_f1.c.o)
                0x20000040                ADC2
 .data.ADC1     0x20000044        0x4 C:\Users\USER\AppData\Local\arduino\cores\7bf7b0ebd1cd5824297d9ecc843c1978\core.a(adc_f1.c.o)
                0x20000044                ADC1
 .data.dma1     0x20000048       0x40 C:\Users\USER\AppData\Local\arduino\cores\7bf7b0ebd1cd5824297d9ecc843c1978\core.a(dma_f1.c.o)
 .data.DMA1     0x20000088        0x4 C:\Users\USER\AppData\Local\arduino\cores\7bf7b0ebd1cd5824297d9ecc843c1978\core.a(dma_f1.c.o)
                0x20000088                DMA1
 .data.gpioa    0x2000008c        0x8 C:\Users\USER\AppData\Local\arduino\cores\7bf7b0ebd1cd5824297d9ecc843c1978\core.a(gpio_f1.c.o)
                0x2000008c                gpioa
 .data.gpiob    0x20000094        0x8 C:\Users\USER\AppData\Local\arduino\cores\7bf7b0ebd1cd5824297d9ecc843c1978\core.a(gpio_f1.c.o)
                0x20000094                gpiob
 .data.gpioc    0x2000009c        0x8 C:\Users\USER\AppData\Local\arduino\cores\7bf7b0ebd1cd5824297d9ecc843c1978\core.a(gpio_f1.c.o)
                0x2000009c                gpioc
 .data.gpiod    0x200000a4        0x8 C:\Users\USER\AppData\Local\arduino\cores\7bf7b0ebd1cd5824297d9ecc843c1978\core.a(gpio_f1.c.o)
                0x200000a4                gpiod
 .data.i2c1     0x200000ac       0x38 C:\Users\USER\AppData\Local\arduino\cores\7bf7b0ebd1cd5824297d9ecc843c1978\core.a(i2c_f1.c.o)
 .data.i2c2     0x200000e4       0x38 C:\Users\USER\AppData\Local\arduino\cores\7bf7b0ebd1cd5824297d9ecc843c1978\core.a(i2c_f1.c.o)
 .data.enable_regs.4411
                0x2000011c        0xc C:\Users\USER\AppData\Local\arduino\cores\7bf7b0ebd1cd5824297d9ecc843c1978\core.a(rcc_f1.c.o)
 .data.reset_regs.4415
                0x20000128        0x8 C:\Users\USER\AppData\Local\arduino\cores\7bf7b0ebd1cd5824297d9ecc843c1978\core.a(rcc_f1.c.o)
 .data.enable_regs.4424
                0x20000130        0xc C:\Users\USER\AppData\Local\arduino\cores\7bf7b0ebd1cd5824297d9ecc843c1978\core.a(rcc_f1.c.o)
 .data.timer3   0x2000013c       0x24 C:\Users\USER\AppData\Local\arduino\cores\7bf7b0ebd1cd5824297d9ecc843c1978\core.a(timer.c.o)
                0x2000013c                timer3
 .data.timer4   0x20000160       0x24 C:\Users\USER\AppData\Local\arduino\cores\7bf7b0ebd1cd5824297d9ecc843c1978\core.a(timer.c.o)
                0x20000160                timer4
 .data.timer1   0x20000184       0x28 C:\Users\USER\AppData\Local\arduino\cores\7bf7b0ebd1cd5824297d9ecc843c1978\core.a(timer.c.o)
                0x20000184                timer1
 .data.timer2   0x200001ac       0x24 C:\Users\USER\AppData\Local\arduino\cores\7bf7b0ebd1cd5824297d9ecc843c1978\core.a(timer.c.o)
                0x200001ac                timer2
 .data.USART1   0x200001d0        0x4 C:\Users\USER\AppData\Local\arduino\cores\7bf7b0ebd1cd5824297d9ecc843c1978\core.a(usart_f1.c.o)
                0x200001d0                USART1
 .data.USART2   0x200001d4        0x4 C:\Users\USER\AppData\Local\arduino\cores\7bf7b0ebd1cd5824297d9ecc843c1978\core.a(usart_f1.c.o)
                0x200001d4                USART2
 .data.USART3   0x200001d8        0x4 C:\Users\USER\AppData\Local\arduino\cores\7bf7b0ebd1cd5824297d9ecc843c1978\core.a(usart_f1.c.o)
                0x200001d8                USART3
 .data.usart1   0x200001dc       0x94 C:\Users\USER\AppData\Local\arduino\cores\7bf7b0ebd1cd5824297d9ecc843c1978\core.a(usart_f1.c.o)
 .data.usart2   0x20000270       0x94 C:\Users\USER\AppData\Local\arduino\cores\7bf7b0ebd1cd5824297d9ecc843c1978\core.a(usart_f1.c.o)
 .data.usart3   0x20000304       0x94 C:\Users\USER\AppData\Local\arduino\cores\7bf7b0ebd1cd5824297d9ecc843c1978\core.a(usart_f1.c.o)
 .data.USBLIB   0x20000398        0x4 C:\Users\USER\AppData\Local\arduino\cores\7bf7b0ebd1cd5824297d9ecc843c1978\core.a(usb.c.o)
                0x20000398                USBLIB
 .data.usblib   0x2000039c       0x10 C:\Users\USER\AppData\Local\arduino\cores\7bf7b0ebd1cd5824297d9ecc843c1978\core.a(usb.c.o)
 .data.Config_Descriptor
                0x200003ac        0x8 C:\Users\USER\AppData\Local\arduino\cores\7bf7b0ebd1cd5824297d9ecc843c1978\core.a(usb_cdcacm.c.o)
 .data.Device_Property
                0x200003b4       0x30 C:\Users\USER\AppData\Local\arduino\cores\7bf7b0ebd1cd5824297d9ecc843c1978\core.a(usb_cdcacm.c.o)
                0x200003b4                Device_Property
 .data.String_Descriptor
                0x200003e4       0x18 C:\Users\USER\AppData\Local\arduino\cores\7bf7b0ebd1cd5824297d9ecc843c1978\core.a(usb_cdcacm.c.o)
 .data.line_coding
                0x200003fc        0x7 C:\Users\USER\AppData\Local\arduino\cores\7bf7b0ebd1cd5824297d9ecc843c1978\core.a(usb_cdcacm.c.o)
 *fill*         0x20000403        0x1 
 .data.Device_Descriptor
                0x20000404        0x8 C:\Users\USER\AppData\Local\arduino\cores\7bf7b0ebd1cd5824297d9ecc843c1978\core.a(usb_cdcacm.c.o)
 .data.Device_Table
                0x2000040c        0x2 C:\Users\USER\AppData\Local\arduino\cores\7bf7b0ebd1cd5824297d9ecc843c1978\core.a(usb_cdcacm.c.o)
                0x2000040c                Device_Table
 *fill*         0x2000040e        0x2 
 .data.impure_data
                0x20000410       0x60 c:/users/user/appdata/local/arduino15/packages/arduino/tools/arm-none-eabi-gcc/4.8.3-2014q1/bin/../lib/gcc/arm-none-eabi/4.8.3/../../../../arm-none-eabi/lib/armv7-m\libc_s.a(lib_a-impure.o)
                0x20000470                . = ALIGN (0x8)
                0x20000470                __data_end__ = .

.jcr            0x20000470        0x0 load address 0x08003508
 .jcr           0x20000470        0x0 c:/users/user/appdata/local/arduino15/packages/arduino/tools/arm-none-eabi-gcc/4.8.3-2014q1/bin/../lib/gcc/arm-none-eabi/4.8.3/armv7-m/crtbegin.o

.igot.plt       0x20000470        0x0 load address 0x08003508
 .igot.plt      0x00000000        0x0 c:/users/user/appdata/local/arduino15/packages/arduino/tools/arm-none-eabi-gcc/4.8.3-2014q1/bin/../lib/gcc/arm-none-eabi/4.8.3/armv7-m/crtbegin.o

.rodata         0x08003508      0x480
 *(.rodata .rodata.* .gnu.linkonce.r.*)
 .rodata        0x08003508        0xc C:\Users\USER\AppData\Local\arduino\sketches\2BAB38D00533073E3C590E5FE08F9F0A\sketch\Proyecto_Lavadora.ino.cpp.o
 .rodata._ZL12digitCodeMap
                0x08003514       0x29 C:\Users\USER\AppData\Local\arduino\sketches\2BAB38D00533073E3C590E5FE08F9F0A\sketch\SevSeg.cpp.o
 *fill*         0x0800353d        0x3 
 .rodata._ZL10powersOf10
                0x08003540       0x28 C:\Users\USER\AppData\Local\arduino\sketches\2BAB38D00533073E3C590E5FE08F9F0A\sketch\SevSeg.cpp.o
 .rodata._ZL10powersOf16
                0x08003568       0x20 C:\Users\USER\AppData\Local\arduino\sketches\2BAB38D00533073E3C590E5FE08F9F0A\sketch\SevSeg.cpp.o
 .rodata.PIN_MAP
                0x08003588      0x2e0 C:\Users\USER\AppData\Local\arduino\sketches\2BAB38D00533073E3C590E5FE08F9F0A\core\board.cpp.o
                0x08003588                PIN_MAP
 .rodata._ZTV14HardwareSerial
                0x08003868       0x28 C:\Users\USER\AppData\Local\arduino\cores\7bf7b0ebd1cd5824297d9ecc843c1978\core.a(HardwareSerial.cpp.o)
                0x08003868                vtable for HardwareSerial
 .rodata.GPIOB  0x08003890        0x4 C:\Users\USER\AppData\Local\arduino\cores\7bf7b0ebd1cd5824297d9ecc843c1978\core.a(gpio_f1.c.o)
                0x08003890                GPIOB
 .rodata.rcc_dev_table
                0x08003894       0x5c C:\Users\USER\AppData\Local\arduino\cores\7bf7b0ebd1cd5824297d9ecc843c1978\core.a(rcc_f1.c.o)
                0x08003894                rcc_dev_table
 .rodata.masks.4420
                0x080038f0       0x14 C:\Users\USER\AppData\Local\arduino\cores\7bf7b0ebd1cd5824297d9ecc843c1978\core.a(rcc_f1.c.o)
 .rodata.usbVcomDescriptor_iProduct
                0x08003904        0xc C:\Users\USER\AppData\Local\arduino\cores\7bf7b0ebd1cd5824297d9ecc843c1978\core.a(usb_cdcacm.c.o)
 .rodata.usbVcomDescriptor_iManufacturer
                0x08003910       0x12 C:\Users\USER\AppData\Local\arduino\cores\7bf7b0ebd1cd5824297d9ecc843c1978\core.a(usb_cdcacm.c.o)
 .rodata.usbVcomDescriptor_Device
                0x08003922       0x12 C:\Users\USER\AppData\Local\arduino\cores\7bf7b0ebd1cd5824297d9ecc843c1978\core.a(usb_cdcacm.c.o)
 .rodata.usbVcomDescriptor_Config
                0x08003934       0x43 C:\Users\USER\AppData\Local\arduino\cores\7bf7b0ebd1cd5824297d9ecc843c1978\core.a(usb_cdcacm.c.o)
 .rodata.usbVcomDescriptor_LangID
                0x08003977        0x4 C:\Users\USER\AppData\Local\arduino\cores\7bf7b0ebd1cd5824297d9ecc843c1978\core.a(usb_cdcacm.c.o)
 .rodata.str1.1
                0x0800397b        0x2 c:/users/user/appdata/local/arduino15/packages/arduino/tools/arm-none-eabi-gcc/4.8.3-2014q1/bin/../lib/gcc/arm-none-eabi/4.8.3/../../../../arm-none-eabi/lib/armv7-m\libc_s.a(lib_a-impure.o)
 *fill*         0x0800397d        0x3 
 .rodata._global_impure_ptr
                0x08003980        0x4 c:/users/user/appdata/local/arduino15/packages/arduino/tools/arm-none-eabi-gcc/4.8.3-2014q1/bin/../lib/gcc/arm-none-eabi/4.8.3/../../../../arm-none-eabi/lib/armv7-m\libc_s.a(lib_a-impure.o)
                0x08003980                _global_impure_ptr
 *(.USER_FLASH)
                0x08003984                . = ALIGN (0x4)
                0x08003984                _lm_rom_img_cfgp = .
                0x08003984        0x4 LONG 0x8003098 LOADADDR (.data)
                0x20000648                _lm_heap_start = DEFINED (_lm_heap_start)?_lm_heap_start:_end
                0x20005000                _lm_heap_end = DEFINED (_lm_heap_end)?_lm_heap_end:__msp_init

.rel.dyn        0x08003988        0x0
 .rel.iplt      0x00000000        0x0 c:/users/user/appdata/local/arduino15/packages/arduino/tools/arm-none-eabi-gcc/4.8.3-2014q1/bin/../lib/gcc/arm-none-eabi/4.8.3/armv7-m/crtbegin.o

.bss            0x20000470      0x1d8
                0x20000470                . = ALIGN (0x8)
                0x20000470                __bss_start__ = .
 *(.bss .bss.* .gnu.linkonce.b.*)
 .bss           0x20000470       0x1c c:/users/user/appdata/local/arduino15/packages/arduino/tools/arm-none-eabi-gcc/4.8.3-2014q1/bin/../lib/gcc/arm-none-eabi/4.8.3/armv7-m/crtbegin.o
 .bss.pausadoEncendido
                0x2000048c        0x1 C:\Users\USER\AppData\Local\arduino\sketches\2BAB38D00533073E3C590E5FE08F9F0A\sketch\Proyecto_Lavadora.ino.cpp.o
                0x2000048c                pausadoEncendido
 *fill*         0x2000048d        0x3 
 .bss.minutos   0x20000490        0x4 C:\Users\USER\AppData\Local\arduino\sketches\2BAB38D00533073E3C590E5FE08F9F0A\sketch\Proyecto_Lavadora.ino.cpp.o
                0x20000490                minutos
 .bss.displayPrincipal
                0x20000494       0x30 C:\Users\USER\AppData\Local\arduino\sketches\2BAB38D00533073E3C590E5FE08F9F0A\sketch\Proyecto_Lavadora.ino.cpp.o
                0x20000494                displayPrincipal
 .bss.ultimoTiempo
                0x200004c4        0x4 C:\Users\USER\AppData\Local\arduino\sketches\2BAB38D00533073E3C590E5FE08F9F0A\sketch\Proyecto_Lavadora.ino.cpp.o
                0x200004c4                ultimoTiempo
 .bss.segundos  0x200004c8        0x4 C:\Users\USER\AppData\Local\arduino\sketches\2BAB38D00533073E3C590E5FE08F9F0A\sketch\Proyecto_Lavadora.ino.cpp.o
                0x200004c8                segundos
 .bss.pausadoStart
                0x200004cc        0x1 C:\Users\USER\AppData\Local\arduino\sketches\2BAB38D00533073E3C590E5FE08F9F0A\sketch\Proyecto_Lavadora.ino.cpp.o
                0x200004cc                pausadoStart
 *fill*         0x200004cd        0x3 
 .bss.Serial1   0x200004d0       0x18 C:\Users\USER\AppData\Local\arduino\sketches\2BAB38D00533073E3C590E5FE08F9F0A\core\board.cpp.o
                0x200004d0                Serial1
 .bss.Serial2   0x200004e8       0x18 C:\Users\USER\AppData\Local\arduino\sketches\2BAB38D00533073E3C590E5FE08F9F0A\core\board.cpp.o
                0x200004e8                Serial2
 .bss.Serial3   0x20000500       0x18 C:\Users\USER\AppData\Local\arduino\sketches\2BAB38D00533073E3C590E5FE08F9F0A\core\board.cpp.o
                0x20000500                Serial3
 .bss.exti_channels
                0x20000518       0x80 C:\Users\USER\AppData\Local\arduino\cores\7bf7b0ebd1cd5824297d9ecc843c1978\core.a(exti.c.o)
                0x20000518                exti_channels
 .bss.systick_user_callback
                0x20000598        0x4 C:\Users\USER\AppData\Local\arduino\cores\7bf7b0ebd1cd5824297d9ecc843c1978\core.a(systick.c.o)
 .bss.usart1_wb
                0x2000059c        0xc C:\Users\USER\AppData\Local\arduino\cores\7bf7b0ebd1cd5824297d9ecc843c1978\core.a(usart_f1.c.o)
 .bss.usart1_rb
                0x200005a8        0xc C:\Users\USER\AppData\Local\arduino\cores\7bf7b0ebd1cd5824297d9ecc843c1978\core.a(usart_f1.c.o)
 .bss.usart2_rb
                0x200005b4        0xc C:\Users\USER\AppData\Local\arduino\cores\7bf7b0ebd1cd5824297d9ecc843c1978\core.a(usart_f1.c.o)
 .bss.usart3_rb
                0x200005c0        0xc C:\Users\USER\AppData\Local\arduino\cores\7bf7b0ebd1cd5824297d9ecc843c1978\core.a(usart_f1.c.o)
 .bss.usart2_wb
                0x200005cc        0xc C:\Users\USER\AppData\Local\arduino\cores\7bf7b0ebd1cd5824297d9ecc843c1978\core.a(usart_f1.c.o)
 .bss.usart3_wb
                0x200005d8        0xc C:\Users\USER\AppData\Local\arduino\cores\7bf7b0ebd1cd5824297d9ecc843c1978\core.a(usart_f1.c.o)
 .bss.line_dtr_rts
                0x200005e4        0x1 C:\Users\USER\AppData\Local\arduino\cores\7bf7b0ebd1cd5824297d9ecc843c1978\core.a(usb_cdcacm.c.o)
 *fill*         0x200005e5        0x3 
 .bss.tx_head   0x200005e8        0x4 C:\Users\USER\AppData\Local\arduino\cores\7bf7b0ebd1cd5824297d9ecc843c1978\core.a(usb_cdcacm.c.o)
 .bss.transmitting
                0x200005ec        0x1 C:\Users\USER\AppData\Local\arduino\cores\7bf7b0ebd1cd5824297d9ecc843c1978\core.a(usb_cdcacm.c.o)
 *fill*         0x200005ed        0x3 
 .bss.rx_tail   0x200005f0        0x4 C:\Users\USER\AppData\Local\arduino\cores\7bf7b0ebd1cd5824297d9ecc843c1978\core.a(usb_cdcacm.c.o)
 .bss.iface_setup_hook
                0x200005f4        0x4 C:\Users\USER\AppData\Local\arduino\cores\7bf7b0ebd1cd5824297d9ecc843c1978\core.a(usb_cdcacm.c.o)
 .bss.rx_head   0x200005f8        0x4 C:\Users\USER\AppData\Local\arduino\cores\7bf7b0ebd1cd5824297d9ecc843c1978\core.a(usb_cdcacm.c.o)
 .bss.tx_tail   0x200005fc        0x4 C:\Users\USER\AppData\Local\arduino\cores\7bf7b0ebd1cd5824297d9ecc843c1978\core.a(usb_cdcacm.c.o)
 .bss.Data_Mul_MaxPacketSize
                0x20000600        0x1 C:\Users\USER\AppData\Local\arduino\cores\7bf7b0ebd1cd5824297d9ecc843c1978\core.a(usb_core.c.o)
                0x20000600                Data_Mul_MaxPacketSize
 *(COMMON)
 *fill*         0x20000601        0x3 
 COMMON         0x20000604        0x4 C:\Users\USER\AppData\Local\arduino\cores\7bf7b0ebd1cd5824297d9ecc843c1978\core.a(systick.c.o)
                0x20000604                systick_uptime_millis
 COMMON         0x20000608        0x6 C:\Users\USER\AppData\Local\arduino\cores\7bf7b0ebd1cd5824297d9ecc843c1978\core.a(usb.c.o)
                0x20000608                SaveRState
                0x2000060a                SaveTState
                0x2000060c                ResumeS
 COMMON         0x2000060e        0x2 C:\Users\USER\AppData\Local\arduino\cores\7bf7b0ebd1cd5824297d9ecc843c1978\core.a(usb_core.c.o)
                0x2000060e                StatusInfo
 COMMON         0x20000610       0x32 C:\Users\USER\AppData\Local\arduino\cores\7bf7b0ebd1cd5824297d9ecc843c1978\core.a(usb_init.c.o)
                0x20000610                SaveState
                0x20000614                pProperty
                0x20000618                EPindex
                0x2000061c                Device_Info
                0x20000638                pUser_Standard_Requests
                0x2000063c                pInformation
                0x20000640                wInterrupt_Mask
                0x20000648                . = ALIGN (0x8)
 *fill*         0x20000642        0x6 
                0x20000648                __bss_end__ = .
                0x20000648                _end = __bss_end__

.stab
 *(.stab)

.stabstr
 *(.stabstr)

.debug
 *(.debug)

.line
 *(.line)

.debug_srcinfo
 *(.debug_srcinfo)

.debug_sfnames
 *(.debug_sfnames)

.debug_aranges  0x00000000      0xf88
 *(.debug_aranges)
 .debug_aranges
                0x00000000       0x50 C:\Users\USER\AppData\Local\arduino\sketches\2BAB38D00533073E3C590E5FE08F9F0A\sketch\Proyecto_Lavadora.ino.cpp.o
 .debug_aranges
                0x00000050       0xa8 C:\Users\USER\AppData\Local\arduino\sketches\2BAB38D00533073E3C590E5FE08F9F0A\sketch\SevSeg.cpp.o
 .debug_aranges
                0x000000f8       0x28 C:\Users\USER\AppData\Local\arduino\sketches\2BAB38D00533073E3C590E5FE08F9F0A\core\board.cpp.o
 .debug_aranges
                0x00000120       0x40 C:\Users\USER\AppData\Local\arduino\sketches\2BAB38D00533073E3C590E5FE08F9F0A\core\wirish\boards.cpp.o
 .debug_aranges
                0x00000160       0x40 C:\Users\USER\AppData\Local\arduino\sketches\2BAB38D00533073E3C590E5FE08F9F0A\core\wirish\boards_setup.cpp.o
 .debug_aranges
                0x000001a0       0x20 C:\Users\USER\AppData\Local\arduino\sketches\2BAB38D00533073E3C590E5FE08F9F0A\core\wirish\start.S.o
 .debug_aranges
                0x000001c0       0x20 C:\Users\USER\AppData\Local\arduino\sketches\2BAB38D00533073E3C590E5FE08F9F0A\core\wirish\start_c.c.o
 .debug_aranges
                0x000001e0       0x88 C:\Users\USER\AppData\Local\arduino\sketches\2BAB38D00533073E3C590E5FE08F9F0A\core\wirish\syscalls.c.o
 .debug_aranges
                0x00000268       0x70 C:\Users\USER\AppData\Local\arduino\cores\7bf7b0ebd1cd5824297d9ecc843c1978\core.a(HardwareSerial.cpp.o)
 .debug_aranges
                0x000002d8      0x110 C:\Users\USER\AppData\Local\arduino\cores\7bf7b0ebd1cd5824297d9ecc843c1978\core.a(Print.cpp.o)
 .debug_aranges
                0x000003e8       0x28 C:\Users\USER\AppData\Local\arduino\cores\7bf7b0ebd1cd5824297d9ecc843c1978\core.a(cxxabi-compat.cpp.o)
 .debug_aranges
                0x00000410       0x38 C:\Users\USER\AppData\Local\arduino\cores\7bf7b0ebd1cd5824297d9ecc843c1978\core.a(adc.c.o)
 .debug_aranges
                0x00000448       0x58 C:\Users\USER\AppData\Local\arduino\cores\7bf7b0ebd1cd5824297d9ecc843c1978\core.a(adc_f1.c.o)
 .debug_aranges
                0x000004a0       0xb0 C:\Users\USER\AppData\Local\arduino\cores\7bf7b0ebd1cd5824297d9ecc843c1978\core.a(dma_f1.c.o)
 .debug_aranges
                0x00000550       0x20 C:\Users\USER\AppData\Local\arduino\cores\7bf7b0ebd1cd5824297d9ecc843c1978\core.a(exc.S.o)
 .debug_aranges
                0x00000570       0x80 C:\Users\USER\AppData\Local\arduino\cores\7bf7b0ebd1cd5824297d9ecc843c1978\core.a(exti.c.o)
 .debug_aranges
                0x000005f0       0x20 C:\Users\USER\AppData\Local\arduino\cores\7bf7b0ebd1cd5824297d9ecc843c1978\core.a(exti_f1.c.o)
 .debug_aranges
                0x00000610       0x20 C:\Users\USER\AppData\Local\arduino\cores\7bf7b0ebd1cd5824297d9ecc843c1978\core.a(flash.c.o)
 .debug_aranges
                0x00000630       0x48 C:\Users\USER\AppData\Local\arduino\cores\7bf7b0ebd1cd5824297d9ecc843c1978\core.a(gpio_f1.c.o)
 .debug_aranges
                0x00000678       0x50 C:\Users\USER\AppData\Local\arduino\cores\7bf7b0ebd1cd5824297d9ecc843c1978\core.a(i2c_f1.c.o)
 .debug_aranges
                0x000006c8       0x38 C:\Users\USER\AppData\Local\arduino\cores\7bf7b0ebd1cd5824297d9ecc843c1978\core.a(nvic.c.o)
 .debug_aranges
                0x00000700       0x48 C:\Users\USER\AppData\Local\arduino\cores\7bf7b0ebd1cd5824297d9ecc843c1978\core.a(rcc.c.o)
 .debug_aranges
                0x00000748       0x48 C:\Users\USER\AppData\Local\arduino\cores\7bf7b0ebd1cd5824297d9ecc843c1978\core.a(rcc_f1.c.o)
 .debug_aranges
                0x00000790       0x20 C:\Users\USER\AppData\Local\arduino\cores\7bf7b0ebd1cd5824297d9ecc843c1978\core.a(isrs.S.o)
 .debug_aranges
                0x000007b0       0x40 C:\Users\USER\AppData\Local\arduino\cores\7bf7b0ebd1cd5824297d9ecc843c1978\core.a(systick.c.o)
 .debug_aranges
                0x000007f0       0xb0 C:\Users\USER\AppData\Local\arduino\cores\7bf7b0ebd1cd5824297d9ecc843c1978\core.a(timer.c.o)
 .debug_aranges
                0x000008a0       0x48 C:\Users\USER\AppData\Local\arduino\cores\7bf7b0ebd1cd5824297d9ecc843c1978\core.a(usart.c.o)
 .debug_aranges
                0x000008e8       0x50 C:\Users\USER\AppData\Local\arduino\cores\7bf7b0ebd1cd5824297d9ecc843c1978\core.a(usart_f1.c.o)
 .debug_aranges
                0x00000938       0x20 C:\Users\USER\AppData\Local\arduino\cores\7bf7b0ebd1cd5824297d9ecc843c1978\core.a(usart_private.c.o)
 .debug_aranges
                0x00000958       0x38 C:\Users\USER\AppData\Local\arduino\cores\7bf7b0ebd1cd5824297d9ecc843c1978\core.a(usb.c.o)
 .debug_aranges
                0x00000990      0x128 C:\Users\USER\AppData\Local\arduino\cores\7bf7b0ebd1cd5824297d9ecc843c1978\core.a(usb_cdcacm.c.o)
 .debug_aranges
                0x00000ab8       0x20 C:\Users\USER\AppData\Local\arduino\cores\7bf7b0ebd1cd5824297d9ecc843c1978\core.a(usb_reg_map.c.o)
 .debug_aranges
                0x00000ad8       0x98 C:\Users\USER\AppData\Local\arduino\cores\7bf7b0ebd1cd5824297d9ecc843c1978\core.a(usb_core.c.o)
 .debug_aranges
                0x00000b70       0x20 C:\Users\USER\AppData\Local\arduino\cores\7bf7b0ebd1cd5824297d9ecc843c1978\core.a(usb_init.c.o)
 .debug_aranges
                0x00000b90       0x28 C:\Users\USER\AppData\Local\arduino\cores\7bf7b0ebd1cd5824297d9ecc843c1978\core.a(usb_mem.c.o)
 .debug_aranges
                0x00000bb8      0x1f0 C:\Users\USER\AppData\Local\arduino\cores\7bf7b0ebd1cd5824297d9ecc843c1978\core.a(usb_regs.c.o)
 .debug_aranges
                0x00000da8       0x50 C:\Users\USER\AppData\Local\arduino\cores\7bf7b0ebd1cd5824297d9ecc843c1978\core.a(util.c.o)
 .debug_aranges
                0x00000df8       0x28 C:\Users\USER\AppData\Local\arduino\cores\7bf7b0ebd1cd5824297d9ecc843c1978\core.a(main.cpp.o)
 .debug_aranges
                0x00000e20       0x20 C:\Users\USER\AppData\Local\arduino\cores\7bf7b0ebd1cd5824297d9ecc843c1978\core.a(wirish_digital_f1.cpp.o)
 .debug_aranges
                0x00000e40       0x28 C:\Users\USER\AppData\Local\arduino\cores\7bf7b0ebd1cd5824297d9ecc843c1978\core.a(wirish_digital.cpp.o)
 .debug_aranges
                0x00000e68       0x30 C:\Users\USER\AppData\Local\arduino\cores\7bf7b0ebd1cd5824297d9ecc843c1978\core.a(wirish_time.cpp.o)
 .debug_aranges
                0x00000e98       0x20 C:\Users\USER\AppData\Local\arduino\cores\7bf7b0ebd1cd5824297d9ecc843c1978\core.a(hooks.c.o)
 .debug_aranges
                0x00000eb8       0x28 C:\Users\USER\AppData\Local\arduino\cores\7bf7b0ebd1cd5824297d9ecc843c1978\core.a(dma.c.o)
 .debug_aranges
                0x00000ee0       0x20 C:\Users\USER\AppData\Local\arduino\cores\7bf7b0ebd1cd5824297d9ecc843c1978\core.a(gpio.c.o)
 .debug_aranges
                0x00000f00       0x88 C:\Users\USER\AppData\Local\arduino\cores\7bf7b0ebd1cd5824297d9ecc843c1978\core.a(i2c.c.o)

.debug_pubnames
 *(.debug_pubnames)

.debug_info     0x00000000    0x1e495
 *(.debug_info .gnu.linkonce.wi.*)
 .debug_info    0x00000000      0xb12 C:\Users\USER\AppData\Local\arduino\sketches\2BAB38D00533073E3C590E5FE08F9F0A\sketch\Proyecto_Lavadora.ino.cpp.o
 .debug_info    0x00000b12     0x11a9 C:\Users\USER\AppData\Local\arduino\sketches\2BAB38D00533073E3C590E5FE08F9F0A\sketch\SevSeg.cpp.o
 .debug_info    0x00001cbb     0x1170 C:\Users\USER\AppData\Local\arduino\sketches\2BAB38D00533073E3C590E5FE08F9F0A\core\board.cpp.o
 .debug_info    0x00002e2b     0x1409 C:\Users\USER\AppData\Local\arduino\sketches\2BAB38D00533073E3C590E5FE08F9F0A\core\wirish\boards.cpp.o
 .debug_info    0x00004234      0x61e C:\Users\USER\AppData\Local\arduino\sketches\2BAB38D00533073E3C590E5FE08F9F0A\core\wirish\boards_setup.cpp.o
 .debug_info    0x00004852       0xd4 C:\Users\USER\AppData\Local\arduino\sketches\2BAB38D00533073E3C590E5FE08F9F0A\core\wirish\start.S.o
 .debug_info    0x00004926      0x176 C:\Users\USER\AppData\Local\arduino\sketches\2BAB38D00533073E3C590E5FE08F9F0A\core\wirish\start_c.c.o
 .debug_info    0x00004a9c      0x5cd C:\Users\USER\AppData\Local\arduino\sketches\2BAB38D00533073E3C590E5FE08F9F0A\core\wirish\syscalls.c.o
 .debug_info    0x00005069     0x29ea C:\Users\USER\AppData\Local\arduino\cores\7bf7b0ebd1cd5824297d9ecc843c1978\core.a(HardwareSerial.cpp.o)
 .debug_info    0x00007a53     0x258c C:\Users\USER\AppData\Local\arduino\cores\7bf7b0ebd1cd5824297d9ecc843c1978\core.a(Print.cpp.o)
 .debug_info    0x00009fdf      0x526 C:\Users\USER\AppData\Local\arduino\cores\7bf7b0ebd1cd5824297d9ecc843c1978\core.a(cxxabi-compat.cpp.o)
 .debug_info    0x0000a505      0x79a C:\Users\USER\AppData\Local\arduino\cores\7bf7b0ebd1cd5824297d9ecc843c1978\core.a(adc.c.o)
 .debug_info    0x0000ac9f      0xe4a C:\Users\USER\AppData\Local\arduino\cores\7bf7b0ebd1cd5824297d9ecc843c1978\core.a(adc_f1.c.o)
 .debug_info    0x0000bae9     0x18b1 C:\Users\USER\AppData\Local\arduino\cores\7bf7b0ebd1cd5824297d9ecc843c1978\core.a(dma_f1.c.o)
 .debug_info    0x0000d39a       0xc9 C:\Users\USER\AppData\Local\arduino\cores\7bf7b0ebd1cd5824297d9ecc843c1978\core.a(exc.S.o)
 .debug_info    0x0000d463      0xd3c C:\Users\USER\AppData\Local\arduino\cores\7bf7b0ebd1cd5824297d9ecc843c1978\core.a(exti.c.o)
 .debug_info    0x0000e19f      0x213 C:\Users\USER\AppData\Local\arduino\cores\7bf7b0ebd1cd5824297d9ecc843c1978\core.a(exti_f1.c.o)
 .debug_info    0x0000e3b2      0x128 C:\Users\USER\AppData\Local\arduino\cores\7bf7b0ebd1cd5824297d9ecc843c1978\core.a(flash.c.o)
 .debug_info    0x0000e4da      0x715 C:\Users\USER\AppData\Local\arduino\cores\7bf7b0ebd1cd5824297d9ecc843c1978\core.a(gpio_f1.c.o)
 .debug_info    0x0000ebef      0xc25 C:\Users\USER\AppData\Local\arduino\cores\7bf7b0ebd1cd5824297d9ecc843c1978\core.a(i2c_f1.c.o)
 .debug_info    0x0000f814      0x5a2 C:\Users\USER\AppData\Local\arduino\cores\7bf7b0ebd1cd5824297d9ecc843c1978\core.a(nvic.c.o)
 .debug_info    0x0000fdb6      0x556 C:\Users\USER\AppData\Local\arduino\cores\7bf7b0ebd1cd5824297d9ecc843c1978\core.a(rcc.c.o)
 .debug_info    0x0001030c      0xb64 C:\Users\USER\AppData\Local\arduino\cores\7bf7b0ebd1cd5824297d9ecc843c1978\core.a(rcc_f1.c.o)
 .debug_info    0x00010e70       0xde C:\Users\USER\AppData\Local\arduino\cores\7bf7b0ebd1cd5824297d9ecc843c1978\core.a(isrs.S.o)
 .debug_info    0x00010f4e      0x182 C:\Users\USER\AppData\Local\arduino\cores\7bf7b0ebd1cd5824297d9ecc843c1978\core.a(systick.c.o)
 .debug_info    0x000110d0     0x197d C:\Users\USER\AppData\Local\arduino\cores\7bf7b0ebd1cd5824297d9ecc843c1978\core.a(timer.c.o)
 .debug_info    0x00012a4d      0xc32 C:\Users\USER\AppData\Local\arduino\cores\7bf7b0ebd1cd5824297d9ecc843c1978\core.a(usart.c.o)
 .debug_info    0x0001367f      0xb89 C:\Users\USER\AppData\Local\arduino\cores\7bf7b0ebd1cd5824297d9ecc843c1978\core.a(usart_f1.c.o)
 .debug_info    0x00014208      0x595 C:\Users\USER\AppData\Local\arduino\cores\7bf7b0ebd1cd5824297d9ecc843c1978\core.a(usart_private.c.o)
 .debug_info    0x0001479d      0xd16 C:\Users\USER\AppData\Local\arduino\cores\7bf7b0ebd1cd5824297d9ecc843c1978\core.a(usb.c.o)
 .debug_info    0x000154b3     0x22d2 C:\Users\USER\AppData\Local\arduino\cores\7bf7b0ebd1cd5824297d9ecc843c1978\core.a(usb_cdcacm.c.o)
 .debug_info    0x00017785      0x26c C:\Users\USER\AppData\Local\arduino\cores\7bf7b0ebd1cd5824297d9ecc843c1978\core.a(usb_reg_map.c.o)
 .debug_info    0x000179f1      0xddf C:\Users\USER\AppData\Local\arduino\cores\7bf7b0ebd1cd5824297d9ecc843c1978\core.a(usb_core.c.o)
 .debug_info    0x000187d0      0x3ed C:\Users\USER\AppData\Local\arduino\cores\7bf7b0ebd1cd5824297d9ecc843c1978\core.a(usb_init.c.o)
 .debug_info    0x00018bbd      0x183 C:\Users\USER\AppData\Local\arduino\cores\7bf7b0ebd1cd5824297d9ecc843c1978\core.a(usb_mem.c.o)
 .debug_info    0x00018d40      0xc88 C:\Users\USER\AppData\Local\arduino\cores\7bf7b0ebd1cd5824297d9ecc843c1978\core.a(usb_regs.c.o)
 .debug_info    0x000199c8      0xad2 C:\Users\USER\AppData\Local\arduino\cores\7bf7b0ebd1cd5824297d9ecc843c1978\core.a(util.c.o)
 .debug_info    0x0001a49a       0x99 C:\Users\USER\AppData\Local\arduino\cores\7bf7b0ebd1cd5824297d9ecc843c1978\core.a(main.cpp.o)
 .debug_info    0x0001a533      0xc8a C:\Users\USER\AppData\Local\arduino\cores\7bf7b0ebd1cd5824297d9ecc843c1978\core.a(wirish_digital_f1.cpp.o)
 .debug_info    0x0001b1bd      0xb0b C:\Users\USER\AppData\Local\arduino\cores\7bf7b0ebd1cd5824297d9ecc843c1978\core.a(wirish_digital.cpp.o)
 .debug_info    0x0001bcc8      0x2be C:\Users\USER\AppData\Local\arduino\cores\7bf7b0ebd1cd5824297d9ecc843c1978\core.a(wirish_time.cpp.o)
 .debug_info    0x0001bf86       0x33 C:\Users\USER\AppData\Local\arduino\cores\7bf7b0ebd1cd5824297d9ecc843c1978\core.a(hooks.c.o)
 .debug_info    0x0001bfb9      0x6f7 C:\Users\USER\AppData\Local\arduino\cores\7bf7b0ebd1cd5824297d9ecc843c1978\core.a(dma.c.o)
 .debug_info    0x0001c6b0      0x313 C:\Users\USER\AppData\Local\arduino\cores\7bf7b0ebd1cd5824297d9ecc843c1978\core.a(gpio.c.o)
 .debug_info    0x0001c9c3     0x1ad2 C:\Users\USER\AppData\Local\arduino\cores\7bf7b0ebd1cd5824297d9ecc843c1978\core.a(i2c.c.o)

.debug_abbrev   0x00000000     0x5fbb
 *(.debug_abbrev)
 .debug_abbrev  0x00000000      0x2e6 C:\Users\USER\AppData\Local\arduino\sketches\2BAB38D00533073E3C590E5FE08F9F0A\sketch\Proyecto_Lavadora.ino.cpp.o
 .debug_abbrev  0x000002e6      0x450 C:\Users\USER\AppData\Local\arduino\sketches\2BAB38D00533073E3C590E5FE08F9F0A\sketch\SevSeg.cpp.o
 .debug_abbrev  0x00000736      0x275 C:\Users\USER\AppData\Local\arduino\sketches\2BAB38D00533073E3C590E5FE08F9F0A\core\board.cpp.o
 .debug_abbrev  0x000009ab      0x3dd C:\Users\USER\AppData\Local\arduino\sketches\2BAB38D00533073E3C590E5FE08F9F0A\core\wirish\boards.cpp.o
 .debug_abbrev  0x00000d88      0x196 C:\Users\USER\AppData\Local\arduino\sketches\2BAB38D00533073E3C590E5FE08F9F0A\core\wirish\boards_setup.cpp.o
 .debug_abbrev  0x00000f1e       0x14 C:\Users\USER\AppData\Local\arduino\sketches\2BAB38D00533073E3C590E5FE08F9F0A\core\wirish\start.S.o
 .debug_abbrev  0x00000f32      0x11f C:\Users\USER\AppData\Local\arduino\sketches\2BAB38D00533073E3C590E5FE08F9F0A\core\wirish\start_c.c.o
 .debug_abbrev  0x00001051      0x17e C:\Users\USER\AppData\Local\arduino\sketches\2BAB38D00533073E3C590E5FE08F9F0A\core\wirish\syscalls.c.o
 .debug_abbrev  0x000011cf      0x535 C:\Users\USER\AppData\Local\arduino\cores\7bf7b0ebd1cd5824297d9ecc843c1978\core.a(HardwareSerial.cpp.o)
 .debug_abbrev  0x00001704      0x414 C:\Users\USER\AppData\Local\arduino\cores\7bf7b0ebd1cd5824297d9ecc843c1978\core.a(Print.cpp.o)
 .debug_abbrev  0x00001b18      0x163 C:\Users\USER\AppData\Local\arduino\cores\7bf7b0ebd1cd5824297d9ecc843c1978\core.a(cxxabi-compat.cpp.o)
 .debug_abbrev  0x00001c7b      0x20b C:\Users\USER\AppData\Local\arduino\cores\7bf7b0ebd1cd5824297d9ecc843c1978\core.a(adc.c.o)
 .debug_abbrev  0x00001e86      0x2e6 C:\Users\USER\AppData\Local\arduino\cores\7bf7b0ebd1cd5824297d9ecc843c1978\core.a(adc_f1.c.o)
 .debug_abbrev  0x0000216c      0x3e9 C:\Users\USER\AppData\Local\arduino\cores\7bf7b0ebd1cd5824297d9ecc843c1978\core.a(dma_f1.c.o)
 .debug_abbrev  0x00002555       0x14 C:\Users\USER\AppData\Local\arduino\cores\7bf7b0ebd1cd5824297d9ecc843c1978\core.a(exc.S.o)
 .debug_abbrev  0x00002569      0x286 C:\Users\USER\AppData\Local\arduino\cores\7bf7b0ebd1cd5824297d9ecc843c1978\core.a(exti.c.o)
 .debug_abbrev  0x000027ef       0xdb C:\Users\USER\AppData\Local\arduino\cores\7bf7b0ebd1cd5824297d9ecc843c1978\core.a(exti_f1.c.o)
 .debug_abbrev  0x000028ca       0x9f C:\Users\USER\AppData\Local\arduino\cores\7bf7b0ebd1cd5824297d9ecc843c1978\core.a(flash.c.o)
 .debug_abbrev  0x00002969      0x191 C:\Users\USER\AppData\Local\arduino\cores\7bf7b0ebd1cd5824297d9ecc843c1978\core.a(gpio_f1.c.o)
 .debug_abbrev  0x00002afa      0x20b C:\Users\USER\AppData\Local\arduino\cores\7bf7b0ebd1cd5824297d9ecc843c1978\core.a(i2c_f1.c.o)
 .debug_abbrev  0x00002d05      0x1ac C:\Users\USER\AppData\Local\arduino\cores\7bf7b0ebd1cd5824297d9ecc843c1978\core.a(nvic.c.o)
 .debug_abbrev  0x00002eb1      0x17f C:\Users\USER\AppData\Local\arduino\cores\7bf7b0ebd1cd5824297d9ecc843c1978\core.a(rcc.c.o)
 .debug_abbrev  0x00003030      0x28c C:\Users\USER\AppData\Local\arduino\cores\7bf7b0ebd1cd5824297d9ecc843c1978\core.a(rcc_f1.c.o)
 .debug_abbrev  0x000032bc       0x14 C:\Users\USER\AppData\Local\arduino\cores\7bf7b0ebd1cd5824297d9ecc843c1978\core.a(isrs.S.o)
 .debug_abbrev  0x000032d0      0x10f C:\Users\USER\AppData\Local\arduino\cores\7bf7b0ebd1cd5824297d9ecc843c1978\core.a(systick.c.o)
 .debug_abbrev  0x000033df      0x4c8 C:\Users\USER\AppData\Local\arduino\cores\7bf7b0ebd1cd5824297d9ecc843c1978\core.a(timer.c.o)
 .debug_abbrev  0x000038a7      0x2ff C:\Users\USER\AppData\Local\arduino\cores\7bf7b0ebd1cd5824297d9ecc843c1978\core.a(usart.c.o)
 .debug_abbrev  0x00003ba6      0x2ad C:\Users\USER\AppData\Local\arduino\cores\7bf7b0ebd1cd5824297d9ecc843c1978\core.a(usart_f1.c.o)
 .debug_abbrev  0x00003e53      0x144 C:\Users\USER\AppData\Local\arduino\cores\7bf7b0ebd1cd5824297d9ecc843c1978\core.a(usart_private.c.o)
 .debug_abbrev  0x00003f97      0x352 C:\Users\USER\AppData\Local\arduino\cores\7bf7b0ebd1cd5824297d9ecc843c1978\core.a(usb.c.o)
 .debug_abbrev  0x000042e9      0x47d C:\Users\USER\AppData\Local\arduino\cores\7bf7b0ebd1cd5824297d9ecc843c1978\core.a(usb_cdcacm.c.o)
 .debug_abbrev  0x00004766      0x193 C:\Users\USER\AppData\Local\arduino\cores\7bf7b0ebd1cd5824297d9ecc843c1978\core.a(usb_reg_map.c.o)
 .debug_abbrev  0x000048f9      0x3a6 C:\Users\USER\AppData\Local\arduino\cores\7bf7b0ebd1cd5824297d9ecc843c1978\core.a(usb_core.c.o)
 .debug_abbrev  0x00004c9f      0x101 C:\Users\USER\AppData\Local\arduino\cores\7bf7b0ebd1cd5824297d9ecc843c1978\core.a(usb_init.c.o)
 .debug_abbrev  0x00004da0       0xa6 C:\Users\USER\AppData\Local\arduino\cores\7bf7b0ebd1cd5824297d9ecc843c1978\core.a(usb_mem.c.o)
 .debug_abbrev  0x00004e46      0x1f3 C:\Users\USER\AppData\Local\arduino\cores\7bf7b0ebd1cd5824297d9ecc843c1978\core.a(usb_regs.c.o)
 .debug_abbrev  0x00005039      0x2cb C:\Users\USER\AppData\Local\arduino\cores\7bf7b0ebd1cd5824297d9ecc843c1978\core.a(util.c.o)
 .debug_abbrev  0x00005304       0x7b C:\Users\USER\AppData\Local\arduino\cores\7bf7b0ebd1cd5824297d9ecc843c1978\core.a(main.cpp.o)
 .debug_abbrev  0x0000537f      0x240 C:\Users\USER\AppData\Local\arduino\cores\7bf7b0ebd1cd5824297d9ecc843c1978\core.a(wirish_digital_f1.cpp.o)
 .debug_abbrev  0x000055bf      0x17e C:\Users\USER\AppData\Local\arduino\cores\7bf7b0ebd1cd5824297d9ecc843c1978\core.a(wirish_digital.cpp.o)
 .debug_abbrev  0x0000573d      0x196 C:\Users\USER\AppData\Local\arduino\cores\7bf7b0ebd1cd5824297d9ecc843c1978\core.a(wirish_time.cpp.o)
 .debug_abbrev  0x000058d3       0x26 C:\Users\USER\AppData\Local\arduino\cores\7bf7b0ebd1cd5824297d9ecc843c1978\core.a(hooks.c.o)
 .debug_abbrev  0x000058f9      0x182 C:\Users\USER\AppData\Local\arduino\cores\7bf7b0ebd1cd5824297d9ecc843c1978\core.a(dma.c.o)
 .debug_abbrev  0x00005a7b      0x113 C:\Users\USER\AppData\Local\arduino\cores\7bf7b0ebd1cd5824297d9ecc843c1978\core.a(gpio.c.o)
 .debug_abbrev  0x00005b8e      0x42d C:\Users\USER\AppData\Local\arduino\cores\7bf7b0ebd1cd5824297d9ecc843c1978\core.a(i2c.c.o)

.debug_line     0x00000000     0xa793
 *(.debug_line)
 .debug_line    0x00000000      0x4a0 C:\Users\USER\AppData\Local\arduino\sketches\2BAB38D00533073E3C590E5FE08F9F0A\sketch\Proyecto_Lavadora.ino.cpp.o
 .debug_line    0x000004a0      0x67f C:\Users\USER\AppData\Local\arduino\sketches\2BAB38D00533073E3C590E5FE08F9F0A\sketch\SevSeg.cpp.o
 .debug_line    0x00000b1f      0x462 C:\Users\USER\AppData\Local\arduino\sketches\2BAB38D00533073E3C590E5FE08F9F0A\core\board.cpp.o
 .debug_line    0x00000f81      0x4c1 C:\Users\USER\AppData\Local\arduino\sketches\2BAB38D00533073E3C590E5FE08F9F0A\core\wirish\boards.cpp.o
 .debug_line    0x00001442      0x3b4 C:\Users\USER\AppData\Local\arduino\sketches\2BAB38D00533073E3C590E5FE08F9F0A\core\wirish\boards_setup.cpp.o
 .debug_line    0x000017f6       0xaf C:\Users\USER\AppData\Local\arduino\sketches\2BAB38D00533073E3C590E5FE08F9F0A\core\wirish\start.S.o
 .debug_line    0x000018a5       0xc0 C:\Users\USER\AppData\Local\arduino\sketches\2BAB38D00533073E3C590E5FE08F9F0A\core\wirish\start_c.c.o
 .debug_line    0x00001965      0x303 C:\Users\USER\AppData\Local\arduino\sketches\2BAB38D00533073E3C590E5FE08F9F0A\core\wirish\syscalls.c.o
 .debug_line    0x00001c68      0x557 C:\Users\USER\AppData\Local\arduino\cores\7bf7b0ebd1cd5824297d9ecc843c1978\core.a(HardwareSerial.cpp.o)
 .debug_line    0x000021bf      0x5c5 C:\Users\USER\AppData\Local\arduino\cores\7bf7b0ebd1cd5824297d9ecc843c1978\core.a(Print.cpp.o)
 .debug_line    0x00002784      0x269 C:\Users\USER\AppData\Local\arduino\cores\7bf7b0ebd1cd5824297d9ecc843c1978\core.a(cxxabi-compat.cpp.o)
 .debug_line    0x000029ed      0x340 C:\Users\USER\AppData\Local\arduino\cores\7bf7b0ebd1cd5824297d9ecc843c1978\core.a(adc.c.o)
 .debug_line    0x00002d2d      0x3ec C:\Users\USER\AppData\Local\arduino\cores\7bf7b0ebd1cd5824297d9ecc843c1978\core.a(adc_f1.c.o)
 .debug_line    0x00003119      0x671 C:\Users\USER\AppData\Local\arduino\cores\7bf7b0ebd1cd5824297d9ecc843c1978\core.a(dma_f1.c.o)
 .debug_line    0x0000378a       0xb7 C:\Users\USER\AppData\Local\arduino\cores\7bf7b0ebd1cd5824297d9ecc843c1978\core.a(exc.S.o)
 .debug_line    0x00003841      0x419 C:\Users\USER\AppData\Local\arduino\cores\7bf7b0ebd1cd5824297d9ecc843c1978\core.a(exti.c.o)
 .debug_line    0x00003c5a      0x342 C:\Users\USER\AppData\Local\arduino\cores\7bf7b0ebd1cd5824297d9ecc843c1978\core.a(exti_f1.c.o)
 .debug_line    0x00003f9c      0x2c2 C:\Users\USER\AppData\Local\arduino\cores\7bf7b0ebd1cd5824297d9ecc843c1978\core.a(flash.c.o)
 .debug_line    0x0000425e      0x36b C:\Users\USER\AppData\Local\arduino\cores\7bf7b0ebd1cd5824297d9ecc843c1978\core.a(gpio_f1.c.o)
 .debug_line    0x000045c9      0x44f C:\Users\USER\AppData\Local\arduino\cores\7bf7b0ebd1cd5824297d9ecc843c1978\core.a(i2c_f1.c.o)
 .debug_line    0x00004a18      0x32a C:\Users\USER\AppData\Local\arduino\cores\7bf7b0ebd1cd5824297d9ecc843c1978\core.a(nvic.c.o)
 .debug_line    0x00004d42      0x3c3 C:\Users\USER\AppData\Local\arduino\cores\7bf7b0ebd1cd5824297d9ecc843c1978\core.a(rcc.c.o)
 .debug_line    0x00005105      0x410 C:\Users\USER\AppData\Local\arduino\cores\7bf7b0ebd1cd5824297d9ecc843c1978\core.a(rcc_f1.c.o)
 .debug_line    0x00005515       0xb4 C:\Users\USER\AppData\Local\arduino\cores\7bf7b0ebd1cd5824297d9ecc843c1978\core.a(isrs.S.o)
 .debug_line    0x000055c9      0x294 C:\Users\USER\AppData\Local\arduino\cores\7bf7b0ebd1cd5824297d9ecc843c1978\core.a(systick.c.o)
 .debug_line    0x0000585d      0x623 C:\Users\USER\AppData\Local\arduino\cores\7bf7b0ebd1cd5824297d9ecc843c1978\core.a(timer.c.o)
 .debug_line    0x00005e80      0x458 C:\Users\USER\AppData\Local\arduino\cores\7bf7b0ebd1cd5824297d9ecc843c1978\core.a(usart.c.o)
 .debug_line    0x000062d8      0x460 C:\Users\USER\AppData\Local\arduino\cores\7bf7b0ebd1cd5824297d9ecc843c1978\core.a(usart_f1.c.o)
 .debug_line    0x00006738      0x2fe C:\Users\USER\AppData\Local\arduino\cores\7bf7b0ebd1cd5824297d9ecc843c1978\core.a(usart_private.c.o)
 .debug_line    0x00006a36      0x536 C:\Users\USER\AppData\Local\arduino\cores\7bf7b0ebd1cd5824297d9ecc843c1978\core.a(usb.c.o)
 .debug_line    0x00006f6c      0x940 C:\Users\USER\AppData\Local\arduino\cores\7bf7b0ebd1cd5824297d9ecc843c1978\core.a(usb_cdcacm.c.o)
 .debug_line    0x000078ac      0x2f5 C:\Users\USER\AppData\Local\arduino\cores\7bf7b0ebd1cd5824297d9ecc843c1978\core.a(usb_reg_map.c.o)
 .debug_line    0x00007ba1      0x431 C:\Users\USER\AppData\Local\arduino\cores\7bf7b0ebd1cd5824297d9ecc843c1978\core.a(usb_core.c.o)
 .debug_line    0x00007fd2      0x146 C:\Users\USER\AppData\Local\arduino\cores\7bf7b0ebd1cd5824297d9ecc843c1978\core.a(usb_init.c.o)
 .debug_line    0x00008118      0x180 C:\Users\USER\AppData\Local\arduino\cores\7bf7b0ebd1cd5824297d9ecc843c1978\core.a(usb_mem.c.o)
 .debug_line    0x00008298      0x5aa C:\Users\USER\AppData\Local\arduino\cores\7bf7b0ebd1cd5824297d9ecc843c1978\core.a(usb_regs.c.o)
 .debug_line    0x00008842      0x3c6 C:\Users\USER\AppData\Local\arduino\cores\7bf7b0ebd1cd5824297d9ecc843c1978\core.a(util.c.o)
 .debug_line    0x00008c08       0xaf C:\Users\USER\AppData\Local\arduino\cores\7bf7b0ebd1cd5824297d9ecc843c1978\core.a(main.cpp.o)
 .debug_line    0x00008cb7      0x3f0 C:\Users\USER\AppData\Local\arduino\cores\7bf7b0ebd1cd5824297d9ecc843c1978\core.a(wirish_digital_f1.cpp.o)
 .debug_line    0x000090a7      0x374 C:\Users\USER\AppData\Local\arduino\cores\7bf7b0ebd1cd5824297d9ecc843c1978\core.a(wirish_digital.cpp.o)
 .debug_line    0x0000941b      0x35b C:\Users\USER\AppData\Local\arduino\cores\7bf7b0ebd1cd5824297d9ecc843c1978\core.a(wirish_time.cpp.o)
 .debug_line    0x00009776       0x98 C:\Users\USER\AppData\Local\arduino\cores\7bf7b0ebd1cd5824297d9ecc843c1978\core.a(hooks.c.o)
 .debug_line    0x0000980e      0x38c C:\Users\USER\AppData\Local\arduino\cores\7bf7b0ebd1cd5824297d9ecc843c1978\core.a(dma.c.o)
 .debug_line    0x00009b9a      0x2e7 C:\Users\USER\AppData\Local\arduino\cores\7bf7b0ebd1cd5824297d9ecc843c1978\core.a(gpio.c.o)
 .debug_line    0x00009e81      0x912 C:\Users\USER\AppData\Local\arduino\cores\7bf7b0ebd1cd5824297d9ecc843c1978\core.a(i2c.c.o)

.debug_frame    0x00000000     0x22b8
 *(.debug_frame)
 .debug_frame   0x00000000       0xb4 C:\Users\USER\AppData\Local\arduino\sketches\2BAB38D00533073E3C590E5FE08F9F0A\sketch\Proyecto_Lavadora.ino.cpp.o
 .debug_frame   0x000000b4      0x1f0 C:\Users\USER\AppData\Local\arduino\sketches\2BAB38D00533073E3C590E5FE08F9F0A\sketch\SevSeg.cpp.o
 .debug_frame   0x000002a4       0x40 C:\Users\USER\AppData\Local\arduino\sketches\2BAB38D00533073E3C590E5FE08F9F0A\core\board.cpp.o
 .debug_frame   0x000002e4       0x84 C:\Users\USER\AppData\Local\arduino\sketches\2BAB38D00533073E3C590E5FE08F9F0A\core\wirish\boards.cpp.o
 .debug_frame   0x00000368       0x68 C:\Users\USER\AppData\Local\arduino\sketches\2BAB38D00533073E3C590E5FE08F9F0A\core\wirish\boards_setup.cpp.o
 .debug_frame   0x000003d0       0x28 C:\Users\USER\AppData\Local\arduino\sketches\2BAB38D00533073E3C590E5FE08F9F0A\core\wirish\start_c.c.o
 .debug_frame   0x000003f8      0x130 C:\Users\USER\AppData\Local\arduino\sketches\2BAB38D00533073E3C590E5FE08F9F0A\core\wirish\syscalls.c.o
 .debug_frame   0x00000528      0x10c C:\Users\USER\AppData\Local\arduino\cores\7bf7b0ebd1cd5824297d9ecc843c1978\core.a(HardwareSerial.cpp.o)
 .debug_frame   0x00000634      0x378 C:\Users\USER\AppData\Local\arduino\cores\7bf7b0ebd1cd5824297d9ecc843c1978\core.a(Print.cpp.o)
 .debug_frame   0x000009ac       0x38 C:\Users\USER\AppData\Local\arduino\cores\7bf7b0ebd1cd5824297d9ecc843c1978\core.a(cxxabi-compat.cpp.o)
 .debug_frame   0x000009e4       0x64 C:\Users\USER\AppData\Local\arduino\cores\7bf7b0ebd1cd5824297d9ecc843c1978\core.a(adc.c.o)
 .debug_frame   0x00000a48       0xb4 C:\Users\USER\AppData\Local\arduino\cores\7bf7b0ebd1cd5824297d9ecc843c1978\core.a(adc_f1.c.o)
 .debug_frame   0x00000afc      0x190 C:\Users\USER\AppData\Local\arduino\cores\7bf7b0ebd1cd5824297d9ecc843c1978\core.a(dma_f1.c.o)
 .debug_frame   0x00000c8c      0x11c C:\Users\USER\AppData\Local\arduino\cores\7bf7b0ebd1cd5824297d9ecc843c1978\core.a(exti.c.o)
 .debug_frame   0x00000da8       0x20 C:\Users\USER\AppData\Local\arduino\cores\7bf7b0ebd1cd5824297d9ecc843c1978\core.a(exti_f1.c.o)
 .debug_frame   0x00000dc8       0x20 C:\Users\USER\AppData\Local\arduino\cores\7bf7b0ebd1cd5824297d9ecc843c1978\core.a(flash.c.o)